python -m pytest
....F.FFF.....FFF..................FFFFFFF.....................s..EEEEEE [ 49%]
EEEEEEEEEEEEEEEEEE.EEEEEEE.EEEEEEEEEEEEEEEEEEEEEEEEEEEE....E..EE.EEE...s [ 98%]
s.                                                                       [100%]
==================================== ERRORS ====================================
______________ ERROR at setup of test_reservation_flow_end_to_end ______________

self = <_SelectorSocketTransport closed fd=17>

    def _read_ready__data_received(self):
        if self._conn_lost:
            return
        try:
>           data = self._sock.recv(self.max_size)
                   ^^^^^^^^^^^^^^^^^^^^^^^^^^^^^^
E           ConnectionResetError: [Errno 104] Connection reset by peer

/usr/lib/python3.12/asyncio/selector_events.py:1013: ConnectionResetError

The above exception was the direct cause of the following exception:

self = <Coroutine test_reservation_flow_end_to_end>

    def setup(self) -> None:
        runner_fixture_id = f"_{self._loop_scope}_scoped_runner"
        if runner_fixture_id not in self.fixturenames:
            self.fixturenames.append(runner_fixture_id)
>       return super().setup()
               ^^^^^^^^^^^^^^^

.venv/lib/python3.12/site-packages/pytest_asyncio/plugin.py:463: 
_ _ _ _ _ _ _ _ _ _ _ _ _ _ _ _ _ _ _ _ _ _ _ _ _ _ _ _ _ _ _ _ _ _ _ _ _ _ _ _ 
.venv/lib/python3.12/site-packages/pytest_asyncio/plugin.py:748: in pytest_fixture_setup
    hook_result = yield
                  ^^^^^
.venv/lib/python3.12/site-packages/pytest_asyncio/plugin.py:318: in _asyncgen_fixture_wrapper
    result = runner.run(setup(), context=context)
             ^^^^^^^^^^^^^^^^^^^^^^^^^^^^^^^^^^^^
/usr/lib/python3.12/asyncio/runners.py:118: in run
    return self._loop.run_until_complete(task)
           ^^^^^^^^^^^^^^^^^^^^^^^^^^^^^^^^^^^
/usr/lib/python3.12/asyncio/base_events.py:687: in run_until_complete
    return future.result()
           ^^^^^^^^^^^^^^^
.venv/lib/python3.12/site-packages/pytest_asyncio/plugin.py:314: in setup
    res = await gen_obj.__anext__()
          ^^^^^^^^^^^^^^^^^^^^^^^^^
tests/conftest.py:71: in model_test_engine
    async with engine.begin() as conn:
/usr/lib/python3.12/contextlib.py:210: in __aenter__
    return await anext(self.gen)
           ^^^^^^^^^^^^^^^^^^^^^
.venv/lib/python3.12/site-packages/sqlalchemy/ext/asyncio/engine.py:1068: in begin
    async with conn:
.venv/lib/python3.12/site-packages/sqlalchemy/ext/asyncio/base.py:121: in __aenter__
    return await self.start(is_ctxmanager=True)
           ^^^^^^^^^^^^^^^^^^^^^^^^^^^^^^^^^^^^
.venv/lib/python3.12/site-packages/sqlalchemy/ext/asyncio/engine.py:275: in start
    await greenlet_spawn(self.sync_engine.connect)
.venv/lib/python3.12/site-packages/sqlalchemy/util/_concurrency_py3k.py:201: in greenlet_spawn
    result = context.throw(*sys.exc_info())
             ^^^^^^^^^^^^^^^^^^^^^^^^^^^^^^
.venv/lib/python3.12/site-packages/sqlalchemy/engine/base.py:3277: in connect
    return self._connection_cls(self)
           ^^^^^^^^^^^^^^^^^^^^^^^^^^
.venv/lib/python3.12/site-packages/sqlalchemy/engine/base.py:143: in __init__
    self._dbapi_connection = engine.raw_connection()
                             ^^^^^^^^^^^^^^^^^^^^^^^
.venv/lib/python3.12/site-packages/sqlalchemy/engine/base.py:3301: in raw_connection
    return self.pool.connect()
           ^^^^^^^^^^^^^^^^^^^
.venv/lib/python3.12/site-packages/sqlalchemy/pool/base.py:447: in connect
    return _ConnectionFairy._checkout(self)
           ^^^^^^^^^^^^^^^^^^^^^^^^^^^^^^^^
.venv/lib/python3.12/site-packages/sqlalchemy/pool/base.py:1264: in _checkout
    fairy = _ConnectionRecord.checkout(pool)
            ^^^^^^^^^^^^^^^^^^^^^^^^^^^^^^^^
.venv/lib/python3.12/site-packages/sqlalchemy/pool/base.py:711: in checkout
    rec = pool._do_get()
          ^^^^^^^^^^^^^^
.venv/lib/python3.12/site-packages/sqlalchemy/pool/impl.py:177: in _do_get
    with util.safe_reraise():
.venv/lib/python3.12/site-packages/sqlalchemy/util/langhelpers.py:224: in __exit__
    raise exc_value.with_traceback(exc_tb)
.venv/lib/python3.12/site-packages/sqlalchemy/pool/impl.py:175: in _do_get
    return self._create_connection()
           ^^^^^^^^^^^^^^^^^^^^^^^^^
.venv/lib/python3.12/site-packages/sqlalchemy/pool/base.py:388: in _create_connection
    return _ConnectionRecord(self)
           ^^^^^^^^^^^^^^^^^^^^^^^
.venv/lib/python3.12/site-packages/sqlalchemy/pool/base.py:673: in __init__
    self.__connect()
.venv/lib/python3.12/site-packages/sqlalchemy/pool/base.py:899: in __connect
    with util.safe_reraise():
.venv/lib/python3.12/site-packages/sqlalchemy/util/langhelpers.py:224: in __exit__
    raise exc_value.with_traceback(exc_tb)
.venv/lib/python3.12/site-packages/sqlalchemy/pool/base.py:895: in __connect
    self.dbapi_connection = connection = pool._invoke_creator(self)
                                         ^^^^^^^^^^^^^^^^^^^^^^^^^^
.venv/lib/python3.12/site-packages/sqlalchemy/engine/create.py:661: in connect
    return dialect.connect(*cargs, **cparams)
           ^^^^^^^^^^^^^^^^^^^^^^^^^^^^^^^^^^
.venv/lib/python3.12/site-packages/sqlalchemy/engine/default.py:629: in connect
    return self.loaded_dbapi.connect(*cargs, **cparams)  # type: ignore[no-any-return]  # NOQA: E501
           ^^^^^^^^^^^^^^^^^^^^^^^^^^^^^^^^^^^^^^^^^^^^
.venv/lib/python3.12/site-packages/sqlalchemy/dialects/postgresql/asyncpg.py:955: in connect
    await_only(creator_fn(*arg, **kw)),
    ^^^^^^^^^^^^^^^^^^^^^^^^^^^^^^^^^^
.venv/lib/python3.12/site-packages/sqlalchemy/util/_concurrency_py3k.py:132: in await_only
    return current.parent.switch(awaitable)  # type: ignore[no-any-return,attr-defined] # noqa: E501
           ^^^^^^^^^^^^^^^^^^^^^^^^^^^^^^^^
.venv/lib/python3.12/site-packages/sqlalchemy/util/_concurrency_py3k.py:196: in greenlet_spawn
    value = await result
            ^^^^^^^^^^^^
.venv/lib/python3.12/site-packages/asyncpg/connection.py:2421: in connect
    return await connect_utils._connect(
.venv/lib/python3.12/site-packages/asyncpg/connect_utils.py:1049: in _connect
    conn = await _connect_addr(
.venv/lib/python3.12/site-packages/asyncpg/connect_utils.py:886: in _connect_addr
    return await __connect_addr(params, True, *args)
           ^^^^^^^^^^^^^^^^^^^^^^^^^^^^^^^^^^^^^^^^^
_ _ _ _ _ _ _ _ _ _ _ _ _ _ _ _ _ _ _ _ _ _ _ _ _ _ _ _ _ _ _ _ _ _ _ _ _ _ _ _ 

params = ConnectionParameters(user='kwok', password='***', database='naicha_test', ssl=<ssl.SSLContext object at 0x7c392116a750...postgres'>, server_settings=None, target_session_attrs=<SessionAttribute.any: 'any'>, krbsrvname=None, gsslib='gssapi')
retry = True, addr = ('172.21.48.1', 5432)
loop = <_UnixSelectorEventLoop running=False closed=False debug=False>
config = ConnectionConfiguration(command_timeout=None, statement_cache_size=100, max_cached_statement_lifetime=300, max_cacheable_statement_size=15360)
connection_class = <class 'asyncpg.connection.Connection'>
record_class = <class 'asyncpg.Record'>
params_input = ConnectionParameters(user='kwok', password='***', database='naicha_test', ssl=<ssl.SSLContext object at 0x7c392116a750...postgres'>, server_settings=None, target_session_attrs=<SessionAttribute.any: 'any'>, krbsrvname=None, gsslib='gssapi')

    async def __connect_addr(
        params,
        retry,
        addr,
        loop,
        config,
        connection_class,
        record_class,
        params_input,
    ):
        connected = _create_future(loop)
    
        proto_factory = lambda: protocol.Protocol(
            addr, connected, params, record_class, loop)
    
        if isinstance(addr, str):
            # UNIX socket
            connector = loop.create_unix_connection(proto_factory, addr)
    
        elif params.ssl and params.ssl_negotiation is SSLNegotiation.direct:
            # if ssl and ssl_negotiation is `direct`, skip STARTTLS and perform
            # direct SSL connection
            connector = loop.create_connection(
                proto_factory, *addr, ssl=params.ssl
            )
    
        elif params.ssl:
            connector = _create_ssl_connection(
                proto_factory, *addr, loop=loop, ssl_context=params.ssl,
                ssl_is_advisory=params.sslmode == SSLMode.prefer)
        else:
            connector = loop.create_connection(proto_factory, *addr)
    
        tr, pr = await connector
    
        try:
>           await connected
E           asyncpg.exceptions.ConnectionDoesNotExistError: connection was closed in the middle of operation

.venv/lib/python3.12/site-packages/asyncpg/connect_utils.py:934: ConnectionDoesNotExistError
_______ ERROR at setup of test_user_defaults_and_addresses_relationship ________

self = <_SelectorSocketTransport closed fd=17>

    def _read_ready__data_received(self):
        if self._conn_lost:
            return
        try:
>           data = self._sock.recv(self.max_size)
                   ^^^^^^^^^^^^^^^^^^^^^^^^^^^^^^
E           ConnectionResetError: [Errno 104] Connection reset by peer

/usr/lib/python3.12/asyncio/selector_events.py:1013: ConnectionResetError

The above exception was the direct cause of the following exception:

self = <Coroutine test_user_defaults_and_addresses_relationship>

    def setup(self) -> None:
        runner_fixture_id = f"_{self._loop_scope}_scoped_runner"
        if runner_fixture_id not in self.fixturenames:
            self.fixturenames.append(runner_fixture_id)
>       return super().setup()
               ^^^^^^^^^^^^^^^

.venv/lib/python3.12/site-packages/pytest_asyncio/plugin.py:463: 
_ _ _ _ _ _ _ _ _ _ _ _ _ _ _ _ _ _ _ _ _ _ _ _ _ _ _ _ _ _ _ _ _ _ _ _ _ _ _ _ 
.venv/lib/python3.12/site-packages/pytest_asyncio/plugin.py:748: in pytest_fixture_setup
    hook_result = yield
                  ^^^^^
.venv/lib/python3.12/site-packages/pytest_asyncio/plugin.py:318: in _asyncgen_fixture_wrapper
    result = runner.run(setup(), context=context)
             ^^^^^^^^^^^^^^^^^^^^^^^^^^^^^^^^^^^^
/usr/lib/python3.12/asyncio/runners.py:118: in run
    return self._loop.run_until_complete(task)
           ^^^^^^^^^^^^^^^^^^^^^^^^^^^^^^^^^^^
/usr/lib/python3.12/asyncio/base_events.py:687: in run_until_complete
    return future.result()
           ^^^^^^^^^^^^^^^
.venv/lib/python3.12/site-packages/pytest_asyncio/plugin.py:314: in setup
    res = await gen_obj.__anext__()
          ^^^^^^^^^^^^^^^^^^^^^^^^^
tests/conftest.py:71: in model_test_engine
    async with engine.begin() as conn:
/usr/lib/python3.12/contextlib.py:210: in __aenter__
    return await anext(self.gen)
           ^^^^^^^^^^^^^^^^^^^^^
.venv/lib/python3.12/site-packages/sqlalchemy/ext/asyncio/engine.py:1068: in begin
    async with conn:
.venv/lib/python3.12/site-packages/sqlalchemy/ext/asyncio/base.py:121: in __aenter__
    return await self.start(is_ctxmanager=True)
           ^^^^^^^^^^^^^^^^^^^^^^^^^^^^^^^^^^^^
.venv/lib/python3.12/site-packages/sqlalchemy/ext/asyncio/engine.py:275: in start
    await greenlet_spawn(self.sync_engine.connect)
.venv/lib/python3.12/site-packages/sqlalchemy/util/_concurrency_py3k.py:201: in greenlet_spawn
    result = context.throw(*sys.exc_info())
             ^^^^^^^^^^^^^^^^^^^^^^^^^^^^^^
.venv/lib/python3.12/site-packages/sqlalchemy/engine/base.py:3277: in connect
    return self._connection_cls(self)
           ^^^^^^^^^^^^^^^^^^^^^^^^^^
.venv/lib/python3.12/site-packages/sqlalchemy/engine/base.py:143: in __init__
    self._dbapi_connection = engine.raw_connection()
                             ^^^^^^^^^^^^^^^^^^^^^^^
.venv/lib/python3.12/site-packages/sqlalchemy/engine/base.py:3301: in raw_connection
    return self.pool.connect()
           ^^^^^^^^^^^^^^^^^^^
.venv/lib/python3.12/site-packages/sqlalchemy/pool/base.py:447: in connect
    return _ConnectionFairy._checkout(self)
           ^^^^^^^^^^^^^^^^^^^^^^^^^^^^^^^^
.venv/lib/python3.12/site-packages/sqlalchemy/pool/base.py:1264: in _checkout
    fairy = _ConnectionRecord.checkout(pool)
            ^^^^^^^^^^^^^^^^^^^^^^^^^^^^^^^^
.venv/lib/python3.12/site-packages/sqlalchemy/pool/base.py:711: in checkout
    rec = pool._do_get()
          ^^^^^^^^^^^^^^
.venv/lib/python3.12/site-packages/sqlalchemy/pool/impl.py:177: in _do_get
    with util.safe_reraise():
.venv/lib/python3.12/site-packages/sqlalchemy/util/langhelpers.py:224: in __exit__
    raise exc_value.with_traceback(exc_tb)
.venv/lib/python3.12/site-packages/sqlalchemy/pool/impl.py:175: in _do_get
    return self._create_connection()
           ^^^^^^^^^^^^^^^^^^^^^^^^^
.venv/lib/python3.12/site-packages/sqlalchemy/pool/base.py:388: in _create_connection
    return _ConnectionRecord(self)
           ^^^^^^^^^^^^^^^^^^^^^^^
.venv/lib/python3.12/site-packages/sqlalchemy/pool/base.py:673: in __init__
    self.__connect()
.venv/lib/python3.12/site-packages/sqlalchemy/pool/base.py:899: in __connect
    with util.safe_reraise():
.venv/lib/python3.12/site-packages/sqlalchemy/util/langhelpers.py:224: in __exit__
    raise exc_value.with_traceback(exc_tb)
.venv/lib/python3.12/site-packages/sqlalchemy/pool/base.py:895: in __connect
    self.dbapi_connection = connection = pool._invoke_creator(self)
                                         ^^^^^^^^^^^^^^^^^^^^^^^^^^
.venv/lib/python3.12/site-packages/sqlalchemy/engine/create.py:661: in connect
    return dialect.connect(*cargs, **cparams)
           ^^^^^^^^^^^^^^^^^^^^^^^^^^^^^^^^^^
.venv/lib/python3.12/site-packages/sqlalchemy/engine/default.py:629: in connect
    return self.loaded_dbapi.connect(*cargs, **cparams)  # type: ignore[no-any-return]  # NOQA: E501
           ^^^^^^^^^^^^^^^^^^^^^^^^^^^^^^^^^^^^^^^^^^^^
.venv/lib/python3.12/site-packages/sqlalchemy/dialects/postgresql/asyncpg.py:955: in connect
    await_only(creator_fn(*arg, **kw)),
    ^^^^^^^^^^^^^^^^^^^^^^^^^^^^^^^^^^
.venv/lib/python3.12/site-packages/sqlalchemy/util/_concurrency_py3k.py:132: in await_only
    return current.parent.switch(awaitable)  # type: ignore[no-any-return,attr-defined] # noqa: E501
           ^^^^^^^^^^^^^^^^^^^^^^^^^^^^^^^^
.venv/lib/python3.12/site-packages/sqlalchemy/util/_concurrency_py3k.py:196: in greenlet_spawn
    value = await result
            ^^^^^^^^^^^^
.venv/lib/python3.12/site-packages/asyncpg/connection.py:2421: in connect
    return await connect_utils._connect(
.venv/lib/python3.12/site-packages/asyncpg/connect_utils.py:1049: in _connect
    conn = await _connect_addr(
.venv/lib/python3.12/site-packages/asyncpg/connect_utils.py:886: in _connect_addr
    return await __connect_addr(params, True, *args)
           ^^^^^^^^^^^^^^^^^^^^^^^^^^^^^^^^^^^^^^^^^
_ _ _ _ _ _ _ _ _ _ _ _ _ _ _ _ _ _ _ _ _ _ _ _ _ _ _ _ _ _ _ _ _ _ _ _ _ _ _ _ 

params = ConnectionParameters(user='kwok', password='***', database='naicha_test', ssl=<ssl.SSLContext object at 0x7c391fdf70d0...postgres'>, server_settings=None, target_session_attrs=<SessionAttribute.any: 'any'>, krbsrvname=None, gsslib='gssapi')
retry = True, addr = ('172.21.48.1', 5432)
loop = <_UnixSelectorEventLoop running=False closed=False debug=False>
config = ConnectionConfiguration(command_timeout=None, statement_cache_size=100, max_cached_statement_lifetime=300, max_cacheable_statement_size=15360)
connection_class = <class 'asyncpg.connection.Connection'>
record_class = <class 'asyncpg.Record'>
params_input = ConnectionParameters(user='kwok', password='***', database='naicha_test', ssl=<ssl.SSLContext object at 0x7c391fdf70d0...postgres'>, server_settings=None, target_session_attrs=<SessionAttribute.any: 'any'>, krbsrvname=None, gsslib='gssapi')

    async def __connect_addr(
        params,
        retry,
        addr,
        loop,
        config,
        connection_class,
        record_class,
        params_input,
    ):
        connected = _create_future(loop)
    
        proto_factory = lambda: protocol.Protocol(
            addr, connected, params, record_class, loop)
    
        if isinstance(addr, str):
            # UNIX socket
            connector = loop.create_unix_connection(proto_factory, addr)
    
        elif params.ssl and params.ssl_negotiation is SSLNegotiation.direct:
            # if ssl and ssl_negotiation is `direct`, skip STARTTLS and perform
            # direct SSL connection
            connector = loop.create_connection(
                proto_factory, *addr, ssl=params.ssl
            )
    
        elif params.ssl:
            connector = _create_ssl_connection(
                proto_factory, *addr, loop=loop, ssl_context=params.ssl,
                ssl_is_advisory=params.sslmode == SSLMode.prefer)
        else:
            connector = loop.create_connection(proto_factory, *addr)
    
        tr, pr = await connector
    
        try:
>           await connected
E           asyncpg.exceptions.ConnectionDoesNotExistError: connection was closed in the middle of operation

.venv/lib/python3.12/site-packages/asyncpg/connect_utils.py:934: ConnectionDoesNotExistError
____________ ERROR at setup of test_user_open_id_unique_constraint _____________

self = <_SelectorSocketTransport closed fd=17>

    def _read_ready__data_received(self):
        if self._conn_lost:
            return
        try:
>           data = self._sock.recv(self.max_size)
                   ^^^^^^^^^^^^^^^^^^^^^^^^^^^^^^
E           ConnectionResetError: [Errno 104] Connection reset by peer

/usr/lib/python3.12/asyncio/selector_events.py:1013: ConnectionResetError

The above exception was the direct cause of the following exception:

self = <Coroutine test_user_open_id_unique_constraint>

    def setup(self) -> None:
        runner_fixture_id = f"_{self._loop_scope}_scoped_runner"
        if runner_fixture_id not in self.fixturenames:
            self.fixturenames.append(runner_fixture_id)
>       return super().setup()
               ^^^^^^^^^^^^^^^

.venv/lib/python3.12/site-packages/pytest_asyncio/plugin.py:463: 
_ _ _ _ _ _ _ _ _ _ _ _ _ _ _ _ _ _ _ _ _ _ _ _ _ _ _ _ _ _ _ _ _ _ _ _ _ _ _ _ 
.venv/lib/python3.12/site-packages/pytest_asyncio/plugin.py:748: in pytest_fixture_setup
    hook_result = yield
                  ^^^^^
.venv/lib/python3.12/site-packages/pytest_asyncio/plugin.py:318: in _asyncgen_fixture_wrapper
    result = runner.run(setup(), context=context)
             ^^^^^^^^^^^^^^^^^^^^^^^^^^^^^^^^^^^^
/usr/lib/python3.12/asyncio/runners.py:118: in run
    return self._loop.run_until_complete(task)
           ^^^^^^^^^^^^^^^^^^^^^^^^^^^^^^^^^^^
/usr/lib/python3.12/asyncio/base_events.py:687: in run_until_complete
    return future.result()
           ^^^^^^^^^^^^^^^
.venv/lib/python3.12/site-packages/pytest_asyncio/plugin.py:314: in setup
    res = await gen_obj.__anext__()
          ^^^^^^^^^^^^^^^^^^^^^^^^^
tests/conftest.py:71: in model_test_engine
    async with engine.begin() as conn:
/usr/lib/python3.12/contextlib.py:210: in __aenter__
    return await anext(self.gen)
           ^^^^^^^^^^^^^^^^^^^^^
.venv/lib/python3.12/site-packages/sqlalchemy/ext/asyncio/engine.py:1068: in begin
    async with conn:
.venv/lib/python3.12/site-packages/sqlalchemy/ext/asyncio/base.py:121: in __aenter__
    return await self.start(is_ctxmanager=True)
           ^^^^^^^^^^^^^^^^^^^^^^^^^^^^^^^^^^^^
.venv/lib/python3.12/site-packages/sqlalchemy/ext/asyncio/engine.py:275: in start
    await greenlet_spawn(self.sync_engine.connect)
.venv/lib/python3.12/site-packages/sqlalchemy/util/_concurrency_py3k.py:201: in greenlet_spawn
    result = context.throw(*sys.exc_info())
             ^^^^^^^^^^^^^^^^^^^^^^^^^^^^^^
.venv/lib/python3.12/site-packages/sqlalchemy/engine/base.py:3277: in connect
    return self._connection_cls(self)
           ^^^^^^^^^^^^^^^^^^^^^^^^^^
.venv/lib/python3.12/site-packages/sqlalchemy/engine/base.py:143: in __init__
    self._dbapi_connection = engine.raw_connection()
                             ^^^^^^^^^^^^^^^^^^^^^^^
.venv/lib/python3.12/site-packages/sqlalchemy/engine/base.py:3301: in raw_connection
    return self.pool.connect()
           ^^^^^^^^^^^^^^^^^^^
.venv/lib/python3.12/site-packages/sqlalchemy/pool/base.py:447: in connect
    return _ConnectionFairy._checkout(self)
           ^^^^^^^^^^^^^^^^^^^^^^^^^^^^^^^^
.venv/lib/python3.12/site-packages/sqlalchemy/pool/base.py:1264: in _checkout
    fairy = _ConnectionRecord.checkout(pool)
            ^^^^^^^^^^^^^^^^^^^^^^^^^^^^^^^^
.venv/lib/python3.12/site-packages/sqlalchemy/pool/base.py:711: in checkout
    rec = pool._do_get()
          ^^^^^^^^^^^^^^
.venv/lib/python3.12/site-packages/sqlalchemy/pool/impl.py:177: in _do_get
    with util.safe_reraise():
.venv/lib/python3.12/site-packages/sqlalchemy/util/langhelpers.py:224: in __exit__
    raise exc_value.with_traceback(exc_tb)
.venv/lib/python3.12/site-packages/sqlalchemy/pool/impl.py:175: in _do_get
    return self._create_connection()
           ^^^^^^^^^^^^^^^^^^^^^^^^^
.venv/lib/python3.12/site-packages/sqlalchemy/pool/base.py:388: in _create_connection
    return _ConnectionRecord(self)
           ^^^^^^^^^^^^^^^^^^^^^^^
.venv/lib/python3.12/site-packages/sqlalchemy/pool/base.py:673: in __init__
    self.__connect()
.venv/lib/python3.12/site-packages/sqlalchemy/pool/base.py:899: in __connect
    with util.safe_reraise():
.venv/lib/python3.12/site-packages/sqlalchemy/util/langhelpers.py:224: in __exit__
    raise exc_value.with_traceback(exc_tb)
.venv/lib/python3.12/site-packages/sqlalchemy/pool/base.py:895: in __connect
    self.dbapi_connection = connection = pool._invoke_creator(self)
                                         ^^^^^^^^^^^^^^^^^^^^^^^^^^
.venv/lib/python3.12/site-packages/sqlalchemy/engine/create.py:661: in connect
    return dialect.connect(*cargs, **cparams)
           ^^^^^^^^^^^^^^^^^^^^^^^^^^^^^^^^^^
.venv/lib/python3.12/site-packages/sqlalchemy/engine/default.py:629: in connect
    return self.loaded_dbapi.connect(*cargs, **cparams)  # type: ignore[no-any-return]  # NOQA: E501
           ^^^^^^^^^^^^^^^^^^^^^^^^^^^^^^^^^^^^^^^^^^^^
.venv/lib/python3.12/site-packages/sqlalchemy/dialects/postgresql/asyncpg.py:955: in connect
    await_only(creator_fn(*arg, **kw)),
    ^^^^^^^^^^^^^^^^^^^^^^^^^^^^^^^^^^
.venv/lib/python3.12/site-packages/sqlalchemy/util/_concurrency_py3k.py:132: in await_only
    return current.parent.switch(awaitable)  # type: ignore[no-any-return,attr-defined] # noqa: E501
           ^^^^^^^^^^^^^^^^^^^^^^^^^^^^^^^^
.venv/lib/python3.12/site-packages/sqlalchemy/util/_concurrency_py3k.py:196: in greenlet_spawn
    value = await result
            ^^^^^^^^^^^^
.venv/lib/python3.12/site-packages/asyncpg/connection.py:2421: in connect
    return await connect_utils._connect(
.venv/lib/python3.12/site-packages/asyncpg/connect_utils.py:1049: in _connect
    conn = await _connect_addr(
.venv/lib/python3.12/site-packages/asyncpg/connect_utils.py:886: in _connect_addr
    return await __connect_addr(params, True, *args)
           ^^^^^^^^^^^^^^^^^^^^^^^^^^^^^^^^^^^^^^^^^
_ _ _ _ _ _ _ _ _ _ _ _ _ _ _ _ _ _ _ _ _ _ _ _ _ _ _ _ _ _ _ _ _ _ _ _ _ _ _ _ 

params = ConnectionParameters(user='kwok', password='***', database='naicha_test', ssl=<ssl.SSLContext object at 0x7c39203bc350...postgres'>, server_settings=None, target_session_attrs=<SessionAttribute.any: 'any'>, krbsrvname=None, gsslib='gssapi')
retry = True, addr = ('172.21.48.1', 5432)
loop = <_UnixSelectorEventLoop running=False closed=False debug=False>
config = ConnectionConfiguration(command_timeout=None, statement_cache_size=100, max_cached_statement_lifetime=300, max_cacheable_statement_size=15360)
connection_class = <class 'asyncpg.connection.Connection'>
record_class = <class 'asyncpg.Record'>
params_input = ConnectionParameters(user='kwok', password='***', database='naicha_test', ssl=<ssl.SSLContext object at 0x7c39203bc350...postgres'>, server_settings=None, target_session_attrs=<SessionAttribute.any: 'any'>, krbsrvname=None, gsslib='gssapi')

    async def __connect_addr(
        params,
        retry,
        addr,
        loop,
        config,
        connection_class,
        record_class,
        params_input,
    ):
        connected = _create_future(loop)
    
        proto_factory = lambda: protocol.Protocol(
            addr, connected, params, record_class, loop)
    
        if isinstance(addr, str):
            # UNIX socket
            connector = loop.create_unix_connection(proto_factory, addr)
    
        elif params.ssl and params.ssl_negotiation is SSLNegotiation.direct:
            # if ssl and ssl_negotiation is `direct`, skip STARTTLS and perform
            # direct SSL connection
            connector = loop.create_connection(
                proto_factory, *addr, ssl=params.ssl
            )
    
        elif params.ssl:
            connector = _create_ssl_connection(
                proto_factory, *addr, loop=loop, ssl_context=params.ssl,
                ssl_is_advisory=params.sslmode == SSLMode.prefer)
        else:
            connector = loop.create_connection(proto_factory, *addr)
    
        tr, pr = await connector
    
        try:
>           await connected
E           asyncpg.exceptions.ConnectionDoesNotExistError: connection was closed in the middle of operation

.venv/lib/python3.12/site-packages/asyncpg/connect_utils.py:934: ConnectionDoesNotExistError
_________ ERROR at setup of test_coupon_defaults_and_status_constraint _________

self = <_SelectorSocketTransport closed fd=17>

    def _read_ready__data_received(self):
        if self._conn_lost:
            return
        try:
>           data = self._sock.recv(self.max_size)
                   ^^^^^^^^^^^^^^^^^^^^^^^^^^^^^^
E           ConnectionResetError: [Errno 104] Connection reset by peer

/usr/lib/python3.12/asyncio/selector_events.py:1013: ConnectionResetError

The above exception was the direct cause of the following exception:

self = <Coroutine test_coupon_defaults_and_status_constraint>

    def setup(self) -> None:
        runner_fixture_id = f"_{self._loop_scope}_scoped_runner"
        if runner_fixture_id not in self.fixturenames:
            self.fixturenames.append(runner_fixture_id)
>       return super().setup()
               ^^^^^^^^^^^^^^^

.venv/lib/python3.12/site-packages/pytest_asyncio/plugin.py:463: 
_ _ _ _ _ _ _ _ _ _ _ _ _ _ _ _ _ _ _ _ _ _ _ _ _ _ _ _ _ _ _ _ _ _ _ _ _ _ _ _ 
.venv/lib/python3.12/site-packages/pytest_asyncio/plugin.py:748: in pytest_fixture_setup
    hook_result = yield
                  ^^^^^
.venv/lib/python3.12/site-packages/pytest_asyncio/plugin.py:318: in _asyncgen_fixture_wrapper
    result = runner.run(setup(), context=context)
             ^^^^^^^^^^^^^^^^^^^^^^^^^^^^^^^^^^^^
/usr/lib/python3.12/asyncio/runners.py:118: in run
    return self._loop.run_until_complete(task)
           ^^^^^^^^^^^^^^^^^^^^^^^^^^^^^^^^^^^
/usr/lib/python3.12/asyncio/base_events.py:687: in run_until_complete
    return future.result()
           ^^^^^^^^^^^^^^^
.venv/lib/python3.12/site-packages/pytest_asyncio/plugin.py:314: in setup
    res = await gen_obj.__anext__()
          ^^^^^^^^^^^^^^^^^^^^^^^^^
tests/conftest.py:71: in model_test_engine
    async with engine.begin() as conn:
/usr/lib/python3.12/contextlib.py:210: in __aenter__
    return await anext(self.gen)
           ^^^^^^^^^^^^^^^^^^^^^
.venv/lib/python3.12/site-packages/sqlalchemy/ext/asyncio/engine.py:1068: in begin
    async with conn:
.venv/lib/python3.12/site-packages/sqlalchemy/ext/asyncio/base.py:121: in __aenter__
    return await self.start(is_ctxmanager=True)
           ^^^^^^^^^^^^^^^^^^^^^^^^^^^^^^^^^^^^
.venv/lib/python3.12/site-packages/sqlalchemy/ext/asyncio/engine.py:275: in start
    await greenlet_spawn(self.sync_engine.connect)
.venv/lib/python3.12/site-packages/sqlalchemy/util/_concurrency_py3k.py:201: in greenlet_spawn
    result = context.throw(*sys.exc_info())
             ^^^^^^^^^^^^^^^^^^^^^^^^^^^^^^
.venv/lib/python3.12/site-packages/sqlalchemy/engine/base.py:3277: in connect
    return self._connection_cls(self)
           ^^^^^^^^^^^^^^^^^^^^^^^^^^
.venv/lib/python3.12/site-packages/sqlalchemy/engine/base.py:143: in __init__
    self._dbapi_connection = engine.raw_connection()
                             ^^^^^^^^^^^^^^^^^^^^^^^
.venv/lib/python3.12/site-packages/sqlalchemy/engine/base.py:3301: in raw_connection
    return self.pool.connect()
           ^^^^^^^^^^^^^^^^^^^
.venv/lib/python3.12/site-packages/sqlalchemy/pool/base.py:447: in connect
    return _ConnectionFairy._checkout(self)
           ^^^^^^^^^^^^^^^^^^^^^^^^^^^^^^^^
.venv/lib/python3.12/site-packages/sqlalchemy/pool/base.py:1264: in _checkout
    fairy = _ConnectionRecord.checkout(pool)
            ^^^^^^^^^^^^^^^^^^^^^^^^^^^^^^^^
.venv/lib/python3.12/site-packages/sqlalchemy/pool/base.py:711: in checkout
    rec = pool._do_get()
          ^^^^^^^^^^^^^^
.venv/lib/python3.12/site-packages/sqlalchemy/pool/impl.py:177: in _do_get
    with util.safe_reraise():
.venv/lib/python3.12/site-packages/sqlalchemy/util/langhelpers.py:224: in __exit__
    raise exc_value.with_traceback(exc_tb)
.venv/lib/python3.12/site-packages/sqlalchemy/pool/impl.py:175: in _do_get
    return self._create_connection()
           ^^^^^^^^^^^^^^^^^^^^^^^^^
.venv/lib/python3.12/site-packages/sqlalchemy/pool/base.py:388: in _create_connection
    return _ConnectionRecord(self)
           ^^^^^^^^^^^^^^^^^^^^^^^
.venv/lib/python3.12/site-packages/sqlalchemy/pool/base.py:673: in __init__
    self.__connect()
.venv/lib/python3.12/site-packages/sqlalchemy/pool/base.py:899: in __connect
    with util.safe_reraise():
.venv/lib/python3.12/site-packages/sqlalchemy/util/langhelpers.py:224: in __exit__
    raise exc_value.with_traceback(exc_tb)
.venv/lib/python3.12/site-packages/sqlalchemy/pool/base.py:895: in __connect
    self.dbapi_connection = connection = pool._invoke_creator(self)
                                         ^^^^^^^^^^^^^^^^^^^^^^^^^^
.venv/lib/python3.12/site-packages/sqlalchemy/engine/create.py:661: in connect
    return dialect.connect(*cargs, **cparams)
           ^^^^^^^^^^^^^^^^^^^^^^^^^^^^^^^^^^
.venv/lib/python3.12/site-packages/sqlalchemy/engine/default.py:629: in connect
    return self.loaded_dbapi.connect(*cargs, **cparams)  # type: ignore[no-any-return]  # NOQA: E501
           ^^^^^^^^^^^^^^^^^^^^^^^^^^^^^^^^^^^^^^^^^^^^
.venv/lib/python3.12/site-packages/sqlalchemy/dialects/postgresql/asyncpg.py:955: in connect
    await_only(creator_fn(*arg, **kw)),
    ^^^^^^^^^^^^^^^^^^^^^^^^^^^^^^^^^^
.venv/lib/python3.12/site-packages/sqlalchemy/util/_concurrency_py3k.py:132: in await_only
    return current.parent.switch(awaitable)  # type: ignore[no-any-return,attr-defined] # noqa: E501
           ^^^^^^^^^^^^^^^^^^^^^^^^^^^^^^^^
.venv/lib/python3.12/site-packages/sqlalchemy/util/_concurrency_py3k.py:196: in greenlet_spawn
    value = await result
            ^^^^^^^^^^^^
.venv/lib/python3.12/site-packages/asyncpg/connection.py:2421: in connect
    return await connect_utils._connect(
.venv/lib/python3.12/site-packages/asyncpg/connect_utils.py:1049: in _connect
    conn = await _connect_addr(
.venv/lib/python3.12/site-packages/asyncpg/connect_utils.py:886: in _connect_addr
    return await __connect_addr(params, True, *args)
           ^^^^^^^^^^^^^^^^^^^^^^^^^^^^^^^^^^^^^^^^^
_ _ _ _ _ _ _ _ _ _ _ _ _ _ _ _ _ _ _ _ _ _ _ _ _ _ _ _ _ _ _ _ _ _ _ _ _ _ _ _ 

params = ConnectionParameters(user='kwok', password='***', database='naicha_test', ssl=<ssl.SSLContext object at 0x7c39211edad0...postgres'>, server_settings=None, target_session_attrs=<SessionAttribute.any: 'any'>, krbsrvname=None, gsslib='gssapi')
retry = True, addr = ('172.21.48.1', 5432)
loop = <_UnixSelectorEventLoop running=False closed=False debug=False>
config = ConnectionConfiguration(command_timeout=None, statement_cache_size=100, max_cached_statement_lifetime=300, max_cacheable_statement_size=15360)
connection_class = <class 'asyncpg.connection.Connection'>
record_class = <class 'asyncpg.Record'>
params_input = ConnectionParameters(user='kwok', password='***', database='naicha_test', ssl=<ssl.SSLContext object at 0x7c39211edad0...postgres'>, server_settings=None, target_session_attrs=<SessionAttribute.any: 'any'>, krbsrvname=None, gsslib='gssapi')

    async def __connect_addr(
        params,
        retry,
        addr,
        loop,
        config,
        connection_class,
        record_class,
        params_input,
    ):
        connected = _create_future(loop)
    
        proto_factory = lambda: protocol.Protocol(
            addr, connected, params, record_class, loop)
    
        if isinstance(addr, str):
            # UNIX socket
            connector = loop.create_unix_connection(proto_factory, addr)
    
        elif params.ssl and params.ssl_negotiation is SSLNegotiation.direct:
            # if ssl and ssl_negotiation is `direct`, skip STARTTLS and perform
            # direct SSL connection
            connector = loop.create_connection(
                proto_factory, *addr, ssl=params.ssl
            )
    
        elif params.ssl:
            connector = _create_ssl_connection(
                proto_factory, *addr, loop=loop, ssl_context=params.ssl,
                ssl_is_advisory=params.sslmode == SSLMode.prefer)
        else:
            connector = loop.create_connection(proto_factory, *addr)
    
        tr, pr = await connector
    
        try:
>           await connected
E           asyncpg.exceptions.ConnectionDoesNotExistError: connection was closed in the middle of operation

.venv/lib/python3.12/site-packages/asyncpg/connect_utils.py:934: ConnectionDoesNotExistError
______ ERROR at setup of test_product_defaults_and_category_relationship _______

self = <_SelectorSocketTransport closed fd=17>

    def _read_ready__data_received(self):
        if self._conn_lost:
            return
        try:
>           data = self._sock.recv(self.max_size)
                   ^^^^^^^^^^^^^^^^^^^^^^^^^^^^^^
E           ConnectionResetError: [Errno 104] Connection reset by peer

/usr/lib/python3.12/asyncio/selector_events.py:1013: ConnectionResetError

The above exception was the direct cause of the following exception:

self = <Coroutine test_product_defaults_and_category_relationship>

    def setup(self) -> None:
        runner_fixture_id = f"_{self._loop_scope}_scoped_runner"
        if runner_fixture_id not in self.fixturenames:
            self.fixturenames.append(runner_fixture_id)
>       return super().setup()
               ^^^^^^^^^^^^^^^

.venv/lib/python3.12/site-packages/pytest_asyncio/plugin.py:463: 
_ _ _ _ _ _ _ _ _ _ _ _ _ _ _ _ _ _ _ _ _ _ _ _ _ _ _ _ _ _ _ _ _ _ _ _ _ _ _ _ 
.venv/lib/python3.12/site-packages/pytest_asyncio/plugin.py:748: in pytest_fixture_setup
    hook_result = yield
                  ^^^^^
.venv/lib/python3.12/site-packages/pytest_asyncio/plugin.py:318: in _asyncgen_fixture_wrapper
    result = runner.run(setup(), context=context)
             ^^^^^^^^^^^^^^^^^^^^^^^^^^^^^^^^^^^^
/usr/lib/python3.12/asyncio/runners.py:118: in run
    return self._loop.run_until_complete(task)
           ^^^^^^^^^^^^^^^^^^^^^^^^^^^^^^^^^^^
/usr/lib/python3.12/asyncio/base_events.py:687: in run_until_complete
    return future.result()
           ^^^^^^^^^^^^^^^
.venv/lib/python3.12/site-packages/pytest_asyncio/plugin.py:314: in setup
    res = await gen_obj.__anext__()
          ^^^^^^^^^^^^^^^^^^^^^^^^^
tests/conftest.py:71: in model_test_engine
    async with engine.begin() as conn:
/usr/lib/python3.12/contextlib.py:210: in __aenter__
    return await anext(self.gen)
           ^^^^^^^^^^^^^^^^^^^^^
.venv/lib/python3.12/site-packages/sqlalchemy/ext/asyncio/engine.py:1068: in begin
    async with conn:
.venv/lib/python3.12/site-packages/sqlalchemy/ext/asyncio/base.py:121: in __aenter__
    return await self.start(is_ctxmanager=True)
           ^^^^^^^^^^^^^^^^^^^^^^^^^^^^^^^^^^^^
.venv/lib/python3.12/site-packages/sqlalchemy/ext/asyncio/engine.py:275: in start
    await greenlet_spawn(self.sync_engine.connect)
.venv/lib/python3.12/site-packages/sqlalchemy/util/_concurrency_py3k.py:201: in greenlet_spawn
    result = context.throw(*sys.exc_info())
             ^^^^^^^^^^^^^^^^^^^^^^^^^^^^^^
.venv/lib/python3.12/site-packages/sqlalchemy/engine/base.py:3277: in connect
    return self._connection_cls(self)
           ^^^^^^^^^^^^^^^^^^^^^^^^^^
.venv/lib/python3.12/site-packages/sqlalchemy/engine/base.py:143: in __init__
    self._dbapi_connection = engine.raw_connection()
                             ^^^^^^^^^^^^^^^^^^^^^^^
.venv/lib/python3.12/site-packages/sqlalchemy/engine/base.py:3301: in raw_connection
    return self.pool.connect()
           ^^^^^^^^^^^^^^^^^^^
.venv/lib/python3.12/site-packages/sqlalchemy/pool/base.py:447: in connect
    return _ConnectionFairy._checkout(self)
           ^^^^^^^^^^^^^^^^^^^^^^^^^^^^^^^^
.venv/lib/python3.12/site-packages/sqlalchemy/pool/base.py:1264: in _checkout
    fairy = _ConnectionRecord.checkout(pool)
            ^^^^^^^^^^^^^^^^^^^^^^^^^^^^^^^^
.venv/lib/python3.12/site-packages/sqlalchemy/pool/base.py:711: in checkout
    rec = pool._do_get()
          ^^^^^^^^^^^^^^
.venv/lib/python3.12/site-packages/sqlalchemy/pool/impl.py:177: in _do_get
    with util.safe_reraise():
.venv/lib/python3.12/site-packages/sqlalchemy/util/langhelpers.py:224: in __exit__
    raise exc_value.with_traceback(exc_tb)
.venv/lib/python3.12/site-packages/sqlalchemy/pool/impl.py:175: in _do_get
    return self._create_connection()
           ^^^^^^^^^^^^^^^^^^^^^^^^^
.venv/lib/python3.12/site-packages/sqlalchemy/pool/base.py:388: in _create_connection
    return _ConnectionRecord(self)
           ^^^^^^^^^^^^^^^^^^^^^^^
.venv/lib/python3.12/site-packages/sqlalchemy/pool/base.py:673: in __init__
    self.__connect()
.venv/lib/python3.12/site-packages/sqlalchemy/pool/base.py:899: in __connect
    with util.safe_reraise():
.venv/lib/python3.12/site-packages/sqlalchemy/util/langhelpers.py:224: in __exit__
    raise exc_value.with_traceback(exc_tb)
.venv/lib/python3.12/site-packages/sqlalchemy/pool/base.py:895: in __connect
    self.dbapi_connection = connection = pool._invoke_creator(self)
                                         ^^^^^^^^^^^^^^^^^^^^^^^^^^
.venv/lib/python3.12/site-packages/sqlalchemy/engine/create.py:661: in connect
    return dialect.connect(*cargs, **cparams)
           ^^^^^^^^^^^^^^^^^^^^^^^^^^^^^^^^^^
.venv/lib/python3.12/site-packages/sqlalchemy/engine/default.py:629: in connect
    return self.loaded_dbapi.connect(*cargs, **cparams)  # type: ignore[no-any-return]  # NOQA: E501
           ^^^^^^^^^^^^^^^^^^^^^^^^^^^^^^^^^^^^^^^^^^^^
.venv/lib/python3.12/site-packages/sqlalchemy/dialects/postgresql/asyncpg.py:955: in connect
    await_only(creator_fn(*arg, **kw)),
    ^^^^^^^^^^^^^^^^^^^^^^^^^^^^^^^^^^
.venv/lib/python3.12/site-packages/sqlalchemy/util/_concurrency_py3k.py:132: in await_only
    return current.parent.switch(awaitable)  # type: ignore[no-any-return,attr-defined] # noqa: E501
           ^^^^^^^^^^^^^^^^^^^^^^^^^^^^^^^^
.venv/lib/python3.12/site-packages/sqlalchemy/util/_concurrency_py3k.py:196: in greenlet_spawn
    value = await result
            ^^^^^^^^^^^^
.venv/lib/python3.12/site-packages/asyncpg/connection.py:2421: in connect
    return await connect_utils._connect(
.venv/lib/python3.12/site-packages/asyncpg/connect_utils.py:1049: in _connect
    conn = await _connect_addr(
.venv/lib/python3.12/site-packages/asyncpg/connect_utils.py:886: in _connect_addr
    return await __connect_addr(params, True, *args)
           ^^^^^^^^^^^^^^^^^^^^^^^^^^^^^^^^^^^^^^^^^
_ _ _ _ _ _ _ _ _ _ _ _ _ _ _ _ _ _ _ _ _ _ _ _ _ _ _ _ _ _ _ _ _ _ _ _ _ _ _ _ 

params = ConnectionParameters(user='kwok', password='***', database='naicha_test', ssl=<ssl.SSLContext object at 0x7c3920d12ad0...postgres'>, server_settings=None, target_session_attrs=<SessionAttribute.any: 'any'>, krbsrvname=None, gsslib='gssapi')
retry = True, addr = ('172.21.48.1', 5432)
loop = <_UnixSelectorEventLoop running=False closed=False debug=False>
config = ConnectionConfiguration(command_timeout=None, statement_cache_size=100, max_cached_statement_lifetime=300, max_cacheable_statement_size=15360)
connection_class = <class 'asyncpg.connection.Connection'>
record_class = <class 'asyncpg.Record'>
params_input = ConnectionParameters(user='kwok', password='***', database='naicha_test', ssl=<ssl.SSLContext object at 0x7c3920d12ad0...postgres'>, server_settings=None, target_session_attrs=<SessionAttribute.any: 'any'>, krbsrvname=None, gsslib='gssapi')

    async def __connect_addr(
        params,
        retry,
        addr,
        loop,
        config,
        connection_class,
        record_class,
        params_input,
    ):
        connected = _create_future(loop)
    
        proto_factory = lambda: protocol.Protocol(
            addr, connected, params, record_class, loop)
    
        if isinstance(addr, str):
            # UNIX socket
            connector = loop.create_unix_connection(proto_factory, addr)
    
        elif params.ssl and params.ssl_negotiation is SSLNegotiation.direct:
            # if ssl and ssl_negotiation is `direct`, skip STARTTLS and perform
            # direct SSL connection
            connector = loop.create_connection(
                proto_factory, *addr, ssl=params.ssl
            )
    
        elif params.ssl:
            connector = _create_ssl_connection(
                proto_factory, *addr, loop=loop, ssl_context=params.ssl,
                ssl_is_advisory=params.sslmode == SSLMode.prefer)
        else:
            connector = loop.create_connection(proto_factory, *addr)
    
        tr, pr = await connector
    
        try:
>           await connected
E           asyncpg.exceptions.ConnectionDoesNotExistError: connection was closed in the middle of operation

.venv/lib/python3.12/site-packages/asyncpg/connect_utils.py:934: ConnectionDoesNotExistError
________________ ERROR at setup of test_spec_option_constraints ________________

self = <_SelectorSocketTransport closed fd=17>

    def _read_ready__data_received(self):
        if self._conn_lost:
            return
        try:
>           data = self._sock.recv(self.max_size)
                   ^^^^^^^^^^^^^^^^^^^^^^^^^^^^^^
E           ConnectionResetError: [Errno 104] Connection reset by peer

/usr/lib/python3.12/asyncio/selector_events.py:1013: ConnectionResetError

The above exception was the direct cause of the following exception:

self = <Coroutine test_spec_option_constraints>

    def setup(self) -> None:
        runner_fixture_id = f"_{self._loop_scope}_scoped_runner"
        if runner_fixture_id not in self.fixturenames:
            self.fixturenames.append(runner_fixture_id)
>       return super().setup()
               ^^^^^^^^^^^^^^^

.venv/lib/python3.12/site-packages/pytest_asyncio/plugin.py:463: 
_ _ _ _ _ _ _ _ _ _ _ _ _ _ _ _ _ _ _ _ _ _ _ _ _ _ _ _ _ _ _ _ _ _ _ _ _ _ _ _ 
.venv/lib/python3.12/site-packages/pytest_asyncio/plugin.py:748: in pytest_fixture_setup
    hook_result = yield
                  ^^^^^
.venv/lib/python3.12/site-packages/pytest_asyncio/plugin.py:318: in _asyncgen_fixture_wrapper
    result = runner.run(setup(), context=context)
             ^^^^^^^^^^^^^^^^^^^^^^^^^^^^^^^^^^^^
/usr/lib/python3.12/asyncio/runners.py:118: in run
    return self._loop.run_until_complete(task)
           ^^^^^^^^^^^^^^^^^^^^^^^^^^^^^^^^^^^
/usr/lib/python3.12/asyncio/base_events.py:687: in run_until_complete
    return future.result()
           ^^^^^^^^^^^^^^^
.venv/lib/python3.12/site-packages/pytest_asyncio/plugin.py:314: in setup
    res = await gen_obj.__anext__()
          ^^^^^^^^^^^^^^^^^^^^^^^^^
tests/conftest.py:71: in model_test_engine
    async with engine.begin() as conn:
/usr/lib/python3.12/contextlib.py:210: in __aenter__
    return await anext(self.gen)
           ^^^^^^^^^^^^^^^^^^^^^
.venv/lib/python3.12/site-packages/sqlalchemy/ext/asyncio/engine.py:1068: in begin
    async with conn:
.venv/lib/python3.12/site-packages/sqlalchemy/ext/asyncio/base.py:121: in __aenter__
    return await self.start(is_ctxmanager=True)
           ^^^^^^^^^^^^^^^^^^^^^^^^^^^^^^^^^^^^
.venv/lib/python3.12/site-packages/sqlalchemy/ext/asyncio/engine.py:275: in start
    await greenlet_spawn(self.sync_engine.connect)
.venv/lib/python3.12/site-packages/sqlalchemy/util/_concurrency_py3k.py:201: in greenlet_spawn
    result = context.throw(*sys.exc_info())
             ^^^^^^^^^^^^^^^^^^^^^^^^^^^^^^
.venv/lib/python3.12/site-packages/sqlalchemy/engine/base.py:3277: in connect
    return self._connection_cls(self)
           ^^^^^^^^^^^^^^^^^^^^^^^^^^
.venv/lib/python3.12/site-packages/sqlalchemy/engine/base.py:143: in __init__
    self._dbapi_connection = engine.raw_connection()
                             ^^^^^^^^^^^^^^^^^^^^^^^
.venv/lib/python3.12/site-packages/sqlalchemy/engine/base.py:3301: in raw_connection
    return self.pool.connect()
           ^^^^^^^^^^^^^^^^^^^
.venv/lib/python3.12/site-packages/sqlalchemy/pool/base.py:447: in connect
    return _ConnectionFairy._checkout(self)
           ^^^^^^^^^^^^^^^^^^^^^^^^^^^^^^^^
.venv/lib/python3.12/site-packages/sqlalchemy/pool/base.py:1264: in _checkout
    fairy = _ConnectionRecord.checkout(pool)
            ^^^^^^^^^^^^^^^^^^^^^^^^^^^^^^^^
.venv/lib/python3.12/site-packages/sqlalchemy/pool/base.py:711: in checkout
    rec = pool._do_get()
          ^^^^^^^^^^^^^^
.venv/lib/python3.12/site-packages/sqlalchemy/pool/impl.py:177: in _do_get
    with util.safe_reraise():
.venv/lib/python3.12/site-packages/sqlalchemy/util/langhelpers.py:224: in __exit__
    raise exc_value.with_traceback(exc_tb)
.venv/lib/python3.12/site-packages/sqlalchemy/pool/impl.py:175: in _do_get
    return self._create_connection()
           ^^^^^^^^^^^^^^^^^^^^^^^^^
.venv/lib/python3.12/site-packages/sqlalchemy/pool/base.py:388: in _create_connection
    return _ConnectionRecord(self)
           ^^^^^^^^^^^^^^^^^^^^^^^
.venv/lib/python3.12/site-packages/sqlalchemy/pool/base.py:673: in __init__
    self.__connect()
.venv/lib/python3.12/site-packages/sqlalchemy/pool/base.py:899: in __connect
    with util.safe_reraise():
.venv/lib/python3.12/site-packages/sqlalchemy/util/langhelpers.py:224: in __exit__
    raise exc_value.with_traceback(exc_tb)
.venv/lib/python3.12/site-packages/sqlalchemy/pool/base.py:895: in __connect
    self.dbapi_connection = connection = pool._invoke_creator(self)
                                         ^^^^^^^^^^^^^^^^^^^^^^^^^^
.venv/lib/python3.12/site-packages/sqlalchemy/engine/create.py:661: in connect
    return dialect.connect(*cargs, **cparams)
           ^^^^^^^^^^^^^^^^^^^^^^^^^^^^^^^^^^
.venv/lib/python3.12/site-packages/sqlalchemy/engine/default.py:629: in connect
    return self.loaded_dbapi.connect(*cargs, **cparams)  # type: ignore[no-any-return]  # NOQA: E501
           ^^^^^^^^^^^^^^^^^^^^^^^^^^^^^^^^^^^^^^^^^^^^
.venv/lib/python3.12/site-packages/sqlalchemy/dialects/postgresql/asyncpg.py:955: in connect
    await_only(creator_fn(*arg, **kw)),
    ^^^^^^^^^^^^^^^^^^^^^^^^^^^^^^^^^^
.venv/lib/python3.12/site-packages/sqlalchemy/util/_concurrency_py3k.py:132: in await_only
    return current.parent.switch(awaitable)  # type: ignore[no-any-return,attr-defined] # noqa: E501
           ^^^^^^^^^^^^^^^^^^^^^^^^^^^^^^^^
.venv/lib/python3.12/site-packages/sqlalchemy/util/_concurrency_py3k.py:196: in greenlet_spawn
    value = await result
            ^^^^^^^^^^^^
.venv/lib/python3.12/site-packages/asyncpg/connection.py:2421: in connect
    return await connect_utils._connect(
.venv/lib/python3.12/site-packages/asyncpg/connect_utils.py:1049: in _connect
    conn = await _connect_addr(
.venv/lib/python3.12/site-packages/asyncpg/connect_utils.py:886: in _connect_addr
    return await __connect_addr(params, True, *args)
           ^^^^^^^^^^^^^^^^^^^^^^^^^^^^^^^^^^^^^^^^^
_ _ _ _ _ _ _ _ _ _ _ _ _ _ _ _ _ _ _ _ _ _ _ _ _ _ _ _ _ _ _ _ _ _ _ _ _ _ _ _ 

params = ConnectionParameters(user='kwok', password='***', database='naicha_test', ssl=<ssl.SSLContext object at 0x7c39201d05d0...postgres'>, server_settings=None, target_session_attrs=<SessionAttribute.any: 'any'>, krbsrvname=None, gsslib='gssapi')
retry = True, addr = ('172.21.48.1', 5432)
loop = <_UnixSelectorEventLoop running=False closed=False debug=False>
config = ConnectionConfiguration(command_timeout=None, statement_cache_size=100, max_cached_statement_lifetime=300, max_cacheable_statement_size=15360)
connection_class = <class 'asyncpg.connection.Connection'>
record_class = <class 'asyncpg.Record'>
params_input = ConnectionParameters(user='kwok', password='***', database='naicha_test', ssl=<ssl.SSLContext object at 0x7c39201d05d0...postgres'>, server_settings=None, target_session_attrs=<SessionAttribute.any: 'any'>, krbsrvname=None, gsslib='gssapi')

    async def __connect_addr(
        params,
        retry,
        addr,
        loop,
        config,
        connection_class,
        record_class,
        params_input,
    ):
        connected = _create_future(loop)
    
        proto_factory = lambda: protocol.Protocol(
            addr, connected, params, record_class, loop)
    
        if isinstance(addr, str):
            # UNIX socket
            connector = loop.create_unix_connection(proto_factory, addr)
    
        elif params.ssl and params.ssl_negotiation is SSLNegotiation.direct:
            # if ssl and ssl_negotiation is `direct`, skip STARTTLS and perform
            # direct SSL connection
            connector = loop.create_connection(
                proto_factory, *addr, ssl=params.ssl
            )
    
        elif params.ssl:
            connector = _create_ssl_connection(
                proto_factory, *addr, loop=loop, ssl_context=params.ssl,
                ssl_is_advisory=params.sslmode == SSLMode.prefer)
        else:
            connector = loop.create_connection(proto_factory, *addr)
    
        tr, pr = await connector
    
        try:
>           await connected
E           asyncpg.exceptions.ConnectionDoesNotExistError: connection was closed in the middle of operation

.venv/lib/python3.12/site-packages/asyncpg/connect_utils.py:934: ConnectionDoesNotExistError
________ ERROR at setup of test_product_spec_mapping_unique_constraint _________

self = <_SelectorSocketTransport closed fd=17>

    def _read_ready__data_received(self):
        if self._conn_lost:
            return
        try:
>           data = self._sock.recv(self.max_size)
                   ^^^^^^^^^^^^^^^^^^^^^^^^^^^^^^
E           ConnectionResetError: [Errno 104] Connection reset by peer

/usr/lib/python3.12/asyncio/selector_events.py:1013: ConnectionResetError

The above exception was the direct cause of the following exception:

self = <Coroutine test_product_spec_mapping_unique_constraint>

    def setup(self) -> None:
        runner_fixture_id = f"_{self._loop_scope}_scoped_runner"
        if runner_fixture_id not in self.fixturenames:
            self.fixturenames.append(runner_fixture_id)
>       return super().setup()
               ^^^^^^^^^^^^^^^

.venv/lib/python3.12/site-packages/pytest_asyncio/plugin.py:463: 
_ _ _ _ _ _ _ _ _ _ _ _ _ _ _ _ _ _ _ _ _ _ _ _ _ _ _ _ _ _ _ _ _ _ _ _ _ _ _ _ 
.venv/lib/python3.12/site-packages/pytest_asyncio/plugin.py:748: in pytest_fixture_setup
    hook_result = yield
                  ^^^^^
.venv/lib/python3.12/site-packages/pytest_asyncio/plugin.py:318: in _asyncgen_fixture_wrapper
    result = runner.run(setup(), context=context)
             ^^^^^^^^^^^^^^^^^^^^^^^^^^^^^^^^^^^^
/usr/lib/python3.12/asyncio/runners.py:118: in run
    return self._loop.run_until_complete(task)
           ^^^^^^^^^^^^^^^^^^^^^^^^^^^^^^^^^^^
/usr/lib/python3.12/asyncio/base_events.py:687: in run_until_complete
    return future.result()
           ^^^^^^^^^^^^^^^
.venv/lib/python3.12/site-packages/pytest_asyncio/plugin.py:314: in setup
    res = await gen_obj.__anext__()
          ^^^^^^^^^^^^^^^^^^^^^^^^^
tests/conftest.py:71: in model_test_engine
    async with engine.begin() as conn:
/usr/lib/python3.12/contextlib.py:210: in __aenter__
    return await anext(self.gen)
           ^^^^^^^^^^^^^^^^^^^^^
.venv/lib/python3.12/site-packages/sqlalchemy/ext/asyncio/engine.py:1068: in begin
    async with conn:
.venv/lib/python3.12/site-packages/sqlalchemy/ext/asyncio/base.py:121: in __aenter__
    return await self.start(is_ctxmanager=True)
           ^^^^^^^^^^^^^^^^^^^^^^^^^^^^^^^^^^^^
.venv/lib/python3.12/site-packages/sqlalchemy/ext/asyncio/engine.py:275: in start
    await greenlet_spawn(self.sync_engine.connect)
.venv/lib/python3.12/site-packages/sqlalchemy/util/_concurrency_py3k.py:201: in greenlet_spawn
    result = context.throw(*sys.exc_info())
             ^^^^^^^^^^^^^^^^^^^^^^^^^^^^^^
.venv/lib/python3.12/site-packages/sqlalchemy/engine/base.py:3277: in connect
    return self._connection_cls(self)
           ^^^^^^^^^^^^^^^^^^^^^^^^^^
.venv/lib/python3.12/site-packages/sqlalchemy/engine/base.py:143: in __init__
    self._dbapi_connection = engine.raw_connection()
                             ^^^^^^^^^^^^^^^^^^^^^^^
.venv/lib/python3.12/site-packages/sqlalchemy/engine/base.py:3301: in raw_connection
    return self.pool.connect()
           ^^^^^^^^^^^^^^^^^^^
.venv/lib/python3.12/site-packages/sqlalchemy/pool/base.py:447: in connect
    return _ConnectionFairy._checkout(self)
           ^^^^^^^^^^^^^^^^^^^^^^^^^^^^^^^^
.venv/lib/python3.12/site-packages/sqlalchemy/pool/base.py:1264: in _checkout
    fairy = _ConnectionRecord.checkout(pool)
            ^^^^^^^^^^^^^^^^^^^^^^^^^^^^^^^^
.venv/lib/python3.12/site-packages/sqlalchemy/pool/base.py:711: in checkout
    rec = pool._do_get()
          ^^^^^^^^^^^^^^
.venv/lib/python3.12/site-packages/sqlalchemy/pool/impl.py:177: in _do_get
    with util.safe_reraise():
.venv/lib/python3.12/site-packages/sqlalchemy/util/langhelpers.py:224: in __exit__
    raise exc_value.with_traceback(exc_tb)
.venv/lib/python3.12/site-packages/sqlalchemy/pool/impl.py:175: in _do_get
    return self._create_connection()
           ^^^^^^^^^^^^^^^^^^^^^^^^^
.venv/lib/python3.12/site-packages/sqlalchemy/pool/base.py:388: in _create_connection
    return _ConnectionRecord(self)
           ^^^^^^^^^^^^^^^^^^^^^^^
.venv/lib/python3.12/site-packages/sqlalchemy/pool/base.py:673: in __init__
    self.__connect()
.venv/lib/python3.12/site-packages/sqlalchemy/pool/base.py:899: in __connect
    with util.safe_reraise():
.venv/lib/python3.12/site-packages/sqlalchemy/util/langhelpers.py:224: in __exit__
    raise exc_value.with_traceback(exc_tb)
.venv/lib/python3.12/site-packages/sqlalchemy/pool/base.py:895: in __connect
    self.dbapi_connection = connection = pool._invoke_creator(self)
                                         ^^^^^^^^^^^^^^^^^^^^^^^^^^
.venv/lib/python3.12/site-packages/sqlalchemy/engine/create.py:661: in connect
    return dialect.connect(*cargs, **cparams)
           ^^^^^^^^^^^^^^^^^^^^^^^^^^^^^^^^^^
.venv/lib/python3.12/site-packages/sqlalchemy/engine/default.py:629: in connect
    return self.loaded_dbapi.connect(*cargs, **cparams)  # type: ignore[no-any-return]  # NOQA: E501
           ^^^^^^^^^^^^^^^^^^^^^^^^^^^^^^^^^^^^^^^^^^^^
.venv/lib/python3.12/site-packages/sqlalchemy/dialects/postgresql/asyncpg.py:955: in connect
    await_only(creator_fn(*arg, **kw)),
    ^^^^^^^^^^^^^^^^^^^^^^^^^^^^^^^^^^
.venv/lib/python3.12/site-packages/sqlalchemy/util/_concurrency_py3k.py:132: in await_only
    return current.parent.switch(awaitable)  # type: ignore[no-any-return,attr-defined] # noqa: E501
           ^^^^^^^^^^^^^^^^^^^^^^^^^^^^^^^^
.venv/lib/python3.12/site-packages/sqlalchemy/util/_concurrency_py3k.py:196: in greenlet_spawn
    value = await result
            ^^^^^^^^^^^^
.venv/lib/python3.12/site-packages/asyncpg/connection.py:2421: in connect
    return await connect_utils._connect(
.venv/lib/python3.12/site-packages/asyncpg/connect_utils.py:1049: in _connect
    conn = await _connect_addr(
.venv/lib/python3.12/site-packages/asyncpg/connect_utils.py:886: in _connect_addr
    return await __connect_addr(params, True, *args)
           ^^^^^^^^^^^^^^^^^^^^^^^^^^^^^^^^^^^^^^^^^
_ _ _ _ _ _ _ _ _ _ _ _ _ _ _ _ _ _ _ _ _ _ _ _ _ _ _ _ _ _ _ _ _ _ _ _ _ _ _ _ 

params = ConnectionParameters(user='kwok', password='***', database='naicha_test', ssl=<ssl.SSLContext object at 0x7c391f190bd0...postgres'>, server_settings=None, target_session_attrs=<SessionAttribute.any: 'any'>, krbsrvname=None, gsslib='gssapi')
retry = True, addr = ('172.21.48.1', 5432)
loop = <_UnixSelectorEventLoop running=False closed=False debug=False>
config = ConnectionConfiguration(command_timeout=None, statement_cache_size=100, max_cached_statement_lifetime=300, max_cacheable_statement_size=15360)
connection_class = <class 'asyncpg.connection.Connection'>
record_class = <class 'asyncpg.Record'>
params_input = ConnectionParameters(user='kwok', password='***', database='naicha_test', ssl=<ssl.SSLContext object at 0x7c391f190bd0...postgres'>, server_settings=None, target_session_attrs=<SessionAttribute.any: 'any'>, krbsrvname=None, gsslib='gssapi')

    async def __connect_addr(
        params,
        retry,
        addr,
        loop,
        config,
        connection_class,
        record_class,
        params_input,
    ):
        connected = _create_future(loop)
    
        proto_factory = lambda: protocol.Protocol(
            addr, connected, params, record_class, loop)
    
        if isinstance(addr, str):
            # UNIX socket
            connector = loop.create_unix_connection(proto_factory, addr)
    
        elif params.ssl and params.ssl_negotiation is SSLNegotiation.direct:
            # if ssl and ssl_negotiation is `direct`, skip STARTTLS and perform
            # direct SSL connection
            connector = loop.create_connection(
                proto_factory, *addr, ssl=params.ssl
            )
    
        elif params.ssl:
            connector = _create_ssl_connection(
                proto_factory, *addr, loop=loop, ssl_context=params.ssl,
                ssl_is_advisory=params.sslmode == SSLMode.prefer)
        else:
            connector = loop.create_connection(proto_factory, *addr)
    
        tr, pr = await connector
    
        try:
>           await connected
E           asyncpg.exceptions.ConnectionDoesNotExistError: connection was closed in the middle of operation

.venv/lib/python3.12/site-packages/asyncpg/connect_utils.py:934: ConnectionDoesNotExistError
__________ ERROR at setup of test_order_defaults_and_related_entities __________

self = <_SelectorSocketTransport closed fd=17>

    def _read_ready__data_received(self):
        if self._conn_lost:
            return
        try:
>           data = self._sock.recv(self.max_size)
                   ^^^^^^^^^^^^^^^^^^^^^^^^^^^^^^
E           ConnectionResetError: [Errno 104] Connection reset by peer

/usr/lib/python3.12/asyncio/selector_events.py:1013: ConnectionResetError

The above exception was the direct cause of the following exception:

self = <Coroutine test_order_defaults_and_related_entities>

    def setup(self) -> None:
        runner_fixture_id = f"_{self._loop_scope}_scoped_runner"
        if runner_fixture_id not in self.fixturenames:
            self.fixturenames.append(runner_fixture_id)
>       return super().setup()
               ^^^^^^^^^^^^^^^

.venv/lib/python3.12/site-packages/pytest_asyncio/plugin.py:463: 
_ _ _ _ _ _ _ _ _ _ _ _ _ _ _ _ _ _ _ _ _ _ _ _ _ _ _ _ _ _ _ _ _ _ _ _ _ _ _ _ 
.venv/lib/python3.12/site-packages/pytest_asyncio/plugin.py:748: in pytest_fixture_setup
    hook_result = yield
                  ^^^^^
.venv/lib/python3.12/site-packages/pytest_asyncio/plugin.py:318: in _asyncgen_fixture_wrapper
    result = runner.run(setup(), context=context)
             ^^^^^^^^^^^^^^^^^^^^^^^^^^^^^^^^^^^^
/usr/lib/python3.12/asyncio/runners.py:118: in run
    return self._loop.run_until_complete(task)
           ^^^^^^^^^^^^^^^^^^^^^^^^^^^^^^^^^^^
/usr/lib/python3.12/asyncio/base_events.py:687: in run_until_complete
    return future.result()
           ^^^^^^^^^^^^^^^
.venv/lib/python3.12/site-packages/pytest_asyncio/plugin.py:314: in setup
    res = await gen_obj.__anext__()
          ^^^^^^^^^^^^^^^^^^^^^^^^^
tests/conftest.py:71: in model_test_engine
    async with engine.begin() as conn:
/usr/lib/python3.12/contextlib.py:210: in __aenter__
    return await anext(self.gen)
           ^^^^^^^^^^^^^^^^^^^^^
.venv/lib/python3.12/site-packages/sqlalchemy/ext/asyncio/engine.py:1068: in begin
    async with conn:
.venv/lib/python3.12/site-packages/sqlalchemy/ext/asyncio/base.py:121: in __aenter__
    return await self.start(is_ctxmanager=True)
           ^^^^^^^^^^^^^^^^^^^^^^^^^^^^^^^^^^^^
.venv/lib/python3.12/site-packages/sqlalchemy/ext/asyncio/engine.py:275: in start
    await greenlet_spawn(self.sync_engine.connect)
.venv/lib/python3.12/site-packages/sqlalchemy/util/_concurrency_py3k.py:201: in greenlet_spawn
    result = context.throw(*sys.exc_info())
             ^^^^^^^^^^^^^^^^^^^^^^^^^^^^^^
.venv/lib/python3.12/site-packages/sqlalchemy/engine/base.py:3277: in connect
    return self._connection_cls(self)
           ^^^^^^^^^^^^^^^^^^^^^^^^^^
.venv/lib/python3.12/site-packages/sqlalchemy/engine/base.py:143: in __init__
    self._dbapi_connection = engine.raw_connection()
                             ^^^^^^^^^^^^^^^^^^^^^^^
.venv/lib/python3.12/site-packages/sqlalchemy/engine/base.py:3301: in raw_connection
    return self.pool.connect()
           ^^^^^^^^^^^^^^^^^^^
.venv/lib/python3.12/site-packages/sqlalchemy/pool/base.py:447: in connect
    return _ConnectionFairy._checkout(self)
           ^^^^^^^^^^^^^^^^^^^^^^^^^^^^^^^^
.venv/lib/python3.12/site-packages/sqlalchemy/pool/base.py:1264: in _checkout
    fairy = _ConnectionRecord.checkout(pool)
            ^^^^^^^^^^^^^^^^^^^^^^^^^^^^^^^^
.venv/lib/python3.12/site-packages/sqlalchemy/pool/base.py:711: in checkout
    rec = pool._do_get()
          ^^^^^^^^^^^^^^
.venv/lib/python3.12/site-packages/sqlalchemy/pool/impl.py:177: in _do_get
    with util.safe_reraise():
.venv/lib/python3.12/site-packages/sqlalchemy/util/langhelpers.py:224: in __exit__
    raise exc_value.with_traceback(exc_tb)
.venv/lib/python3.12/site-packages/sqlalchemy/pool/impl.py:175: in _do_get
    return self._create_connection()
           ^^^^^^^^^^^^^^^^^^^^^^^^^
.venv/lib/python3.12/site-packages/sqlalchemy/pool/base.py:388: in _create_connection
    return _ConnectionRecord(self)
           ^^^^^^^^^^^^^^^^^^^^^^^
.venv/lib/python3.12/site-packages/sqlalchemy/pool/base.py:673: in __init__
    self.__connect()
.venv/lib/python3.12/site-packages/sqlalchemy/pool/base.py:899: in __connect
    with util.safe_reraise():
.venv/lib/python3.12/site-packages/sqlalchemy/util/langhelpers.py:224: in __exit__
    raise exc_value.with_traceback(exc_tb)
.venv/lib/python3.12/site-packages/sqlalchemy/pool/base.py:895: in __connect
    self.dbapi_connection = connection = pool._invoke_creator(self)
                                         ^^^^^^^^^^^^^^^^^^^^^^^^^^
.venv/lib/python3.12/site-packages/sqlalchemy/engine/create.py:661: in connect
    return dialect.connect(*cargs, **cparams)
           ^^^^^^^^^^^^^^^^^^^^^^^^^^^^^^^^^^
.venv/lib/python3.12/site-packages/sqlalchemy/engine/default.py:629: in connect
    return self.loaded_dbapi.connect(*cargs, **cparams)  # type: ignore[no-any-return]  # NOQA: E501
           ^^^^^^^^^^^^^^^^^^^^^^^^^^^^^^^^^^^^^^^^^^^^
.venv/lib/python3.12/site-packages/sqlalchemy/dialects/postgresql/asyncpg.py:955: in connect
    await_only(creator_fn(*arg, **kw)),
    ^^^^^^^^^^^^^^^^^^^^^^^^^^^^^^^^^^
.venv/lib/python3.12/site-packages/sqlalchemy/util/_concurrency_py3k.py:132: in await_only
    return current.parent.switch(awaitable)  # type: ignore[no-any-return,attr-defined] # noqa: E501
           ^^^^^^^^^^^^^^^^^^^^^^^^^^^^^^^^
.venv/lib/python3.12/site-packages/sqlalchemy/util/_concurrency_py3k.py:196: in greenlet_spawn
    value = await result
            ^^^^^^^^^^^^
.venv/lib/python3.12/site-packages/asyncpg/connection.py:2421: in connect
    return await connect_utils._connect(
.venv/lib/python3.12/site-packages/asyncpg/connect_utils.py:1049: in _connect
    conn = await _connect_addr(
.venv/lib/python3.12/site-packages/asyncpg/connect_utils.py:886: in _connect_addr
    return await __connect_addr(params, True, *args)
           ^^^^^^^^^^^^^^^^^^^^^^^^^^^^^^^^^^^^^^^^^
_ _ _ _ _ _ _ _ _ _ _ _ _ _ _ _ _ _ _ _ _ _ _ _ _ _ _ _ _ _ _ _ _ _ _ _ _ _ _ _ 

params = ConnectionParameters(user='kwok', password='***', database='naicha_test', ssl=<ssl.SSLContext object at 0x7c39287b76d0...postgres'>, server_settings=None, target_session_attrs=<SessionAttribute.any: 'any'>, krbsrvname=None, gsslib='gssapi')
retry = True, addr = ('172.21.48.1', 5432)
loop = <_UnixSelectorEventLoop running=False closed=False debug=False>
config = ConnectionConfiguration(command_timeout=None, statement_cache_size=100, max_cached_statement_lifetime=300, max_cacheable_statement_size=15360)
connection_class = <class 'asyncpg.connection.Connection'>
record_class = <class 'asyncpg.Record'>
params_input = ConnectionParameters(user='kwok', password='***', database='naicha_test', ssl=<ssl.SSLContext object at 0x7c39287b76d0...postgres'>, server_settings=None, target_session_attrs=<SessionAttribute.any: 'any'>, krbsrvname=None, gsslib='gssapi')

    async def __connect_addr(
        params,
        retry,
        addr,
        loop,
        config,
        connection_class,
        record_class,
        params_input,
    ):
        connected = _create_future(loop)
    
        proto_factory = lambda: protocol.Protocol(
            addr, connected, params, record_class, loop)
    
        if isinstance(addr, str):
            # UNIX socket
            connector = loop.create_unix_connection(proto_factory, addr)
    
        elif params.ssl and params.ssl_negotiation is SSLNegotiation.direct:
            # if ssl and ssl_negotiation is `direct`, skip STARTTLS and perform
            # direct SSL connection
            connector = loop.create_connection(
                proto_factory, *addr, ssl=params.ssl
            )
    
        elif params.ssl:
            connector = _create_ssl_connection(
                proto_factory, *addr, loop=loop, ssl_context=params.ssl,
                ssl_is_advisory=params.sslmode == SSLMode.prefer)
        else:
            connector = loop.create_connection(proto_factory, *addr)
    
        tr, pr = await connector
    
        try:
>           await connected
E           asyncpg.exceptions.ConnectionDoesNotExistError: connection was closed in the middle of operation

.venv/lib/python3.12/site-packages/asyncpg/connect_utils.py:934: ConnectionDoesNotExistError
_______ ERROR at setup of test_order_status_and_total_price_constraints ________

self = <_SelectorSocketTransport closed fd=17>

    def _read_ready__data_received(self):
        if self._conn_lost:
            return
        try:
>           data = self._sock.recv(self.max_size)
                   ^^^^^^^^^^^^^^^^^^^^^^^^^^^^^^
E           ConnectionResetError: [Errno 104] Connection reset by peer

/usr/lib/python3.12/asyncio/selector_events.py:1013: ConnectionResetError

The above exception was the direct cause of the following exception:

self = <Coroutine test_order_status_and_total_price_constraints>

    def setup(self) -> None:
        runner_fixture_id = f"_{self._loop_scope}_scoped_runner"
        if runner_fixture_id not in self.fixturenames:
            self.fixturenames.append(runner_fixture_id)
>       return super().setup()
               ^^^^^^^^^^^^^^^

.venv/lib/python3.12/site-packages/pytest_asyncio/plugin.py:463: 
_ _ _ _ _ _ _ _ _ _ _ _ _ _ _ _ _ _ _ _ _ _ _ _ _ _ _ _ _ _ _ _ _ _ _ _ _ _ _ _ 
.venv/lib/python3.12/site-packages/pytest_asyncio/plugin.py:748: in pytest_fixture_setup
    hook_result = yield
                  ^^^^^
.venv/lib/python3.12/site-packages/pytest_asyncio/plugin.py:318: in _asyncgen_fixture_wrapper
    result = runner.run(setup(), context=context)
             ^^^^^^^^^^^^^^^^^^^^^^^^^^^^^^^^^^^^
/usr/lib/python3.12/asyncio/runners.py:118: in run
    return self._loop.run_until_complete(task)
           ^^^^^^^^^^^^^^^^^^^^^^^^^^^^^^^^^^^
/usr/lib/python3.12/asyncio/base_events.py:687: in run_until_complete
    return future.result()
           ^^^^^^^^^^^^^^^
.venv/lib/python3.12/site-packages/pytest_asyncio/plugin.py:314: in setup
    res = await gen_obj.__anext__()
          ^^^^^^^^^^^^^^^^^^^^^^^^^
tests/conftest.py:71: in model_test_engine
    async with engine.begin() as conn:
/usr/lib/python3.12/contextlib.py:210: in __aenter__
    return await anext(self.gen)
           ^^^^^^^^^^^^^^^^^^^^^
.venv/lib/python3.12/site-packages/sqlalchemy/ext/asyncio/engine.py:1068: in begin
    async with conn:
.venv/lib/python3.12/site-packages/sqlalchemy/ext/asyncio/base.py:121: in __aenter__
    return await self.start(is_ctxmanager=True)
           ^^^^^^^^^^^^^^^^^^^^^^^^^^^^^^^^^^^^
.venv/lib/python3.12/site-packages/sqlalchemy/ext/asyncio/engine.py:275: in start
    await greenlet_spawn(self.sync_engine.connect)
.venv/lib/python3.12/site-packages/sqlalchemy/util/_concurrency_py3k.py:201: in greenlet_spawn
    result = context.throw(*sys.exc_info())
             ^^^^^^^^^^^^^^^^^^^^^^^^^^^^^^
.venv/lib/python3.12/site-packages/sqlalchemy/engine/base.py:3277: in connect
    return self._connection_cls(self)
           ^^^^^^^^^^^^^^^^^^^^^^^^^^
.venv/lib/python3.12/site-packages/sqlalchemy/engine/base.py:143: in __init__
    self._dbapi_connection = engine.raw_connection()
                             ^^^^^^^^^^^^^^^^^^^^^^^
.venv/lib/python3.12/site-packages/sqlalchemy/engine/base.py:3301: in raw_connection
    return self.pool.connect()
           ^^^^^^^^^^^^^^^^^^^
.venv/lib/python3.12/site-packages/sqlalchemy/pool/base.py:447: in connect
    return _ConnectionFairy._checkout(self)
           ^^^^^^^^^^^^^^^^^^^^^^^^^^^^^^^^
.venv/lib/python3.12/site-packages/sqlalchemy/pool/base.py:1264: in _checkout
    fairy = _ConnectionRecord.checkout(pool)
            ^^^^^^^^^^^^^^^^^^^^^^^^^^^^^^^^
.venv/lib/python3.12/site-packages/sqlalchemy/pool/base.py:711: in checkout
    rec = pool._do_get()
          ^^^^^^^^^^^^^^
.venv/lib/python3.12/site-packages/sqlalchemy/pool/impl.py:177: in _do_get
    with util.safe_reraise():
.venv/lib/python3.12/site-packages/sqlalchemy/util/langhelpers.py:224: in __exit__
    raise exc_value.with_traceback(exc_tb)
.venv/lib/python3.12/site-packages/sqlalchemy/pool/impl.py:175: in _do_get
    return self._create_connection()
           ^^^^^^^^^^^^^^^^^^^^^^^^^
.venv/lib/python3.12/site-packages/sqlalchemy/pool/base.py:388: in _create_connection
    return _ConnectionRecord(self)
           ^^^^^^^^^^^^^^^^^^^^^^^
.venv/lib/python3.12/site-packages/sqlalchemy/pool/base.py:673: in __init__
    self.__connect()
.venv/lib/python3.12/site-packages/sqlalchemy/pool/base.py:899: in __connect
    with util.safe_reraise():
.venv/lib/python3.12/site-packages/sqlalchemy/util/langhelpers.py:224: in __exit__
    raise exc_value.with_traceback(exc_tb)
.venv/lib/python3.12/site-packages/sqlalchemy/pool/base.py:895: in __connect
    self.dbapi_connection = connection = pool._invoke_creator(self)
                                         ^^^^^^^^^^^^^^^^^^^^^^^^^^
.venv/lib/python3.12/site-packages/sqlalchemy/engine/create.py:661: in connect
    return dialect.connect(*cargs, **cparams)
           ^^^^^^^^^^^^^^^^^^^^^^^^^^^^^^^^^^
.venv/lib/python3.12/site-packages/sqlalchemy/engine/default.py:629: in connect
    return self.loaded_dbapi.connect(*cargs, **cparams)  # type: ignore[no-any-return]  # NOQA: E501
           ^^^^^^^^^^^^^^^^^^^^^^^^^^^^^^^^^^^^^^^^^^^^
.venv/lib/python3.12/site-packages/sqlalchemy/dialects/postgresql/asyncpg.py:955: in connect
    await_only(creator_fn(*arg, **kw)),
    ^^^^^^^^^^^^^^^^^^^^^^^^^^^^^^^^^^
.venv/lib/python3.12/site-packages/sqlalchemy/util/_concurrency_py3k.py:132: in await_only
    return current.parent.switch(awaitable)  # type: ignore[no-any-return,attr-defined] # noqa: E501
           ^^^^^^^^^^^^^^^^^^^^^^^^^^^^^^^^
.venv/lib/python3.12/site-packages/sqlalchemy/util/_concurrency_py3k.py:196: in greenlet_spawn
    value = await result
            ^^^^^^^^^^^^
.venv/lib/python3.12/site-packages/asyncpg/connection.py:2421: in connect
    return await connect_utils._connect(
.venv/lib/python3.12/site-packages/asyncpg/connect_utils.py:1049: in _connect
    conn = await _connect_addr(
.venv/lib/python3.12/site-packages/asyncpg/connect_utils.py:886: in _connect_addr
    return await __connect_addr(params, True, *args)
           ^^^^^^^^^^^^^^^^^^^^^^^^^^^^^^^^^^^^^^^^^
_ _ _ _ _ _ _ _ _ _ _ _ _ _ _ _ _ _ _ _ _ _ _ _ _ _ _ _ _ _ _ _ _ _ _ _ _ _ _ _ 

params = ConnectionParameters(user='kwok', password='***', database='naicha_test', ssl=<ssl.SSLContext object at 0x7c3920072650...postgres'>, server_settings=None, target_session_attrs=<SessionAttribute.any: 'any'>, krbsrvname=None, gsslib='gssapi')
retry = True, addr = ('172.21.48.1', 5432)
loop = <_UnixSelectorEventLoop running=False closed=False debug=False>
config = ConnectionConfiguration(command_timeout=None, statement_cache_size=100, max_cached_statement_lifetime=300, max_cacheable_statement_size=15360)
connection_class = <class 'asyncpg.connection.Connection'>
record_class = <class 'asyncpg.Record'>
params_input = ConnectionParameters(user='kwok', password='***', database='naicha_test', ssl=<ssl.SSLContext object at 0x7c3920072650...postgres'>, server_settings=None, target_session_attrs=<SessionAttribute.any: 'any'>, krbsrvname=None, gsslib='gssapi')

    async def __connect_addr(
        params,
        retry,
        addr,
        loop,
        config,
        connection_class,
        record_class,
        params_input,
    ):
        connected = _create_future(loop)
    
        proto_factory = lambda: protocol.Protocol(
            addr, connected, params, record_class, loop)
    
        if isinstance(addr, str):
            # UNIX socket
            connector = loop.create_unix_connection(proto_factory, addr)
    
        elif params.ssl and params.ssl_negotiation is SSLNegotiation.direct:
            # if ssl and ssl_negotiation is `direct`, skip STARTTLS and perform
            # direct SSL connection
            connector = loop.create_connection(
                proto_factory, *addr, ssl=params.ssl
            )
    
        elif params.ssl:
            connector = _create_ssl_connection(
                proto_factory, *addr, loop=loop, ssl_context=params.ssl,
                ssl_is_advisory=params.sslmode == SSLMode.prefer)
        else:
            connector = loop.create_connection(proto_factory, *addr)
    
        tr, pr = await connector
    
        try:
>           await connected
E           asyncpg.exceptions.ConnectionDoesNotExistError: connection was closed in the middle of operation

.venv/lib/python3.12/site-packages/asyncpg/connect_utils.py:934: ConnectionDoesNotExistError
________ ERROR at setup of test_payment_record_defaults_and_constraints ________

self = <_SelectorSocketTransport closed fd=17>

    def _read_ready__data_received(self):
        if self._conn_lost:
            return
        try:
>           data = self._sock.recv(self.max_size)
                   ^^^^^^^^^^^^^^^^^^^^^^^^^^^^^^
E           ConnectionResetError: [Errno 104] Connection reset by peer

/usr/lib/python3.12/asyncio/selector_events.py:1013: ConnectionResetError

The above exception was the direct cause of the following exception:

self = <Coroutine test_payment_record_defaults_and_constraints>

    def setup(self) -> None:
        runner_fixture_id = f"_{self._loop_scope}_scoped_runner"
        if runner_fixture_id not in self.fixturenames:
            self.fixturenames.append(runner_fixture_id)
>       return super().setup()
               ^^^^^^^^^^^^^^^

.venv/lib/python3.12/site-packages/pytest_asyncio/plugin.py:463: 
_ _ _ _ _ _ _ _ _ _ _ _ _ _ _ _ _ _ _ _ _ _ _ _ _ _ _ _ _ _ _ _ _ _ _ _ _ _ _ _ 
.venv/lib/python3.12/site-packages/pytest_asyncio/plugin.py:748: in pytest_fixture_setup
    hook_result = yield
                  ^^^^^
.venv/lib/python3.12/site-packages/pytest_asyncio/plugin.py:318: in _asyncgen_fixture_wrapper
    result = runner.run(setup(), context=context)
             ^^^^^^^^^^^^^^^^^^^^^^^^^^^^^^^^^^^^
/usr/lib/python3.12/asyncio/runners.py:118: in run
    return self._loop.run_until_complete(task)
           ^^^^^^^^^^^^^^^^^^^^^^^^^^^^^^^^^^^
/usr/lib/python3.12/asyncio/base_events.py:687: in run_until_complete
    return future.result()
           ^^^^^^^^^^^^^^^
.venv/lib/python3.12/site-packages/pytest_asyncio/plugin.py:314: in setup
    res = await gen_obj.__anext__()
          ^^^^^^^^^^^^^^^^^^^^^^^^^
tests/conftest.py:71: in model_test_engine
    async with engine.begin() as conn:
/usr/lib/python3.12/contextlib.py:210: in __aenter__
    return await anext(self.gen)
           ^^^^^^^^^^^^^^^^^^^^^
.venv/lib/python3.12/site-packages/sqlalchemy/ext/asyncio/engine.py:1068: in begin
    async with conn:
.venv/lib/python3.12/site-packages/sqlalchemy/ext/asyncio/base.py:121: in __aenter__
    return await self.start(is_ctxmanager=True)
           ^^^^^^^^^^^^^^^^^^^^^^^^^^^^^^^^^^^^
.venv/lib/python3.12/site-packages/sqlalchemy/ext/asyncio/engine.py:275: in start
    await greenlet_spawn(self.sync_engine.connect)
.venv/lib/python3.12/site-packages/sqlalchemy/util/_concurrency_py3k.py:201: in greenlet_spawn
    result = context.throw(*sys.exc_info())
             ^^^^^^^^^^^^^^^^^^^^^^^^^^^^^^
.venv/lib/python3.12/site-packages/sqlalchemy/engine/base.py:3277: in connect
    return self._connection_cls(self)
           ^^^^^^^^^^^^^^^^^^^^^^^^^^
.venv/lib/python3.12/site-packages/sqlalchemy/engine/base.py:143: in __init__
    self._dbapi_connection = engine.raw_connection()
                             ^^^^^^^^^^^^^^^^^^^^^^^
.venv/lib/python3.12/site-packages/sqlalchemy/engine/base.py:3301: in raw_connection
    return self.pool.connect()
           ^^^^^^^^^^^^^^^^^^^
.venv/lib/python3.12/site-packages/sqlalchemy/pool/base.py:447: in connect
    return _ConnectionFairy._checkout(self)
           ^^^^^^^^^^^^^^^^^^^^^^^^^^^^^^^^
.venv/lib/python3.12/site-packages/sqlalchemy/pool/base.py:1264: in _checkout
    fairy = _ConnectionRecord.checkout(pool)
            ^^^^^^^^^^^^^^^^^^^^^^^^^^^^^^^^
.venv/lib/python3.12/site-packages/sqlalchemy/pool/base.py:711: in checkout
    rec = pool._do_get()
          ^^^^^^^^^^^^^^
.venv/lib/python3.12/site-packages/sqlalchemy/pool/impl.py:177: in _do_get
    with util.safe_reraise():
.venv/lib/python3.12/site-packages/sqlalchemy/util/langhelpers.py:224: in __exit__
    raise exc_value.with_traceback(exc_tb)
.venv/lib/python3.12/site-packages/sqlalchemy/pool/impl.py:175: in _do_get
    return self._create_connection()
           ^^^^^^^^^^^^^^^^^^^^^^^^^
.venv/lib/python3.12/site-packages/sqlalchemy/pool/base.py:388: in _create_connection
    return _ConnectionRecord(self)
           ^^^^^^^^^^^^^^^^^^^^^^^
.venv/lib/python3.12/site-packages/sqlalchemy/pool/base.py:673: in __init__
    self.__connect()
.venv/lib/python3.12/site-packages/sqlalchemy/pool/base.py:899: in __connect
    with util.safe_reraise():
.venv/lib/python3.12/site-packages/sqlalchemy/util/langhelpers.py:224: in __exit__
    raise exc_value.with_traceback(exc_tb)
.venv/lib/python3.12/site-packages/sqlalchemy/pool/base.py:895: in __connect
    self.dbapi_connection = connection = pool._invoke_creator(self)
                                         ^^^^^^^^^^^^^^^^^^^^^^^^^^
.venv/lib/python3.12/site-packages/sqlalchemy/engine/create.py:661: in connect
    return dialect.connect(*cargs, **cparams)
           ^^^^^^^^^^^^^^^^^^^^^^^^^^^^^^^^^^
.venv/lib/python3.12/site-packages/sqlalchemy/engine/default.py:629: in connect
    return self.loaded_dbapi.connect(*cargs, **cparams)  # type: ignore[no-any-return]  # NOQA: E501
           ^^^^^^^^^^^^^^^^^^^^^^^^^^^^^^^^^^^^^^^^^^^^
.venv/lib/python3.12/site-packages/sqlalchemy/dialects/postgresql/asyncpg.py:955: in connect
    await_only(creator_fn(*arg, **kw)),
    ^^^^^^^^^^^^^^^^^^^^^^^^^^^^^^^^^^
.venv/lib/python3.12/site-packages/sqlalchemy/util/_concurrency_py3k.py:132: in await_only
    return current.parent.switch(awaitable)  # type: ignore[no-any-return,attr-defined] # noqa: E501
           ^^^^^^^^^^^^^^^^^^^^^^^^^^^^^^^^
.venv/lib/python3.12/site-packages/sqlalchemy/util/_concurrency_py3k.py:196: in greenlet_spawn
    value = await result
            ^^^^^^^^^^^^
.venv/lib/python3.12/site-packages/asyncpg/connection.py:2421: in connect
    return await connect_utils._connect(
.venv/lib/python3.12/site-packages/asyncpg/connect_utils.py:1049: in _connect
    conn = await _connect_addr(
.venv/lib/python3.12/site-packages/asyncpg/connect_utils.py:886: in _connect_addr
    return await __connect_addr(params, True, *args)
           ^^^^^^^^^^^^^^^^^^^^^^^^^^^^^^^^^^^^^^^^^
_ _ _ _ _ _ _ _ _ _ _ _ _ _ _ _ _ _ _ _ _ _ _ _ _ _ _ _ _ _ _ _ _ _ _ _ _ _ _ _ 

params = ConnectionParameters(user='kwok', password='***', database='naicha_test', ssl=<ssl.SSLContext object at 0x7c391f0bce50...postgres'>, server_settings=None, target_session_attrs=<SessionAttribute.any: 'any'>, krbsrvname=None, gsslib='gssapi')
retry = True, addr = ('172.21.48.1', 5432)
loop = <_UnixSelectorEventLoop running=False closed=False debug=False>
config = ConnectionConfiguration(command_timeout=None, statement_cache_size=100, max_cached_statement_lifetime=300, max_cacheable_statement_size=15360)
connection_class = <class 'asyncpg.connection.Connection'>
record_class = <class 'asyncpg.Record'>
params_input = ConnectionParameters(user='kwok', password='***', database='naicha_test', ssl=<ssl.SSLContext object at 0x7c391f0bce50...postgres'>, server_settings=None, target_session_attrs=<SessionAttribute.any: 'any'>, krbsrvname=None, gsslib='gssapi')

    async def __connect_addr(
        params,
        retry,
        addr,
        loop,
        config,
        connection_class,
        record_class,
        params_input,
    ):
        connected = _create_future(loop)
    
        proto_factory = lambda: protocol.Protocol(
            addr, connected, params, record_class, loop)
    
        if isinstance(addr, str):
            # UNIX socket
            connector = loop.create_unix_connection(proto_factory, addr)
    
        elif params.ssl and params.ssl_negotiation is SSLNegotiation.direct:
            # if ssl and ssl_negotiation is `direct`, skip STARTTLS and perform
            # direct SSL connection
            connector = loop.create_connection(
                proto_factory, *addr, ssl=params.ssl
            )
    
        elif params.ssl:
            connector = _create_ssl_connection(
                proto_factory, *addr, loop=loop, ssl_context=params.ssl,
                ssl_is_advisory=params.sslmode == SSLMode.prefer)
        else:
            connector = loop.create_connection(proto_factory, *addr)
    
        tr, pr = await connector
    
        try:
>           await connected
E           asyncpg.exceptions.ConnectionDoesNotExistError: connection was closed in the middle of operation

.venv/lib/python3.12/site-packages/asyncpg/connect_utils.py:934: ConnectionDoesNotExistError
__________________ ERROR at setup of test_print_job_defaults ___________________

self = <_SelectorSocketTransport closed fd=17>

    def _read_ready__data_received(self):
        if self._conn_lost:
            return
        try:
>           data = self._sock.recv(self.max_size)
                   ^^^^^^^^^^^^^^^^^^^^^^^^^^^^^^
E           ConnectionResetError: [Errno 104] Connection reset by peer

/usr/lib/python3.12/asyncio/selector_events.py:1013: ConnectionResetError

The above exception was the direct cause of the following exception:

self = <Coroutine test_print_job_defaults>

    def setup(self) -> None:
        runner_fixture_id = f"_{self._loop_scope}_scoped_runner"
        if runner_fixture_id not in self.fixturenames:
            self.fixturenames.append(runner_fixture_id)
>       return super().setup()
               ^^^^^^^^^^^^^^^

.venv/lib/python3.12/site-packages/pytest_asyncio/plugin.py:463: 
_ _ _ _ _ _ _ _ _ _ _ _ _ _ _ _ _ _ _ _ _ _ _ _ _ _ _ _ _ _ _ _ _ _ _ _ _ _ _ _ 
.venv/lib/python3.12/site-packages/pytest_asyncio/plugin.py:748: in pytest_fixture_setup
    hook_result = yield
                  ^^^^^
.venv/lib/python3.12/site-packages/pytest_asyncio/plugin.py:318: in _asyncgen_fixture_wrapper
    result = runner.run(setup(), context=context)
             ^^^^^^^^^^^^^^^^^^^^^^^^^^^^^^^^^^^^
/usr/lib/python3.12/asyncio/runners.py:118: in run
    return self._loop.run_until_complete(task)
           ^^^^^^^^^^^^^^^^^^^^^^^^^^^^^^^^^^^
/usr/lib/python3.12/asyncio/base_events.py:687: in run_until_complete
    return future.result()
           ^^^^^^^^^^^^^^^
.venv/lib/python3.12/site-packages/pytest_asyncio/plugin.py:314: in setup
    res = await gen_obj.__anext__()
          ^^^^^^^^^^^^^^^^^^^^^^^^^
tests/conftest.py:71: in model_test_engine
    async with engine.begin() as conn:
/usr/lib/python3.12/contextlib.py:210: in __aenter__
    return await anext(self.gen)
           ^^^^^^^^^^^^^^^^^^^^^
.venv/lib/python3.12/site-packages/sqlalchemy/ext/asyncio/engine.py:1068: in begin
    async with conn:
.venv/lib/python3.12/site-packages/sqlalchemy/ext/asyncio/base.py:121: in __aenter__
    return await self.start(is_ctxmanager=True)
           ^^^^^^^^^^^^^^^^^^^^^^^^^^^^^^^^^^^^
.venv/lib/python3.12/site-packages/sqlalchemy/ext/asyncio/engine.py:275: in start
    await greenlet_spawn(self.sync_engine.connect)
.venv/lib/python3.12/site-packages/sqlalchemy/util/_concurrency_py3k.py:201: in greenlet_spawn
    result = context.throw(*sys.exc_info())
             ^^^^^^^^^^^^^^^^^^^^^^^^^^^^^^
.venv/lib/python3.12/site-packages/sqlalchemy/engine/base.py:3277: in connect
    return self._connection_cls(self)
           ^^^^^^^^^^^^^^^^^^^^^^^^^^
.venv/lib/python3.12/site-packages/sqlalchemy/engine/base.py:143: in __init__
    self._dbapi_connection = engine.raw_connection()
                             ^^^^^^^^^^^^^^^^^^^^^^^
.venv/lib/python3.12/site-packages/sqlalchemy/engine/base.py:3301: in raw_connection
    return self.pool.connect()
           ^^^^^^^^^^^^^^^^^^^
.venv/lib/python3.12/site-packages/sqlalchemy/pool/base.py:447: in connect
    return _ConnectionFairy._checkout(self)
           ^^^^^^^^^^^^^^^^^^^^^^^^^^^^^^^^
.venv/lib/python3.12/site-packages/sqlalchemy/pool/base.py:1264: in _checkout
    fairy = _ConnectionRecord.checkout(pool)
            ^^^^^^^^^^^^^^^^^^^^^^^^^^^^^^^^
.venv/lib/python3.12/site-packages/sqlalchemy/pool/base.py:711: in checkout
    rec = pool._do_get()
          ^^^^^^^^^^^^^^
.venv/lib/python3.12/site-packages/sqlalchemy/pool/impl.py:177: in _do_get
    with util.safe_reraise():
.venv/lib/python3.12/site-packages/sqlalchemy/util/langhelpers.py:224: in __exit__
    raise exc_value.with_traceback(exc_tb)
.venv/lib/python3.12/site-packages/sqlalchemy/pool/impl.py:175: in _do_get
    return self._create_connection()
           ^^^^^^^^^^^^^^^^^^^^^^^^^
.venv/lib/python3.12/site-packages/sqlalchemy/pool/base.py:388: in _create_connection
    return _ConnectionRecord(self)
           ^^^^^^^^^^^^^^^^^^^^^^^
.venv/lib/python3.12/site-packages/sqlalchemy/pool/base.py:673: in __init__
    self.__connect()
.venv/lib/python3.12/site-packages/sqlalchemy/pool/base.py:899: in __connect
    with util.safe_reraise():
.venv/lib/python3.12/site-packages/sqlalchemy/util/langhelpers.py:224: in __exit__
    raise exc_value.with_traceback(exc_tb)
.venv/lib/python3.12/site-packages/sqlalchemy/pool/base.py:895: in __connect
    self.dbapi_connection = connection = pool._invoke_creator(self)
                                         ^^^^^^^^^^^^^^^^^^^^^^^^^^
.venv/lib/python3.12/site-packages/sqlalchemy/engine/create.py:661: in connect
    return dialect.connect(*cargs, **cparams)
           ^^^^^^^^^^^^^^^^^^^^^^^^^^^^^^^^^^
.venv/lib/python3.12/site-packages/sqlalchemy/engine/default.py:629: in connect
    return self.loaded_dbapi.connect(*cargs, **cparams)  # type: ignore[no-any-return]  # NOQA: E501
           ^^^^^^^^^^^^^^^^^^^^^^^^^^^^^^^^^^^^^^^^^^^^
.venv/lib/python3.12/site-packages/sqlalchemy/dialects/postgresql/asyncpg.py:955: in connect
    await_only(creator_fn(*arg, **kw)),
    ^^^^^^^^^^^^^^^^^^^^^^^^^^^^^^^^^^
.venv/lib/python3.12/site-packages/sqlalchemy/util/_concurrency_py3k.py:132: in await_only
    return current.parent.switch(awaitable)  # type: ignore[no-any-return,attr-defined] # noqa: E501
           ^^^^^^^^^^^^^^^^^^^^^^^^^^^^^^^^
.venv/lib/python3.12/site-packages/sqlalchemy/util/_concurrency_py3k.py:196: in greenlet_spawn
    value = await result
            ^^^^^^^^^^^^
.venv/lib/python3.12/site-packages/asyncpg/connection.py:2421: in connect
    return await connect_utils._connect(
.venv/lib/python3.12/site-packages/asyncpg/connect_utils.py:1049: in _connect
    conn = await _connect_addr(
.venv/lib/python3.12/site-packages/asyncpg/connect_utils.py:886: in _connect_addr
    return await __connect_addr(params, True, *args)
           ^^^^^^^^^^^^^^^^^^^^^^^^^^^^^^^^^^^^^^^^^
_ _ _ _ _ _ _ _ _ _ _ _ _ _ _ _ _ _ _ _ _ _ _ _ _ _ _ _ _ _ _ _ _ _ _ _ _ _ _ _ 

params = ConnectionParameters(user='kwok', password='***', database='naicha_test', ssl=<ssl.SSLContext object at 0x7c391fbc8d50...postgres'>, server_settings=None, target_session_attrs=<SessionAttribute.any: 'any'>, krbsrvname=None, gsslib='gssapi')
retry = True, addr = ('172.21.48.1', 5432)
loop = <_UnixSelectorEventLoop running=False closed=False debug=False>
config = ConnectionConfiguration(command_timeout=None, statement_cache_size=100, max_cached_statement_lifetime=300, max_cacheable_statement_size=15360)
connection_class = <class 'asyncpg.connection.Connection'>
record_class = <class 'asyncpg.Record'>
params_input = ConnectionParameters(user='kwok', password='***', database='naicha_test', ssl=<ssl.SSLContext object at 0x7c391fbc8d50...postgres'>, server_settings=None, target_session_attrs=<SessionAttribute.any: 'any'>, krbsrvname=None, gsslib='gssapi')

    async def __connect_addr(
        params,
        retry,
        addr,
        loop,
        config,
        connection_class,
        record_class,
        params_input,
    ):
        connected = _create_future(loop)
    
        proto_factory = lambda: protocol.Protocol(
            addr, connected, params, record_class, loop)
    
        if isinstance(addr, str):
            # UNIX socket
            connector = loop.create_unix_connection(proto_factory, addr)
    
        elif params.ssl and params.ssl_negotiation is SSLNegotiation.direct:
            # if ssl and ssl_negotiation is `direct`, skip STARTTLS and perform
            # direct SSL connection
            connector = loop.create_connection(
                proto_factory, *addr, ssl=params.ssl
            )
    
        elif params.ssl:
            connector = _create_ssl_connection(
                proto_factory, *addr, loop=loop, ssl_context=params.ssl,
                ssl_is_advisory=params.sslmode == SSLMode.prefer)
        else:
            connector = loop.create_connection(proto_factory, *addr)
    
        tr, pr = await connector
    
        try:
>           await connected
E           asyncpg.exceptions.ConnectionDoesNotExistError: connection was closed in the middle of operation

.venv/lib/python3.12/site-packages/asyncpg/connect_utils.py:934: ConnectionDoesNotExistError
____________ ERROR at setup of test_shop_profile_singleton_defaults ____________

self = <_SelectorSocketTransport closed fd=17>

    def _read_ready__data_received(self):
        if self._conn_lost:
            return
        try:
>           data = self._sock.recv(self.max_size)
                   ^^^^^^^^^^^^^^^^^^^^^^^^^^^^^^
E           ConnectionResetError: [Errno 104] Connection reset by peer

/usr/lib/python3.12/asyncio/selector_events.py:1013: ConnectionResetError

The above exception was the direct cause of the following exception:

self = <Coroutine test_shop_profile_singleton_defaults>

    def setup(self) -> None:
        runner_fixture_id = f"_{self._loop_scope}_scoped_runner"
        if runner_fixture_id not in self.fixturenames:
            self.fixturenames.append(runner_fixture_id)
>       return super().setup()
               ^^^^^^^^^^^^^^^

.venv/lib/python3.12/site-packages/pytest_asyncio/plugin.py:463: 
_ _ _ _ _ _ _ _ _ _ _ _ _ _ _ _ _ _ _ _ _ _ _ _ _ _ _ _ _ _ _ _ _ _ _ _ _ _ _ _ 
.venv/lib/python3.12/site-packages/pytest_asyncio/plugin.py:748: in pytest_fixture_setup
    hook_result = yield
                  ^^^^^
.venv/lib/python3.12/site-packages/pytest_asyncio/plugin.py:318: in _asyncgen_fixture_wrapper
    result = runner.run(setup(), context=context)
             ^^^^^^^^^^^^^^^^^^^^^^^^^^^^^^^^^^^^
/usr/lib/python3.12/asyncio/runners.py:118: in run
    return self._loop.run_until_complete(task)
           ^^^^^^^^^^^^^^^^^^^^^^^^^^^^^^^^^^^
/usr/lib/python3.12/asyncio/base_events.py:687: in run_until_complete
    return future.result()
           ^^^^^^^^^^^^^^^
.venv/lib/python3.12/site-packages/pytest_asyncio/plugin.py:314: in setup
    res = await gen_obj.__anext__()
          ^^^^^^^^^^^^^^^^^^^^^^^^^
tests/conftest.py:71: in model_test_engine
    async with engine.begin() as conn:
/usr/lib/python3.12/contextlib.py:210: in __aenter__
    return await anext(self.gen)
           ^^^^^^^^^^^^^^^^^^^^^
.venv/lib/python3.12/site-packages/sqlalchemy/ext/asyncio/engine.py:1068: in begin
    async with conn:
.venv/lib/python3.12/site-packages/sqlalchemy/ext/asyncio/base.py:121: in __aenter__
    return await self.start(is_ctxmanager=True)
           ^^^^^^^^^^^^^^^^^^^^^^^^^^^^^^^^^^^^
.venv/lib/python3.12/site-packages/sqlalchemy/ext/asyncio/engine.py:275: in start
    await greenlet_spawn(self.sync_engine.connect)
.venv/lib/python3.12/site-packages/sqlalchemy/util/_concurrency_py3k.py:201: in greenlet_spawn
    result = context.throw(*sys.exc_info())
             ^^^^^^^^^^^^^^^^^^^^^^^^^^^^^^
.venv/lib/python3.12/site-packages/sqlalchemy/engine/base.py:3277: in connect
    return self._connection_cls(self)
           ^^^^^^^^^^^^^^^^^^^^^^^^^^
.venv/lib/python3.12/site-packages/sqlalchemy/engine/base.py:143: in __init__
    self._dbapi_connection = engine.raw_connection()
                             ^^^^^^^^^^^^^^^^^^^^^^^
.venv/lib/python3.12/site-packages/sqlalchemy/engine/base.py:3301: in raw_connection
    return self.pool.connect()
           ^^^^^^^^^^^^^^^^^^^
.venv/lib/python3.12/site-packages/sqlalchemy/pool/base.py:447: in connect
    return _ConnectionFairy._checkout(self)
           ^^^^^^^^^^^^^^^^^^^^^^^^^^^^^^^^
.venv/lib/python3.12/site-packages/sqlalchemy/pool/base.py:1264: in _checkout
    fairy = _ConnectionRecord.checkout(pool)
            ^^^^^^^^^^^^^^^^^^^^^^^^^^^^^^^^
.venv/lib/python3.12/site-packages/sqlalchemy/pool/base.py:711: in checkout
    rec = pool._do_get()
          ^^^^^^^^^^^^^^
.venv/lib/python3.12/site-packages/sqlalchemy/pool/impl.py:177: in _do_get
    with util.safe_reraise():
.venv/lib/python3.12/site-packages/sqlalchemy/util/langhelpers.py:224: in __exit__
    raise exc_value.with_traceback(exc_tb)
.venv/lib/python3.12/site-packages/sqlalchemy/pool/impl.py:175: in _do_get
    return self._create_connection()
           ^^^^^^^^^^^^^^^^^^^^^^^^^
.venv/lib/python3.12/site-packages/sqlalchemy/pool/base.py:388: in _create_connection
    return _ConnectionRecord(self)
           ^^^^^^^^^^^^^^^^^^^^^^^
.venv/lib/python3.12/site-packages/sqlalchemy/pool/base.py:673: in __init__
    self.__connect()
.venv/lib/python3.12/site-packages/sqlalchemy/pool/base.py:899: in __connect
    with util.safe_reraise():
.venv/lib/python3.12/site-packages/sqlalchemy/util/langhelpers.py:224: in __exit__
    raise exc_value.with_traceback(exc_tb)
.venv/lib/python3.12/site-packages/sqlalchemy/pool/base.py:895: in __connect
    self.dbapi_connection = connection = pool._invoke_creator(self)
                                         ^^^^^^^^^^^^^^^^^^^^^^^^^^
.venv/lib/python3.12/site-packages/sqlalchemy/engine/create.py:661: in connect
    return dialect.connect(*cargs, **cparams)
           ^^^^^^^^^^^^^^^^^^^^^^^^^^^^^^^^^^
.venv/lib/python3.12/site-packages/sqlalchemy/engine/default.py:629: in connect
    return self.loaded_dbapi.connect(*cargs, **cparams)  # type: ignore[no-any-return]  # NOQA: E501
           ^^^^^^^^^^^^^^^^^^^^^^^^^^^^^^^^^^^^^^^^^^^^
.venv/lib/python3.12/site-packages/sqlalchemy/dialects/postgresql/asyncpg.py:955: in connect
    await_only(creator_fn(*arg, **kw)),
    ^^^^^^^^^^^^^^^^^^^^^^^^^^^^^^^^^^
.venv/lib/python3.12/site-packages/sqlalchemy/util/_concurrency_py3k.py:132: in await_only
    return current.parent.switch(awaitable)  # type: ignore[no-any-return,attr-defined] # noqa: E501
           ^^^^^^^^^^^^^^^^^^^^^^^^^^^^^^^^
.venv/lib/python3.12/site-packages/sqlalchemy/util/_concurrency_py3k.py:196: in greenlet_spawn
    value = await result
            ^^^^^^^^^^^^
.venv/lib/python3.12/site-packages/asyncpg/connection.py:2421: in connect
    return await connect_utils._connect(
.venv/lib/python3.12/site-packages/asyncpg/connect_utils.py:1049: in _connect
    conn = await _connect_addr(
.venv/lib/python3.12/site-packages/asyncpg/connect_utils.py:886: in _connect_addr
    return await __connect_addr(params, True, *args)
           ^^^^^^^^^^^^^^^^^^^^^^^^^^^^^^^^^^^^^^^^^
_ _ _ _ _ _ _ _ _ _ _ _ _ _ _ _ _ _ _ _ _ _ _ _ _ _ _ _ _ _ _ _ _ _ _ _ _ _ _ _ 

params = ConnectionParameters(user='kwok', password='***', database='naicha_test', ssl=<ssl.SSLContext object at 0x7c391efe4f50...postgres'>, server_settings=None, target_session_attrs=<SessionAttribute.any: 'any'>, krbsrvname=None, gsslib='gssapi')
retry = True, addr = ('172.21.48.1', 5432)
loop = <_UnixSelectorEventLoop running=False closed=False debug=False>
config = ConnectionConfiguration(command_timeout=None, statement_cache_size=100, max_cached_statement_lifetime=300, max_cacheable_statement_size=15360)
connection_class = <class 'asyncpg.connection.Connection'>
record_class = <class 'asyncpg.Record'>
params_input = ConnectionParameters(user='kwok', password='***', database='naicha_test', ssl=<ssl.SSLContext object at 0x7c391efe4f50...postgres'>, server_settings=None, target_session_attrs=<SessionAttribute.any: 'any'>, krbsrvname=None, gsslib='gssapi')

    async def __connect_addr(
        params,
        retry,
        addr,
        loop,
        config,
        connection_class,
        record_class,
        params_input,
    ):
        connected = _create_future(loop)
    
        proto_factory = lambda: protocol.Protocol(
            addr, connected, params, record_class, loop)
    
        if isinstance(addr, str):
            # UNIX socket
            connector = loop.create_unix_connection(proto_factory, addr)
    
        elif params.ssl and params.ssl_negotiation is SSLNegotiation.direct:
            # if ssl and ssl_negotiation is `direct`, skip STARTTLS and perform
            # direct SSL connection
            connector = loop.create_connection(
                proto_factory, *addr, ssl=params.ssl
            )
    
        elif params.ssl:
            connector = _create_ssl_connection(
                proto_factory, *addr, loop=loop, ssl_context=params.ssl,
                ssl_is_advisory=params.sslmode == SSLMode.prefer)
        else:
            connector = loop.create_connection(proto_factory, *addr)
    
        tr, pr = await connector
    
        try:
>           await connected
E           asyncpg.exceptions.ConnectionDoesNotExistError: connection was closed in the middle of operation

.venv/lib/python3.12/site-packages/asyncpg/connect_utils.py:934: ConnectionDoesNotExistError
_____________ ERROR at setup of test_shop_setting_upsert_behavior ______________

self = <_SelectorSocketTransport closed fd=17>

    def _read_ready__data_received(self):
        if self._conn_lost:
            return
        try:
>           data = self._sock.recv(self.max_size)
                   ^^^^^^^^^^^^^^^^^^^^^^^^^^^^^^
E           ConnectionResetError: [Errno 104] Connection reset by peer

/usr/lib/python3.12/asyncio/selector_events.py:1013: ConnectionResetError

The above exception was the direct cause of the following exception:

self = <Coroutine test_shop_setting_upsert_behavior>

    def setup(self) -> None:
        runner_fixture_id = f"_{self._loop_scope}_scoped_runner"
        if runner_fixture_id not in self.fixturenames:
            self.fixturenames.append(runner_fixture_id)
>       return super().setup()
               ^^^^^^^^^^^^^^^

.venv/lib/python3.12/site-packages/pytest_asyncio/plugin.py:463: 
_ _ _ _ _ _ _ _ _ _ _ _ _ _ _ _ _ _ _ _ _ _ _ _ _ _ _ _ _ _ _ _ _ _ _ _ _ _ _ _ 
.venv/lib/python3.12/site-packages/pytest_asyncio/plugin.py:748: in pytest_fixture_setup
    hook_result = yield
                  ^^^^^
.venv/lib/python3.12/site-packages/pytest_asyncio/plugin.py:318: in _asyncgen_fixture_wrapper
    result = runner.run(setup(), context=context)
             ^^^^^^^^^^^^^^^^^^^^^^^^^^^^^^^^^^^^
/usr/lib/python3.12/asyncio/runners.py:118: in run
    return self._loop.run_until_complete(task)
           ^^^^^^^^^^^^^^^^^^^^^^^^^^^^^^^^^^^
/usr/lib/python3.12/asyncio/base_events.py:687: in run_until_complete
    return future.result()
           ^^^^^^^^^^^^^^^
.venv/lib/python3.12/site-packages/pytest_asyncio/plugin.py:314: in setup
    res = await gen_obj.__anext__()
          ^^^^^^^^^^^^^^^^^^^^^^^^^
tests/conftest.py:71: in model_test_engine
    async with engine.begin() as conn:
/usr/lib/python3.12/contextlib.py:210: in __aenter__
    return await anext(self.gen)
           ^^^^^^^^^^^^^^^^^^^^^
.venv/lib/python3.12/site-packages/sqlalchemy/ext/asyncio/engine.py:1068: in begin
    async with conn:
.venv/lib/python3.12/site-packages/sqlalchemy/ext/asyncio/base.py:121: in __aenter__
    return await self.start(is_ctxmanager=True)
           ^^^^^^^^^^^^^^^^^^^^^^^^^^^^^^^^^^^^
.venv/lib/python3.12/site-packages/sqlalchemy/ext/asyncio/engine.py:275: in start
    await greenlet_spawn(self.sync_engine.connect)
.venv/lib/python3.12/site-packages/sqlalchemy/util/_concurrency_py3k.py:201: in greenlet_spawn
    result = context.throw(*sys.exc_info())
             ^^^^^^^^^^^^^^^^^^^^^^^^^^^^^^
.venv/lib/python3.12/site-packages/sqlalchemy/engine/base.py:3277: in connect
    return self._connection_cls(self)
           ^^^^^^^^^^^^^^^^^^^^^^^^^^
.venv/lib/python3.12/site-packages/sqlalchemy/engine/base.py:143: in __init__
    self._dbapi_connection = engine.raw_connection()
                             ^^^^^^^^^^^^^^^^^^^^^^^
.venv/lib/python3.12/site-packages/sqlalchemy/engine/base.py:3301: in raw_connection
    return self.pool.connect()
           ^^^^^^^^^^^^^^^^^^^
.venv/lib/python3.12/site-packages/sqlalchemy/pool/base.py:447: in connect
    return _ConnectionFairy._checkout(self)
           ^^^^^^^^^^^^^^^^^^^^^^^^^^^^^^^^
.venv/lib/python3.12/site-packages/sqlalchemy/pool/base.py:1264: in _checkout
    fairy = _ConnectionRecord.checkout(pool)
            ^^^^^^^^^^^^^^^^^^^^^^^^^^^^^^^^
.venv/lib/python3.12/site-packages/sqlalchemy/pool/base.py:711: in checkout
    rec = pool._do_get()
          ^^^^^^^^^^^^^^
.venv/lib/python3.12/site-packages/sqlalchemy/pool/impl.py:177: in _do_get
    with util.safe_reraise():
.venv/lib/python3.12/site-packages/sqlalchemy/util/langhelpers.py:224: in __exit__
    raise exc_value.with_traceback(exc_tb)
.venv/lib/python3.12/site-packages/sqlalchemy/pool/impl.py:175: in _do_get
    return self._create_connection()
           ^^^^^^^^^^^^^^^^^^^^^^^^^
.venv/lib/python3.12/site-packages/sqlalchemy/pool/base.py:388: in _create_connection
    return _ConnectionRecord(self)
           ^^^^^^^^^^^^^^^^^^^^^^^
.venv/lib/python3.12/site-packages/sqlalchemy/pool/base.py:673: in __init__
    self.__connect()
.venv/lib/python3.12/site-packages/sqlalchemy/pool/base.py:899: in __connect
    with util.safe_reraise():
.venv/lib/python3.12/site-packages/sqlalchemy/util/langhelpers.py:224: in __exit__
    raise exc_value.with_traceback(exc_tb)
.venv/lib/python3.12/site-packages/sqlalchemy/pool/base.py:895: in __connect
    self.dbapi_connection = connection = pool._invoke_creator(self)
                                         ^^^^^^^^^^^^^^^^^^^^^^^^^^
.venv/lib/python3.12/site-packages/sqlalchemy/engine/create.py:661: in connect
    return dialect.connect(*cargs, **cparams)
           ^^^^^^^^^^^^^^^^^^^^^^^^^^^^^^^^^^
.venv/lib/python3.12/site-packages/sqlalchemy/engine/default.py:629: in connect
    return self.loaded_dbapi.connect(*cargs, **cparams)  # type: ignore[no-any-return]  # NOQA: E501
           ^^^^^^^^^^^^^^^^^^^^^^^^^^^^^^^^^^^^^^^^^^^^
.venv/lib/python3.12/site-packages/sqlalchemy/dialects/postgresql/asyncpg.py:955: in connect
    await_only(creator_fn(*arg, **kw)),
    ^^^^^^^^^^^^^^^^^^^^^^^^^^^^^^^^^^
.venv/lib/python3.12/site-packages/sqlalchemy/util/_concurrency_py3k.py:132: in await_only
    return current.parent.switch(awaitable)  # type: ignore[no-any-return,attr-defined] # noqa: E501
           ^^^^^^^^^^^^^^^^^^^^^^^^^^^^^^^^
.venv/lib/python3.12/site-packages/sqlalchemy/util/_concurrency_py3k.py:196: in greenlet_spawn
    value = await result
            ^^^^^^^^^^^^
.venv/lib/python3.12/site-packages/asyncpg/connection.py:2421: in connect
    return await connect_utils._connect(
.venv/lib/python3.12/site-packages/asyncpg/connect_utils.py:1049: in _connect
    conn = await _connect_addr(
.venv/lib/python3.12/site-packages/asyncpg/connect_utils.py:886: in _connect_addr
    return await __connect_addr(params, True, *args)
           ^^^^^^^^^^^^^^^^^^^^^^^^^^^^^^^^^^^^^^^^^
_ _ _ _ _ _ _ _ _ _ _ _ _ _ _ _ _ _ _ _ _ _ _ _ _ _ _ _ _ _ _ _ _ _ _ _ _ _ _ _ 

params = ConnectionParameters(user='kwok', password='***', database='naicha_test', ssl=<ssl.SSLContext object at 0x7c39211efe50...postgres'>, server_settings=None, target_session_attrs=<SessionAttribute.any: 'any'>, krbsrvname=None, gsslib='gssapi')
retry = True, addr = ('172.21.48.1', 5432)
loop = <_UnixSelectorEventLoop running=False closed=False debug=False>
config = ConnectionConfiguration(command_timeout=None, statement_cache_size=100, max_cached_statement_lifetime=300, max_cacheable_statement_size=15360)
connection_class = <class 'asyncpg.connection.Connection'>
record_class = <class 'asyncpg.Record'>
params_input = ConnectionParameters(user='kwok', password='***', database='naicha_test', ssl=<ssl.SSLContext object at 0x7c39211efe50...postgres'>, server_settings=None, target_session_attrs=<SessionAttribute.any: 'any'>, krbsrvname=None, gsslib='gssapi')

    async def __connect_addr(
        params,
        retry,
        addr,
        loop,
        config,
        connection_class,
        record_class,
        params_input,
    ):
        connected = _create_future(loop)
    
        proto_factory = lambda: protocol.Protocol(
            addr, connected, params, record_class, loop)
    
        if isinstance(addr, str):
            # UNIX socket
            connector = loop.create_unix_connection(proto_factory, addr)
    
        elif params.ssl and params.ssl_negotiation is SSLNegotiation.direct:
            # if ssl and ssl_negotiation is `direct`, skip STARTTLS and perform
            # direct SSL connection
            connector = loop.create_connection(
                proto_factory, *addr, ssl=params.ssl
            )
    
        elif params.ssl:
            connector = _create_ssl_connection(
                proto_factory, *addr, loop=loop, ssl_context=params.ssl,
                ssl_is_advisory=params.sslmode == SSLMode.prefer)
        else:
            connector = loop.create_connection(proto_factory, *addr)
    
        tr, pr = await connector
    
        try:
>           await connected
E           asyncpg.exceptions.ConnectionDoesNotExistError: connection was closed in the middle of operation

.venv/lib/python3.12/site-packages/asyncpg/connect_utils.py:934: ConnectionDoesNotExistError
______________ ERROR at setup of test_authenticate_admin_success _______________

self = <_SelectorSocketTransport closed fd=17>

    def _read_ready__data_received(self):
        if self._conn_lost:
            return
        try:
>           data = self._sock.recv(self.max_size)
                   ^^^^^^^^^^^^^^^^^^^^^^^^^^^^^^
E           ConnectionResetError: [Errno 104] Connection reset by peer

/usr/lib/python3.12/asyncio/selector_events.py:1013: ConnectionResetError

The above exception was the direct cause of the following exception:

self = <Coroutine test_authenticate_admin_success>

    def setup(self) -> None:
        runner_fixture_id = f"_{self._loop_scope}_scoped_runner"
        if runner_fixture_id not in self.fixturenames:
            self.fixturenames.append(runner_fixture_id)
>       return super().setup()
               ^^^^^^^^^^^^^^^

.venv/lib/python3.12/site-packages/pytest_asyncio/plugin.py:463: 
_ _ _ _ _ _ _ _ _ _ _ _ _ _ _ _ _ _ _ _ _ _ _ _ _ _ _ _ _ _ _ _ _ _ _ _ _ _ _ _ 
.venv/lib/python3.12/site-packages/pytest_asyncio/plugin.py:748: in pytest_fixture_setup
    hook_result = yield
                  ^^^^^
.venv/lib/python3.12/site-packages/pytest_asyncio/plugin.py:318: in _asyncgen_fixture_wrapper
    result = runner.run(setup(), context=context)
             ^^^^^^^^^^^^^^^^^^^^^^^^^^^^^^^^^^^^
/usr/lib/python3.12/asyncio/runners.py:118: in run
    return self._loop.run_until_complete(task)
           ^^^^^^^^^^^^^^^^^^^^^^^^^^^^^^^^^^^
/usr/lib/python3.12/asyncio/base_events.py:687: in run_until_complete
    return future.result()
           ^^^^^^^^^^^^^^^
.venv/lib/python3.12/site-packages/pytest_asyncio/plugin.py:314: in setup
    res = await gen_obj.__anext__()
          ^^^^^^^^^^^^^^^^^^^^^^^^^
tests/conftest.py:71: in model_test_engine
    async with engine.begin() as conn:
/usr/lib/python3.12/contextlib.py:210: in __aenter__
    return await anext(self.gen)
           ^^^^^^^^^^^^^^^^^^^^^
.venv/lib/python3.12/site-packages/sqlalchemy/ext/asyncio/engine.py:1068: in begin
    async with conn:
.venv/lib/python3.12/site-packages/sqlalchemy/ext/asyncio/base.py:121: in __aenter__
    return await self.start(is_ctxmanager=True)
           ^^^^^^^^^^^^^^^^^^^^^^^^^^^^^^^^^^^^
.venv/lib/python3.12/site-packages/sqlalchemy/ext/asyncio/engine.py:275: in start
    await greenlet_spawn(self.sync_engine.connect)
.venv/lib/python3.12/site-packages/sqlalchemy/util/_concurrency_py3k.py:201: in greenlet_spawn
    result = context.throw(*sys.exc_info())
             ^^^^^^^^^^^^^^^^^^^^^^^^^^^^^^
.venv/lib/python3.12/site-packages/sqlalchemy/engine/base.py:3277: in connect
    return self._connection_cls(self)
           ^^^^^^^^^^^^^^^^^^^^^^^^^^
.venv/lib/python3.12/site-packages/sqlalchemy/engine/base.py:143: in __init__
    self._dbapi_connection = engine.raw_connection()
                             ^^^^^^^^^^^^^^^^^^^^^^^
.venv/lib/python3.12/site-packages/sqlalchemy/engine/base.py:3301: in raw_connection
    return self.pool.connect()
           ^^^^^^^^^^^^^^^^^^^
.venv/lib/python3.12/site-packages/sqlalchemy/pool/base.py:447: in connect
    return _ConnectionFairy._checkout(self)
           ^^^^^^^^^^^^^^^^^^^^^^^^^^^^^^^^
.venv/lib/python3.12/site-packages/sqlalchemy/pool/base.py:1264: in _checkout
    fairy = _ConnectionRecord.checkout(pool)
            ^^^^^^^^^^^^^^^^^^^^^^^^^^^^^^^^
.venv/lib/python3.12/site-packages/sqlalchemy/pool/base.py:711: in checkout
    rec = pool._do_get()
          ^^^^^^^^^^^^^^
.venv/lib/python3.12/site-packages/sqlalchemy/pool/impl.py:177: in _do_get
    with util.safe_reraise():
.venv/lib/python3.12/site-packages/sqlalchemy/util/langhelpers.py:224: in __exit__
    raise exc_value.with_traceback(exc_tb)
.venv/lib/python3.12/site-packages/sqlalchemy/pool/impl.py:175: in _do_get
    return self._create_connection()
           ^^^^^^^^^^^^^^^^^^^^^^^^^
.venv/lib/python3.12/site-packages/sqlalchemy/pool/base.py:388: in _create_connection
    return _ConnectionRecord(self)
           ^^^^^^^^^^^^^^^^^^^^^^^
.venv/lib/python3.12/site-packages/sqlalchemy/pool/base.py:673: in __init__
    self.__connect()
.venv/lib/python3.12/site-packages/sqlalchemy/pool/base.py:899: in __connect
    with util.safe_reraise():
.venv/lib/python3.12/site-packages/sqlalchemy/util/langhelpers.py:224: in __exit__
    raise exc_value.with_traceback(exc_tb)
.venv/lib/python3.12/site-packages/sqlalchemy/pool/base.py:895: in __connect
    self.dbapi_connection = connection = pool._invoke_creator(self)
                                         ^^^^^^^^^^^^^^^^^^^^^^^^^^
.venv/lib/python3.12/site-packages/sqlalchemy/engine/create.py:661: in connect
    return dialect.connect(*cargs, **cparams)
           ^^^^^^^^^^^^^^^^^^^^^^^^^^^^^^^^^^
.venv/lib/python3.12/site-packages/sqlalchemy/engine/default.py:629: in connect
    return self.loaded_dbapi.connect(*cargs, **cparams)  # type: ignore[no-any-return]  # NOQA: E501
           ^^^^^^^^^^^^^^^^^^^^^^^^^^^^^^^^^^^^^^^^^^^^
.venv/lib/python3.12/site-packages/sqlalchemy/dialects/postgresql/asyncpg.py:955: in connect
    await_only(creator_fn(*arg, **kw)),
    ^^^^^^^^^^^^^^^^^^^^^^^^^^^^^^^^^^
.venv/lib/python3.12/site-packages/sqlalchemy/util/_concurrency_py3k.py:132: in await_only
    return current.parent.switch(awaitable)  # type: ignore[no-any-return,attr-defined] # noqa: E501
           ^^^^^^^^^^^^^^^^^^^^^^^^^^^^^^^^
.venv/lib/python3.12/site-packages/sqlalchemy/util/_concurrency_py3k.py:196: in greenlet_spawn
    value = await result
            ^^^^^^^^^^^^
.venv/lib/python3.12/site-packages/asyncpg/connection.py:2421: in connect
    return await connect_utils._connect(
.venv/lib/python3.12/site-packages/asyncpg/connect_utils.py:1049: in _connect
    conn = await _connect_addr(
.venv/lib/python3.12/site-packages/asyncpg/connect_utils.py:886: in _connect_addr
    return await __connect_addr(params, True, *args)
           ^^^^^^^^^^^^^^^^^^^^^^^^^^^^^^^^^^^^^^^^^
_ _ _ _ _ _ _ _ _ _ _ _ _ _ _ _ _ _ _ _ _ _ _ _ _ _ _ _ _ _ _ _ _ _ _ _ _ _ _ _ 

params = ConnectionParameters(user='kwok', password='***', database='naicha_test', ssl=<ssl.SSLContext object at 0x7c391f110d50...postgres'>, server_settings=None, target_session_attrs=<SessionAttribute.any: 'any'>, krbsrvname=None, gsslib='gssapi')
retry = True, addr = ('172.21.48.1', 5432)
loop = <_UnixSelectorEventLoop running=False closed=False debug=False>
config = ConnectionConfiguration(command_timeout=None, statement_cache_size=100, max_cached_statement_lifetime=300, max_cacheable_statement_size=15360)
connection_class = <class 'asyncpg.connection.Connection'>
record_class = <class 'asyncpg.Record'>
params_input = ConnectionParameters(user='kwok', password='***', database='naicha_test', ssl=<ssl.SSLContext object at 0x7c391f110d50...postgres'>, server_settings=None, target_session_attrs=<SessionAttribute.any: 'any'>, krbsrvname=None, gsslib='gssapi')

    async def __connect_addr(
        params,
        retry,
        addr,
        loop,
        config,
        connection_class,
        record_class,
        params_input,
    ):
        connected = _create_future(loop)
    
        proto_factory = lambda: protocol.Protocol(
            addr, connected, params, record_class, loop)
    
        if isinstance(addr, str):
            # UNIX socket
            connector = loop.create_unix_connection(proto_factory, addr)
    
        elif params.ssl and params.ssl_negotiation is SSLNegotiation.direct:
            # if ssl and ssl_negotiation is `direct`, skip STARTTLS and perform
            # direct SSL connection
            connector = loop.create_connection(
                proto_factory, *addr, ssl=params.ssl
            )
    
        elif params.ssl:
            connector = _create_ssl_connection(
                proto_factory, *addr, loop=loop, ssl_context=params.ssl,
                ssl_is_advisory=params.sslmode == SSLMode.prefer)
        else:
            connector = loop.create_connection(proto_factory, *addr)
    
        tr, pr = await connector
    
        try:
>           await connected
E           asyncpg.exceptions.ConnectionDoesNotExistError: connection was closed in the middle of operation

.venv/lib/python3.12/site-packages/asyncpg/connect_utils.py:934: ConnectionDoesNotExistError
______________ ERROR at setup of test_authenticate_admin_failure _______________

self = <_SelectorSocketTransport closed fd=17>

    def _read_ready__data_received(self):
        if self._conn_lost:
            return
        try:
>           data = self._sock.recv(self.max_size)
                   ^^^^^^^^^^^^^^^^^^^^^^^^^^^^^^
E           ConnectionResetError: [Errno 104] Connection reset by peer

/usr/lib/python3.12/asyncio/selector_events.py:1013: ConnectionResetError

The above exception was the direct cause of the following exception:

self = <Coroutine test_authenticate_admin_failure>

    def setup(self) -> None:
        runner_fixture_id = f"_{self._loop_scope}_scoped_runner"
        if runner_fixture_id not in self.fixturenames:
            self.fixturenames.append(runner_fixture_id)
>       return super().setup()
               ^^^^^^^^^^^^^^^

.venv/lib/python3.12/site-packages/pytest_asyncio/plugin.py:463: 
_ _ _ _ _ _ _ _ _ _ _ _ _ _ _ _ _ _ _ _ _ _ _ _ _ _ _ _ _ _ _ _ _ _ _ _ _ _ _ _ 
.venv/lib/python3.12/site-packages/pytest_asyncio/plugin.py:748: in pytest_fixture_setup
    hook_result = yield
                  ^^^^^
.venv/lib/python3.12/site-packages/pytest_asyncio/plugin.py:318: in _asyncgen_fixture_wrapper
    result = runner.run(setup(), context=context)
             ^^^^^^^^^^^^^^^^^^^^^^^^^^^^^^^^^^^^
/usr/lib/python3.12/asyncio/runners.py:118: in run
    return self._loop.run_until_complete(task)
           ^^^^^^^^^^^^^^^^^^^^^^^^^^^^^^^^^^^
/usr/lib/python3.12/asyncio/base_events.py:687: in run_until_complete
    return future.result()
           ^^^^^^^^^^^^^^^
.venv/lib/python3.12/site-packages/pytest_asyncio/plugin.py:314: in setup
    res = await gen_obj.__anext__()
          ^^^^^^^^^^^^^^^^^^^^^^^^^
tests/conftest.py:71: in model_test_engine
    async with engine.begin() as conn:
/usr/lib/python3.12/contextlib.py:210: in __aenter__
    return await anext(self.gen)
           ^^^^^^^^^^^^^^^^^^^^^
.venv/lib/python3.12/site-packages/sqlalchemy/ext/asyncio/engine.py:1068: in begin
    async with conn:
.venv/lib/python3.12/site-packages/sqlalchemy/ext/asyncio/base.py:121: in __aenter__
    return await self.start(is_ctxmanager=True)
           ^^^^^^^^^^^^^^^^^^^^^^^^^^^^^^^^^^^^
.venv/lib/python3.12/site-packages/sqlalchemy/ext/asyncio/engine.py:275: in start
    await greenlet_spawn(self.sync_engine.connect)
.venv/lib/python3.12/site-packages/sqlalchemy/util/_concurrency_py3k.py:201: in greenlet_spawn
    result = context.throw(*sys.exc_info())
             ^^^^^^^^^^^^^^^^^^^^^^^^^^^^^^
.venv/lib/python3.12/site-packages/sqlalchemy/engine/base.py:3277: in connect
    return self._connection_cls(self)
           ^^^^^^^^^^^^^^^^^^^^^^^^^^
.venv/lib/python3.12/site-packages/sqlalchemy/engine/base.py:143: in __init__
    self._dbapi_connection = engine.raw_connection()
                             ^^^^^^^^^^^^^^^^^^^^^^^
.venv/lib/python3.12/site-packages/sqlalchemy/engine/base.py:3301: in raw_connection
    return self.pool.connect()
           ^^^^^^^^^^^^^^^^^^^
.venv/lib/python3.12/site-packages/sqlalchemy/pool/base.py:447: in connect
    return _ConnectionFairy._checkout(self)
           ^^^^^^^^^^^^^^^^^^^^^^^^^^^^^^^^
.venv/lib/python3.12/site-packages/sqlalchemy/pool/base.py:1264: in _checkout
    fairy = _ConnectionRecord.checkout(pool)
            ^^^^^^^^^^^^^^^^^^^^^^^^^^^^^^^^
.venv/lib/python3.12/site-packages/sqlalchemy/pool/base.py:711: in checkout
    rec = pool._do_get()
          ^^^^^^^^^^^^^^
.venv/lib/python3.12/site-packages/sqlalchemy/pool/impl.py:177: in _do_get
    with util.safe_reraise():
.venv/lib/python3.12/site-packages/sqlalchemy/util/langhelpers.py:224: in __exit__
    raise exc_value.with_traceback(exc_tb)
.venv/lib/python3.12/site-packages/sqlalchemy/pool/impl.py:175: in _do_get
    return self._create_connection()
           ^^^^^^^^^^^^^^^^^^^^^^^^^
.venv/lib/python3.12/site-packages/sqlalchemy/pool/base.py:388: in _create_connection
    return _ConnectionRecord(self)
           ^^^^^^^^^^^^^^^^^^^^^^^
.venv/lib/python3.12/site-packages/sqlalchemy/pool/base.py:673: in __init__
    self.__connect()
.venv/lib/python3.12/site-packages/sqlalchemy/pool/base.py:899: in __connect
    with util.safe_reraise():
.venv/lib/python3.12/site-packages/sqlalchemy/util/langhelpers.py:224: in __exit__
    raise exc_value.with_traceback(exc_tb)
.venv/lib/python3.12/site-packages/sqlalchemy/pool/base.py:895: in __connect
    self.dbapi_connection = connection = pool._invoke_creator(self)
                                         ^^^^^^^^^^^^^^^^^^^^^^^^^^
.venv/lib/python3.12/site-packages/sqlalchemy/engine/create.py:661: in connect
    return dialect.connect(*cargs, **cparams)
           ^^^^^^^^^^^^^^^^^^^^^^^^^^^^^^^^^^
.venv/lib/python3.12/site-packages/sqlalchemy/engine/default.py:629: in connect
    return self.loaded_dbapi.connect(*cargs, **cparams)  # type: ignore[no-any-return]  # NOQA: E501
           ^^^^^^^^^^^^^^^^^^^^^^^^^^^^^^^^^^^^^^^^^^^^
.venv/lib/python3.12/site-packages/sqlalchemy/dialects/postgresql/asyncpg.py:955: in connect
    await_only(creator_fn(*arg, **kw)),
    ^^^^^^^^^^^^^^^^^^^^^^^^^^^^^^^^^^
.venv/lib/python3.12/site-packages/sqlalchemy/util/_concurrency_py3k.py:132: in await_only
    return current.parent.switch(awaitable)  # type: ignore[no-any-return,attr-defined] # noqa: E501
           ^^^^^^^^^^^^^^^^^^^^^^^^^^^^^^^^
.venv/lib/python3.12/site-packages/sqlalchemy/util/_concurrency_py3k.py:196: in greenlet_spawn
    value = await result
            ^^^^^^^^^^^^
.venv/lib/python3.12/site-packages/asyncpg/connection.py:2421: in connect
    return await connect_utils._connect(
.venv/lib/python3.12/site-packages/asyncpg/connect_utils.py:1049: in _connect
    conn = await _connect_addr(
.venv/lib/python3.12/site-packages/asyncpg/connect_utils.py:886: in _connect_addr
    return await __connect_addr(params, True, *args)
           ^^^^^^^^^^^^^^^^^^^^^^^^^^^^^^^^^^^^^^^^^
_ _ _ _ _ _ _ _ _ _ _ _ _ _ _ _ _ _ _ _ _ _ _ _ _ _ _ _ _ _ _ _ _ _ _ _ _ _ _ _ 

params = ConnectionParameters(user='kwok', password='***', database='naicha_test', ssl=<ssl.SSLContext object at 0x7c3921545650...postgres'>, server_settings=None, target_session_attrs=<SessionAttribute.any: 'any'>, krbsrvname=None, gsslib='gssapi')
retry = True, addr = ('172.21.48.1', 5432)
loop = <_UnixSelectorEventLoop running=False closed=False debug=False>
config = ConnectionConfiguration(command_timeout=None, statement_cache_size=100, max_cached_statement_lifetime=300, max_cacheable_statement_size=15360)
connection_class = <class 'asyncpg.connection.Connection'>
record_class = <class 'asyncpg.Record'>
params_input = ConnectionParameters(user='kwok', password='***', database='naicha_test', ssl=<ssl.SSLContext object at 0x7c3921545650...postgres'>, server_settings=None, target_session_attrs=<SessionAttribute.any: 'any'>, krbsrvname=None, gsslib='gssapi')

    async def __connect_addr(
        params,
        retry,
        addr,
        loop,
        config,
        connection_class,
        record_class,
        params_input,
    ):
        connected = _create_future(loop)
    
        proto_factory = lambda: protocol.Protocol(
            addr, connected, params, record_class, loop)
    
        if isinstance(addr, str):
            # UNIX socket
            connector = loop.create_unix_connection(proto_factory, addr)
    
        elif params.ssl and params.ssl_negotiation is SSLNegotiation.direct:
            # if ssl and ssl_negotiation is `direct`, skip STARTTLS and perform
            # direct SSL connection
            connector = loop.create_connection(
                proto_factory, *addr, ssl=params.ssl
            )
    
        elif params.ssl:
            connector = _create_ssl_connection(
                proto_factory, *addr, loop=loop, ssl_context=params.ssl,
                ssl_is_advisory=params.sslmode == SSLMode.prefer)
        else:
            connector = loop.create_connection(proto_factory, *addr)
    
        tr, pr = await connector
    
        try:
>           await connected
E           asyncpg.exceptions.ConnectionDoesNotExistError: connection was closed in the middle of operation

.venv/lib/python3.12/site-packages/asyncpg/connect_utils.py:934: ConnectionDoesNotExistError
______________ ERROR at setup of test_get_admin_and_user_helpers _______________

self = <_SelectorSocketTransport closed fd=17>

    def _read_ready__data_received(self):
        if self._conn_lost:
            return
        try:
>           data = self._sock.recv(self.max_size)
                   ^^^^^^^^^^^^^^^^^^^^^^^^^^^^^^
E           ConnectionResetError: [Errno 104] Connection reset by peer

/usr/lib/python3.12/asyncio/selector_events.py:1013: ConnectionResetError

The above exception was the direct cause of the following exception:

self = <Coroutine test_get_admin_and_user_helpers>

    def setup(self) -> None:
        runner_fixture_id = f"_{self._loop_scope}_scoped_runner"
        if runner_fixture_id not in self.fixturenames:
            self.fixturenames.append(runner_fixture_id)
>       return super().setup()
               ^^^^^^^^^^^^^^^

.venv/lib/python3.12/site-packages/pytest_asyncio/plugin.py:463: 
_ _ _ _ _ _ _ _ _ _ _ _ _ _ _ _ _ _ _ _ _ _ _ _ _ _ _ _ _ _ _ _ _ _ _ _ _ _ _ _ 
.venv/lib/python3.12/site-packages/pytest_asyncio/plugin.py:748: in pytest_fixture_setup
    hook_result = yield
                  ^^^^^
.venv/lib/python3.12/site-packages/pytest_asyncio/plugin.py:318: in _asyncgen_fixture_wrapper
    result = runner.run(setup(), context=context)
             ^^^^^^^^^^^^^^^^^^^^^^^^^^^^^^^^^^^^
/usr/lib/python3.12/asyncio/runners.py:118: in run
    return self._loop.run_until_complete(task)
           ^^^^^^^^^^^^^^^^^^^^^^^^^^^^^^^^^^^
/usr/lib/python3.12/asyncio/base_events.py:687: in run_until_complete
    return future.result()
           ^^^^^^^^^^^^^^^
.venv/lib/python3.12/site-packages/pytest_asyncio/plugin.py:314: in setup
    res = await gen_obj.__anext__()
          ^^^^^^^^^^^^^^^^^^^^^^^^^
tests/conftest.py:71: in model_test_engine
    async with engine.begin() as conn:
/usr/lib/python3.12/contextlib.py:210: in __aenter__
    return await anext(self.gen)
           ^^^^^^^^^^^^^^^^^^^^^
.venv/lib/python3.12/site-packages/sqlalchemy/ext/asyncio/engine.py:1068: in begin
    async with conn:
.venv/lib/python3.12/site-packages/sqlalchemy/ext/asyncio/base.py:121: in __aenter__
    return await self.start(is_ctxmanager=True)
           ^^^^^^^^^^^^^^^^^^^^^^^^^^^^^^^^^^^^
.venv/lib/python3.12/site-packages/sqlalchemy/ext/asyncio/engine.py:275: in start
    await greenlet_spawn(self.sync_engine.connect)
.venv/lib/python3.12/site-packages/sqlalchemy/util/_concurrency_py3k.py:201: in greenlet_spawn
    result = context.throw(*sys.exc_info())
             ^^^^^^^^^^^^^^^^^^^^^^^^^^^^^^
.venv/lib/python3.12/site-packages/sqlalchemy/engine/base.py:3277: in connect
    return self._connection_cls(self)
           ^^^^^^^^^^^^^^^^^^^^^^^^^^
.venv/lib/python3.12/site-packages/sqlalchemy/engine/base.py:143: in __init__
    self._dbapi_connection = engine.raw_connection()
                             ^^^^^^^^^^^^^^^^^^^^^^^
.venv/lib/python3.12/site-packages/sqlalchemy/engine/base.py:3301: in raw_connection
    return self.pool.connect()
           ^^^^^^^^^^^^^^^^^^^
.venv/lib/python3.12/site-packages/sqlalchemy/pool/base.py:447: in connect
    return _ConnectionFairy._checkout(self)
           ^^^^^^^^^^^^^^^^^^^^^^^^^^^^^^^^
.venv/lib/python3.12/site-packages/sqlalchemy/pool/base.py:1264: in _checkout
    fairy = _ConnectionRecord.checkout(pool)
            ^^^^^^^^^^^^^^^^^^^^^^^^^^^^^^^^
.venv/lib/python3.12/site-packages/sqlalchemy/pool/base.py:711: in checkout
    rec = pool._do_get()
          ^^^^^^^^^^^^^^
.venv/lib/python3.12/site-packages/sqlalchemy/pool/impl.py:177: in _do_get
    with util.safe_reraise():
.venv/lib/python3.12/site-packages/sqlalchemy/util/langhelpers.py:224: in __exit__
    raise exc_value.with_traceback(exc_tb)
.venv/lib/python3.12/site-packages/sqlalchemy/pool/impl.py:175: in _do_get
    return self._create_connection()
           ^^^^^^^^^^^^^^^^^^^^^^^^^
.venv/lib/python3.12/site-packages/sqlalchemy/pool/base.py:388: in _create_connection
    return _ConnectionRecord(self)
           ^^^^^^^^^^^^^^^^^^^^^^^
.venv/lib/python3.12/site-packages/sqlalchemy/pool/base.py:673: in __init__
    self.__connect()
.venv/lib/python3.12/site-packages/sqlalchemy/pool/base.py:899: in __connect
    with util.safe_reraise():
.venv/lib/python3.12/site-packages/sqlalchemy/util/langhelpers.py:224: in __exit__
    raise exc_value.with_traceback(exc_tb)
.venv/lib/python3.12/site-packages/sqlalchemy/pool/base.py:895: in __connect
    self.dbapi_connection = connection = pool._invoke_creator(self)
                                         ^^^^^^^^^^^^^^^^^^^^^^^^^^
.venv/lib/python3.12/site-packages/sqlalchemy/engine/create.py:661: in connect
    return dialect.connect(*cargs, **cparams)
           ^^^^^^^^^^^^^^^^^^^^^^^^^^^^^^^^^^
.venv/lib/python3.12/site-packages/sqlalchemy/engine/default.py:629: in connect
    return self.loaded_dbapi.connect(*cargs, **cparams)  # type: ignore[no-any-return]  # NOQA: E501
           ^^^^^^^^^^^^^^^^^^^^^^^^^^^^^^^^^^^^^^^^^^^^
.venv/lib/python3.12/site-packages/sqlalchemy/dialects/postgresql/asyncpg.py:955: in connect
    await_only(creator_fn(*arg, **kw)),
    ^^^^^^^^^^^^^^^^^^^^^^^^^^^^^^^^^^
.venv/lib/python3.12/site-packages/sqlalchemy/util/_concurrency_py3k.py:132: in await_only
    return current.parent.switch(awaitable)  # type: ignore[no-any-return,attr-defined] # noqa: E501
           ^^^^^^^^^^^^^^^^^^^^^^^^^^^^^^^^
.venv/lib/python3.12/site-packages/sqlalchemy/util/_concurrency_py3k.py:196: in greenlet_spawn
    value = await result
            ^^^^^^^^^^^^
.venv/lib/python3.12/site-packages/asyncpg/connection.py:2421: in connect
    return await connect_utils._connect(
.venv/lib/python3.12/site-packages/asyncpg/connect_utils.py:1049: in _connect
    conn = await _connect_addr(
.venv/lib/python3.12/site-packages/asyncpg/connect_utils.py:886: in _connect_addr
    return await __connect_addr(params, True, *args)
           ^^^^^^^^^^^^^^^^^^^^^^^^^^^^^^^^^^^^^^^^^
_ _ _ _ _ _ _ _ _ _ _ _ _ _ _ _ _ _ _ _ _ _ _ _ _ _ _ _ _ _ _ _ _ _ _ _ _ _ _ _ 

params = ConnectionParameters(user='kwok', password='***', database='naicha_test', ssl=<ssl.SSLContext object at 0x7c39203bc350...postgres'>, server_settings=None, target_session_attrs=<SessionAttribute.any: 'any'>, krbsrvname=None, gsslib='gssapi')
retry = True, addr = ('172.21.48.1', 5432)
loop = <_UnixSelectorEventLoop running=False closed=False debug=False>
config = ConnectionConfiguration(command_timeout=None, statement_cache_size=100, max_cached_statement_lifetime=300, max_cacheable_statement_size=15360)
connection_class = <class 'asyncpg.connection.Connection'>
record_class = <class 'asyncpg.Record'>
params_input = ConnectionParameters(user='kwok', password='***', database='naicha_test', ssl=<ssl.SSLContext object at 0x7c39203bc350...postgres'>, server_settings=None, target_session_attrs=<SessionAttribute.any: 'any'>, krbsrvname=None, gsslib='gssapi')

    async def __connect_addr(
        params,
        retry,
        addr,
        loop,
        config,
        connection_class,
        record_class,
        params_input,
    ):
        connected = _create_future(loop)
    
        proto_factory = lambda: protocol.Protocol(
            addr, connected, params, record_class, loop)
    
        if isinstance(addr, str):
            # UNIX socket
            connector = loop.create_unix_connection(proto_factory, addr)
    
        elif params.ssl and params.ssl_negotiation is SSLNegotiation.direct:
            # if ssl and ssl_negotiation is `direct`, skip STARTTLS and perform
            # direct SSL connection
            connector = loop.create_connection(
                proto_factory, *addr, ssl=params.ssl
            )
    
        elif params.ssl:
            connector = _create_ssl_connection(
                proto_factory, *addr, loop=loop, ssl_context=params.ssl,
                ssl_is_advisory=params.sslmode == SSLMode.prefer)
        else:
            connector = loop.create_connection(proto_factory, *addr)
    
        tr, pr = await connector
    
        try:
>           await connected
E           asyncpg.exceptions.ConnectionDoesNotExistError: connection was closed in the middle of operation

.venv/lib/python3.12/site-packages/asyncpg/connect_utils.py:934: ConnectionDoesNotExistError
____________ ERROR at setup of test_ensure_user_creates_and_updates ____________

self = <_SelectorSocketTransport closed fd=17>

    def _read_ready__data_received(self):
        if self._conn_lost:
            return
        try:
>           data = self._sock.recv(self.max_size)
                   ^^^^^^^^^^^^^^^^^^^^^^^^^^^^^^
E           ConnectionResetError: [Errno 104] Connection reset by peer

/usr/lib/python3.12/asyncio/selector_events.py:1013: ConnectionResetError

The above exception was the direct cause of the following exception:

self = <Coroutine test_ensure_user_creates_and_updates>

    def setup(self) -> None:
        runner_fixture_id = f"_{self._loop_scope}_scoped_runner"
        if runner_fixture_id not in self.fixturenames:
            self.fixturenames.append(runner_fixture_id)
>       return super().setup()
               ^^^^^^^^^^^^^^^

.venv/lib/python3.12/site-packages/pytest_asyncio/plugin.py:463: 
_ _ _ _ _ _ _ _ _ _ _ _ _ _ _ _ _ _ _ _ _ _ _ _ _ _ _ _ _ _ _ _ _ _ _ _ _ _ _ _ 
.venv/lib/python3.12/site-packages/pytest_asyncio/plugin.py:748: in pytest_fixture_setup
    hook_result = yield
                  ^^^^^
.venv/lib/python3.12/site-packages/pytest_asyncio/plugin.py:318: in _asyncgen_fixture_wrapper
    result = runner.run(setup(), context=context)
             ^^^^^^^^^^^^^^^^^^^^^^^^^^^^^^^^^^^^
/usr/lib/python3.12/asyncio/runners.py:118: in run
    return self._loop.run_until_complete(task)
           ^^^^^^^^^^^^^^^^^^^^^^^^^^^^^^^^^^^
/usr/lib/python3.12/asyncio/base_events.py:687: in run_until_complete
    return future.result()
           ^^^^^^^^^^^^^^^
.venv/lib/python3.12/site-packages/pytest_asyncio/plugin.py:314: in setup
    res = await gen_obj.__anext__()
          ^^^^^^^^^^^^^^^^^^^^^^^^^
tests/conftest.py:71: in model_test_engine
    async with engine.begin() as conn:
/usr/lib/python3.12/contextlib.py:210: in __aenter__
    return await anext(self.gen)
           ^^^^^^^^^^^^^^^^^^^^^
.venv/lib/python3.12/site-packages/sqlalchemy/ext/asyncio/engine.py:1068: in begin
    async with conn:
.venv/lib/python3.12/site-packages/sqlalchemy/ext/asyncio/base.py:121: in __aenter__
    return await self.start(is_ctxmanager=True)
           ^^^^^^^^^^^^^^^^^^^^^^^^^^^^^^^^^^^^
.venv/lib/python3.12/site-packages/sqlalchemy/ext/asyncio/engine.py:275: in start
    await greenlet_spawn(self.sync_engine.connect)
.venv/lib/python3.12/site-packages/sqlalchemy/util/_concurrency_py3k.py:201: in greenlet_spawn
    result = context.throw(*sys.exc_info())
             ^^^^^^^^^^^^^^^^^^^^^^^^^^^^^^
.venv/lib/python3.12/site-packages/sqlalchemy/engine/base.py:3277: in connect
    return self._connection_cls(self)
           ^^^^^^^^^^^^^^^^^^^^^^^^^^
.venv/lib/python3.12/site-packages/sqlalchemy/engine/base.py:143: in __init__
    self._dbapi_connection = engine.raw_connection()
                             ^^^^^^^^^^^^^^^^^^^^^^^
.venv/lib/python3.12/site-packages/sqlalchemy/engine/base.py:3301: in raw_connection
    return self.pool.connect()
           ^^^^^^^^^^^^^^^^^^^
.venv/lib/python3.12/site-packages/sqlalchemy/pool/base.py:447: in connect
    return _ConnectionFairy._checkout(self)
           ^^^^^^^^^^^^^^^^^^^^^^^^^^^^^^^^
.venv/lib/python3.12/site-packages/sqlalchemy/pool/base.py:1264: in _checkout
    fairy = _ConnectionRecord.checkout(pool)
            ^^^^^^^^^^^^^^^^^^^^^^^^^^^^^^^^
.venv/lib/python3.12/site-packages/sqlalchemy/pool/base.py:711: in checkout
    rec = pool._do_get()
          ^^^^^^^^^^^^^^
.venv/lib/python3.12/site-packages/sqlalchemy/pool/impl.py:177: in _do_get
    with util.safe_reraise():
.venv/lib/python3.12/site-packages/sqlalchemy/util/langhelpers.py:224: in __exit__
    raise exc_value.with_traceback(exc_tb)
.venv/lib/python3.12/site-packages/sqlalchemy/pool/impl.py:175: in _do_get
    return self._create_connection()
           ^^^^^^^^^^^^^^^^^^^^^^^^^
.venv/lib/python3.12/site-packages/sqlalchemy/pool/base.py:388: in _create_connection
    return _ConnectionRecord(self)
           ^^^^^^^^^^^^^^^^^^^^^^^
.venv/lib/python3.12/site-packages/sqlalchemy/pool/base.py:673: in __init__
    self.__connect()
.venv/lib/python3.12/site-packages/sqlalchemy/pool/base.py:899: in __connect
    with util.safe_reraise():
.venv/lib/python3.12/site-packages/sqlalchemy/util/langhelpers.py:224: in __exit__
    raise exc_value.with_traceback(exc_tb)
.venv/lib/python3.12/site-packages/sqlalchemy/pool/base.py:895: in __connect
    self.dbapi_connection = connection = pool._invoke_creator(self)
                                         ^^^^^^^^^^^^^^^^^^^^^^^^^^
.venv/lib/python3.12/site-packages/sqlalchemy/engine/create.py:661: in connect
    return dialect.connect(*cargs, **cparams)
           ^^^^^^^^^^^^^^^^^^^^^^^^^^^^^^^^^^
.venv/lib/python3.12/site-packages/sqlalchemy/engine/default.py:629: in connect
    return self.loaded_dbapi.connect(*cargs, **cparams)  # type: ignore[no-any-return]  # NOQA: E501
           ^^^^^^^^^^^^^^^^^^^^^^^^^^^^^^^^^^^^^^^^^^^^
.venv/lib/python3.12/site-packages/sqlalchemy/dialects/postgresql/asyncpg.py:955: in connect
    await_only(creator_fn(*arg, **kw)),
    ^^^^^^^^^^^^^^^^^^^^^^^^^^^^^^^^^^
.venv/lib/python3.12/site-packages/sqlalchemy/util/_concurrency_py3k.py:132: in await_only
    return current.parent.switch(awaitable)  # type: ignore[no-any-return,attr-defined] # noqa: E501
           ^^^^^^^^^^^^^^^^^^^^^^^^^^^^^^^^
.venv/lib/python3.12/site-packages/sqlalchemy/util/_concurrency_py3k.py:196: in greenlet_spawn
    value = await result
            ^^^^^^^^^^^^
.venv/lib/python3.12/site-packages/asyncpg/connection.py:2421: in connect
    return await connect_utils._connect(
.venv/lib/python3.12/site-packages/asyncpg/connect_utils.py:1049: in _connect
    conn = await _connect_addr(
.venv/lib/python3.12/site-packages/asyncpg/connect_utils.py:886: in _connect_addr
    return await __connect_addr(params, True, *args)
           ^^^^^^^^^^^^^^^^^^^^^^^^^^^^^^^^^^^^^^^^^
_ _ _ _ _ _ _ _ _ _ _ _ _ _ _ _ _ _ _ _ _ _ _ _ _ _ _ _ _ _ _ _ _ _ _ _ _ _ _ _ 

params = ConnectionParameters(user='kwok', password='***', database='naicha_test', ssl=<ssl.SSLContext object at 0x7c391fce61d0...postgres'>, server_settings=None, target_session_attrs=<SessionAttribute.any: 'any'>, krbsrvname=None, gsslib='gssapi')
retry = True, addr = ('172.21.48.1', 5432)
loop = <_UnixSelectorEventLoop running=False closed=False debug=False>
config = ConnectionConfiguration(command_timeout=None, statement_cache_size=100, max_cached_statement_lifetime=300, max_cacheable_statement_size=15360)
connection_class = <class 'asyncpg.connection.Connection'>
record_class = <class 'asyncpg.Record'>
params_input = ConnectionParameters(user='kwok', password='***', database='naicha_test', ssl=<ssl.SSLContext object at 0x7c391fce61d0...postgres'>, server_settings=None, target_session_attrs=<SessionAttribute.any: 'any'>, krbsrvname=None, gsslib='gssapi')

    async def __connect_addr(
        params,
        retry,
        addr,
        loop,
        config,
        connection_class,
        record_class,
        params_input,
    ):
        connected = _create_future(loop)
    
        proto_factory = lambda: protocol.Protocol(
            addr, connected, params, record_class, loop)
    
        if isinstance(addr, str):
            # UNIX socket
            connector = loop.create_unix_connection(proto_factory, addr)
    
        elif params.ssl and params.ssl_negotiation is SSLNegotiation.direct:
            # if ssl and ssl_negotiation is `direct`, skip STARTTLS and perform
            # direct SSL connection
            connector = loop.create_connection(
                proto_factory, *addr, ssl=params.ssl
            )
    
        elif params.ssl:
            connector = _create_ssl_connection(
                proto_factory, *addr, loop=loop, ssl_context=params.ssl,
                ssl_is_advisory=params.sslmode == SSLMode.prefer)
        else:
            connector = loop.create_connection(proto_factory, *addr)
    
        tr, pr = await connector
    
        try:
>           await connected
E           asyncpg.exceptions.ConnectionDoesNotExistError: connection was closed in the middle of operation

.venv/lib/python3.12/site-packages/asyncpg/connect_utils.py:934: ConnectionDoesNotExistError
_______ ERROR at setup of test_issue_session_reuses_existing_when_valid ________

self = <_SelectorSocketTransport closed fd=17>

    def _read_ready__data_received(self):
        if self._conn_lost:
            return
        try:
>           data = self._sock.recv(self.max_size)
                   ^^^^^^^^^^^^^^^^^^^^^^^^^^^^^^
E           ConnectionResetError: [Errno 104] Connection reset by peer

/usr/lib/python3.12/asyncio/selector_events.py:1013: ConnectionResetError

The above exception was the direct cause of the following exception:

self = <Coroutine test_issue_session_reuses_existing_when_valid>

    def setup(self) -> None:
        runner_fixture_id = f"_{self._loop_scope}_scoped_runner"
        if runner_fixture_id not in self.fixturenames:
            self.fixturenames.append(runner_fixture_id)
>       return super().setup()
               ^^^^^^^^^^^^^^^

.venv/lib/python3.12/site-packages/pytest_asyncio/plugin.py:463: 
_ _ _ _ _ _ _ _ _ _ _ _ _ _ _ _ _ _ _ _ _ _ _ _ _ _ _ _ _ _ _ _ _ _ _ _ _ _ _ _ 
.venv/lib/python3.12/site-packages/pytest_asyncio/plugin.py:748: in pytest_fixture_setup
    hook_result = yield
                  ^^^^^
.venv/lib/python3.12/site-packages/pytest_asyncio/plugin.py:318: in _asyncgen_fixture_wrapper
    result = runner.run(setup(), context=context)
             ^^^^^^^^^^^^^^^^^^^^^^^^^^^^^^^^^^^^
/usr/lib/python3.12/asyncio/runners.py:118: in run
    return self._loop.run_until_complete(task)
           ^^^^^^^^^^^^^^^^^^^^^^^^^^^^^^^^^^^
/usr/lib/python3.12/asyncio/base_events.py:687: in run_until_complete
    return future.result()
           ^^^^^^^^^^^^^^^
.venv/lib/python3.12/site-packages/pytest_asyncio/plugin.py:314: in setup
    res = await gen_obj.__anext__()
          ^^^^^^^^^^^^^^^^^^^^^^^^^
tests/conftest.py:71: in model_test_engine
    async with engine.begin() as conn:
/usr/lib/python3.12/contextlib.py:210: in __aenter__
    return await anext(self.gen)
           ^^^^^^^^^^^^^^^^^^^^^
.venv/lib/python3.12/site-packages/sqlalchemy/ext/asyncio/engine.py:1068: in begin
    async with conn:
.venv/lib/python3.12/site-packages/sqlalchemy/ext/asyncio/base.py:121: in __aenter__
    return await self.start(is_ctxmanager=True)
           ^^^^^^^^^^^^^^^^^^^^^^^^^^^^^^^^^^^^
.venv/lib/python3.12/site-packages/sqlalchemy/ext/asyncio/engine.py:275: in start
    await greenlet_spawn(self.sync_engine.connect)
.venv/lib/python3.12/site-packages/sqlalchemy/util/_concurrency_py3k.py:201: in greenlet_spawn
    result = context.throw(*sys.exc_info())
             ^^^^^^^^^^^^^^^^^^^^^^^^^^^^^^
.venv/lib/python3.12/site-packages/sqlalchemy/engine/base.py:3277: in connect
    return self._connection_cls(self)
           ^^^^^^^^^^^^^^^^^^^^^^^^^^
.venv/lib/python3.12/site-packages/sqlalchemy/engine/base.py:143: in __init__
    self._dbapi_connection = engine.raw_connection()
                             ^^^^^^^^^^^^^^^^^^^^^^^
.venv/lib/python3.12/site-packages/sqlalchemy/engine/base.py:3301: in raw_connection
    return self.pool.connect()
           ^^^^^^^^^^^^^^^^^^^
.venv/lib/python3.12/site-packages/sqlalchemy/pool/base.py:447: in connect
    return _ConnectionFairy._checkout(self)
           ^^^^^^^^^^^^^^^^^^^^^^^^^^^^^^^^
.venv/lib/python3.12/site-packages/sqlalchemy/pool/base.py:1264: in _checkout
    fairy = _ConnectionRecord.checkout(pool)
            ^^^^^^^^^^^^^^^^^^^^^^^^^^^^^^^^
.venv/lib/python3.12/site-packages/sqlalchemy/pool/base.py:711: in checkout
    rec = pool._do_get()
          ^^^^^^^^^^^^^^
.venv/lib/python3.12/site-packages/sqlalchemy/pool/impl.py:177: in _do_get
    with util.safe_reraise():
.venv/lib/python3.12/site-packages/sqlalchemy/util/langhelpers.py:224: in __exit__
    raise exc_value.with_traceback(exc_tb)
.venv/lib/python3.12/site-packages/sqlalchemy/pool/impl.py:175: in _do_get
    return self._create_connection()
           ^^^^^^^^^^^^^^^^^^^^^^^^^
.venv/lib/python3.12/site-packages/sqlalchemy/pool/base.py:388: in _create_connection
    return _ConnectionRecord(self)
           ^^^^^^^^^^^^^^^^^^^^^^^
.venv/lib/python3.12/site-packages/sqlalchemy/pool/base.py:673: in __init__
    self.__connect()
.venv/lib/python3.12/site-packages/sqlalchemy/pool/base.py:899: in __connect
    with util.safe_reraise():
.venv/lib/python3.12/site-packages/sqlalchemy/util/langhelpers.py:224: in __exit__
    raise exc_value.with_traceback(exc_tb)
.venv/lib/python3.12/site-packages/sqlalchemy/pool/base.py:895: in __connect
    self.dbapi_connection = connection = pool._invoke_creator(self)
                                         ^^^^^^^^^^^^^^^^^^^^^^^^^^
.venv/lib/python3.12/site-packages/sqlalchemy/engine/create.py:661: in connect
    return dialect.connect(*cargs, **cparams)
           ^^^^^^^^^^^^^^^^^^^^^^^^^^^^^^^^^^
.venv/lib/python3.12/site-packages/sqlalchemy/engine/default.py:629: in connect
    return self.loaded_dbapi.connect(*cargs, **cparams)  # type: ignore[no-any-return]  # NOQA: E501
           ^^^^^^^^^^^^^^^^^^^^^^^^^^^^^^^^^^^^^^^^^^^^
.venv/lib/python3.12/site-packages/sqlalchemy/dialects/postgresql/asyncpg.py:955: in connect
    await_only(creator_fn(*arg, **kw)),
    ^^^^^^^^^^^^^^^^^^^^^^^^^^^^^^^^^^
.venv/lib/python3.12/site-packages/sqlalchemy/util/_concurrency_py3k.py:132: in await_only
    return current.parent.switch(awaitable)  # type: ignore[no-any-return,attr-defined] # noqa: E501
           ^^^^^^^^^^^^^^^^^^^^^^^^^^^^^^^^
.venv/lib/python3.12/site-packages/sqlalchemy/util/_concurrency_py3k.py:196: in greenlet_spawn
    value = await result
            ^^^^^^^^^^^^
.venv/lib/python3.12/site-packages/asyncpg/connection.py:2421: in connect
    return await connect_utils._connect(
.venv/lib/python3.12/site-packages/asyncpg/connect_utils.py:1049: in _connect
    conn = await _connect_addr(
.venv/lib/python3.12/site-packages/asyncpg/connect_utils.py:886: in _connect_addr
    return await __connect_addr(params, True, *args)
           ^^^^^^^^^^^^^^^^^^^^^^^^^^^^^^^^^^^^^^^^^
_ _ _ _ _ _ _ _ _ _ _ _ _ _ _ _ _ _ _ _ _ _ _ _ _ _ _ _ _ _ _ _ _ _ _ _ _ _ _ _ 

params = ConnectionParameters(user='kwok', password='***', database='naicha_test', ssl=<ssl.SSLContext object at 0x7c39211911d0...postgres'>, server_settings=None, target_session_attrs=<SessionAttribute.any: 'any'>, krbsrvname=None, gsslib='gssapi')
retry = True, addr = ('172.21.48.1', 5432)
loop = <_UnixSelectorEventLoop running=False closed=False debug=False>
config = ConnectionConfiguration(command_timeout=None, statement_cache_size=100, max_cached_statement_lifetime=300, max_cacheable_statement_size=15360)
connection_class = <class 'asyncpg.connection.Connection'>
record_class = <class 'asyncpg.Record'>
params_input = ConnectionParameters(user='kwok', password='***', database='naicha_test', ssl=<ssl.SSLContext object at 0x7c39211911d0...postgres'>, server_settings=None, target_session_attrs=<SessionAttribute.any: 'any'>, krbsrvname=None, gsslib='gssapi')

    async def __connect_addr(
        params,
        retry,
        addr,
        loop,
        config,
        connection_class,
        record_class,
        params_input,
    ):
        connected = _create_future(loop)
    
        proto_factory = lambda: protocol.Protocol(
            addr, connected, params, record_class, loop)
    
        if isinstance(addr, str):
            # UNIX socket
            connector = loop.create_unix_connection(proto_factory, addr)
    
        elif params.ssl and params.ssl_negotiation is SSLNegotiation.direct:
            # if ssl and ssl_negotiation is `direct`, skip STARTTLS and perform
            # direct SSL connection
            connector = loop.create_connection(
                proto_factory, *addr, ssl=params.ssl
            )
    
        elif params.ssl:
            connector = _create_ssl_connection(
                proto_factory, *addr, loop=loop, ssl_context=params.ssl,
                ssl_is_advisory=params.sslmode == SSLMode.prefer)
        else:
            connector = loop.create_connection(proto_factory, *addr)
    
        tr, pr = await connector
    
        try:
>           await connected
E           asyncpg.exceptions.ConnectionDoesNotExistError: connection was closed in the middle of operation

.venv/lib/python3.12/site-packages/asyncpg/connect_utils.py:934: ConnectionDoesNotExistError
________ ERROR at setup of test_issue_session_creates_new_when_expired _________

self = <_SelectorSocketTransport closed fd=17>

    def _read_ready__data_received(self):
        if self._conn_lost:
            return
        try:
>           data = self._sock.recv(self.max_size)
                   ^^^^^^^^^^^^^^^^^^^^^^^^^^^^^^
E           ConnectionResetError: [Errno 104] Connection reset by peer

/usr/lib/python3.12/asyncio/selector_events.py:1013: ConnectionResetError

The above exception was the direct cause of the following exception:

self = <Coroutine test_issue_session_creates_new_when_expired>

    def setup(self) -> None:
        runner_fixture_id = f"_{self._loop_scope}_scoped_runner"
        if runner_fixture_id not in self.fixturenames:
            self.fixturenames.append(runner_fixture_id)
>       return super().setup()
               ^^^^^^^^^^^^^^^

.venv/lib/python3.12/site-packages/pytest_asyncio/plugin.py:463: 
_ _ _ _ _ _ _ _ _ _ _ _ _ _ _ _ _ _ _ _ _ _ _ _ _ _ _ _ _ _ _ _ _ _ _ _ _ _ _ _ 
.venv/lib/python3.12/site-packages/pytest_asyncio/plugin.py:748: in pytest_fixture_setup
    hook_result = yield
                  ^^^^^
.venv/lib/python3.12/site-packages/pytest_asyncio/plugin.py:318: in _asyncgen_fixture_wrapper
    result = runner.run(setup(), context=context)
             ^^^^^^^^^^^^^^^^^^^^^^^^^^^^^^^^^^^^
/usr/lib/python3.12/asyncio/runners.py:118: in run
    return self._loop.run_until_complete(task)
           ^^^^^^^^^^^^^^^^^^^^^^^^^^^^^^^^^^^
/usr/lib/python3.12/asyncio/base_events.py:687: in run_until_complete
    return future.result()
           ^^^^^^^^^^^^^^^
.venv/lib/python3.12/site-packages/pytest_asyncio/plugin.py:314: in setup
    res = await gen_obj.__anext__()
          ^^^^^^^^^^^^^^^^^^^^^^^^^
tests/conftest.py:71: in model_test_engine
    async with engine.begin() as conn:
/usr/lib/python3.12/contextlib.py:210: in __aenter__
    return await anext(self.gen)
           ^^^^^^^^^^^^^^^^^^^^^
.venv/lib/python3.12/site-packages/sqlalchemy/ext/asyncio/engine.py:1068: in begin
    async with conn:
.venv/lib/python3.12/site-packages/sqlalchemy/ext/asyncio/base.py:121: in __aenter__
    return await self.start(is_ctxmanager=True)
           ^^^^^^^^^^^^^^^^^^^^^^^^^^^^^^^^^^^^
.venv/lib/python3.12/site-packages/sqlalchemy/ext/asyncio/engine.py:275: in start
    await greenlet_spawn(self.sync_engine.connect)
.venv/lib/python3.12/site-packages/sqlalchemy/util/_concurrency_py3k.py:201: in greenlet_spawn
    result = context.throw(*sys.exc_info())
             ^^^^^^^^^^^^^^^^^^^^^^^^^^^^^^
.venv/lib/python3.12/site-packages/sqlalchemy/engine/base.py:3277: in connect
    return self._connection_cls(self)
           ^^^^^^^^^^^^^^^^^^^^^^^^^^
.venv/lib/python3.12/site-packages/sqlalchemy/engine/base.py:143: in __init__
    self._dbapi_connection = engine.raw_connection()
                             ^^^^^^^^^^^^^^^^^^^^^^^
.venv/lib/python3.12/site-packages/sqlalchemy/engine/base.py:3301: in raw_connection
    return self.pool.connect()
           ^^^^^^^^^^^^^^^^^^^
.venv/lib/python3.12/site-packages/sqlalchemy/pool/base.py:447: in connect
    return _ConnectionFairy._checkout(self)
           ^^^^^^^^^^^^^^^^^^^^^^^^^^^^^^^^
.venv/lib/python3.12/site-packages/sqlalchemy/pool/base.py:1264: in _checkout
    fairy = _ConnectionRecord.checkout(pool)
            ^^^^^^^^^^^^^^^^^^^^^^^^^^^^^^^^
.venv/lib/python3.12/site-packages/sqlalchemy/pool/base.py:711: in checkout
    rec = pool._do_get()
          ^^^^^^^^^^^^^^
.venv/lib/python3.12/site-packages/sqlalchemy/pool/impl.py:177: in _do_get
    with util.safe_reraise():
.venv/lib/python3.12/site-packages/sqlalchemy/util/langhelpers.py:224: in __exit__
    raise exc_value.with_traceback(exc_tb)
.venv/lib/python3.12/site-packages/sqlalchemy/pool/impl.py:175: in _do_get
    return self._create_connection()
           ^^^^^^^^^^^^^^^^^^^^^^^^^
.venv/lib/python3.12/site-packages/sqlalchemy/pool/base.py:388: in _create_connection
    return _ConnectionRecord(self)
           ^^^^^^^^^^^^^^^^^^^^^^^
.venv/lib/python3.12/site-packages/sqlalchemy/pool/base.py:673: in __init__
    self.__connect()
.venv/lib/python3.12/site-packages/sqlalchemy/pool/base.py:899: in __connect
    with util.safe_reraise():
.venv/lib/python3.12/site-packages/sqlalchemy/util/langhelpers.py:224: in __exit__
    raise exc_value.with_traceback(exc_tb)
.venv/lib/python3.12/site-packages/sqlalchemy/pool/base.py:895: in __connect
    self.dbapi_connection = connection = pool._invoke_creator(self)
                                         ^^^^^^^^^^^^^^^^^^^^^^^^^^
.venv/lib/python3.12/site-packages/sqlalchemy/engine/create.py:661: in connect
    return dialect.connect(*cargs, **cparams)
           ^^^^^^^^^^^^^^^^^^^^^^^^^^^^^^^^^^
.venv/lib/python3.12/site-packages/sqlalchemy/engine/default.py:629: in connect
    return self.loaded_dbapi.connect(*cargs, **cparams)  # type: ignore[no-any-return]  # NOQA: E501
           ^^^^^^^^^^^^^^^^^^^^^^^^^^^^^^^^^^^^^^^^^^^^
.venv/lib/python3.12/site-packages/sqlalchemy/dialects/postgresql/asyncpg.py:955: in connect
    await_only(creator_fn(*arg, **kw)),
    ^^^^^^^^^^^^^^^^^^^^^^^^^^^^^^^^^^
.venv/lib/python3.12/site-packages/sqlalchemy/util/_concurrency_py3k.py:132: in await_only
    return current.parent.switch(awaitable)  # type: ignore[no-any-return,attr-defined] # noqa: E501
           ^^^^^^^^^^^^^^^^^^^^^^^^^^^^^^^^
.venv/lib/python3.12/site-packages/sqlalchemy/util/_concurrency_py3k.py:196: in greenlet_spawn
    value = await result
            ^^^^^^^^^^^^
.venv/lib/python3.12/site-packages/asyncpg/connection.py:2421: in connect
    return await connect_utils._connect(
.venv/lib/python3.12/site-packages/asyncpg/connect_utils.py:1049: in _connect
    conn = await _connect_addr(
.venv/lib/python3.12/site-packages/asyncpg/connect_utils.py:886: in _connect_addr
    return await __connect_addr(params, True, *args)
           ^^^^^^^^^^^^^^^^^^^^^^^^^^^^^^^^^^^^^^^^^
_ _ _ _ _ _ _ _ _ _ _ _ _ _ _ _ _ _ _ _ _ _ _ _ _ _ _ _ _ _ _ _ _ _ _ _ _ _ _ _ 

params = ConnectionParameters(user='kwok', password='***', database='naicha_test', ssl=<ssl.SSLContext object at 0x7c391ef2cd50...postgres'>, server_settings=None, target_session_attrs=<SessionAttribute.any: 'any'>, krbsrvname=None, gsslib='gssapi')
retry = True, addr = ('172.21.48.1', 5432)
loop = <_UnixSelectorEventLoop running=False closed=False debug=False>
config = ConnectionConfiguration(command_timeout=None, statement_cache_size=100, max_cached_statement_lifetime=300, max_cacheable_statement_size=15360)
connection_class = <class 'asyncpg.connection.Connection'>
record_class = <class 'asyncpg.Record'>
params_input = ConnectionParameters(user='kwok', password='***', database='naicha_test', ssl=<ssl.SSLContext object at 0x7c391ef2cd50...postgres'>, server_settings=None, target_session_attrs=<SessionAttribute.any: 'any'>, krbsrvname=None, gsslib='gssapi')

    async def __connect_addr(
        params,
        retry,
        addr,
        loop,
        config,
        connection_class,
        record_class,
        params_input,
    ):
        connected = _create_future(loop)
    
        proto_factory = lambda: protocol.Protocol(
            addr, connected, params, record_class, loop)
    
        if isinstance(addr, str):
            # UNIX socket
            connector = loop.create_unix_connection(proto_factory, addr)
    
        elif params.ssl and params.ssl_negotiation is SSLNegotiation.direct:
            # if ssl and ssl_negotiation is `direct`, skip STARTTLS and perform
            # direct SSL connection
            connector = loop.create_connection(
                proto_factory, *addr, ssl=params.ssl
            )
    
        elif params.ssl:
            connector = _create_ssl_connection(
                proto_factory, *addr, loop=loop, ssl_context=params.ssl,
                ssl_is_advisory=params.sslmode == SSLMode.prefer)
        else:
            connector = loop.create_connection(proto_factory, *addr)
    
        tr, pr = await connector
    
        try:
>           await connected
E           asyncpg.exceptions.ConnectionDoesNotExistError: connection was closed in the middle of operation

.venv/lib/python3.12/site-packages/asyncpg/connect_utils.py:934: ConnectionDoesNotExistError
_______________ ERROR at setup of test_enqueue_job_deduplicates ________________

self = <_SelectorSocketTransport closed fd=17>

    def _read_ready__data_received(self):
        if self._conn_lost:
            return
        try:
>           data = self._sock.recv(self.max_size)
                   ^^^^^^^^^^^^^^^^^^^^^^^^^^^^^^
E           ConnectionResetError: [Errno 104] Connection reset by peer

/usr/lib/python3.12/asyncio/selector_events.py:1013: ConnectionResetError

The above exception was the direct cause of the following exception:

self = <Coroutine test_enqueue_job_deduplicates>

    def setup(self) -> None:
        runner_fixture_id = f"_{self._loop_scope}_scoped_runner"
        if runner_fixture_id not in self.fixturenames:
            self.fixturenames.append(runner_fixture_id)
>       return super().setup()
               ^^^^^^^^^^^^^^^

.venv/lib/python3.12/site-packages/pytest_asyncio/plugin.py:463: 
_ _ _ _ _ _ _ _ _ _ _ _ _ _ _ _ _ _ _ _ _ _ _ _ _ _ _ _ _ _ _ _ _ _ _ _ _ _ _ _ 
.venv/lib/python3.12/site-packages/pytest_asyncio/plugin.py:748: in pytest_fixture_setup
    hook_result = yield
                  ^^^^^
.venv/lib/python3.12/site-packages/pytest_asyncio/plugin.py:318: in _asyncgen_fixture_wrapper
    result = runner.run(setup(), context=context)
             ^^^^^^^^^^^^^^^^^^^^^^^^^^^^^^^^^^^^
/usr/lib/python3.12/asyncio/runners.py:118: in run
    return self._loop.run_until_complete(task)
           ^^^^^^^^^^^^^^^^^^^^^^^^^^^^^^^^^^^
/usr/lib/python3.12/asyncio/base_events.py:687: in run_until_complete
    return future.result()
           ^^^^^^^^^^^^^^^
.venv/lib/python3.12/site-packages/pytest_asyncio/plugin.py:314: in setup
    res = await gen_obj.__anext__()
          ^^^^^^^^^^^^^^^^^^^^^^^^^
tests/conftest.py:71: in model_test_engine
    async with engine.begin() as conn:
/usr/lib/python3.12/contextlib.py:210: in __aenter__
    return await anext(self.gen)
           ^^^^^^^^^^^^^^^^^^^^^
.venv/lib/python3.12/site-packages/sqlalchemy/ext/asyncio/engine.py:1068: in begin
    async with conn:
.venv/lib/python3.12/site-packages/sqlalchemy/ext/asyncio/base.py:121: in __aenter__
    return await self.start(is_ctxmanager=True)
           ^^^^^^^^^^^^^^^^^^^^^^^^^^^^^^^^^^^^
.venv/lib/python3.12/site-packages/sqlalchemy/ext/asyncio/engine.py:275: in start
    await greenlet_spawn(self.sync_engine.connect)
.venv/lib/python3.12/site-packages/sqlalchemy/util/_concurrency_py3k.py:201: in greenlet_spawn
    result = context.throw(*sys.exc_info())
             ^^^^^^^^^^^^^^^^^^^^^^^^^^^^^^
.venv/lib/python3.12/site-packages/sqlalchemy/engine/base.py:3277: in connect
    return self._connection_cls(self)
           ^^^^^^^^^^^^^^^^^^^^^^^^^^
.venv/lib/python3.12/site-packages/sqlalchemy/engine/base.py:143: in __init__
    self._dbapi_connection = engine.raw_connection()
                             ^^^^^^^^^^^^^^^^^^^^^^^
.venv/lib/python3.12/site-packages/sqlalchemy/engine/base.py:3301: in raw_connection
    return self.pool.connect()
           ^^^^^^^^^^^^^^^^^^^
.venv/lib/python3.12/site-packages/sqlalchemy/pool/base.py:447: in connect
    return _ConnectionFairy._checkout(self)
           ^^^^^^^^^^^^^^^^^^^^^^^^^^^^^^^^
.venv/lib/python3.12/site-packages/sqlalchemy/pool/base.py:1264: in _checkout
    fairy = _ConnectionRecord.checkout(pool)
            ^^^^^^^^^^^^^^^^^^^^^^^^^^^^^^^^
.venv/lib/python3.12/site-packages/sqlalchemy/pool/base.py:711: in checkout
    rec = pool._do_get()
          ^^^^^^^^^^^^^^
.venv/lib/python3.12/site-packages/sqlalchemy/pool/impl.py:177: in _do_get
    with util.safe_reraise():
.venv/lib/python3.12/site-packages/sqlalchemy/util/langhelpers.py:224: in __exit__
    raise exc_value.with_traceback(exc_tb)
.venv/lib/python3.12/site-packages/sqlalchemy/pool/impl.py:175: in _do_get
    return self._create_connection()
           ^^^^^^^^^^^^^^^^^^^^^^^^^
.venv/lib/python3.12/site-packages/sqlalchemy/pool/base.py:388: in _create_connection
    return _ConnectionRecord(self)
           ^^^^^^^^^^^^^^^^^^^^^^^
.venv/lib/python3.12/site-packages/sqlalchemy/pool/base.py:673: in __init__
    self.__connect()
.venv/lib/python3.12/site-packages/sqlalchemy/pool/base.py:899: in __connect
    with util.safe_reraise():
.venv/lib/python3.12/site-packages/sqlalchemy/util/langhelpers.py:224: in __exit__
    raise exc_value.with_traceback(exc_tb)
.venv/lib/python3.12/site-packages/sqlalchemy/pool/base.py:895: in __connect
    self.dbapi_connection = connection = pool._invoke_creator(self)
                                         ^^^^^^^^^^^^^^^^^^^^^^^^^^
.venv/lib/python3.12/site-packages/sqlalchemy/engine/create.py:661: in connect
    return dialect.connect(*cargs, **cparams)
           ^^^^^^^^^^^^^^^^^^^^^^^^^^^^^^^^^^
.venv/lib/python3.12/site-packages/sqlalchemy/engine/default.py:629: in connect
    return self.loaded_dbapi.connect(*cargs, **cparams)  # type: ignore[no-any-return]  # NOQA: E501
           ^^^^^^^^^^^^^^^^^^^^^^^^^^^^^^^^^^^^^^^^^^^^
.venv/lib/python3.12/site-packages/sqlalchemy/dialects/postgresql/asyncpg.py:955: in connect
    await_only(creator_fn(*arg, **kw)),
    ^^^^^^^^^^^^^^^^^^^^^^^^^^^^^^^^^^
.venv/lib/python3.12/site-packages/sqlalchemy/util/_concurrency_py3k.py:132: in await_only
    return current.parent.switch(awaitable)  # type: ignore[no-any-return,attr-defined] # noqa: E501
           ^^^^^^^^^^^^^^^^^^^^^^^^^^^^^^^^
.venv/lib/python3.12/site-packages/sqlalchemy/util/_concurrency_py3k.py:196: in greenlet_spawn
    value = await result
            ^^^^^^^^^^^^
.venv/lib/python3.12/site-packages/asyncpg/connection.py:2421: in connect
    return await connect_utils._connect(
.venv/lib/python3.12/site-packages/asyncpg/connect_utils.py:1049: in _connect
    conn = await _connect_addr(
.venv/lib/python3.12/site-packages/asyncpg/connect_utils.py:886: in _connect_addr
    return await __connect_addr(params, True, *args)
           ^^^^^^^^^^^^^^^^^^^^^^^^^^^^^^^^^^^^^^^^^
_ _ _ _ _ _ _ _ _ _ _ _ _ _ _ _ _ _ _ _ _ _ _ _ _ _ _ _ _ _ _ _ _ _ _ _ _ _ _ _ 

params = ConnectionParameters(user='kwok', password='***', database='naicha_test', ssl=<ssl.SSLContext object at 0x7c391fdf4cd0...postgres'>, server_settings=None, target_session_attrs=<SessionAttribute.any: 'any'>, krbsrvname=None, gsslib='gssapi')
retry = True, addr = ('172.21.48.1', 5432)
loop = <_UnixSelectorEventLoop running=False closed=False debug=False>
config = ConnectionConfiguration(command_timeout=None, statement_cache_size=100, max_cached_statement_lifetime=300, max_cacheable_statement_size=15360)
connection_class = <class 'asyncpg.connection.Connection'>
record_class = <class 'asyncpg.Record'>
params_input = ConnectionParameters(user='kwok', password='***', database='naicha_test', ssl=<ssl.SSLContext object at 0x7c391fdf4cd0...postgres'>, server_settings=None, target_session_attrs=<SessionAttribute.any: 'any'>, krbsrvname=None, gsslib='gssapi')

    async def __connect_addr(
        params,
        retry,
        addr,
        loop,
        config,
        connection_class,
        record_class,
        params_input,
    ):
        connected = _create_future(loop)
    
        proto_factory = lambda: protocol.Protocol(
            addr, connected, params, record_class, loop)
    
        if isinstance(addr, str):
            # UNIX socket
            connector = loop.create_unix_connection(proto_factory, addr)
    
        elif params.ssl and params.ssl_negotiation is SSLNegotiation.direct:
            # if ssl and ssl_negotiation is `direct`, skip STARTTLS and perform
            # direct SSL connection
            connector = loop.create_connection(
                proto_factory, *addr, ssl=params.ssl
            )
    
        elif params.ssl:
            connector = _create_ssl_connection(
                proto_factory, *addr, loop=loop, ssl_context=params.ssl,
                ssl_is_advisory=params.sslmode == SSLMode.prefer)
        else:
            connector = loop.create_connection(proto_factory, *addr)
    
        tr, pr = await connector
    
        try:
>           await connected
E           asyncpg.exceptions.ConnectionDoesNotExistError: connection was closed in the middle of operation

.venv/lib/python3.12/site-packages/asyncpg/connect_utils.py:934: ConnectionDoesNotExistError
________________ ERROR at setup of test_execute_auto_cancel_job ________________

self = <_SelectorSocketTransport closed fd=17>

    def _read_ready__data_received(self):
        if self._conn_lost:
            return
        try:
>           data = self._sock.recv(self.max_size)
                   ^^^^^^^^^^^^^^^^^^^^^^^^^^^^^^
E           ConnectionResetError: [Errno 104] Connection reset by peer

/usr/lib/python3.12/asyncio/selector_events.py:1013: ConnectionResetError

The above exception was the direct cause of the following exception:

self = <Coroutine test_execute_auto_cancel_job>

    def setup(self) -> None:
        runner_fixture_id = f"_{self._loop_scope}_scoped_runner"
        if runner_fixture_id not in self.fixturenames:
            self.fixturenames.append(runner_fixture_id)
>       return super().setup()
               ^^^^^^^^^^^^^^^

.venv/lib/python3.12/site-packages/pytest_asyncio/plugin.py:463: 
_ _ _ _ _ _ _ _ _ _ _ _ _ _ _ _ _ _ _ _ _ _ _ _ _ _ _ _ _ _ _ _ _ _ _ _ _ _ _ _ 
.venv/lib/python3.12/site-packages/pytest_asyncio/plugin.py:748: in pytest_fixture_setup
    hook_result = yield
                  ^^^^^
.venv/lib/python3.12/site-packages/pytest_asyncio/plugin.py:318: in _asyncgen_fixture_wrapper
    result = runner.run(setup(), context=context)
             ^^^^^^^^^^^^^^^^^^^^^^^^^^^^^^^^^^^^
/usr/lib/python3.12/asyncio/runners.py:118: in run
    return self._loop.run_until_complete(task)
           ^^^^^^^^^^^^^^^^^^^^^^^^^^^^^^^^^^^
/usr/lib/python3.12/asyncio/base_events.py:687: in run_until_complete
    return future.result()
           ^^^^^^^^^^^^^^^
.venv/lib/python3.12/site-packages/pytest_asyncio/plugin.py:314: in setup
    res = await gen_obj.__anext__()
          ^^^^^^^^^^^^^^^^^^^^^^^^^
tests/conftest.py:71: in model_test_engine
    async with engine.begin() as conn:
/usr/lib/python3.12/contextlib.py:210: in __aenter__
    return await anext(self.gen)
           ^^^^^^^^^^^^^^^^^^^^^
.venv/lib/python3.12/site-packages/sqlalchemy/ext/asyncio/engine.py:1068: in begin
    async with conn:
.venv/lib/python3.12/site-packages/sqlalchemy/ext/asyncio/base.py:121: in __aenter__
    return await self.start(is_ctxmanager=True)
           ^^^^^^^^^^^^^^^^^^^^^^^^^^^^^^^^^^^^
.venv/lib/python3.12/site-packages/sqlalchemy/ext/asyncio/engine.py:275: in start
    await greenlet_spawn(self.sync_engine.connect)
.venv/lib/python3.12/site-packages/sqlalchemy/util/_concurrency_py3k.py:201: in greenlet_spawn
    result = context.throw(*sys.exc_info())
             ^^^^^^^^^^^^^^^^^^^^^^^^^^^^^^
.venv/lib/python3.12/site-packages/sqlalchemy/engine/base.py:3277: in connect
    return self._connection_cls(self)
           ^^^^^^^^^^^^^^^^^^^^^^^^^^
.venv/lib/python3.12/site-packages/sqlalchemy/engine/base.py:143: in __init__
    self._dbapi_connection = engine.raw_connection()
                             ^^^^^^^^^^^^^^^^^^^^^^^
.venv/lib/python3.12/site-packages/sqlalchemy/engine/base.py:3301: in raw_connection
    return self.pool.connect()
           ^^^^^^^^^^^^^^^^^^^
.venv/lib/python3.12/site-packages/sqlalchemy/pool/base.py:447: in connect
    return _ConnectionFairy._checkout(self)
           ^^^^^^^^^^^^^^^^^^^^^^^^^^^^^^^^
.venv/lib/python3.12/site-packages/sqlalchemy/pool/base.py:1264: in _checkout
    fairy = _ConnectionRecord.checkout(pool)
            ^^^^^^^^^^^^^^^^^^^^^^^^^^^^^^^^
.venv/lib/python3.12/site-packages/sqlalchemy/pool/base.py:711: in checkout
    rec = pool._do_get()
          ^^^^^^^^^^^^^^
.venv/lib/python3.12/site-packages/sqlalchemy/pool/impl.py:177: in _do_get
    with util.safe_reraise():
.venv/lib/python3.12/site-packages/sqlalchemy/util/langhelpers.py:224: in __exit__
    raise exc_value.with_traceback(exc_tb)
.venv/lib/python3.12/site-packages/sqlalchemy/pool/impl.py:175: in _do_get
    return self._create_connection()
           ^^^^^^^^^^^^^^^^^^^^^^^^^
.venv/lib/python3.12/site-packages/sqlalchemy/pool/base.py:388: in _create_connection
    return _ConnectionRecord(self)
           ^^^^^^^^^^^^^^^^^^^^^^^
.venv/lib/python3.12/site-packages/sqlalchemy/pool/base.py:673: in __init__
    self.__connect()
.venv/lib/python3.12/site-packages/sqlalchemy/pool/base.py:899: in __connect
    with util.safe_reraise():
.venv/lib/python3.12/site-packages/sqlalchemy/util/langhelpers.py:224: in __exit__
    raise exc_value.with_traceback(exc_tb)
.venv/lib/python3.12/site-packages/sqlalchemy/pool/base.py:895: in __connect
    self.dbapi_connection = connection = pool._invoke_creator(self)
                                         ^^^^^^^^^^^^^^^^^^^^^^^^^^
.venv/lib/python3.12/site-packages/sqlalchemy/engine/create.py:661: in connect
    return dialect.connect(*cargs, **cparams)
           ^^^^^^^^^^^^^^^^^^^^^^^^^^^^^^^^^^
.venv/lib/python3.12/site-packages/sqlalchemy/engine/default.py:629: in connect
    return self.loaded_dbapi.connect(*cargs, **cparams)  # type: ignore[no-any-return]  # NOQA: E501
           ^^^^^^^^^^^^^^^^^^^^^^^^^^^^^^^^^^^^^^^^^^^^
.venv/lib/python3.12/site-packages/sqlalchemy/dialects/postgresql/asyncpg.py:955: in connect
    await_only(creator_fn(*arg, **kw)),
    ^^^^^^^^^^^^^^^^^^^^^^^^^^^^^^^^^^
.venv/lib/python3.12/site-packages/sqlalchemy/util/_concurrency_py3k.py:132: in await_only
    return current.parent.switch(awaitable)  # type: ignore[no-any-return,attr-defined] # noqa: E501
           ^^^^^^^^^^^^^^^^^^^^^^^^^^^^^^^^
.venv/lib/python3.12/site-packages/sqlalchemy/util/_concurrency_py3k.py:196: in greenlet_spawn
    value = await result
            ^^^^^^^^^^^^
.venv/lib/python3.12/site-packages/asyncpg/connection.py:2421: in connect
    return await connect_utils._connect(
.venv/lib/python3.12/site-packages/asyncpg/connect_utils.py:1049: in _connect
    conn = await _connect_addr(
.venv/lib/python3.12/site-packages/asyncpg/connect_utils.py:886: in _connect_addr
    return await __connect_addr(params, True, *args)
           ^^^^^^^^^^^^^^^^^^^^^^^^^^^^^^^^^^^^^^^^^
_ _ _ _ _ _ _ _ _ _ _ _ _ _ _ _ _ _ _ _ _ _ _ _ _ _ _ _ _ _ _ _ _ _ _ _ _ _ _ _ 

params = ConnectionParameters(user='kwok', password='***', database='naicha_test', ssl=<ssl.SSLContext object at 0x7c391fd8bc50...postgres'>, server_settings=None, target_session_attrs=<SessionAttribute.any: 'any'>, krbsrvname=None, gsslib='gssapi')
retry = True, addr = ('172.21.48.1', 5432)
loop = <_UnixSelectorEventLoop running=False closed=False debug=False>
config = ConnectionConfiguration(command_timeout=None, statement_cache_size=100, max_cached_statement_lifetime=300, max_cacheable_statement_size=15360)
connection_class = <class 'asyncpg.connection.Connection'>
record_class = <class 'asyncpg.Record'>
params_input = ConnectionParameters(user='kwok', password='***', database='naicha_test', ssl=<ssl.SSLContext object at 0x7c391fd8bc50...postgres'>, server_settings=None, target_session_attrs=<SessionAttribute.any: 'any'>, krbsrvname=None, gsslib='gssapi')

    async def __connect_addr(
        params,
        retry,
        addr,
        loop,
        config,
        connection_class,
        record_class,
        params_input,
    ):
        connected = _create_future(loop)
    
        proto_factory = lambda: protocol.Protocol(
            addr, connected, params, record_class, loop)
    
        if isinstance(addr, str):
            # UNIX socket
            connector = loop.create_unix_connection(proto_factory, addr)
    
        elif params.ssl and params.ssl_negotiation is SSLNegotiation.direct:
            # if ssl and ssl_negotiation is `direct`, skip STARTTLS and perform
            # direct SSL connection
            connector = loop.create_connection(
                proto_factory, *addr, ssl=params.ssl
            )
    
        elif params.ssl:
            connector = _create_ssl_connection(
                proto_factory, *addr, loop=loop, ssl_context=params.ssl,
                ssl_is_advisory=params.sslmode == SSLMode.prefer)
        else:
            connector = loop.create_connection(proto_factory, *addr)
    
        tr, pr = await connector
    
        try:
>           await connected
E           asyncpg.exceptions.ConnectionDoesNotExistError: connection was closed in the middle of operation

.venv/lib/python3.12/site-packages/asyncpg/connect_utils.py:934: ConnectionDoesNotExistError
____ ERROR at setup of test_menu_service_builds_payload_with_multi_category ____

self = <_SelectorSocketTransport closed fd=17>

    def _read_ready__data_received(self):
        if self._conn_lost:
            return
        try:
>           data = self._sock.recv(self.max_size)
                   ^^^^^^^^^^^^^^^^^^^^^^^^^^^^^^
E           ConnectionResetError: [Errno 104] Connection reset by peer

/usr/lib/python3.12/asyncio/selector_events.py:1013: ConnectionResetError

The above exception was the direct cause of the following exception:

self = <Coroutine test_menu_service_builds_payload_with_multi_category>

    def setup(self) -> None:
        runner_fixture_id = f"_{self._loop_scope}_scoped_runner"
        if runner_fixture_id not in self.fixturenames:
            self.fixturenames.append(runner_fixture_id)
>       return super().setup()
               ^^^^^^^^^^^^^^^

.venv/lib/python3.12/site-packages/pytest_asyncio/plugin.py:463: 
_ _ _ _ _ _ _ _ _ _ _ _ _ _ _ _ _ _ _ _ _ _ _ _ _ _ _ _ _ _ _ _ _ _ _ _ _ _ _ _ 
.venv/lib/python3.12/site-packages/pytest_asyncio/plugin.py:748: in pytest_fixture_setup
    hook_result = yield
                  ^^^^^
.venv/lib/python3.12/site-packages/pytest_asyncio/plugin.py:318: in _asyncgen_fixture_wrapper
    result = runner.run(setup(), context=context)
             ^^^^^^^^^^^^^^^^^^^^^^^^^^^^^^^^^^^^
/usr/lib/python3.12/asyncio/runners.py:118: in run
    return self._loop.run_until_complete(task)
           ^^^^^^^^^^^^^^^^^^^^^^^^^^^^^^^^^^^
/usr/lib/python3.12/asyncio/base_events.py:687: in run_until_complete
    return future.result()
           ^^^^^^^^^^^^^^^
.venv/lib/python3.12/site-packages/pytest_asyncio/plugin.py:314: in setup
    res = await gen_obj.__anext__()
          ^^^^^^^^^^^^^^^^^^^^^^^^^
tests/conftest.py:71: in model_test_engine
    async with engine.begin() as conn:
/usr/lib/python3.12/contextlib.py:210: in __aenter__
    return await anext(self.gen)
           ^^^^^^^^^^^^^^^^^^^^^
.venv/lib/python3.12/site-packages/sqlalchemy/ext/asyncio/engine.py:1068: in begin
    async with conn:
.venv/lib/python3.12/site-packages/sqlalchemy/ext/asyncio/base.py:121: in __aenter__
    return await self.start(is_ctxmanager=True)
           ^^^^^^^^^^^^^^^^^^^^^^^^^^^^^^^^^^^^
.venv/lib/python3.12/site-packages/sqlalchemy/ext/asyncio/engine.py:275: in start
    await greenlet_spawn(self.sync_engine.connect)
.venv/lib/python3.12/site-packages/sqlalchemy/util/_concurrency_py3k.py:201: in greenlet_spawn
    result = context.throw(*sys.exc_info())
             ^^^^^^^^^^^^^^^^^^^^^^^^^^^^^^
.venv/lib/python3.12/site-packages/sqlalchemy/engine/base.py:3277: in connect
    return self._connection_cls(self)
           ^^^^^^^^^^^^^^^^^^^^^^^^^^
.venv/lib/python3.12/site-packages/sqlalchemy/engine/base.py:143: in __init__
    self._dbapi_connection = engine.raw_connection()
                             ^^^^^^^^^^^^^^^^^^^^^^^
.venv/lib/python3.12/site-packages/sqlalchemy/engine/base.py:3301: in raw_connection
    return self.pool.connect()
           ^^^^^^^^^^^^^^^^^^^
.venv/lib/python3.12/site-packages/sqlalchemy/pool/base.py:447: in connect
    return _ConnectionFairy._checkout(self)
           ^^^^^^^^^^^^^^^^^^^^^^^^^^^^^^^^
.venv/lib/python3.12/site-packages/sqlalchemy/pool/base.py:1264: in _checkout
    fairy = _ConnectionRecord.checkout(pool)
            ^^^^^^^^^^^^^^^^^^^^^^^^^^^^^^^^
.venv/lib/python3.12/site-packages/sqlalchemy/pool/base.py:711: in checkout
    rec = pool._do_get()
          ^^^^^^^^^^^^^^
.venv/lib/python3.12/site-packages/sqlalchemy/pool/impl.py:177: in _do_get
    with util.safe_reraise():
.venv/lib/python3.12/site-packages/sqlalchemy/util/langhelpers.py:224: in __exit__
    raise exc_value.with_traceback(exc_tb)
.venv/lib/python3.12/site-packages/sqlalchemy/pool/impl.py:175: in _do_get
    return self._create_connection()
           ^^^^^^^^^^^^^^^^^^^^^^^^^
.venv/lib/python3.12/site-packages/sqlalchemy/pool/base.py:388: in _create_connection
    return _ConnectionRecord(self)
           ^^^^^^^^^^^^^^^^^^^^^^^
.venv/lib/python3.12/site-packages/sqlalchemy/pool/base.py:673: in __init__
    self.__connect()
.venv/lib/python3.12/site-packages/sqlalchemy/pool/base.py:899: in __connect
    with util.safe_reraise():
.venv/lib/python3.12/site-packages/sqlalchemy/util/langhelpers.py:224: in __exit__
    raise exc_value.with_traceback(exc_tb)
.venv/lib/python3.12/site-packages/sqlalchemy/pool/base.py:895: in __connect
    self.dbapi_connection = connection = pool._invoke_creator(self)
                                         ^^^^^^^^^^^^^^^^^^^^^^^^^^
.venv/lib/python3.12/site-packages/sqlalchemy/engine/create.py:661: in connect
    return dialect.connect(*cargs, **cparams)
           ^^^^^^^^^^^^^^^^^^^^^^^^^^^^^^^^^^
.venv/lib/python3.12/site-packages/sqlalchemy/engine/default.py:629: in connect
    return self.loaded_dbapi.connect(*cargs, **cparams)  # type: ignore[no-any-return]  # NOQA: E501
           ^^^^^^^^^^^^^^^^^^^^^^^^^^^^^^^^^^^^^^^^^^^^
.venv/lib/python3.12/site-packages/sqlalchemy/dialects/postgresql/asyncpg.py:955: in connect
    await_only(creator_fn(*arg, **kw)),
    ^^^^^^^^^^^^^^^^^^^^^^^^^^^^^^^^^^
.venv/lib/python3.12/site-packages/sqlalchemy/util/_concurrency_py3k.py:132: in await_only
    return current.parent.switch(awaitable)  # type: ignore[no-any-return,attr-defined] # noqa: E501
           ^^^^^^^^^^^^^^^^^^^^^^^^^^^^^^^^
.venv/lib/python3.12/site-packages/sqlalchemy/util/_concurrency_py3k.py:196: in greenlet_spawn
    value = await result
            ^^^^^^^^^^^^
.venv/lib/python3.12/site-packages/asyncpg/connection.py:2421: in connect
    return await connect_utils._connect(
.venv/lib/python3.12/site-packages/asyncpg/connect_utils.py:1049: in _connect
    conn = await _connect_addr(
.venv/lib/python3.12/site-packages/asyncpg/connect_utils.py:886: in _connect_addr
    return await __connect_addr(params, True, *args)
           ^^^^^^^^^^^^^^^^^^^^^^^^^^^^^^^^^^^^^^^^^
_ _ _ _ _ _ _ _ _ _ _ _ _ _ _ _ _ _ _ _ _ _ _ _ _ _ _ _ _ _ _ _ _ _ _ _ _ _ _ _ 

params = ConnectionParameters(user='kwok', password='***', database='naicha_test', ssl=<ssl.SSLContext object at 0x7c391ffb1550...postgres'>, server_settings=None, target_session_attrs=<SessionAttribute.any: 'any'>, krbsrvname=None, gsslib='gssapi')
retry = True, addr = ('172.21.48.1', 5432)
loop = <_UnixSelectorEventLoop running=False closed=False debug=False>
config = ConnectionConfiguration(command_timeout=None, statement_cache_size=100, max_cached_statement_lifetime=300, max_cacheable_statement_size=15360)
connection_class = <class 'asyncpg.connection.Connection'>
record_class = <class 'asyncpg.Record'>
params_input = ConnectionParameters(user='kwok', password='***', database='naicha_test', ssl=<ssl.SSLContext object at 0x7c391ffb1550...postgres'>, server_settings=None, target_session_attrs=<SessionAttribute.any: 'any'>, krbsrvname=None, gsslib='gssapi')

    async def __connect_addr(
        params,
        retry,
        addr,
        loop,
        config,
        connection_class,
        record_class,
        params_input,
    ):
        connected = _create_future(loop)
    
        proto_factory = lambda: protocol.Protocol(
            addr, connected, params, record_class, loop)
    
        if isinstance(addr, str):
            # UNIX socket
            connector = loop.create_unix_connection(proto_factory, addr)
    
        elif params.ssl and params.ssl_negotiation is SSLNegotiation.direct:
            # if ssl and ssl_negotiation is `direct`, skip STARTTLS and perform
            # direct SSL connection
            connector = loop.create_connection(
                proto_factory, *addr, ssl=params.ssl
            )
    
        elif params.ssl:
            connector = _create_ssl_connection(
                proto_factory, *addr, loop=loop, ssl_context=params.ssl,
                ssl_is_advisory=params.sslmode == SSLMode.prefer)
        else:
            connector = loop.create_connection(proto_factory, *addr)
    
        tr, pr = await connector
    
        try:
>           await connected
E           asyncpg.exceptions.ConnectionDoesNotExistError: connection was closed in the middle of operation

.venv/lib/python3.12/site-packages/asyncpg/connect_utils.py:934: ConnectionDoesNotExistError
______ ERROR at setup of test_menu_service_respects_single_category_mode _______

self = <_SelectorSocketTransport closed fd=17>

    def _read_ready__data_received(self):
        if self._conn_lost:
            return
        try:
>           data = self._sock.recv(self.max_size)
                   ^^^^^^^^^^^^^^^^^^^^^^^^^^^^^^
E           ConnectionResetError: [Errno 104] Connection reset by peer

/usr/lib/python3.12/asyncio/selector_events.py:1013: ConnectionResetError

The above exception was the direct cause of the following exception:

self = <Coroutine test_menu_service_respects_single_category_mode>

    def setup(self) -> None:
        runner_fixture_id = f"_{self._loop_scope}_scoped_runner"
        if runner_fixture_id not in self.fixturenames:
            self.fixturenames.append(runner_fixture_id)
>       return super().setup()
               ^^^^^^^^^^^^^^^

.venv/lib/python3.12/site-packages/pytest_asyncio/plugin.py:463: 
_ _ _ _ _ _ _ _ _ _ _ _ _ _ _ _ _ _ _ _ _ _ _ _ _ _ _ _ _ _ _ _ _ _ _ _ _ _ _ _ 
.venv/lib/python3.12/site-packages/pytest_asyncio/plugin.py:748: in pytest_fixture_setup
    hook_result = yield
                  ^^^^^
.venv/lib/python3.12/site-packages/pytest_asyncio/plugin.py:318: in _asyncgen_fixture_wrapper
    result = runner.run(setup(), context=context)
             ^^^^^^^^^^^^^^^^^^^^^^^^^^^^^^^^^^^^
/usr/lib/python3.12/asyncio/runners.py:118: in run
    return self._loop.run_until_complete(task)
           ^^^^^^^^^^^^^^^^^^^^^^^^^^^^^^^^^^^
/usr/lib/python3.12/asyncio/base_events.py:687: in run_until_complete
    return future.result()
           ^^^^^^^^^^^^^^^
.venv/lib/python3.12/site-packages/pytest_asyncio/plugin.py:314: in setup
    res = await gen_obj.__anext__()
          ^^^^^^^^^^^^^^^^^^^^^^^^^
tests/conftest.py:71: in model_test_engine
    async with engine.begin() as conn:
/usr/lib/python3.12/contextlib.py:210: in __aenter__
    return await anext(self.gen)
           ^^^^^^^^^^^^^^^^^^^^^
.venv/lib/python3.12/site-packages/sqlalchemy/ext/asyncio/engine.py:1068: in begin
    async with conn:
.venv/lib/python3.12/site-packages/sqlalchemy/ext/asyncio/base.py:121: in __aenter__
    return await self.start(is_ctxmanager=True)
           ^^^^^^^^^^^^^^^^^^^^^^^^^^^^^^^^^^^^
.venv/lib/python3.12/site-packages/sqlalchemy/ext/asyncio/engine.py:275: in start
    await greenlet_spawn(self.sync_engine.connect)
.venv/lib/python3.12/site-packages/sqlalchemy/util/_concurrency_py3k.py:201: in greenlet_spawn
    result = context.throw(*sys.exc_info())
             ^^^^^^^^^^^^^^^^^^^^^^^^^^^^^^
.venv/lib/python3.12/site-packages/sqlalchemy/engine/base.py:3277: in connect
    return self._connection_cls(self)
           ^^^^^^^^^^^^^^^^^^^^^^^^^^
.venv/lib/python3.12/site-packages/sqlalchemy/engine/base.py:143: in __init__
    self._dbapi_connection = engine.raw_connection()
                             ^^^^^^^^^^^^^^^^^^^^^^^
.venv/lib/python3.12/site-packages/sqlalchemy/engine/base.py:3301: in raw_connection
    return self.pool.connect()
           ^^^^^^^^^^^^^^^^^^^
.venv/lib/python3.12/site-packages/sqlalchemy/pool/base.py:447: in connect
    return _ConnectionFairy._checkout(self)
           ^^^^^^^^^^^^^^^^^^^^^^^^^^^^^^^^
.venv/lib/python3.12/site-packages/sqlalchemy/pool/base.py:1264: in _checkout
    fairy = _ConnectionRecord.checkout(pool)
            ^^^^^^^^^^^^^^^^^^^^^^^^^^^^^^^^
.venv/lib/python3.12/site-packages/sqlalchemy/pool/base.py:711: in checkout
    rec = pool._do_get()
          ^^^^^^^^^^^^^^
.venv/lib/python3.12/site-packages/sqlalchemy/pool/impl.py:177: in _do_get
    with util.safe_reraise():
.venv/lib/python3.12/site-packages/sqlalchemy/util/langhelpers.py:224: in __exit__
    raise exc_value.with_traceback(exc_tb)
.venv/lib/python3.12/site-packages/sqlalchemy/pool/impl.py:175: in _do_get
    return self._create_connection()
           ^^^^^^^^^^^^^^^^^^^^^^^^^
.venv/lib/python3.12/site-packages/sqlalchemy/pool/base.py:388: in _create_connection
    return _ConnectionRecord(self)
           ^^^^^^^^^^^^^^^^^^^^^^^
.venv/lib/python3.12/site-packages/sqlalchemy/pool/base.py:673: in __init__
    self.__connect()
.venv/lib/python3.12/site-packages/sqlalchemy/pool/base.py:899: in __connect
    with util.safe_reraise():
.venv/lib/python3.12/site-packages/sqlalchemy/util/langhelpers.py:224: in __exit__
    raise exc_value.with_traceback(exc_tb)
.venv/lib/python3.12/site-packages/sqlalchemy/pool/base.py:895: in __connect
    self.dbapi_connection = connection = pool._invoke_creator(self)
                                         ^^^^^^^^^^^^^^^^^^^^^^^^^^
.venv/lib/python3.12/site-packages/sqlalchemy/engine/create.py:661: in connect
    return dialect.connect(*cargs, **cparams)
           ^^^^^^^^^^^^^^^^^^^^^^^^^^^^^^^^^^
.venv/lib/python3.12/site-packages/sqlalchemy/engine/default.py:629: in connect
    return self.loaded_dbapi.connect(*cargs, **cparams)  # type: ignore[no-any-return]  # NOQA: E501
           ^^^^^^^^^^^^^^^^^^^^^^^^^^^^^^^^^^^^^^^^^^^^
.venv/lib/python3.12/site-packages/sqlalchemy/dialects/postgresql/asyncpg.py:955: in connect
    await_only(creator_fn(*arg, **kw)),
    ^^^^^^^^^^^^^^^^^^^^^^^^^^^^^^^^^^
.venv/lib/python3.12/site-packages/sqlalchemy/util/_concurrency_py3k.py:132: in await_only
    return current.parent.switch(awaitable)  # type: ignore[no-any-return,attr-defined] # noqa: E501
           ^^^^^^^^^^^^^^^^^^^^^^^^^^^^^^^^
.venv/lib/python3.12/site-packages/sqlalchemy/util/_concurrency_py3k.py:196: in greenlet_spawn
    value = await result
            ^^^^^^^^^^^^
.venv/lib/python3.12/site-packages/asyncpg/connection.py:2421: in connect
    return await connect_utils._connect(
.venv/lib/python3.12/site-packages/asyncpg/connect_utils.py:1049: in _connect
    conn = await _connect_addr(
.venv/lib/python3.12/site-packages/asyncpg/connect_utils.py:886: in _connect_addr
    return await __connect_addr(params, True, *args)
           ^^^^^^^^^^^^^^^^^^^^^^^^^^^^^^^^^^^^^^^^^
_ _ _ _ _ _ _ _ _ _ _ _ _ _ _ _ _ _ _ _ _ _ _ _ _ _ _ _ _ _ _ _ _ _ _ _ _ _ _ _ 

params = ConnectionParameters(user='kwok', password='***', database='naicha_test', ssl=<ssl.SSLContext object at 0x7c391fd88450...postgres'>, server_settings=None, target_session_attrs=<SessionAttribute.any: 'any'>, krbsrvname=None, gsslib='gssapi')
retry = True, addr = ('172.21.48.1', 5432)
loop = <_UnixSelectorEventLoop running=False closed=False debug=False>
config = ConnectionConfiguration(command_timeout=None, statement_cache_size=100, max_cached_statement_lifetime=300, max_cacheable_statement_size=15360)
connection_class = <class 'asyncpg.connection.Connection'>
record_class = <class 'asyncpg.Record'>
params_input = ConnectionParameters(user='kwok', password='***', database='naicha_test', ssl=<ssl.SSLContext object at 0x7c391fd88450...postgres'>, server_settings=None, target_session_attrs=<SessionAttribute.any: 'any'>, krbsrvname=None, gsslib='gssapi')

    async def __connect_addr(
        params,
        retry,
        addr,
        loop,
        config,
        connection_class,
        record_class,
        params_input,
    ):
        connected = _create_future(loop)
    
        proto_factory = lambda: protocol.Protocol(
            addr, connected, params, record_class, loop)
    
        if isinstance(addr, str):
            # UNIX socket
            connector = loop.create_unix_connection(proto_factory, addr)
    
        elif params.ssl and params.ssl_negotiation is SSLNegotiation.direct:
            # if ssl and ssl_negotiation is `direct`, skip STARTTLS and perform
            # direct SSL connection
            connector = loop.create_connection(
                proto_factory, *addr, ssl=params.ssl
            )
    
        elif params.ssl:
            connector = _create_ssl_connection(
                proto_factory, *addr, loop=loop, ssl_context=params.ssl,
                ssl_is_advisory=params.sslmode == SSLMode.prefer)
        else:
            connector = loop.create_connection(proto_factory, *addr)
    
        tr, pr = await connector
    
        try:
>           await connected
E           asyncpg.exceptions.ConnectionDoesNotExistError: connection was closed in the middle of operation

.venv/lib/python3.12/site-packages/asyncpg/connect_utils.py:934: ConnectionDoesNotExistError
______________ ERROR at setup of test_menu_service_cache_expires _______________

self = <_SelectorSocketTransport closed fd=17>

    def _read_ready__data_received(self):
        if self._conn_lost:
            return
        try:
>           data = self._sock.recv(self.max_size)
                   ^^^^^^^^^^^^^^^^^^^^^^^^^^^^^^
E           ConnectionResetError: [Errno 104] Connection reset by peer

/usr/lib/python3.12/asyncio/selector_events.py:1013: ConnectionResetError

The above exception was the direct cause of the following exception:

self = <Coroutine test_menu_service_cache_expires>

    def setup(self) -> None:
        runner_fixture_id = f"_{self._loop_scope}_scoped_runner"
        if runner_fixture_id not in self.fixturenames:
            self.fixturenames.append(runner_fixture_id)
>       return super().setup()
               ^^^^^^^^^^^^^^^

.venv/lib/python3.12/site-packages/pytest_asyncio/plugin.py:463: 
_ _ _ _ _ _ _ _ _ _ _ _ _ _ _ _ _ _ _ _ _ _ _ _ _ _ _ _ _ _ _ _ _ _ _ _ _ _ _ _ 
.venv/lib/python3.12/site-packages/pytest_asyncio/plugin.py:748: in pytest_fixture_setup
    hook_result = yield
                  ^^^^^
.venv/lib/python3.12/site-packages/pytest_asyncio/plugin.py:318: in _asyncgen_fixture_wrapper
    result = runner.run(setup(), context=context)
             ^^^^^^^^^^^^^^^^^^^^^^^^^^^^^^^^^^^^
/usr/lib/python3.12/asyncio/runners.py:118: in run
    return self._loop.run_until_complete(task)
           ^^^^^^^^^^^^^^^^^^^^^^^^^^^^^^^^^^^
/usr/lib/python3.12/asyncio/base_events.py:687: in run_until_complete
    return future.result()
           ^^^^^^^^^^^^^^^
.venv/lib/python3.12/site-packages/pytest_asyncio/plugin.py:314: in setup
    res = await gen_obj.__anext__()
          ^^^^^^^^^^^^^^^^^^^^^^^^^
tests/conftest.py:71: in model_test_engine
    async with engine.begin() as conn:
/usr/lib/python3.12/contextlib.py:210: in __aenter__
    return await anext(self.gen)
           ^^^^^^^^^^^^^^^^^^^^^
.venv/lib/python3.12/site-packages/sqlalchemy/ext/asyncio/engine.py:1068: in begin
    async with conn:
.venv/lib/python3.12/site-packages/sqlalchemy/ext/asyncio/base.py:121: in __aenter__
    return await self.start(is_ctxmanager=True)
           ^^^^^^^^^^^^^^^^^^^^^^^^^^^^^^^^^^^^
.venv/lib/python3.12/site-packages/sqlalchemy/ext/asyncio/engine.py:275: in start
    await greenlet_spawn(self.sync_engine.connect)
.venv/lib/python3.12/site-packages/sqlalchemy/util/_concurrency_py3k.py:201: in greenlet_spawn
    result = context.throw(*sys.exc_info())
             ^^^^^^^^^^^^^^^^^^^^^^^^^^^^^^
.venv/lib/python3.12/site-packages/sqlalchemy/engine/base.py:3277: in connect
    return self._connection_cls(self)
           ^^^^^^^^^^^^^^^^^^^^^^^^^^
.venv/lib/python3.12/site-packages/sqlalchemy/engine/base.py:143: in __init__
    self._dbapi_connection = engine.raw_connection()
                             ^^^^^^^^^^^^^^^^^^^^^^^
.venv/lib/python3.12/site-packages/sqlalchemy/engine/base.py:3301: in raw_connection
    return self.pool.connect()
           ^^^^^^^^^^^^^^^^^^^
.venv/lib/python3.12/site-packages/sqlalchemy/pool/base.py:447: in connect
    return _ConnectionFairy._checkout(self)
           ^^^^^^^^^^^^^^^^^^^^^^^^^^^^^^^^
.venv/lib/python3.12/site-packages/sqlalchemy/pool/base.py:1264: in _checkout
    fairy = _ConnectionRecord.checkout(pool)
            ^^^^^^^^^^^^^^^^^^^^^^^^^^^^^^^^
.venv/lib/python3.12/site-packages/sqlalchemy/pool/base.py:711: in checkout
    rec = pool._do_get()
          ^^^^^^^^^^^^^^
.venv/lib/python3.12/site-packages/sqlalchemy/pool/impl.py:177: in _do_get
    with util.safe_reraise():
.venv/lib/python3.12/site-packages/sqlalchemy/util/langhelpers.py:224: in __exit__
    raise exc_value.with_traceback(exc_tb)
.venv/lib/python3.12/site-packages/sqlalchemy/pool/impl.py:175: in _do_get
    return self._create_connection()
           ^^^^^^^^^^^^^^^^^^^^^^^^^
.venv/lib/python3.12/site-packages/sqlalchemy/pool/base.py:388: in _create_connection
    return _ConnectionRecord(self)
           ^^^^^^^^^^^^^^^^^^^^^^^
.venv/lib/python3.12/site-packages/sqlalchemy/pool/base.py:673: in __init__
    self.__connect()
.venv/lib/python3.12/site-packages/sqlalchemy/pool/base.py:899: in __connect
    with util.safe_reraise():
.venv/lib/python3.12/site-packages/sqlalchemy/util/langhelpers.py:224: in __exit__
    raise exc_value.with_traceback(exc_tb)
.venv/lib/python3.12/site-packages/sqlalchemy/pool/base.py:895: in __connect
    self.dbapi_connection = connection = pool._invoke_creator(self)
                                         ^^^^^^^^^^^^^^^^^^^^^^^^^^
.venv/lib/python3.12/site-packages/sqlalchemy/engine/create.py:661: in connect
    return dialect.connect(*cargs, **cparams)
           ^^^^^^^^^^^^^^^^^^^^^^^^^^^^^^^^^^
.venv/lib/python3.12/site-packages/sqlalchemy/engine/default.py:629: in connect
    return self.loaded_dbapi.connect(*cargs, **cparams)  # type: ignore[no-any-return]  # NOQA: E501
           ^^^^^^^^^^^^^^^^^^^^^^^^^^^^^^^^^^^^^^^^^^^^
.venv/lib/python3.12/site-packages/sqlalchemy/dialects/postgresql/asyncpg.py:955: in connect
    await_only(creator_fn(*arg, **kw)),
    ^^^^^^^^^^^^^^^^^^^^^^^^^^^^^^^^^^
.venv/lib/python3.12/site-packages/sqlalchemy/util/_concurrency_py3k.py:132: in await_only
    return current.parent.switch(awaitable)  # type: ignore[no-any-return,attr-defined] # noqa: E501
           ^^^^^^^^^^^^^^^^^^^^^^^^^^^^^^^^
.venv/lib/python3.12/site-packages/sqlalchemy/util/_concurrency_py3k.py:196: in greenlet_spawn
    value = await result
            ^^^^^^^^^^^^
.venv/lib/python3.12/site-packages/asyncpg/connection.py:2421: in connect
    return await connect_utils._connect(
.venv/lib/python3.12/site-packages/asyncpg/connect_utils.py:1049: in _connect
    conn = await _connect_addr(
.venv/lib/python3.12/site-packages/asyncpg/connect_utils.py:886: in _connect_addr
    return await __connect_addr(params, True, *args)
           ^^^^^^^^^^^^^^^^^^^^^^^^^^^^^^^^^^^^^^^^^
_ _ _ _ _ _ _ _ _ _ _ _ _ _ _ _ _ _ _ _ _ _ _ _ _ _ _ _ _ _ _ _ _ _ _ _ _ _ _ _ 

params = ConnectionParameters(user='kwok', password='***', database='naicha_test', ssl=<ssl.SSLContext object at 0x7c391fcf77d0...postgres'>, server_settings=None, target_session_attrs=<SessionAttribute.any: 'any'>, krbsrvname=None, gsslib='gssapi')
retry = True, addr = ('172.21.48.1', 5432)
loop = <_UnixSelectorEventLoop running=False closed=False debug=False>
config = ConnectionConfiguration(command_timeout=None, statement_cache_size=100, max_cached_statement_lifetime=300, max_cacheable_statement_size=15360)
connection_class = <class 'asyncpg.connection.Connection'>
record_class = <class 'asyncpg.Record'>
params_input = ConnectionParameters(user='kwok', password='***', database='naicha_test', ssl=<ssl.SSLContext object at 0x7c391fcf77d0...postgres'>, server_settings=None, target_session_attrs=<SessionAttribute.any: 'any'>, krbsrvname=None, gsslib='gssapi')

    async def __connect_addr(
        params,
        retry,
        addr,
        loop,
        config,
        connection_class,
        record_class,
        params_input,
    ):
        connected = _create_future(loop)
    
        proto_factory = lambda: protocol.Protocol(
            addr, connected, params, record_class, loop)
    
        if isinstance(addr, str):
            # UNIX socket
            connector = loop.create_unix_connection(proto_factory, addr)
    
        elif params.ssl and params.ssl_negotiation is SSLNegotiation.direct:
            # if ssl and ssl_negotiation is `direct`, skip STARTTLS and perform
            # direct SSL connection
            connector = loop.create_connection(
                proto_factory, *addr, ssl=params.ssl
            )
    
        elif params.ssl:
            connector = _create_ssl_connection(
                proto_factory, *addr, loop=loop, ssl_context=params.ssl,
                ssl_is_advisory=params.sslmode == SSLMode.prefer)
        else:
            connector = loop.create_connection(proto_factory, *addr)
    
        tr, pr = await connector
    
        try:
>           await connected
E           asyncpg.exceptions.ConnectionDoesNotExistError: connection was closed in the middle of operation

.venv/lib/python3.12/site-packages/asyncpg/connect_utils.py:934: ConnectionDoesNotExistError
__ ERROR at setup of test_menu_cache_invalidates_when_remote_version_changes ___

self = <_SelectorSocketTransport closed fd=17>

    def _read_ready__data_received(self):
        if self._conn_lost:
            return
        try:
>           data = self._sock.recv(self.max_size)
                   ^^^^^^^^^^^^^^^^^^^^^^^^^^^^^^
E           ConnectionResetError: [Errno 104] Connection reset by peer

/usr/lib/python3.12/asyncio/selector_events.py:1013: ConnectionResetError

The above exception was the direct cause of the following exception:

self = <Coroutine test_menu_cache_invalidates_when_remote_version_changes>

    def setup(self) -> None:
        runner_fixture_id = f"_{self._loop_scope}_scoped_runner"
        if runner_fixture_id not in self.fixturenames:
            self.fixturenames.append(runner_fixture_id)
>       return super().setup()
               ^^^^^^^^^^^^^^^

.venv/lib/python3.12/site-packages/pytest_asyncio/plugin.py:463: 
_ _ _ _ _ _ _ _ _ _ _ _ _ _ _ _ _ _ _ _ _ _ _ _ _ _ _ _ _ _ _ _ _ _ _ _ _ _ _ _ 
.venv/lib/python3.12/site-packages/pytest_asyncio/plugin.py:748: in pytest_fixture_setup
    hook_result = yield
                  ^^^^^
.venv/lib/python3.12/site-packages/pytest_asyncio/plugin.py:318: in _asyncgen_fixture_wrapper
    result = runner.run(setup(), context=context)
             ^^^^^^^^^^^^^^^^^^^^^^^^^^^^^^^^^^^^
/usr/lib/python3.12/asyncio/runners.py:118: in run
    return self._loop.run_until_complete(task)
           ^^^^^^^^^^^^^^^^^^^^^^^^^^^^^^^^^^^
/usr/lib/python3.12/asyncio/base_events.py:687: in run_until_complete
    return future.result()
           ^^^^^^^^^^^^^^^
.venv/lib/python3.12/site-packages/pytest_asyncio/plugin.py:314: in setup
    res = await gen_obj.__anext__()
          ^^^^^^^^^^^^^^^^^^^^^^^^^
tests/conftest.py:71: in model_test_engine
    async with engine.begin() as conn:
/usr/lib/python3.12/contextlib.py:210: in __aenter__
    return await anext(self.gen)
           ^^^^^^^^^^^^^^^^^^^^^
.venv/lib/python3.12/site-packages/sqlalchemy/ext/asyncio/engine.py:1068: in begin
    async with conn:
.venv/lib/python3.12/site-packages/sqlalchemy/ext/asyncio/base.py:121: in __aenter__
    return await self.start(is_ctxmanager=True)
           ^^^^^^^^^^^^^^^^^^^^^^^^^^^^^^^^^^^^
.venv/lib/python3.12/site-packages/sqlalchemy/ext/asyncio/engine.py:275: in start
    await greenlet_spawn(self.sync_engine.connect)
.venv/lib/python3.12/site-packages/sqlalchemy/util/_concurrency_py3k.py:201: in greenlet_spawn
    result = context.throw(*sys.exc_info())
             ^^^^^^^^^^^^^^^^^^^^^^^^^^^^^^
.venv/lib/python3.12/site-packages/sqlalchemy/engine/base.py:3277: in connect
    return self._connection_cls(self)
           ^^^^^^^^^^^^^^^^^^^^^^^^^^
.venv/lib/python3.12/site-packages/sqlalchemy/engine/base.py:143: in __init__
    self._dbapi_connection = engine.raw_connection()
                             ^^^^^^^^^^^^^^^^^^^^^^^
.venv/lib/python3.12/site-packages/sqlalchemy/engine/base.py:3301: in raw_connection
    return self.pool.connect()
           ^^^^^^^^^^^^^^^^^^^
.venv/lib/python3.12/site-packages/sqlalchemy/pool/base.py:447: in connect
    return _ConnectionFairy._checkout(self)
           ^^^^^^^^^^^^^^^^^^^^^^^^^^^^^^^^
.venv/lib/python3.12/site-packages/sqlalchemy/pool/base.py:1264: in _checkout
    fairy = _ConnectionRecord.checkout(pool)
            ^^^^^^^^^^^^^^^^^^^^^^^^^^^^^^^^
.venv/lib/python3.12/site-packages/sqlalchemy/pool/base.py:711: in checkout
    rec = pool._do_get()
          ^^^^^^^^^^^^^^
.venv/lib/python3.12/site-packages/sqlalchemy/pool/impl.py:177: in _do_get
    with util.safe_reraise():
.venv/lib/python3.12/site-packages/sqlalchemy/util/langhelpers.py:224: in __exit__
    raise exc_value.with_traceback(exc_tb)
.venv/lib/python3.12/site-packages/sqlalchemy/pool/impl.py:175: in _do_get
    return self._create_connection()
           ^^^^^^^^^^^^^^^^^^^^^^^^^
.venv/lib/python3.12/site-packages/sqlalchemy/pool/base.py:388: in _create_connection
    return _ConnectionRecord(self)
           ^^^^^^^^^^^^^^^^^^^^^^^
.venv/lib/python3.12/site-packages/sqlalchemy/pool/base.py:673: in __init__
    self.__connect()
.venv/lib/python3.12/site-packages/sqlalchemy/pool/base.py:899: in __connect
    with util.safe_reraise():
.venv/lib/python3.12/site-packages/sqlalchemy/util/langhelpers.py:224: in __exit__
    raise exc_value.with_traceback(exc_tb)
.venv/lib/python3.12/site-packages/sqlalchemy/pool/base.py:895: in __connect
    self.dbapi_connection = connection = pool._invoke_creator(self)
                                         ^^^^^^^^^^^^^^^^^^^^^^^^^^
.venv/lib/python3.12/site-packages/sqlalchemy/engine/create.py:661: in connect
    return dialect.connect(*cargs, **cparams)
           ^^^^^^^^^^^^^^^^^^^^^^^^^^^^^^^^^^
.venv/lib/python3.12/site-packages/sqlalchemy/engine/default.py:629: in connect
    return self.loaded_dbapi.connect(*cargs, **cparams)  # type: ignore[no-any-return]  # NOQA: E501
           ^^^^^^^^^^^^^^^^^^^^^^^^^^^^^^^^^^^^^^^^^^^^
.venv/lib/python3.12/site-packages/sqlalchemy/dialects/postgresql/asyncpg.py:955: in connect
    await_only(creator_fn(*arg, **kw)),
    ^^^^^^^^^^^^^^^^^^^^^^^^^^^^^^^^^^
.venv/lib/python3.12/site-packages/sqlalchemy/util/_concurrency_py3k.py:132: in await_only
    return current.parent.switch(awaitable)  # type: ignore[no-any-return,attr-defined] # noqa: E501
           ^^^^^^^^^^^^^^^^^^^^^^^^^^^^^^^^
.venv/lib/python3.12/site-packages/sqlalchemy/util/_concurrency_py3k.py:196: in greenlet_spawn
    value = await result
            ^^^^^^^^^^^^
.venv/lib/python3.12/site-packages/asyncpg/connection.py:2421: in connect
    return await connect_utils._connect(
.venv/lib/python3.12/site-packages/asyncpg/connect_utils.py:1049: in _connect
    conn = await _connect_addr(
.venv/lib/python3.12/site-packages/asyncpg/connect_utils.py:886: in _connect_addr
    return await __connect_addr(params, True, *args)
           ^^^^^^^^^^^^^^^^^^^^^^^^^^^^^^^^^^^^^^^^^
_ _ _ _ _ _ _ _ _ _ _ _ _ _ _ _ _ _ _ _ _ _ _ _ _ _ _ _ _ _ _ _ _ _ _ _ _ _ _ _ 

params = ConnectionParameters(user='kwok', password='***', database='naicha_test', ssl=<ssl.SSLContext object at 0x7c391ef10e50...postgres'>, server_settings=None, target_session_attrs=<SessionAttribute.any: 'any'>, krbsrvname=None, gsslib='gssapi')
retry = True, addr = ('172.21.48.1', 5432)
loop = <_UnixSelectorEventLoop running=False closed=False debug=False>
config = ConnectionConfiguration(command_timeout=None, statement_cache_size=100, max_cached_statement_lifetime=300, max_cacheable_statement_size=15360)
connection_class = <class 'asyncpg.connection.Connection'>
record_class = <class 'asyncpg.Record'>
params_input = ConnectionParameters(user='kwok', password='***', database='naicha_test', ssl=<ssl.SSLContext object at 0x7c391ef10e50...postgres'>, server_settings=None, target_session_attrs=<SessionAttribute.any: 'any'>, krbsrvname=None, gsslib='gssapi')

    async def __connect_addr(
        params,
        retry,
        addr,
        loop,
        config,
        connection_class,
        record_class,
        params_input,
    ):
        connected = _create_future(loop)
    
        proto_factory = lambda: protocol.Protocol(
            addr, connected, params, record_class, loop)
    
        if isinstance(addr, str):
            # UNIX socket
            connector = loop.create_unix_connection(proto_factory, addr)
    
        elif params.ssl and params.ssl_negotiation is SSLNegotiation.direct:
            # if ssl and ssl_negotiation is `direct`, skip STARTTLS and perform
            # direct SSL connection
            connector = loop.create_connection(
                proto_factory, *addr, ssl=params.ssl
            )
    
        elif params.ssl:
            connector = _create_ssl_connection(
                proto_factory, *addr, loop=loop, ssl_context=params.ssl,
                ssl_is_advisory=params.sslmode == SSLMode.prefer)
        else:
            connector = loop.create_connection(proto_factory, *addr)
    
        tr, pr = await connector
    
        try:
>           await connected
E           asyncpg.exceptions.ConnectionDoesNotExistError: connection was closed in the middle of operation

.venv/lib/python3.12/site-packages/asyncpg/connect_utils.py:934: ConnectionDoesNotExistError
_______ ERROR at setup of test_concurrent_order_creation_respects_stock ________

self = <_SelectorSocketTransport closed fd=17>

    def _read_ready__data_received(self):
        if self._conn_lost:
            return
        try:
>           data = self._sock.recv(self.max_size)
                   ^^^^^^^^^^^^^^^^^^^^^^^^^^^^^^
E           ConnectionResetError: [Errno 104] Connection reset by peer

/usr/lib/python3.12/asyncio/selector_events.py:1013: ConnectionResetError

The above exception was the direct cause of the following exception:

self = <Coroutine test_concurrent_order_creation_respects_stock>

    def setup(self) -> None:
        runner_fixture_id = f"_{self._loop_scope}_scoped_runner"
        if runner_fixture_id not in self.fixturenames:
            self.fixturenames.append(runner_fixture_id)
>       return super().setup()
               ^^^^^^^^^^^^^^^

.venv/lib/python3.12/site-packages/pytest_asyncio/plugin.py:463: 
_ _ _ _ _ _ _ _ _ _ _ _ _ _ _ _ _ _ _ _ _ _ _ _ _ _ _ _ _ _ _ _ _ _ _ _ _ _ _ _ 
.venv/lib/python3.12/site-packages/pytest_asyncio/plugin.py:748: in pytest_fixture_setup
    hook_result = yield
                  ^^^^^
.venv/lib/python3.12/site-packages/pytest_asyncio/plugin.py:318: in _asyncgen_fixture_wrapper
    result = runner.run(setup(), context=context)
             ^^^^^^^^^^^^^^^^^^^^^^^^^^^^^^^^^^^^
/usr/lib/python3.12/asyncio/runners.py:118: in run
    return self._loop.run_until_complete(task)
           ^^^^^^^^^^^^^^^^^^^^^^^^^^^^^^^^^^^
/usr/lib/python3.12/asyncio/base_events.py:687: in run_until_complete
    return future.result()
           ^^^^^^^^^^^^^^^
.venv/lib/python3.12/site-packages/pytest_asyncio/plugin.py:314: in setup
    res = await gen_obj.__anext__()
          ^^^^^^^^^^^^^^^^^^^^^^^^^
tests/conftest.py:71: in model_test_engine
    async with engine.begin() as conn:
/usr/lib/python3.12/contextlib.py:210: in __aenter__
    return await anext(self.gen)
           ^^^^^^^^^^^^^^^^^^^^^
.venv/lib/python3.12/site-packages/sqlalchemy/ext/asyncio/engine.py:1068: in begin
    async with conn:
.venv/lib/python3.12/site-packages/sqlalchemy/ext/asyncio/base.py:121: in __aenter__
    return await self.start(is_ctxmanager=True)
           ^^^^^^^^^^^^^^^^^^^^^^^^^^^^^^^^^^^^
.venv/lib/python3.12/site-packages/sqlalchemy/ext/asyncio/engine.py:275: in start
    await greenlet_spawn(self.sync_engine.connect)
.venv/lib/python3.12/site-packages/sqlalchemy/util/_concurrency_py3k.py:201: in greenlet_spawn
    result = context.throw(*sys.exc_info())
             ^^^^^^^^^^^^^^^^^^^^^^^^^^^^^^
.venv/lib/python3.12/site-packages/sqlalchemy/engine/base.py:3277: in connect
    return self._connection_cls(self)
           ^^^^^^^^^^^^^^^^^^^^^^^^^^
.venv/lib/python3.12/site-packages/sqlalchemy/engine/base.py:143: in __init__
    self._dbapi_connection = engine.raw_connection()
                             ^^^^^^^^^^^^^^^^^^^^^^^
.venv/lib/python3.12/site-packages/sqlalchemy/engine/base.py:3301: in raw_connection
    return self.pool.connect()
           ^^^^^^^^^^^^^^^^^^^
.venv/lib/python3.12/site-packages/sqlalchemy/pool/base.py:447: in connect
    return _ConnectionFairy._checkout(self)
           ^^^^^^^^^^^^^^^^^^^^^^^^^^^^^^^^
.venv/lib/python3.12/site-packages/sqlalchemy/pool/base.py:1264: in _checkout
    fairy = _ConnectionRecord.checkout(pool)
            ^^^^^^^^^^^^^^^^^^^^^^^^^^^^^^^^
.venv/lib/python3.12/site-packages/sqlalchemy/pool/base.py:711: in checkout
    rec = pool._do_get()
          ^^^^^^^^^^^^^^
.venv/lib/python3.12/site-packages/sqlalchemy/pool/impl.py:177: in _do_get
    with util.safe_reraise():
.venv/lib/python3.12/site-packages/sqlalchemy/util/langhelpers.py:224: in __exit__
    raise exc_value.with_traceback(exc_tb)
.venv/lib/python3.12/site-packages/sqlalchemy/pool/impl.py:175: in _do_get
    return self._create_connection()
           ^^^^^^^^^^^^^^^^^^^^^^^^^
.venv/lib/python3.12/site-packages/sqlalchemy/pool/base.py:388: in _create_connection
    return _ConnectionRecord(self)
           ^^^^^^^^^^^^^^^^^^^^^^^
.venv/lib/python3.12/site-packages/sqlalchemy/pool/base.py:673: in __init__
    self.__connect()
.venv/lib/python3.12/site-packages/sqlalchemy/pool/base.py:899: in __connect
    with util.safe_reraise():
.venv/lib/python3.12/site-packages/sqlalchemy/util/langhelpers.py:224: in __exit__
    raise exc_value.with_traceback(exc_tb)
.venv/lib/python3.12/site-packages/sqlalchemy/pool/base.py:895: in __connect
    self.dbapi_connection = connection = pool._invoke_creator(self)
                                         ^^^^^^^^^^^^^^^^^^^^^^^^^^
.venv/lib/python3.12/site-packages/sqlalchemy/engine/create.py:661: in connect
    return dialect.connect(*cargs, **cparams)
           ^^^^^^^^^^^^^^^^^^^^^^^^^^^^^^^^^^
.venv/lib/python3.12/site-packages/sqlalchemy/engine/default.py:629: in connect
    return self.loaded_dbapi.connect(*cargs, **cparams)  # type: ignore[no-any-return]  # NOQA: E501
           ^^^^^^^^^^^^^^^^^^^^^^^^^^^^^^^^^^^^^^^^^^^^
.venv/lib/python3.12/site-packages/sqlalchemy/dialects/postgresql/asyncpg.py:955: in connect
    await_only(creator_fn(*arg, **kw)),
    ^^^^^^^^^^^^^^^^^^^^^^^^^^^^^^^^^^
.venv/lib/python3.12/site-packages/sqlalchemy/util/_concurrency_py3k.py:132: in await_only
    return current.parent.switch(awaitable)  # type: ignore[no-any-return,attr-defined] # noqa: E501
           ^^^^^^^^^^^^^^^^^^^^^^^^^^^^^^^^
.venv/lib/python3.12/site-packages/sqlalchemy/util/_concurrency_py3k.py:196: in greenlet_spawn
    value = await result
            ^^^^^^^^^^^^
.venv/lib/python3.12/site-packages/asyncpg/connection.py:2421: in connect
    return await connect_utils._connect(
.venv/lib/python3.12/site-packages/asyncpg/connect_utils.py:1049: in _connect
    conn = await _connect_addr(
.venv/lib/python3.12/site-packages/asyncpg/connect_utils.py:886: in _connect_addr
    return await __connect_addr(params, True, *args)
           ^^^^^^^^^^^^^^^^^^^^^^^^^^^^^^^^^^^^^^^^^
_ _ _ _ _ _ _ _ _ _ _ _ _ _ _ _ _ _ _ _ _ _ _ _ _ _ _ _ _ _ _ _ _ _ _ _ _ _ _ _ 

params = ConnectionParameters(user='kwok', password='***', database='naicha_test', ssl=<ssl.SSLContext object at 0x7c39211ef850...postgres'>, server_settings=None, target_session_attrs=<SessionAttribute.any: 'any'>, krbsrvname=None, gsslib='gssapi')
retry = True, addr = ('172.21.48.1', 5432)
loop = <_UnixSelectorEventLoop running=False closed=False debug=False>
config = ConnectionConfiguration(command_timeout=None, statement_cache_size=100, max_cached_statement_lifetime=300, max_cacheable_statement_size=15360)
connection_class = <class 'asyncpg.connection.Connection'>
record_class = <class 'asyncpg.Record'>
params_input = ConnectionParameters(user='kwok', password='***', database='naicha_test', ssl=<ssl.SSLContext object at 0x7c39211ef850...postgres'>, server_settings=None, target_session_attrs=<SessionAttribute.any: 'any'>, krbsrvname=None, gsslib='gssapi')

    async def __connect_addr(
        params,
        retry,
        addr,
        loop,
        config,
        connection_class,
        record_class,
        params_input,
    ):
        connected = _create_future(loop)
    
        proto_factory = lambda: protocol.Protocol(
            addr, connected, params, record_class, loop)
    
        if isinstance(addr, str):
            # UNIX socket
            connector = loop.create_unix_connection(proto_factory, addr)
    
        elif params.ssl and params.ssl_negotiation is SSLNegotiation.direct:
            # if ssl and ssl_negotiation is `direct`, skip STARTTLS and perform
            # direct SSL connection
            connector = loop.create_connection(
                proto_factory, *addr, ssl=params.ssl
            )
    
        elif params.ssl:
            connector = _create_ssl_connection(
                proto_factory, *addr, loop=loop, ssl_context=params.ssl,
                ssl_is_advisory=params.sslmode == SSLMode.prefer)
        else:
            connector = loop.create_connection(proto_factory, *addr)
    
        tr, pr = await connector
    
        try:
>           await connected
E           asyncpg.exceptions.ConnectionDoesNotExistError: connection was closed in the middle of operation

.venv/lib/python3.12/site-packages/asyncpg/connect_utils.py:934: ConnectionDoesNotExistError
_____________ ERROR at setup of test_create_order_with_idempotency _____________

self = <_SelectorSocketTransport closed fd=17>

    def _read_ready__data_received(self):
        if self._conn_lost:
            return
        try:
>           data = self._sock.recv(self.max_size)
                   ^^^^^^^^^^^^^^^^^^^^^^^^^^^^^^
E           ConnectionResetError: [Errno 104] Connection reset by peer

/usr/lib/python3.12/asyncio/selector_events.py:1013: ConnectionResetError

The above exception was the direct cause of the following exception:

self = <Coroutine test_create_order_with_idempotency>

    def setup(self) -> None:
        runner_fixture_id = f"_{self._loop_scope}_scoped_runner"
        if runner_fixture_id not in self.fixturenames:
            self.fixturenames.append(runner_fixture_id)
>       return super().setup()
               ^^^^^^^^^^^^^^^

.venv/lib/python3.12/site-packages/pytest_asyncio/plugin.py:463: 
_ _ _ _ _ _ _ _ _ _ _ _ _ _ _ _ _ _ _ _ _ _ _ _ _ _ _ _ _ _ _ _ _ _ _ _ _ _ _ _ 
.venv/lib/python3.12/site-packages/pytest_asyncio/plugin.py:748: in pytest_fixture_setup
    hook_result = yield
                  ^^^^^
.venv/lib/python3.12/site-packages/pytest_asyncio/plugin.py:318: in _asyncgen_fixture_wrapper
    result = runner.run(setup(), context=context)
             ^^^^^^^^^^^^^^^^^^^^^^^^^^^^^^^^^^^^
/usr/lib/python3.12/asyncio/runners.py:118: in run
    return self._loop.run_until_complete(task)
           ^^^^^^^^^^^^^^^^^^^^^^^^^^^^^^^^^^^
/usr/lib/python3.12/asyncio/base_events.py:687: in run_until_complete
    return future.result()
           ^^^^^^^^^^^^^^^
.venv/lib/python3.12/site-packages/pytest_asyncio/plugin.py:314: in setup
    res = await gen_obj.__anext__()
          ^^^^^^^^^^^^^^^^^^^^^^^^^
tests/conftest.py:71: in model_test_engine
    async with engine.begin() as conn:
/usr/lib/python3.12/contextlib.py:210: in __aenter__
    return await anext(self.gen)
           ^^^^^^^^^^^^^^^^^^^^^
.venv/lib/python3.12/site-packages/sqlalchemy/ext/asyncio/engine.py:1068: in begin
    async with conn:
.venv/lib/python3.12/site-packages/sqlalchemy/ext/asyncio/base.py:121: in __aenter__
    return await self.start(is_ctxmanager=True)
           ^^^^^^^^^^^^^^^^^^^^^^^^^^^^^^^^^^^^
.venv/lib/python3.12/site-packages/sqlalchemy/ext/asyncio/engine.py:275: in start
    await greenlet_spawn(self.sync_engine.connect)
.venv/lib/python3.12/site-packages/sqlalchemy/util/_concurrency_py3k.py:201: in greenlet_spawn
    result = context.throw(*sys.exc_info())
             ^^^^^^^^^^^^^^^^^^^^^^^^^^^^^^
.venv/lib/python3.12/site-packages/sqlalchemy/engine/base.py:3277: in connect
    return self._connection_cls(self)
           ^^^^^^^^^^^^^^^^^^^^^^^^^^
.venv/lib/python3.12/site-packages/sqlalchemy/engine/base.py:143: in __init__
    self._dbapi_connection = engine.raw_connection()
                             ^^^^^^^^^^^^^^^^^^^^^^^
.venv/lib/python3.12/site-packages/sqlalchemy/engine/base.py:3301: in raw_connection
    return self.pool.connect()
           ^^^^^^^^^^^^^^^^^^^
.venv/lib/python3.12/site-packages/sqlalchemy/pool/base.py:447: in connect
    return _ConnectionFairy._checkout(self)
           ^^^^^^^^^^^^^^^^^^^^^^^^^^^^^^^^
.venv/lib/python3.12/site-packages/sqlalchemy/pool/base.py:1264: in _checkout
    fairy = _ConnectionRecord.checkout(pool)
            ^^^^^^^^^^^^^^^^^^^^^^^^^^^^^^^^
.venv/lib/python3.12/site-packages/sqlalchemy/pool/base.py:711: in checkout
    rec = pool._do_get()
          ^^^^^^^^^^^^^^
.venv/lib/python3.12/site-packages/sqlalchemy/pool/impl.py:177: in _do_get
    with util.safe_reraise():
.venv/lib/python3.12/site-packages/sqlalchemy/util/langhelpers.py:224: in __exit__
    raise exc_value.with_traceback(exc_tb)
.venv/lib/python3.12/site-packages/sqlalchemy/pool/impl.py:175: in _do_get
    return self._create_connection()
           ^^^^^^^^^^^^^^^^^^^^^^^^^
.venv/lib/python3.12/site-packages/sqlalchemy/pool/base.py:388: in _create_connection
    return _ConnectionRecord(self)
           ^^^^^^^^^^^^^^^^^^^^^^^
.venv/lib/python3.12/site-packages/sqlalchemy/pool/base.py:673: in __init__
    self.__connect()
.venv/lib/python3.12/site-packages/sqlalchemy/pool/base.py:899: in __connect
    with util.safe_reraise():
.venv/lib/python3.12/site-packages/sqlalchemy/util/langhelpers.py:224: in __exit__
    raise exc_value.with_traceback(exc_tb)
.venv/lib/python3.12/site-packages/sqlalchemy/pool/base.py:895: in __connect
    self.dbapi_connection = connection = pool._invoke_creator(self)
                                         ^^^^^^^^^^^^^^^^^^^^^^^^^^
.venv/lib/python3.12/site-packages/sqlalchemy/engine/create.py:661: in connect
    return dialect.connect(*cargs, **cparams)
           ^^^^^^^^^^^^^^^^^^^^^^^^^^^^^^^^^^
.venv/lib/python3.12/site-packages/sqlalchemy/engine/default.py:629: in connect
    return self.loaded_dbapi.connect(*cargs, **cparams)  # type: ignore[no-any-return]  # NOQA: E501
           ^^^^^^^^^^^^^^^^^^^^^^^^^^^^^^^^^^^^^^^^^^^^
.venv/lib/python3.12/site-packages/sqlalchemy/dialects/postgresql/asyncpg.py:955: in connect
    await_only(creator_fn(*arg, **kw)),
    ^^^^^^^^^^^^^^^^^^^^^^^^^^^^^^^^^^
.venv/lib/python3.12/site-packages/sqlalchemy/util/_concurrency_py3k.py:132: in await_only
    return current.parent.switch(awaitable)  # type: ignore[no-any-return,attr-defined] # noqa: E501
           ^^^^^^^^^^^^^^^^^^^^^^^^^^^^^^^^
.venv/lib/python3.12/site-packages/sqlalchemy/util/_concurrency_py3k.py:196: in greenlet_spawn
    value = await result
            ^^^^^^^^^^^^
.venv/lib/python3.12/site-packages/asyncpg/connection.py:2421: in connect
    return await connect_utils._connect(
.venv/lib/python3.12/site-packages/asyncpg/connect_utils.py:1049: in _connect
    conn = await _connect_addr(
.venv/lib/python3.12/site-packages/asyncpg/connect_utils.py:886: in _connect_addr
    return await __connect_addr(params, True, *args)
           ^^^^^^^^^^^^^^^^^^^^^^^^^^^^^^^^^^^^^^^^^
_ _ _ _ _ _ _ _ _ _ _ _ _ _ _ _ _ _ _ _ _ _ _ _ _ _ _ _ _ _ _ _ _ _ _ _ _ _ _ _ 

params = ConnectionParameters(user='kwok', password='***', database='naicha_test', ssl=<ssl.SSLContext object at 0x7c391fd89550...postgres'>, server_settings=None, target_session_attrs=<SessionAttribute.any: 'any'>, krbsrvname=None, gsslib='gssapi')
retry = True, addr = ('172.21.48.1', 5432)
loop = <_UnixSelectorEventLoop running=False closed=False debug=False>
config = ConnectionConfiguration(command_timeout=None, statement_cache_size=100, max_cached_statement_lifetime=300, max_cacheable_statement_size=15360)
connection_class = <class 'asyncpg.connection.Connection'>
record_class = <class 'asyncpg.Record'>
params_input = ConnectionParameters(user='kwok', password='***', database='naicha_test', ssl=<ssl.SSLContext object at 0x7c391fd89550...postgres'>, server_settings=None, target_session_attrs=<SessionAttribute.any: 'any'>, krbsrvname=None, gsslib='gssapi')

    async def __connect_addr(
        params,
        retry,
        addr,
        loop,
        config,
        connection_class,
        record_class,
        params_input,
    ):
        connected = _create_future(loop)
    
        proto_factory = lambda: protocol.Protocol(
            addr, connected, params, record_class, loop)
    
        if isinstance(addr, str):
            # UNIX socket
            connector = loop.create_unix_connection(proto_factory, addr)
    
        elif params.ssl and params.ssl_negotiation is SSLNegotiation.direct:
            # if ssl and ssl_negotiation is `direct`, skip STARTTLS and perform
            # direct SSL connection
            connector = loop.create_connection(
                proto_factory, *addr, ssl=params.ssl
            )
    
        elif params.ssl:
            connector = _create_ssl_connection(
                proto_factory, *addr, loop=loop, ssl_context=params.ssl,
                ssl_is_advisory=params.sslmode == SSLMode.prefer)
        else:
            connector = loop.create_connection(proto_factory, *addr)
    
        tr, pr = await connector
    
        try:
>           await connected
E           asyncpg.exceptions.ConnectionDoesNotExistError: connection was closed in the middle of operation

.venv/lib/python3.12/site-packages/asyncpg/connect_utils.py:934: ConnectionDoesNotExistError
________ ERROR at setup of test_create_order_idempotency_race_condition ________

self = <_SelectorSocketTransport closed fd=17>

    def _read_ready__data_received(self):
        if self._conn_lost:
            return
        try:
>           data = self._sock.recv(self.max_size)
                   ^^^^^^^^^^^^^^^^^^^^^^^^^^^^^^
E           ConnectionResetError: [Errno 104] Connection reset by peer

/usr/lib/python3.12/asyncio/selector_events.py:1013: ConnectionResetError

The above exception was the direct cause of the following exception:

self = <Coroutine test_create_order_idempotency_race_condition>

    def setup(self) -> None:
        runner_fixture_id = f"_{self._loop_scope}_scoped_runner"
        if runner_fixture_id not in self.fixturenames:
            self.fixturenames.append(runner_fixture_id)
>       return super().setup()
               ^^^^^^^^^^^^^^^

.venv/lib/python3.12/site-packages/pytest_asyncio/plugin.py:463: 
_ _ _ _ _ _ _ _ _ _ _ _ _ _ _ _ _ _ _ _ _ _ _ _ _ _ _ _ _ _ _ _ _ _ _ _ _ _ _ _ 
.venv/lib/python3.12/site-packages/pytest_asyncio/plugin.py:748: in pytest_fixture_setup
    hook_result = yield
                  ^^^^^
.venv/lib/python3.12/site-packages/pytest_asyncio/plugin.py:318: in _asyncgen_fixture_wrapper
    result = runner.run(setup(), context=context)
             ^^^^^^^^^^^^^^^^^^^^^^^^^^^^^^^^^^^^
/usr/lib/python3.12/asyncio/runners.py:118: in run
    return self._loop.run_until_complete(task)
           ^^^^^^^^^^^^^^^^^^^^^^^^^^^^^^^^^^^
/usr/lib/python3.12/asyncio/base_events.py:687: in run_until_complete
    return future.result()
           ^^^^^^^^^^^^^^^
.venv/lib/python3.12/site-packages/pytest_asyncio/plugin.py:314: in setup
    res = await gen_obj.__anext__()
          ^^^^^^^^^^^^^^^^^^^^^^^^^
tests/conftest.py:71: in model_test_engine
    async with engine.begin() as conn:
/usr/lib/python3.12/contextlib.py:210: in __aenter__
    return await anext(self.gen)
           ^^^^^^^^^^^^^^^^^^^^^
.venv/lib/python3.12/site-packages/sqlalchemy/ext/asyncio/engine.py:1068: in begin
    async with conn:
.venv/lib/python3.12/site-packages/sqlalchemy/ext/asyncio/base.py:121: in __aenter__
    return await self.start(is_ctxmanager=True)
           ^^^^^^^^^^^^^^^^^^^^^^^^^^^^^^^^^^^^
.venv/lib/python3.12/site-packages/sqlalchemy/ext/asyncio/engine.py:275: in start
    await greenlet_spawn(self.sync_engine.connect)
.venv/lib/python3.12/site-packages/sqlalchemy/util/_concurrency_py3k.py:201: in greenlet_spawn
    result = context.throw(*sys.exc_info())
             ^^^^^^^^^^^^^^^^^^^^^^^^^^^^^^
.venv/lib/python3.12/site-packages/sqlalchemy/engine/base.py:3277: in connect
    return self._connection_cls(self)
           ^^^^^^^^^^^^^^^^^^^^^^^^^^
.venv/lib/python3.12/site-packages/sqlalchemy/engine/base.py:143: in __init__
    self._dbapi_connection = engine.raw_connection()
                             ^^^^^^^^^^^^^^^^^^^^^^^
.venv/lib/python3.12/site-packages/sqlalchemy/engine/base.py:3301: in raw_connection
    return self.pool.connect()
           ^^^^^^^^^^^^^^^^^^^
.venv/lib/python3.12/site-packages/sqlalchemy/pool/base.py:447: in connect
    return _ConnectionFairy._checkout(self)
           ^^^^^^^^^^^^^^^^^^^^^^^^^^^^^^^^
.venv/lib/python3.12/site-packages/sqlalchemy/pool/base.py:1264: in _checkout
    fairy = _ConnectionRecord.checkout(pool)
            ^^^^^^^^^^^^^^^^^^^^^^^^^^^^^^^^
.venv/lib/python3.12/site-packages/sqlalchemy/pool/base.py:711: in checkout
    rec = pool._do_get()
          ^^^^^^^^^^^^^^
.venv/lib/python3.12/site-packages/sqlalchemy/pool/impl.py:177: in _do_get
    with util.safe_reraise():
.venv/lib/python3.12/site-packages/sqlalchemy/util/langhelpers.py:224: in __exit__
    raise exc_value.with_traceback(exc_tb)
.venv/lib/python3.12/site-packages/sqlalchemy/pool/impl.py:175: in _do_get
    return self._create_connection()
           ^^^^^^^^^^^^^^^^^^^^^^^^^
.venv/lib/python3.12/site-packages/sqlalchemy/pool/base.py:388: in _create_connection
    return _ConnectionRecord(self)
           ^^^^^^^^^^^^^^^^^^^^^^^
.venv/lib/python3.12/site-packages/sqlalchemy/pool/base.py:673: in __init__
    self.__connect()
.venv/lib/python3.12/site-packages/sqlalchemy/pool/base.py:899: in __connect
    with util.safe_reraise():
.venv/lib/python3.12/site-packages/sqlalchemy/util/langhelpers.py:224: in __exit__
    raise exc_value.with_traceback(exc_tb)
.venv/lib/python3.12/site-packages/sqlalchemy/pool/base.py:895: in __connect
    self.dbapi_connection = connection = pool._invoke_creator(self)
                                         ^^^^^^^^^^^^^^^^^^^^^^^^^^
.venv/lib/python3.12/site-packages/sqlalchemy/engine/create.py:661: in connect
    return dialect.connect(*cargs, **cparams)
           ^^^^^^^^^^^^^^^^^^^^^^^^^^^^^^^^^^
.venv/lib/python3.12/site-packages/sqlalchemy/engine/default.py:629: in connect
    return self.loaded_dbapi.connect(*cargs, **cparams)  # type: ignore[no-any-return]  # NOQA: E501
           ^^^^^^^^^^^^^^^^^^^^^^^^^^^^^^^^^^^^^^^^^^^^
.venv/lib/python3.12/site-packages/sqlalchemy/dialects/postgresql/asyncpg.py:955: in connect
    await_only(creator_fn(*arg, **kw)),
    ^^^^^^^^^^^^^^^^^^^^^^^^^^^^^^^^^^
.venv/lib/python3.12/site-packages/sqlalchemy/util/_concurrency_py3k.py:132: in await_only
    return current.parent.switch(awaitable)  # type: ignore[no-any-return,attr-defined] # noqa: E501
           ^^^^^^^^^^^^^^^^^^^^^^^^^^^^^^^^
.venv/lib/python3.12/site-packages/sqlalchemy/util/_concurrency_py3k.py:196: in greenlet_spawn
    value = await result
            ^^^^^^^^^^^^
.venv/lib/python3.12/site-packages/asyncpg/connection.py:2421: in connect
    return await connect_utils._connect(
.venv/lib/python3.12/site-packages/asyncpg/connect_utils.py:1049: in _connect
    conn = await _connect_addr(
.venv/lib/python3.12/site-packages/asyncpg/connect_utils.py:886: in _connect_addr
    return await __connect_addr(params, True, *args)
           ^^^^^^^^^^^^^^^^^^^^^^^^^^^^^^^^^^^^^^^^^
_ _ _ _ _ _ _ _ _ _ _ _ _ _ _ _ _ _ _ _ _ _ _ _ _ _ _ _ _ _ _ _ _ _ _ _ _ _ _ _ 

params = ConnectionParameters(user='kwok', password='***', database='naicha_test', ssl=<ssl.SSLContext object at 0x7c39201dfa50...postgres'>, server_settings=None, target_session_attrs=<SessionAttribute.any: 'any'>, krbsrvname=None, gsslib='gssapi')
retry = True, addr = ('172.21.48.1', 5432)
loop = <_UnixSelectorEventLoop running=False closed=False debug=False>
config = ConnectionConfiguration(command_timeout=None, statement_cache_size=100, max_cached_statement_lifetime=300, max_cacheable_statement_size=15360)
connection_class = <class 'asyncpg.connection.Connection'>
record_class = <class 'asyncpg.Record'>
params_input = ConnectionParameters(user='kwok', password='***', database='naicha_test', ssl=<ssl.SSLContext object at 0x7c39201dfa50...postgres'>, server_settings=None, target_session_attrs=<SessionAttribute.any: 'any'>, krbsrvname=None, gsslib='gssapi')

    async def __connect_addr(
        params,
        retry,
        addr,
        loop,
        config,
        connection_class,
        record_class,
        params_input,
    ):
        connected = _create_future(loop)
    
        proto_factory = lambda: protocol.Protocol(
            addr, connected, params, record_class, loop)
    
        if isinstance(addr, str):
            # UNIX socket
            connector = loop.create_unix_connection(proto_factory, addr)
    
        elif params.ssl and params.ssl_negotiation is SSLNegotiation.direct:
            # if ssl and ssl_negotiation is `direct`, skip STARTTLS and perform
            # direct SSL connection
            connector = loop.create_connection(
                proto_factory, *addr, ssl=params.ssl
            )
    
        elif params.ssl:
            connector = _create_ssl_connection(
                proto_factory, *addr, loop=loop, ssl_context=params.ssl,
                ssl_is_advisory=params.sslmode == SSLMode.prefer)
        else:
            connector = loop.create_connection(proto_factory, *addr)
    
        tr, pr = await connector
    
        try:
>           await connected
E           asyncpg.exceptions.ConnectionDoesNotExistError: connection was closed in the middle of operation

.venv/lib/python3.12/site-packages/asyncpg/connect_utils.py:934: ConnectionDoesNotExistError
__________ ERROR at setup of test_create_order_deducts_product_stock ___________

self = <_SelectorSocketTransport closed fd=17>

    def _read_ready__data_received(self):
        if self._conn_lost:
            return
        try:
>           data = self._sock.recv(self.max_size)
                   ^^^^^^^^^^^^^^^^^^^^^^^^^^^^^^
E           ConnectionResetError: [Errno 104] Connection reset by peer

/usr/lib/python3.12/asyncio/selector_events.py:1013: ConnectionResetError

The above exception was the direct cause of the following exception:

self = <Coroutine test_create_order_deducts_product_stock>

    def setup(self) -> None:
        runner_fixture_id = f"_{self._loop_scope}_scoped_runner"
        if runner_fixture_id not in self.fixturenames:
            self.fixturenames.append(runner_fixture_id)
>       return super().setup()
               ^^^^^^^^^^^^^^^

.venv/lib/python3.12/site-packages/pytest_asyncio/plugin.py:463: 
_ _ _ _ _ _ _ _ _ _ _ _ _ _ _ _ _ _ _ _ _ _ _ _ _ _ _ _ _ _ _ _ _ _ _ _ _ _ _ _ 
.venv/lib/python3.12/site-packages/pytest_asyncio/plugin.py:748: in pytest_fixture_setup
    hook_result = yield
                  ^^^^^
.venv/lib/python3.12/site-packages/pytest_asyncio/plugin.py:318: in _asyncgen_fixture_wrapper
    result = runner.run(setup(), context=context)
             ^^^^^^^^^^^^^^^^^^^^^^^^^^^^^^^^^^^^
/usr/lib/python3.12/asyncio/runners.py:118: in run
    return self._loop.run_until_complete(task)
           ^^^^^^^^^^^^^^^^^^^^^^^^^^^^^^^^^^^
/usr/lib/python3.12/asyncio/base_events.py:687: in run_until_complete
    return future.result()
           ^^^^^^^^^^^^^^^
.venv/lib/python3.12/site-packages/pytest_asyncio/plugin.py:314: in setup
    res = await gen_obj.__anext__()
          ^^^^^^^^^^^^^^^^^^^^^^^^^
tests/conftest.py:71: in model_test_engine
    async with engine.begin() as conn:
/usr/lib/python3.12/contextlib.py:210: in __aenter__
    return await anext(self.gen)
           ^^^^^^^^^^^^^^^^^^^^^
.venv/lib/python3.12/site-packages/sqlalchemy/ext/asyncio/engine.py:1068: in begin
    async with conn:
.venv/lib/python3.12/site-packages/sqlalchemy/ext/asyncio/base.py:121: in __aenter__
    return await self.start(is_ctxmanager=True)
           ^^^^^^^^^^^^^^^^^^^^^^^^^^^^^^^^^^^^
.venv/lib/python3.12/site-packages/sqlalchemy/ext/asyncio/engine.py:275: in start
    await greenlet_spawn(self.sync_engine.connect)
.venv/lib/python3.12/site-packages/sqlalchemy/util/_concurrency_py3k.py:201: in greenlet_spawn
    result = context.throw(*sys.exc_info())
             ^^^^^^^^^^^^^^^^^^^^^^^^^^^^^^
.venv/lib/python3.12/site-packages/sqlalchemy/engine/base.py:3277: in connect
    return self._connection_cls(self)
           ^^^^^^^^^^^^^^^^^^^^^^^^^^
.venv/lib/python3.12/site-packages/sqlalchemy/engine/base.py:143: in __init__
    self._dbapi_connection = engine.raw_connection()
                             ^^^^^^^^^^^^^^^^^^^^^^^
.venv/lib/python3.12/site-packages/sqlalchemy/engine/base.py:3301: in raw_connection
    return self.pool.connect()
           ^^^^^^^^^^^^^^^^^^^
.venv/lib/python3.12/site-packages/sqlalchemy/pool/base.py:447: in connect
    return _ConnectionFairy._checkout(self)
           ^^^^^^^^^^^^^^^^^^^^^^^^^^^^^^^^
.venv/lib/python3.12/site-packages/sqlalchemy/pool/base.py:1264: in _checkout
    fairy = _ConnectionRecord.checkout(pool)
            ^^^^^^^^^^^^^^^^^^^^^^^^^^^^^^^^
.venv/lib/python3.12/site-packages/sqlalchemy/pool/base.py:711: in checkout
    rec = pool._do_get()
          ^^^^^^^^^^^^^^
.venv/lib/python3.12/site-packages/sqlalchemy/pool/impl.py:177: in _do_get
    with util.safe_reraise():
.venv/lib/python3.12/site-packages/sqlalchemy/util/langhelpers.py:224: in __exit__
    raise exc_value.with_traceback(exc_tb)
.venv/lib/python3.12/site-packages/sqlalchemy/pool/impl.py:175: in _do_get
    return self._create_connection()
           ^^^^^^^^^^^^^^^^^^^^^^^^^
.venv/lib/python3.12/site-packages/sqlalchemy/pool/base.py:388: in _create_connection
    return _ConnectionRecord(self)
           ^^^^^^^^^^^^^^^^^^^^^^^
.venv/lib/python3.12/site-packages/sqlalchemy/pool/base.py:673: in __init__
    self.__connect()
.venv/lib/python3.12/site-packages/sqlalchemy/pool/base.py:899: in __connect
    with util.safe_reraise():
.venv/lib/python3.12/site-packages/sqlalchemy/util/langhelpers.py:224: in __exit__
    raise exc_value.with_traceback(exc_tb)
.venv/lib/python3.12/site-packages/sqlalchemy/pool/base.py:895: in __connect
    self.dbapi_connection = connection = pool._invoke_creator(self)
                                         ^^^^^^^^^^^^^^^^^^^^^^^^^^
.venv/lib/python3.12/site-packages/sqlalchemy/engine/create.py:661: in connect
    return dialect.connect(*cargs, **cparams)
           ^^^^^^^^^^^^^^^^^^^^^^^^^^^^^^^^^^
.venv/lib/python3.12/site-packages/sqlalchemy/engine/default.py:629: in connect
    return self.loaded_dbapi.connect(*cargs, **cparams)  # type: ignore[no-any-return]  # NOQA: E501
           ^^^^^^^^^^^^^^^^^^^^^^^^^^^^^^^^^^^^^^^^^^^^
.venv/lib/python3.12/site-packages/sqlalchemy/dialects/postgresql/asyncpg.py:955: in connect
    await_only(creator_fn(*arg, **kw)),
    ^^^^^^^^^^^^^^^^^^^^^^^^^^^^^^^^^^
.venv/lib/python3.12/site-packages/sqlalchemy/util/_concurrency_py3k.py:132: in await_only
    return current.parent.switch(awaitable)  # type: ignore[no-any-return,attr-defined] # noqa: E501
           ^^^^^^^^^^^^^^^^^^^^^^^^^^^^^^^^
.venv/lib/python3.12/site-packages/sqlalchemy/util/_concurrency_py3k.py:196: in greenlet_spawn
    value = await result
            ^^^^^^^^^^^^
.venv/lib/python3.12/site-packages/asyncpg/connection.py:2421: in connect
    return await connect_utils._connect(
.venv/lib/python3.12/site-packages/asyncpg/connect_utils.py:1049: in _connect
    conn = await _connect_addr(
.venv/lib/python3.12/site-packages/asyncpg/connect_utils.py:886: in _connect_addr
    return await __connect_addr(params, True, *args)
           ^^^^^^^^^^^^^^^^^^^^^^^^^^^^^^^^^^^^^^^^^
_ _ _ _ _ _ _ _ _ _ _ _ _ _ _ _ _ _ _ _ _ _ _ _ _ _ _ _ _ _ _ _ _ _ _ _ _ _ _ _ 

params = ConnectionParameters(user='kwok', password='***', database='naicha_test', ssl=<ssl.SSLContext object at 0x7c391ef115d0...postgres'>, server_settings=None, target_session_attrs=<SessionAttribute.any: 'any'>, krbsrvname=None, gsslib='gssapi')
retry = True, addr = ('172.21.48.1', 5432)
loop = <_UnixSelectorEventLoop running=False closed=False debug=False>
config = ConnectionConfiguration(command_timeout=None, statement_cache_size=100, max_cached_statement_lifetime=300, max_cacheable_statement_size=15360)
connection_class = <class 'asyncpg.connection.Connection'>
record_class = <class 'asyncpg.Record'>
params_input = ConnectionParameters(user='kwok', password='***', database='naicha_test', ssl=<ssl.SSLContext object at 0x7c391ef115d0...postgres'>, server_settings=None, target_session_attrs=<SessionAttribute.any: 'any'>, krbsrvname=None, gsslib='gssapi')

    async def __connect_addr(
        params,
        retry,
        addr,
        loop,
        config,
        connection_class,
        record_class,
        params_input,
    ):
        connected = _create_future(loop)
    
        proto_factory = lambda: protocol.Protocol(
            addr, connected, params, record_class, loop)
    
        if isinstance(addr, str):
            # UNIX socket
            connector = loop.create_unix_connection(proto_factory, addr)
    
        elif params.ssl and params.ssl_negotiation is SSLNegotiation.direct:
            # if ssl and ssl_negotiation is `direct`, skip STARTTLS and perform
            # direct SSL connection
            connector = loop.create_connection(
                proto_factory, *addr, ssl=params.ssl
            )
    
        elif params.ssl:
            connector = _create_ssl_connection(
                proto_factory, *addr, loop=loop, ssl_context=params.ssl,
                ssl_is_advisory=params.sslmode == SSLMode.prefer)
        else:
            connector = loop.create_connection(proto_factory, *addr)
    
        tr, pr = await connector
    
        try:
>           await connected
E           asyncpg.exceptions.ConnectionDoesNotExistError: connection was closed in the middle of operation

.venv/lib/python3.12/site-packages/asyncpg/connect_utils.py:934: ConnectionDoesNotExistError
__________ ERROR at setup of test_create_order_requires_guest_session __________

self = <_SelectorSocketTransport closed fd=17>

    def _read_ready__data_received(self):
        if self._conn_lost:
            return
        try:
>           data = self._sock.recv(self.max_size)
                   ^^^^^^^^^^^^^^^^^^^^^^^^^^^^^^
E           ConnectionResetError: [Errno 104] Connection reset by peer

/usr/lib/python3.12/asyncio/selector_events.py:1013: ConnectionResetError

The above exception was the direct cause of the following exception:

self = <Coroutine test_create_order_requires_guest_session>

    def setup(self) -> None:
        runner_fixture_id = f"_{self._loop_scope}_scoped_runner"
        if runner_fixture_id not in self.fixturenames:
            self.fixturenames.append(runner_fixture_id)
>       return super().setup()
               ^^^^^^^^^^^^^^^

.venv/lib/python3.12/site-packages/pytest_asyncio/plugin.py:463: 
_ _ _ _ _ _ _ _ _ _ _ _ _ _ _ _ _ _ _ _ _ _ _ _ _ _ _ _ _ _ _ _ _ _ _ _ _ _ _ _ 
.venv/lib/python3.12/site-packages/pytest_asyncio/plugin.py:748: in pytest_fixture_setup
    hook_result = yield
                  ^^^^^
.venv/lib/python3.12/site-packages/pytest_asyncio/plugin.py:318: in _asyncgen_fixture_wrapper
    result = runner.run(setup(), context=context)
             ^^^^^^^^^^^^^^^^^^^^^^^^^^^^^^^^^^^^
/usr/lib/python3.12/asyncio/runners.py:118: in run
    return self._loop.run_until_complete(task)
           ^^^^^^^^^^^^^^^^^^^^^^^^^^^^^^^^^^^
/usr/lib/python3.12/asyncio/base_events.py:687: in run_until_complete
    return future.result()
           ^^^^^^^^^^^^^^^
.venv/lib/python3.12/site-packages/pytest_asyncio/plugin.py:314: in setup
    res = await gen_obj.__anext__()
          ^^^^^^^^^^^^^^^^^^^^^^^^^
tests/conftest.py:71: in model_test_engine
    async with engine.begin() as conn:
/usr/lib/python3.12/contextlib.py:210: in __aenter__
    return await anext(self.gen)
           ^^^^^^^^^^^^^^^^^^^^^
.venv/lib/python3.12/site-packages/sqlalchemy/ext/asyncio/engine.py:1068: in begin
    async with conn:
.venv/lib/python3.12/site-packages/sqlalchemy/ext/asyncio/base.py:121: in __aenter__
    return await self.start(is_ctxmanager=True)
           ^^^^^^^^^^^^^^^^^^^^^^^^^^^^^^^^^^^^
.venv/lib/python3.12/site-packages/sqlalchemy/ext/asyncio/engine.py:275: in start
    await greenlet_spawn(self.sync_engine.connect)
.venv/lib/python3.12/site-packages/sqlalchemy/util/_concurrency_py3k.py:201: in greenlet_spawn
    result = context.throw(*sys.exc_info())
             ^^^^^^^^^^^^^^^^^^^^^^^^^^^^^^
.venv/lib/python3.12/site-packages/sqlalchemy/engine/base.py:3277: in connect
    return self._connection_cls(self)
           ^^^^^^^^^^^^^^^^^^^^^^^^^^
.venv/lib/python3.12/site-packages/sqlalchemy/engine/base.py:143: in __init__
    self._dbapi_connection = engine.raw_connection()
                             ^^^^^^^^^^^^^^^^^^^^^^^
.venv/lib/python3.12/site-packages/sqlalchemy/engine/base.py:3301: in raw_connection
    return self.pool.connect()
           ^^^^^^^^^^^^^^^^^^^
.venv/lib/python3.12/site-packages/sqlalchemy/pool/base.py:447: in connect
    return _ConnectionFairy._checkout(self)
           ^^^^^^^^^^^^^^^^^^^^^^^^^^^^^^^^
.venv/lib/python3.12/site-packages/sqlalchemy/pool/base.py:1264: in _checkout
    fairy = _ConnectionRecord.checkout(pool)
            ^^^^^^^^^^^^^^^^^^^^^^^^^^^^^^^^
.venv/lib/python3.12/site-packages/sqlalchemy/pool/base.py:711: in checkout
    rec = pool._do_get()
          ^^^^^^^^^^^^^^
.venv/lib/python3.12/site-packages/sqlalchemy/pool/impl.py:177: in _do_get
    with util.safe_reraise():
.venv/lib/python3.12/site-packages/sqlalchemy/util/langhelpers.py:224: in __exit__
    raise exc_value.with_traceback(exc_tb)
.venv/lib/python3.12/site-packages/sqlalchemy/pool/impl.py:175: in _do_get
    return self._create_connection()
           ^^^^^^^^^^^^^^^^^^^^^^^^^
.venv/lib/python3.12/site-packages/sqlalchemy/pool/base.py:388: in _create_connection
    return _ConnectionRecord(self)
           ^^^^^^^^^^^^^^^^^^^^^^^
.venv/lib/python3.12/site-packages/sqlalchemy/pool/base.py:673: in __init__
    self.__connect()
.venv/lib/python3.12/site-packages/sqlalchemy/pool/base.py:899: in __connect
    with util.safe_reraise():
.venv/lib/python3.12/site-packages/sqlalchemy/util/langhelpers.py:224: in __exit__
    raise exc_value.with_traceback(exc_tb)
.venv/lib/python3.12/site-packages/sqlalchemy/pool/base.py:895: in __connect
    self.dbapi_connection = connection = pool._invoke_creator(self)
                                         ^^^^^^^^^^^^^^^^^^^^^^^^^^
.venv/lib/python3.12/site-packages/sqlalchemy/engine/create.py:661: in connect
    return dialect.connect(*cargs, **cparams)
           ^^^^^^^^^^^^^^^^^^^^^^^^^^^^^^^^^^
.venv/lib/python3.12/site-packages/sqlalchemy/engine/default.py:629: in connect
    return self.loaded_dbapi.connect(*cargs, **cparams)  # type: ignore[no-any-return]  # NOQA: E501
           ^^^^^^^^^^^^^^^^^^^^^^^^^^^^^^^^^^^^^^^^^^^^
.venv/lib/python3.12/site-packages/sqlalchemy/dialects/postgresql/asyncpg.py:955: in connect
    await_only(creator_fn(*arg, **kw)),
    ^^^^^^^^^^^^^^^^^^^^^^^^^^^^^^^^^^
.venv/lib/python3.12/site-packages/sqlalchemy/util/_concurrency_py3k.py:132: in await_only
    return current.parent.switch(awaitable)  # type: ignore[no-any-return,attr-defined] # noqa: E501
           ^^^^^^^^^^^^^^^^^^^^^^^^^^^^^^^^
.venv/lib/python3.12/site-packages/sqlalchemy/util/_concurrency_py3k.py:196: in greenlet_spawn
    value = await result
            ^^^^^^^^^^^^
.venv/lib/python3.12/site-packages/asyncpg/connection.py:2421: in connect
    return await connect_utils._connect(
.venv/lib/python3.12/site-packages/asyncpg/connect_utils.py:1049: in _connect
    conn = await _connect_addr(
.venv/lib/python3.12/site-packages/asyncpg/connect_utils.py:886: in _connect_addr
    return await __connect_addr(params, True, *args)
           ^^^^^^^^^^^^^^^^^^^^^^^^^^^^^^^^^^^^^^^^^
_ _ _ _ _ _ _ _ _ _ _ _ _ _ _ _ _ _ _ _ _ _ _ _ _ _ _ _ _ _ _ _ _ _ _ _ _ _ _ _ 

params = ConnectionParameters(user='kwok', password='***', database='naicha_test', ssl=<ssl.SSLContext object at 0x7c391f0bfa50...postgres'>, server_settings=None, target_session_attrs=<SessionAttribute.any: 'any'>, krbsrvname=None, gsslib='gssapi')
retry = True, addr = ('172.21.48.1', 5432)
loop = <_UnixSelectorEventLoop running=False closed=False debug=False>
config = ConnectionConfiguration(command_timeout=None, statement_cache_size=100, max_cached_statement_lifetime=300, max_cacheable_statement_size=15360)
connection_class = <class 'asyncpg.connection.Connection'>
record_class = <class 'asyncpg.Record'>
params_input = ConnectionParameters(user='kwok', password='***', database='naicha_test', ssl=<ssl.SSLContext object at 0x7c391f0bfa50...postgres'>, server_settings=None, target_session_attrs=<SessionAttribute.any: 'any'>, krbsrvname=None, gsslib='gssapi')

    async def __connect_addr(
        params,
        retry,
        addr,
        loop,
        config,
        connection_class,
        record_class,
        params_input,
    ):
        connected = _create_future(loop)
    
        proto_factory = lambda: protocol.Protocol(
            addr, connected, params, record_class, loop)
    
        if isinstance(addr, str):
            # UNIX socket
            connector = loop.create_unix_connection(proto_factory, addr)
    
        elif params.ssl and params.ssl_negotiation is SSLNegotiation.direct:
            # if ssl and ssl_negotiation is `direct`, skip STARTTLS and perform
            # direct SSL connection
            connector = loop.create_connection(
                proto_factory, *addr, ssl=params.ssl
            )
    
        elif params.ssl:
            connector = _create_ssl_connection(
                proto_factory, *addr, loop=loop, ssl_context=params.ssl,
                ssl_is_advisory=params.sslmode == SSLMode.prefer)
        else:
            connector = loop.create_connection(proto_factory, *addr)
    
        tr, pr = await connector
    
        try:
>           await connected
E           asyncpg.exceptions.ConnectionDoesNotExistError: connection was closed in the middle of operation

.venv/lib/python3.12/site-packages/asyncpg/connect_utils.py:934: ConnectionDoesNotExistError
____________ ERROR at setup of test_initiate_payment_requires_owner ____________

self = <_SelectorSocketTransport closed fd=17>

    def _read_ready__data_received(self):
        if self._conn_lost:
            return
        try:
>           data = self._sock.recv(self.max_size)
                   ^^^^^^^^^^^^^^^^^^^^^^^^^^^^^^
E           ConnectionResetError: [Errno 104] Connection reset by peer

/usr/lib/python3.12/asyncio/selector_events.py:1013: ConnectionResetError

The above exception was the direct cause of the following exception:

self = <Coroutine test_initiate_payment_requires_owner>

    def setup(self) -> None:
        runner_fixture_id = f"_{self._loop_scope}_scoped_runner"
        if runner_fixture_id not in self.fixturenames:
            self.fixturenames.append(runner_fixture_id)
>       return super().setup()
               ^^^^^^^^^^^^^^^

.venv/lib/python3.12/site-packages/pytest_asyncio/plugin.py:463: 
_ _ _ _ _ _ _ _ _ _ _ _ _ _ _ _ _ _ _ _ _ _ _ _ _ _ _ _ _ _ _ _ _ _ _ _ _ _ _ _ 
.venv/lib/python3.12/site-packages/pytest_asyncio/plugin.py:748: in pytest_fixture_setup
    hook_result = yield
                  ^^^^^
.venv/lib/python3.12/site-packages/pytest_asyncio/plugin.py:318: in _asyncgen_fixture_wrapper
    result = runner.run(setup(), context=context)
             ^^^^^^^^^^^^^^^^^^^^^^^^^^^^^^^^^^^^
/usr/lib/python3.12/asyncio/runners.py:118: in run
    return self._loop.run_until_complete(task)
           ^^^^^^^^^^^^^^^^^^^^^^^^^^^^^^^^^^^
/usr/lib/python3.12/asyncio/base_events.py:687: in run_until_complete
    return future.result()
           ^^^^^^^^^^^^^^^
.venv/lib/python3.12/site-packages/pytest_asyncio/plugin.py:314: in setup
    res = await gen_obj.__anext__()
          ^^^^^^^^^^^^^^^^^^^^^^^^^
tests/conftest.py:71: in model_test_engine
    async with engine.begin() as conn:
/usr/lib/python3.12/contextlib.py:210: in __aenter__
    return await anext(self.gen)
           ^^^^^^^^^^^^^^^^^^^^^
.venv/lib/python3.12/site-packages/sqlalchemy/ext/asyncio/engine.py:1068: in begin
    async with conn:
.venv/lib/python3.12/site-packages/sqlalchemy/ext/asyncio/base.py:121: in __aenter__
    return await self.start(is_ctxmanager=True)
           ^^^^^^^^^^^^^^^^^^^^^^^^^^^^^^^^^^^^
.venv/lib/python3.12/site-packages/sqlalchemy/ext/asyncio/engine.py:275: in start
    await greenlet_spawn(self.sync_engine.connect)
.venv/lib/python3.12/site-packages/sqlalchemy/util/_concurrency_py3k.py:201: in greenlet_spawn
    result = context.throw(*sys.exc_info())
             ^^^^^^^^^^^^^^^^^^^^^^^^^^^^^^
.venv/lib/python3.12/site-packages/sqlalchemy/engine/base.py:3277: in connect
    return self._connection_cls(self)
           ^^^^^^^^^^^^^^^^^^^^^^^^^^
.venv/lib/python3.12/site-packages/sqlalchemy/engine/base.py:143: in __init__
    self._dbapi_connection = engine.raw_connection()
                             ^^^^^^^^^^^^^^^^^^^^^^^
.venv/lib/python3.12/site-packages/sqlalchemy/engine/base.py:3301: in raw_connection
    return self.pool.connect()
           ^^^^^^^^^^^^^^^^^^^
.venv/lib/python3.12/site-packages/sqlalchemy/pool/base.py:447: in connect
    return _ConnectionFairy._checkout(self)
           ^^^^^^^^^^^^^^^^^^^^^^^^^^^^^^^^
.venv/lib/python3.12/site-packages/sqlalchemy/pool/base.py:1264: in _checkout
    fairy = _ConnectionRecord.checkout(pool)
            ^^^^^^^^^^^^^^^^^^^^^^^^^^^^^^^^
.venv/lib/python3.12/site-packages/sqlalchemy/pool/base.py:711: in checkout
    rec = pool._do_get()
          ^^^^^^^^^^^^^^
.venv/lib/python3.12/site-packages/sqlalchemy/pool/impl.py:177: in _do_get
    with util.safe_reraise():
.venv/lib/python3.12/site-packages/sqlalchemy/util/langhelpers.py:224: in __exit__
    raise exc_value.with_traceback(exc_tb)
.venv/lib/python3.12/site-packages/sqlalchemy/pool/impl.py:175: in _do_get
    return self._create_connection()
           ^^^^^^^^^^^^^^^^^^^^^^^^^
.venv/lib/python3.12/site-packages/sqlalchemy/pool/base.py:388: in _create_connection
    return _ConnectionRecord(self)
           ^^^^^^^^^^^^^^^^^^^^^^^
.venv/lib/python3.12/site-packages/sqlalchemy/pool/base.py:673: in __init__
    self.__connect()
.venv/lib/python3.12/site-packages/sqlalchemy/pool/base.py:899: in __connect
    with util.safe_reraise():
.venv/lib/python3.12/site-packages/sqlalchemy/util/langhelpers.py:224: in __exit__
    raise exc_value.with_traceback(exc_tb)
.venv/lib/python3.12/site-packages/sqlalchemy/pool/base.py:895: in __connect
    self.dbapi_connection = connection = pool._invoke_creator(self)
                                         ^^^^^^^^^^^^^^^^^^^^^^^^^^
.venv/lib/python3.12/site-packages/sqlalchemy/engine/create.py:661: in connect
    return dialect.connect(*cargs, **cparams)
           ^^^^^^^^^^^^^^^^^^^^^^^^^^^^^^^^^^
.venv/lib/python3.12/site-packages/sqlalchemy/engine/default.py:629: in connect
    return self.loaded_dbapi.connect(*cargs, **cparams)  # type: ignore[no-any-return]  # NOQA: E501
           ^^^^^^^^^^^^^^^^^^^^^^^^^^^^^^^^^^^^^^^^^^^^
.venv/lib/python3.12/site-packages/sqlalchemy/dialects/postgresql/asyncpg.py:955: in connect
    await_only(creator_fn(*arg, **kw)),
    ^^^^^^^^^^^^^^^^^^^^^^^^^^^^^^^^^^
.venv/lib/python3.12/site-packages/sqlalchemy/util/_concurrency_py3k.py:132: in await_only
    return current.parent.switch(awaitable)  # type: ignore[no-any-return,attr-defined] # noqa: E501
           ^^^^^^^^^^^^^^^^^^^^^^^^^^^^^^^^
.venv/lib/python3.12/site-packages/sqlalchemy/util/_concurrency_py3k.py:196: in greenlet_spawn
    value = await result
            ^^^^^^^^^^^^
.venv/lib/python3.12/site-packages/asyncpg/connection.py:2421: in connect
    return await connect_utils._connect(
.venv/lib/python3.12/site-packages/asyncpg/connect_utils.py:1049: in _connect
    conn = await _connect_addr(
.venv/lib/python3.12/site-packages/asyncpg/connect_utils.py:886: in _connect_addr
    return await __connect_addr(params, True, *args)
           ^^^^^^^^^^^^^^^^^^^^^^^^^^^^^^^^^^^^^^^^^
_ _ _ _ _ _ _ _ _ _ _ _ _ _ _ _ _ _ _ _ _ _ _ _ _ _ _ _ _ _ _ _ _ _ _ _ _ _ _ _ 

params = ConnectionParameters(user='kwok', password='***', database='naicha_test', ssl=<ssl.SSLContext object at 0x7c391efd8dd0...postgres'>, server_settings=None, target_session_attrs=<SessionAttribute.any: 'any'>, krbsrvname=None, gsslib='gssapi')
retry = True, addr = ('172.21.48.1', 5432)
loop = <_UnixSelectorEventLoop running=False closed=False debug=False>
config = ConnectionConfiguration(command_timeout=None, statement_cache_size=100, max_cached_statement_lifetime=300, max_cacheable_statement_size=15360)
connection_class = <class 'asyncpg.connection.Connection'>
record_class = <class 'asyncpg.Record'>
params_input = ConnectionParameters(user='kwok', password='***', database='naicha_test', ssl=<ssl.SSLContext object at 0x7c391efd8dd0...postgres'>, server_settings=None, target_session_attrs=<SessionAttribute.any: 'any'>, krbsrvname=None, gsslib='gssapi')

    async def __connect_addr(
        params,
        retry,
        addr,
        loop,
        config,
        connection_class,
        record_class,
        params_input,
    ):
        connected = _create_future(loop)
    
        proto_factory = lambda: protocol.Protocol(
            addr, connected, params, record_class, loop)
    
        if isinstance(addr, str):
            # UNIX socket
            connector = loop.create_unix_connection(proto_factory, addr)
    
        elif params.ssl and params.ssl_negotiation is SSLNegotiation.direct:
            # if ssl and ssl_negotiation is `direct`, skip STARTTLS and perform
            # direct SSL connection
            connector = loop.create_connection(
                proto_factory, *addr, ssl=params.ssl
            )
    
        elif params.ssl:
            connector = _create_ssl_connection(
                proto_factory, *addr, loop=loop, ssl_context=params.ssl,
                ssl_is_advisory=params.sslmode == SSLMode.prefer)
        else:
            connector = loop.create_connection(proto_factory, *addr)
    
        tr, pr = await connector
    
        try:
>           await connected
E           asyncpg.exceptions.ConnectionDoesNotExistError: connection was closed in the middle of operation

.venv/lib/python3.12/site-packages/asyncpg/connect_utils.py:934: ConnectionDoesNotExistError
___________ ERROR at setup of test_create_reservation_requires_flag ____________

self = <_SelectorSocketTransport closed fd=17>

    def _read_ready__data_received(self):
        if self._conn_lost:
            return
        try:
>           data = self._sock.recv(self.max_size)
                   ^^^^^^^^^^^^^^^^^^^^^^^^^^^^^^
E           ConnectionResetError: [Errno 104] Connection reset by peer

/usr/lib/python3.12/asyncio/selector_events.py:1013: ConnectionResetError

The above exception was the direct cause of the following exception:

self = <Coroutine test_create_reservation_requires_flag>

    def setup(self) -> None:
        runner_fixture_id = f"_{self._loop_scope}_scoped_runner"
        if runner_fixture_id not in self.fixturenames:
            self.fixturenames.append(runner_fixture_id)
>       return super().setup()
               ^^^^^^^^^^^^^^^

.venv/lib/python3.12/site-packages/pytest_asyncio/plugin.py:463: 
_ _ _ _ _ _ _ _ _ _ _ _ _ _ _ _ _ _ _ _ _ _ _ _ _ _ _ _ _ _ _ _ _ _ _ _ _ _ _ _ 
.venv/lib/python3.12/site-packages/pytest_asyncio/plugin.py:748: in pytest_fixture_setup
    hook_result = yield
                  ^^^^^
.venv/lib/python3.12/site-packages/pytest_asyncio/plugin.py:318: in _asyncgen_fixture_wrapper
    result = runner.run(setup(), context=context)
             ^^^^^^^^^^^^^^^^^^^^^^^^^^^^^^^^^^^^
/usr/lib/python3.12/asyncio/runners.py:118: in run
    return self._loop.run_until_complete(task)
           ^^^^^^^^^^^^^^^^^^^^^^^^^^^^^^^^^^^
/usr/lib/python3.12/asyncio/base_events.py:687: in run_until_complete
    return future.result()
           ^^^^^^^^^^^^^^^
.venv/lib/python3.12/site-packages/pytest_asyncio/plugin.py:314: in setup
    res = await gen_obj.__anext__()
          ^^^^^^^^^^^^^^^^^^^^^^^^^
tests/conftest.py:71: in model_test_engine
    async with engine.begin() as conn:
/usr/lib/python3.12/contextlib.py:210: in __aenter__
    return await anext(self.gen)
           ^^^^^^^^^^^^^^^^^^^^^
.venv/lib/python3.12/site-packages/sqlalchemy/ext/asyncio/engine.py:1068: in begin
    async with conn:
.venv/lib/python3.12/site-packages/sqlalchemy/ext/asyncio/base.py:121: in __aenter__
    return await self.start(is_ctxmanager=True)
           ^^^^^^^^^^^^^^^^^^^^^^^^^^^^^^^^^^^^
.venv/lib/python3.12/site-packages/sqlalchemy/ext/asyncio/engine.py:275: in start
    await greenlet_spawn(self.sync_engine.connect)
.venv/lib/python3.12/site-packages/sqlalchemy/util/_concurrency_py3k.py:201: in greenlet_spawn
    result = context.throw(*sys.exc_info())
             ^^^^^^^^^^^^^^^^^^^^^^^^^^^^^^
.venv/lib/python3.12/site-packages/sqlalchemy/engine/base.py:3277: in connect
    return self._connection_cls(self)
           ^^^^^^^^^^^^^^^^^^^^^^^^^^
.venv/lib/python3.12/site-packages/sqlalchemy/engine/base.py:143: in __init__
    self._dbapi_connection = engine.raw_connection()
                             ^^^^^^^^^^^^^^^^^^^^^^^
.venv/lib/python3.12/site-packages/sqlalchemy/engine/base.py:3301: in raw_connection
    return self.pool.connect()
           ^^^^^^^^^^^^^^^^^^^
.venv/lib/python3.12/site-packages/sqlalchemy/pool/base.py:447: in connect
    return _ConnectionFairy._checkout(self)
           ^^^^^^^^^^^^^^^^^^^^^^^^^^^^^^^^
.venv/lib/python3.12/site-packages/sqlalchemy/pool/base.py:1264: in _checkout
    fairy = _ConnectionRecord.checkout(pool)
            ^^^^^^^^^^^^^^^^^^^^^^^^^^^^^^^^
.venv/lib/python3.12/site-packages/sqlalchemy/pool/base.py:711: in checkout
    rec = pool._do_get()
          ^^^^^^^^^^^^^^
.venv/lib/python3.12/site-packages/sqlalchemy/pool/impl.py:177: in _do_get
    with util.safe_reraise():
.venv/lib/python3.12/site-packages/sqlalchemy/util/langhelpers.py:224: in __exit__
    raise exc_value.with_traceback(exc_tb)
.venv/lib/python3.12/site-packages/sqlalchemy/pool/impl.py:175: in _do_get
    return self._create_connection()
           ^^^^^^^^^^^^^^^^^^^^^^^^^
.venv/lib/python3.12/site-packages/sqlalchemy/pool/base.py:388: in _create_connection
    return _ConnectionRecord(self)
           ^^^^^^^^^^^^^^^^^^^^^^^
.venv/lib/python3.12/site-packages/sqlalchemy/pool/base.py:673: in __init__
    self.__connect()
.venv/lib/python3.12/site-packages/sqlalchemy/pool/base.py:899: in __connect
    with util.safe_reraise():
.venv/lib/python3.12/site-packages/sqlalchemy/util/langhelpers.py:224: in __exit__
    raise exc_value.with_traceback(exc_tb)
.venv/lib/python3.12/site-packages/sqlalchemy/pool/base.py:895: in __connect
    self.dbapi_connection = connection = pool._invoke_creator(self)
                                         ^^^^^^^^^^^^^^^^^^^^^^^^^^
.venv/lib/python3.12/site-packages/sqlalchemy/engine/create.py:661: in connect
    return dialect.connect(*cargs, **cparams)
           ^^^^^^^^^^^^^^^^^^^^^^^^^^^^^^^^^^
.venv/lib/python3.12/site-packages/sqlalchemy/engine/default.py:629: in connect
    return self.loaded_dbapi.connect(*cargs, **cparams)  # type: ignore[no-any-return]  # NOQA: E501
           ^^^^^^^^^^^^^^^^^^^^^^^^^^^^^^^^^^^^^^^^^^^^
.venv/lib/python3.12/site-packages/sqlalchemy/dialects/postgresql/asyncpg.py:955: in connect
    await_only(creator_fn(*arg, **kw)),
    ^^^^^^^^^^^^^^^^^^^^^^^^^^^^^^^^^^
.venv/lib/python3.12/site-packages/sqlalchemy/util/_concurrency_py3k.py:132: in await_only
    return current.parent.switch(awaitable)  # type: ignore[no-any-return,attr-defined] # noqa: E501
           ^^^^^^^^^^^^^^^^^^^^^^^^^^^^^^^^
.venv/lib/python3.12/site-packages/sqlalchemy/util/_concurrency_py3k.py:196: in greenlet_spawn
    value = await result
            ^^^^^^^^^^^^
.venv/lib/python3.12/site-packages/asyncpg/connection.py:2421: in connect
    return await connect_utils._connect(
.venv/lib/python3.12/site-packages/asyncpg/connect_utils.py:1049: in _connect
    conn = await _connect_addr(
.venv/lib/python3.12/site-packages/asyncpg/connect_utils.py:886: in _connect_addr
    return await __connect_addr(params, True, *args)
           ^^^^^^^^^^^^^^^^^^^^^^^^^^^^^^^^^^^^^^^^^
_ _ _ _ _ _ _ _ _ _ _ _ _ _ _ _ _ _ _ _ _ _ _ _ _ _ _ _ _ _ _ _ _ _ _ _ _ _ _ _ 

params = ConnectionParameters(user='kwok', password='***', database='naicha_test', ssl=<ssl.SSLContext object at 0x7c391fb88450...postgres'>, server_settings=None, target_session_attrs=<SessionAttribute.any: 'any'>, krbsrvname=None, gsslib='gssapi')
retry = True, addr = ('172.21.48.1', 5432)
loop = <_UnixSelectorEventLoop running=False closed=False debug=False>
config = ConnectionConfiguration(command_timeout=None, statement_cache_size=100, max_cached_statement_lifetime=300, max_cacheable_statement_size=15360)
connection_class = <class 'asyncpg.connection.Connection'>
record_class = <class 'asyncpg.Record'>
params_input = ConnectionParameters(user='kwok', password='***', database='naicha_test', ssl=<ssl.SSLContext object at 0x7c391fb88450...postgres'>, server_settings=None, target_session_attrs=<SessionAttribute.any: 'any'>, krbsrvname=None, gsslib='gssapi')

    async def __connect_addr(
        params,
        retry,
        addr,
        loop,
        config,
        connection_class,
        record_class,
        params_input,
    ):
        connected = _create_future(loop)
    
        proto_factory = lambda: protocol.Protocol(
            addr, connected, params, record_class, loop)
    
        if isinstance(addr, str):
            # UNIX socket
            connector = loop.create_unix_connection(proto_factory, addr)
    
        elif params.ssl and params.ssl_negotiation is SSLNegotiation.direct:
            # if ssl and ssl_negotiation is `direct`, skip STARTTLS and perform
            # direct SSL connection
            connector = loop.create_connection(
                proto_factory, *addr, ssl=params.ssl
            )
    
        elif params.ssl:
            connector = _create_ssl_connection(
                proto_factory, *addr, loop=loop, ssl_context=params.ssl,
                ssl_is_advisory=params.sslmode == SSLMode.prefer)
        else:
            connector = loop.create_connection(proto_factory, *addr)
    
        tr, pr = await connector
    
        try:
>           await connected
E           asyncpg.exceptions.ConnectionDoesNotExistError: connection was closed in the middle of operation

.venv/lib/python3.12/site-packages/asyncpg/connect_utils.py:934: ConnectionDoesNotExistError
___________ ERROR at setup of test_create_reservation_order_success ____________

self = <_SelectorSocketTransport closed fd=17>

    def _read_ready__data_received(self):
        if self._conn_lost:
            return
        try:
>           data = self._sock.recv(self.max_size)
                   ^^^^^^^^^^^^^^^^^^^^^^^^^^^^^^
E           ConnectionResetError: [Errno 104] Connection reset by peer

/usr/lib/python3.12/asyncio/selector_events.py:1013: ConnectionResetError

The above exception was the direct cause of the following exception:

self = <Coroutine test_create_reservation_order_success>

    def setup(self) -> None:
        runner_fixture_id = f"_{self._loop_scope}_scoped_runner"
        if runner_fixture_id not in self.fixturenames:
            self.fixturenames.append(runner_fixture_id)
>       return super().setup()
               ^^^^^^^^^^^^^^^

.venv/lib/python3.12/site-packages/pytest_asyncio/plugin.py:463: 
_ _ _ _ _ _ _ _ _ _ _ _ _ _ _ _ _ _ _ _ _ _ _ _ _ _ _ _ _ _ _ _ _ _ _ _ _ _ _ _ 
.venv/lib/python3.12/site-packages/pytest_asyncio/plugin.py:748: in pytest_fixture_setup
    hook_result = yield
                  ^^^^^
.venv/lib/python3.12/site-packages/pytest_asyncio/plugin.py:318: in _asyncgen_fixture_wrapper
    result = runner.run(setup(), context=context)
             ^^^^^^^^^^^^^^^^^^^^^^^^^^^^^^^^^^^^
/usr/lib/python3.12/asyncio/runners.py:118: in run
    return self._loop.run_until_complete(task)
           ^^^^^^^^^^^^^^^^^^^^^^^^^^^^^^^^^^^
/usr/lib/python3.12/asyncio/base_events.py:687: in run_until_complete
    return future.result()
           ^^^^^^^^^^^^^^^
.venv/lib/python3.12/site-packages/pytest_asyncio/plugin.py:314: in setup
    res = await gen_obj.__anext__()
          ^^^^^^^^^^^^^^^^^^^^^^^^^
tests/conftest.py:71: in model_test_engine
    async with engine.begin() as conn:
/usr/lib/python3.12/contextlib.py:210: in __aenter__
    return await anext(self.gen)
           ^^^^^^^^^^^^^^^^^^^^^
.venv/lib/python3.12/site-packages/sqlalchemy/ext/asyncio/engine.py:1068: in begin
    async with conn:
.venv/lib/python3.12/site-packages/sqlalchemy/ext/asyncio/base.py:121: in __aenter__
    return await self.start(is_ctxmanager=True)
           ^^^^^^^^^^^^^^^^^^^^^^^^^^^^^^^^^^^^
.venv/lib/python3.12/site-packages/sqlalchemy/ext/asyncio/engine.py:275: in start
    await greenlet_spawn(self.sync_engine.connect)
.venv/lib/python3.12/site-packages/sqlalchemy/util/_concurrency_py3k.py:201: in greenlet_spawn
    result = context.throw(*sys.exc_info())
             ^^^^^^^^^^^^^^^^^^^^^^^^^^^^^^
.venv/lib/python3.12/site-packages/sqlalchemy/engine/base.py:3277: in connect
    return self._connection_cls(self)
           ^^^^^^^^^^^^^^^^^^^^^^^^^^
.venv/lib/python3.12/site-packages/sqlalchemy/engine/base.py:143: in __init__
    self._dbapi_connection = engine.raw_connection()
                             ^^^^^^^^^^^^^^^^^^^^^^^
.venv/lib/python3.12/site-packages/sqlalchemy/engine/base.py:3301: in raw_connection
    return self.pool.connect()
           ^^^^^^^^^^^^^^^^^^^
.venv/lib/python3.12/site-packages/sqlalchemy/pool/base.py:447: in connect
    return _ConnectionFairy._checkout(self)
           ^^^^^^^^^^^^^^^^^^^^^^^^^^^^^^^^
.venv/lib/python3.12/site-packages/sqlalchemy/pool/base.py:1264: in _checkout
    fairy = _ConnectionRecord.checkout(pool)
            ^^^^^^^^^^^^^^^^^^^^^^^^^^^^^^^^
.venv/lib/python3.12/site-packages/sqlalchemy/pool/base.py:711: in checkout
    rec = pool._do_get()
          ^^^^^^^^^^^^^^
.venv/lib/python3.12/site-packages/sqlalchemy/pool/impl.py:177: in _do_get
    with util.safe_reraise():
.venv/lib/python3.12/site-packages/sqlalchemy/util/langhelpers.py:224: in __exit__
    raise exc_value.with_traceback(exc_tb)
.venv/lib/python3.12/site-packages/sqlalchemy/pool/impl.py:175: in _do_get
    return self._create_connection()
           ^^^^^^^^^^^^^^^^^^^^^^^^^
.venv/lib/python3.12/site-packages/sqlalchemy/pool/base.py:388: in _create_connection
    return _ConnectionRecord(self)
           ^^^^^^^^^^^^^^^^^^^^^^^
.venv/lib/python3.12/site-packages/sqlalchemy/pool/base.py:673: in __init__
    self.__connect()
.venv/lib/python3.12/site-packages/sqlalchemy/pool/base.py:899: in __connect
    with util.safe_reraise():
.venv/lib/python3.12/site-packages/sqlalchemy/util/langhelpers.py:224: in __exit__
    raise exc_value.with_traceback(exc_tb)
.venv/lib/python3.12/site-packages/sqlalchemy/pool/base.py:895: in __connect
    self.dbapi_connection = connection = pool._invoke_creator(self)
                                         ^^^^^^^^^^^^^^^^^^^^^^^^^^
.venv/lib/python3.12/site-packages/sqlalchemy/engine/create.py:661: in connect
    return dialect.connect(*cargs, **cparams)
           ^^^^^^^^^^^^^^^^^^^^^^^^^^^^^^^^^^
.venv/lib/python3.12/site-packages/sqlalchemy/engine/default.py:629: in connect
    return self.loaded_dbapi.connect(*cargs, **cparams)  # type: ignore[no-any-return]  # NOQA: E501
           ^^^^^^^^^^^^^^^^^^^^^^^^^^^^^^^^^^^^^^^^^^^^
.venv/lib/python3.12/site-packages/sqlalchemy/dialects/postgresql/asyncpg.py:955: in connect
    await_only(creator_fn(*arg, **kw)),
    ^^^^^^^^^^^^^^^^^^^^^^^^^^^^^^^^^^
.venv/lib/python3.12/site-packages/sqlalchemy/util/_concurrency_py3k.py:132: in await_only
    return current.parent.switch(awaitable)  # type: ignore[no-any-return,attr-defined] # noqa: E501
           ^^^^^^^^^^^^^^^^^^^^^^^^^^^^^^^^
.venv/lib/python3.12/site-packages/sqlalchemy/util/_concurrency_py3k.py:196: in greenlet_spawn
    value = await result
            ^^^^^^^^^^^^
.venv/lib/python3.12/site-packages/asyncpg/connection.py:2421: in connect
    return await connect_utils._connect(
.venv/lib/python3.12/site-packages/asyncpg/connect_utils.py:1049: in _connect
    conn = await _connect_addr(
.venv/lib/python3.12/site-packages/asyncpg/connect_utils.py:886: in _connect_addr
    return await __connect_addr(params, True, *args)
           ^^^^^^^^^^^^^^^^^^^^^^^^^^^^^^^^^^^^^^^^^
_ _ _ _ _ _ _ _ _ _ _ _ _ _ _ _ _ _ _ _ _ _ _ _ _ _ _ _ _ _ _ _ _ _ _ _ _ _ _ _ 

params = ConnectionParameters(user='kwok', password='***', database='naicha_test', ssl=<ssl.SSLContext object at 0x7c3921168e50...postgres'>, server_settings=None, target_session_attrs=<SessionAttribute.any: 'any'>, krbsrvname=None, gsslib='gssapi')
retry = True, addr = ('172.21.48.1', 5432)
loop = <_UnixSelectorEventLoop running=False closed=False debug=False>
config = ConnectionConfiguration(command_timeout=None, statement_cache_size=100, max_cached_statement_lifetime=300, max_cacheable_statement_size=15360)
connection_class = <class 'asyncpg.connection.Connection'>
record_class = <class 'asyncpg.Record'>
params_input = ConnectionParameters(user='kwok', password='***', database='naicha_test', ssl=<ssl.SSLContext object at 0x7c3921168e50...postgres'>, server_settings=None, target_session_attrs=<SessionAttribute.any: 'any'>, krbsrvname=None, gsslib='gssapi')

    async def __connect_addr(
        params,
        retry,
        addr,
        loop,
        config,
        connection_class,
        record_class,
        params_input,
    ):
        connected = _create_future(loop)
    
        proto_factory = lambda: protocol.Protocol(
            addr, connected, params, record_class, loop)
    
        if isinstance(addr, str):
            # UNIX socket
            connector = loop.create_unix_connection(proto_factory, addr)
    
        elif params.ssl and params.ssl_negotiation is SSLNegotiation.direct:
            # if ssl and ssl_negotiation is `direct`, skip STARTTLS and perform
            # direct SSL connection
            connector = loop.create_connection(
                proto_factory, *addr, ssl=params.ssl
            )
    
        elif params.ssl:
            connector = _create_ssl_connection(
                proto_factory, *addr, loop=loop, ssl_context=params.ssl,
                ssl_is_advisory=params.sslmode == SSLMode.prefer)
        else:
            connector = loop.create_connection(proto_factory, *addr)
    
        tr, pr = await connector
    
        try:
>           await connected
E           asyncpg.exceptions.ConnectionDoesNotExistError: connection was closed in the middle of operation

.venv/lib/python3.12/site-packages/asyncpg/connect_utils.py:934: ConnectionDoesNotExistError
__________ ERROR at setup of test_reservation_slot_capacity_enforced ___________

self = <_SelectorSocketTransport closed fd=17>

    def _read_ready__data_received(self):
        if self._conn_lost:
            return
        try:
>           data = self._sock.recv(self.max_size)
                   ^^^^^^^^^^^^^^^^^^^^^^^^^^^^^^
E           ConnectionResetError: [Errno 104] Connection reset by peer

/usr/lib/python3.12/asyncio/selector_events.py:1013: ConnectionResetError

The above exception was the direct cause of the following exception:

self = <Coroutine test_reservation_slot_capacity_enforced>

    def setup(self) -> None:
        runner_fixture_id = f"_{self._loop_scope}_scoped_runner"
        if runner_fixture_id not in self.fixturenames:
            self.fixturenames.append(runner_fixture_id)
>       return super().setup()
               ^^^^^^^^^^^^^^^

.venv/lib/python3.12/site-packages/pytest_asyncio/plugin.py:463: 
_ _ _ _ _ _ _ _ _ _ _ _ _ _ _ _ _ _ _ _ _ _ _ _ _ _ _ _ _ _ _ _ _ _ _ _ _ _ _ _ 
.venv/lib/python3.12/site-packages/pytest_asyncio/plugin.py:748: in pytest_fixture_setup
    hook_result = yield
                  ^^^^^
.venv/lib/python3.12/site-packages/pytest_asyncio/plugin.py:318: in _asyncgen_fixture_wrapper
    result = runner.run(setup(), context=context)
             ^^^^^^^^^^^^^^^^^^^^^^^^^^^^^^^^^^^^
/usr/lib/python3.12/asyncio/runners.py:118: in run
    return self._loop.run_until_complete(task)
           ^^^^^^^^^^^^^^^^^^^^^^^^^^^^^^^^^^^
/usr/lib/python3.12/asyncio/base_events.py:687: in run_until_complete
    return future.result()
           ^^^^^^^^^^^^^^^
.venv/lib/python3.12/site-packages/pytest_asyncio/plugin.py:314: in setup
    res = await gen_obj.__anext__()
          ^^^^^^^^^^^^^^^^^^^^^^^^^
tests/conftest.py:71: in model_test_engine
    async with engine.begin() as conn:
/usr/lib/python3.12/contextlib.py:210: in __aenter__
    return await anext(self.gen)
           ^^^^^^^^^^^^^^^^^^^^^
.venv/lib/python3.12/site-packages/sqlalchemy/ext/asyncio/engine.py:1068: in begin
    async with conn:
.venv/lib/python3.12/site-packages/sqlalchemy/ext/asyncio/base.py:121: in __aenter__
    return await self.start(is_ctxmanager=True)
           ^^^^^^^^^^^^^^^^^^^^^^^^^^^^^^^^^^^^
.venv/lib/python3.12/site-packages/sqlalchemy/ext/asyncio/engine.py:275: in start
    await greenlet_spawn(self.sync_engine.connect)
.venv/lib/python3.12/site-packages/sqlalchemy/util/_concurrency_py3k.py:201: in greenlet_spawn
    result = context.throw(*sys.exc_info())
             ^^^^^^^^^^^^^^^^^^^^^^^^^^^^^^
.venv/lib/python3.12/site-packages/sqlalchemy/engine/base.py:3277: in connect
    return self._connection_cls(self)
           ^^^^^^^^^^^^^^^^^^^^^^^^^^
.venv/lib/python3.12/site-packages/sqlalchemy/engine/base.py:143: in __init__
    self._dbapi_connection = engine.raw_connection()
                             ^^^^^^^^^^^^^^^^^^^^^^^
.venv/lib/python3.12/site-packages/sqlalchemy/engine/base.py:3301: in raw_connection
    return self.pool.connect()
           ^^^^^^^^^^^^^^^^^^^
.venv/lib/python3.12/site-packages/sqlalchemy/pool/base.py:447: in connect
    return _ConnectionFairy._checkout(self)
           ^^^^^^^^^^^^^^^^^^^^^^^^^^^^^^^^
.venv/lib/python3.12/site-packages/sqlalchemy/pool/base.py:1264: in _checkout
    fairy = _ConnectionRecord.checkout(pool)
            ^^^^^^^^^^^^^^^^^^^^^^^^^^^^^^^^
.venv/lib/python3.12/site-packages/sqlalchemy/pool/base.py:711: in checkout
    rec = pool._do_get()
          ^^^^^^^^^^^^^^
.venv/lib/python3.12/site-packages/sqlalchemy/pool/impl.py:177: in _do_get
    with util.safe_reraise():
.venv/lib/python3.12/site-packages/sqlalchemy/util/langhelpers.py:224: in __exit__
    raise exc_value.with_traceback(exc_tb)
.venv/lib/python3.12/site-packages/sqlalchemy/pool/impl.py:175: in _do_get
    return self._create_connection()
           ^^^^^^^^^^^^^^^^^^^^^^^^^
.venv/lib/python3.12/site-packages/sqlalchemy/pool/base.py:388: in _create_connection
    return _ConnectionRecord(self)
           ^^^^^^^^^^^^^^^^^^^^^^^
.venv/lib/python3.12/site-packages/sqlalchemy/pool/base.py:673: in __init__
    self.__connect()
.venv/lib/python3.12/site-packages/sqlalchemy/pool/base.py:899: in __connect
    with util.safe_reraise():
.venv/lib/python3.12/site-packages/sqlalchemy/util/langhelpers.py:224: in __exit__
    raise exc_value.with_traceback(exc_tb)
.venv/lib/python3.12/site-packages/sqlalchemy/pool/base.py:895: in __connect
    self.dbapi_connection = connection = pool._invoke_creator(self)
                                         ^^^^^^^^^^^^^^^^^^^^^^^^^^
.venv/lib/python3.12/site-packages/sqlalchemy/engine/create.py:661: in connect
    return dialect.connect(*cargs, **cparams)
           ^^^^^^^^^^^^^^^^^^^^^^^^^^^^^^^^^^
.venv/lib/python3.12/site-packages/sqlalchemy/engine/default.py:629: in connect
    return self.loaded_dbapi.connect(*cargs, **cparams)  # type: ignore[no-any-return]  # NOQA: E501
           ^^^^^^^^^^^^^^^^^^^^^^^^^^^^^^^^^^^^^^^^^^^^
.venv/lib/python3.12/site-packages/sqlalchemy/dialects/postgresql/asyncpg.py:955: in connect
    await_only(creator_fn(*arg, **kw)),
    ^^^^^^^^^^^^^^^^^^^^^^^^^^^^^^^^^^
.venv/lib/python3.12/site-packages/sqlalchemy/util/_concurrency_py3k.py:132: in await_only
    return current.parent.switch(awaitable)  # type: ignore[no-any-return,attr-defined] # noqa: E501
           ^^^^^^^^^^^^^^^^^^^^^^^^^^^^^^^^
.venv/lib/python3.12/site-packages/sqlalchemy/util/_concurrency_py3k.py:196: in greenlet_spawn
    value = await result
            ^^^^^^^^^^^^
.venv/lib/python3.12/site-packages/asyncpg/connection.py:2421: in connect
    return await connect_utils._connect(
.venv/lib/python3.12/site-packages/asyncpg/connect_utils.py:1049: in _connect
    conn = await _connect_addr(
.venv/lib/python3.12/site-packages/asyncpg/connect_utils.py:886: in _connect_addr
    return await __connect_addr(params, True, *args)
           ^^^^^^^^^^^^^^^^^^^^^^^^^^^^^^^^^^^^^^^^^
_ _ _ _ _ _ _ _ _ _ _ _ _ _ _ _ _ _ _ _ _ _ _ _ _ _ _ _ _ _ _ _ _ _ _ _ _ _ _ _ 

params = ConnectionParameters(user='kwok', password='***', database='naicha_test', ssl=<ssl.SSLContext object at 0x7c391ffb09d0...postgres'>, server_settings=None, target_session_attrs=<SessionAttribute.any: 'any'>, krbsrvname=None, gsslib='gssapi')
retry = True, addr = ('172.21.48.1', 5432)
loop = <_UnixSelectorEventLoop running=False closed=False debug=False>
config = ConnectionConfiguration(command_timeout=None, statement_cache_size=100, max_cached_statement_lifetime=300, max_cacheable_statement_size=15360)
connection_class = <class 'asyncpg.connection.Connection'>
record_class = <class 'asyncpg.Record'>
params_input = ConnectionParameters(user='kwok', password='***', database='naicha_test', ssl=<ssl.SSLContext object at 0x7c391ffb09d0...postgres'>, server_settings=None, target_session_attrs=<SessionAttribute.any: 'any'>, krbsrvname=None, gsslib='gssapi')

    async def __connect_addr(
        params,
        retry,
        addr,
        loop,
        config,
        connection_class,
        record_class,
        params_input,
    ):
        connected = _create_future(loop)
    
        proto_factory = lambda: protocol.Protocol(
            addr, connected, params, record_class, loop)
    
        if isinstance(addr, str):
            # UNIX socket
            connector = loop.create_unix_connection(proto_factory, addr)
    
        elif params.ssl and params.ssl_negotiation is SSLNegotiation.direct:
            # if ssl and ssl_negotiation is `direct`, skip STARTTLS and perform
            # direct SSL connection
            connector = loop.create_connection(
                proto_factory, *addr, ssl=params.ssl
            )
    
        elif params.ssl:
            connector = _create_ssl_connection(
                proto_factory, *addr, loop=loop, ssl_context=params.ssl,
                ssl_is_advisory=params.sslmode == SSLMode.prefer)
        else:
            connector = loop.create_connection(proto_factory, *addr)
    
        tr, pr = await connector
    
        try:
>           await connected
E           asyncpg.exceptions.ConnectionDoesNotExistError: connection was closed in the middle of operation

.venv/lib/python3.12/site-packages/asyncpg/connect_utils.py:934: ConnectionDoesNotExistError
___________ ERROR at setup of test_cancel_reservation_releases_slot ____________

self = <_SelectorSocketTransport closed fd=17>

    def _read_ready__data_received(self):
        if self._conn_lost:
            return
        try:
>           data = self._sock.recv(self.max_size)
                   ^^^^^^^^^^^^^^^^^^^^^^^^^^^^^^
E           ConnectionResetError: [Errno 104] Connection reset by peer

/usr/lib/python3.12/asyncio/selector_events.py:1013: ConnectionResetError

The above exception was the direct cause of the following exception:

self = <Coroutine test_cancel_reservation_releases_slot>

    def setup(self) -> None:
        runner_fixture_id = f"_{self._loop_scope}_scoped_runner"
        if runner_fixture_id not in self.fixturenames:
            self.fixturenames.append(runner_fixture_id)
>       return super().setup()
               ^^^^^^^^^^^^^^^

.venv/lib/python3.12/site-packages/pytest_asyncio/plugin.py:463: 
_ _ _ _ _ _ _ _ _ _ _ _ _ _ _ _ _ _ _ _ _ _ _ _ _ _ _ _ _ _ _ _ _ _ _ _ _ _ _ _ 
.venv/lib/python3.12/site-packages/pytest_asyncio/plugin.py:748: in pytest_fixture_setup
    hook_result = yield
                  ^^^^^
.venv/lib/python3.12/site-packages/pytest_asyncio/plugin.py:318: in _asyncgen_fixture_wrapper
    result = runner.run(setup(), context=context)
             ^^^^^^^^^^^^^^^^^^^^^^^^^^^^^^^^^^^^
/usr/lib/python3.12/asyncio/runners.py:118: in run
    return self._loop.run_until_complete(task)
           ^^^^^^^^^^^^^^^^^^^^^^^^^^^^^^^^^^^
/usr/lib/python3.12/asyncio/base_events.py:687: in run_until_complete
    return future.result()
           ^^^^^^^^^^^^^^^
.venv/lib/python3.12/site-packages/pytest_asyncio/plugin.py:314: in setup
    res = await gen_obj.__anext__()
          ^^^^^^^^^^^^^^^^^^^^^^^^^
tests/conftest.py:71: in model_test_engine
    async with engine.begin() as conn:
/usr/lib/python3.12/contextlib.py:210: in __aenter__
    return await anext(self.gen)
           ^^^^^^^^^^^^^^^^^^^^^
.venv/lib/python3.12/site-packages/sqlalchemy/ext/asyncio/engine.py:1068: in begin
    async with conn:
.venv/lib/python3.12/site-packages/sqlalchemy/ext/asyncio/base.py:121: in __aenter__
    return await self.start(is_ctxmanager=True)
           ^^^^^^^^^^^^^^^^^^^^^^^^^^^^^^^^^^^^
.venv/lib/python3.12/site-packages/sqlalchemy/ext/asyncio/engine.py:275: in start
    await greenlet_spawn(self.sync_engine.connect)
.venv/lib/python3.12/site-packages/sqlalchemy/util/_concurrency_py3k.py:201: in greenlet_spawn
    result = context.throw(*sys.exc_info())
             ^^^^^^^^^^^^^^^^^^^^^^^^^^^^^^
.venv/lib/python3.12/site-packages/sqlalchemy/engine/base.py:3277: in connect
    return self._connection_cls(self)
           ^^^^^^^^^^^^^^^^^^^^^^^^^^
.venv/lib/python3.12/site-packages/sqlalchemy/engine/base.py:143: in __init__
    self._dbapi_connection = engine.raw_connection()
                             ^^^^^^^^^^^^^^^^^^^^^^^
.venv/lib/python3.12/site-packages/sqlalchemy/engine/base.py:3301: in raw_connection
    return self.pool.connect()
           ^^^^^^^^^^^^^^^^^^^
.venv/lib/python3.12/site-packages/sqlalchemy/pool/base.py:447: in connect
    return _ConnectionFairy._checkout(self)
           ^^^^^^^^^^^^^^^^^^^^^^^^^^^^^^^^
.venv/lib/python3.12/site-packages/sqlalchemy/pool/base.py:1264: in _checkout
    fairy = _ConnectionRecord.checkout(pool)
            ^^^^^^^^^^^^^^^^^^^^^^^^^^^^^^^^
.venv/lib/python3.12/site-packages/sqlalchemy/pool/base.py:711: in checkout
    rec = pool._do_get()
          ^^^^^^^^^^^^^^
.venv/lib/python3.12/site-packages/sqlalchemy/pool/impl.py:177: in _do_get
    with util.safe_reraise():
.venv/lib/python3.12/site-packages/sqlalchemy/util/langhelpers.py:224: in __exit__
    raise exc_value.with_traceback(exc_tb)
.venv/lib/python3.12/site-packages/sqlalchemy/pool/impl.py:175: in _do_get
    return self._create_connection()
           ^^^^^^^^^^^^^^^^^^^^^^^^^
.venv/lib/python3.12/site-packages/sqlalchemy/pool/base.py:388: in _create_connection
    return _ConnectionRecord(self)
           ^^^^^^^^^^^^^^^^^^^^^^^
.venv/lib/python3.12/site-packages/sqlalchemy/pool/base.py:673: in __init__
    self.__connect()
.venv/lib/python3.12/site-packages/sqlalchemy/pool/base.py:899: in __connect
    with util.safe_reraise():
.venv/lib/python3.12/site-packages/sqlalchemy/util/langhelpers.py:224: in __exit__
    raise exc_value.with_traceback(exc_tb)
.venv/lib/python3.12/site-packages/sqlalchemy/pool/base.py:895: in __connect
    self.dbapi_connection = connection = pool._invoke_creator(self)
                                         ^^^^^^^^^^^^^^^^^^^^^^^^^^
.venv/lib/python3.12/site-packages/sqlalchemy/engine/create.py:661: in connect
    return dialect.connect(*cargs, **cparams)
           ^^^^^^^^^^^^^^^^^^^^^^^^^^^^^^^^^^
.venv/lib/python3.12/site-packages/sqlalchemy/engine/default.py:629: in connect
    return self.loaded_dbapi.connect(*cargs, **cparams)  # type: ignore[no-any-return]  # NOQA: E501
           ^^^^^^^^^^^^^^^^^^^^^^^^^^^^^^^^^^^^^^^^^^^^
.venv/lib/python3.12/site-packages/sqlalchemy/dialects/postgresql/asyncpg.py:955: in connect
    await_only(creator_fn(*arg, **kw)),
    ^^^^^^^^^^^^^^^^^^^^^^^^^^^^^^^^^^
.venv/lib/python3.12/site-packages/sqlalchemy/util/_concurrency_py3k.py:132: in await_only
    return current.parent.switch(awaitable)  # type: ignore[no-any-return,attr-defined] # noqa: E501
           ^^^^^^^^^^^^^^^^^^^^^^^^^^^^^^^^
.venv/lib/python3.12/site-packages/sqlalchemy/util/_concurrency_py3k.py:196: in greenlet_spawn
    value = await result
            ^^^^^^^^^^^^
.venv/lib/python3.12/site-packages/asyncpg/connection.py:2421: in connect
    return await connect_utils._connect(
.venv/lib/python3.12/site-packages/asyncpg/connect_utils.py:1049: in _connect
    conn = await _connect_addr(
.venv/lib/python3.12/site-packages/asyncpg/connect_utils.py:886: in _connect_addr
    return await __connect_addr(params, True, *args)
           ^^^^^^^^^^^^^^^^^^^^^^^^^^^^^^^^^^^^^^^^^
_ _ _ _ _ _ _ _ _ _ _ _ _ _ _ _ _ _ _ _ _ _ _ _ _ _ _ _ _ _ _ _ _ _ _ _ _ _ _ _ 

params = ConnectionParameters(user='kwok', password='***', database='naicha_test', ssl=<ssl.SSLContext object at 0x7c39201c60d0...postgres'>, server_settings=None, target_session_attrs=<SessionAttribute.any: 'any'>, krbsrvname=None, gsslib='gssapi')
retry = True, addr = ('172.21.48.1', 5432)
loop = <_UnixSelectorEventLoop running=False closed=False debug=False>
config = ConnectionConfiguration(command_timeout=None, statement_cache_size=100, max_cached_statement_lifetime=300, max_cacheable_statement_size=15360)
connection_class = <class 'asyncpg.connection.Connection'>
record_class = <class 'asyncpg.Record'>
params_input = ConnectionParameters(user='kwok', password='***', database='naicha_test', ssl=<ssl.SSLContext object at 0x7c39201c60d0...postgres'>, server_settings=None, target_session_attrs=<SessionAttribute.any: 'any'>, krbsrvname=None, gsslib='gssapi')

    async def __connect_addr(
        params,
        retry,
        addr,
        loop,
        config,
        connection_class,
        record_class,
        params_input,
    ):
        connected = _create_future(loop)
    
        proto_factory = lambda: protocol.Protocol(
            addr, connected, params, record_class, loop)
    
        if isinstance(addr, str):
            # UNIX socket
            connector = loop.create_unix_connection(proto_factory, addr)
    
        elif params.ssl and params.ssl_negotiation is SSLNegotiation.direct:
            # if ssl and ssl_negotiation is `direct`, skip STARTTLS and perform
            # direct SSL connection
            connector = loop.create_connection(
                proto_factory, *addr, ssl=params.ssl
            )
    
        elif params.ssl:
            connector = _create_ssl_connection(
                proto_factory, *addr, loop=loop, ssl_context=params.ssl,
                ssl_is_advisory=params.sslmode == SSLMode.prefer)
        else:
            connector = loop.create_connection(proto_factory, *addr)
    
        tr, pr = await connector
    
        try:
>           await connected
E           asyncpg.exceptions.ConnectionDoesNotExistError: connection was closed in the middle of operation

.venv/lib/python3.12/site-packages/asyncpg/connect_utils.py:934: ConnectionDoesNotExistError
____ ERROR at setup of test_create_order_holds_inventory_lock_until_commit _____

self = <_SelectorSocketTransport closed fd=17>

    def _read_ready__data_received(self):
        if self._conn_lost:
            return
        try:
>           data = self._sock.recv(self.max_size)
                   ^^^^^^^^^^^^^^^^^^^^^^^^^^^^^^
E           ConnectionResetError: [Errno 104] Connection reset by peer

/usr/lib/python3.12/asyncio/selector_events.py:1013: ConnectionResetError

The above exception was the direct cause of the following exception:

self = <Coroutine test_create_order_holds_inventory_lock_until_commit>

    def setup(self) -> None:
        runner_fixture_id = f"_{self._loop_scope}_scoped_runner"
        if runner_fixture_id not in self.fixturenames:
            self.fixturenames.append(runner_fixture_id)
>       return super().setup()
               ^^^^^^^^^^^^^^^

.venv/lib/python3.12/site-packages/pytest_asyncio/plugin.py:463: 
_ _ _ _ _ _ _ _ _ _ _ _ _ _ _ _ _ _ _ _ _ _ _ _ _ _ _ _ _ _ _ _ _ _ _ _ _ _ _ _ 
.venv/lib/python3.12/site-packages/pytest_asyncio/plugin.py:748: in pytest_fixture_setup
    hook_result = yield
                  ^^^^^
.venv/lib/python3.12/site-packages/pytest_asyncio/plugin.py:318: in _asyncgen_fixture_wrapper
    result = runner.run(setup(), context=context)
             ^^^^^^^^^^^^^^^^^^^^^^^^^^^^^^^^^^^^
/usr/lib/python3.12/asyncio/runners.py:118: in run
    return self._loop.run_until_complete(task)
           ^^^^^^^^^^^^^^^^^^^^^^^^^^^^^^^^^^^
/usr/lib/python3.12/asyncio/base_events.py:687: in run_until_complete
    return future.result()
           ^^^^^^^^^^^^^^^
.venv/lib/python3.12/site-packages/pytest_asyncio/plugin.py:314: in setup
    res = await gen_obj.__anext__()
          ^^^^^^^^^^^^^^^^^^^^^^^^^
tests/conftest.py:71: in model_test_engine
    async with engine.begin() as conn:
/usr/lib/python3.12/contextlib.py:210: in __aenter__
    return await anext(self.gen)
           ^^^^^^^^^^^^^^^^^^^^^
.venv/lib/python3.12/site-packages/sqlalchemy/ext/asyncio/engine.py:1068: in begin
    async with conn:
.venv/lib/python3.12/site-packages/sqlalchemy/ext/asyncio/base.py:121: in __aenter__
    return await self.start(is_ctxmanager=True)
           ^^^^^^^^^^^^^^^^^^^^^^^^^^^^^^^^^^^^
.venv/lib/python3.12/site-packages/sqlalchemy/ext/asyncio/engine.py:275: in start
    await greenlet_spawn(self.sync_engine.connect)
.venv/lib/python3.12/site-packages/sqlalchemy/util/_concurrency_py3k.py:201: in greenlet_spawn
    result = context.throw(*sys.exc_info())
             ^^^^^^^^^^^^^^^^^^^^^^^^^^^^^^
.venv/lib/python3.12/site-packages/sqlalchemy/engine/base.py:3277: in connect
    return self._connection_cls(self)
           ^^^^^^^^^^^^^^^^^^^^^^^^^^
.venv/lib/python3.12/site-packages/sqlalchemy/engine/base.py:143: in __init__
    self._dbapi_connection = engine.raw_connection()
                             ^^^^^^^^^^^^^^^^^^^^^^^
.venv/lib/python3.12/site-packages/sqlalchemy/engine/base.py:3301: in raw_connection
    return self.pool.connect()
           ^^^^^^^^^^^^^^^^^^^
.venv/lib/python3.12/site-packages/sqlalchemy/pool/base.py:447: in connect
    return _ConnectionFairy._checkout(self)
           ^^^^^^^^^^^^^^^^^^^^^^^^^^^^^^^^
.venv/lib/python3.12/site-packages/sqlalchemy/pool/base.py:1264: in _checkout
    fairy = _ConnectionRecord.checkout(pool)
            ^^^^^^^^^^^^^^^^^^^^^^^^^^^^^^^^
.venv/lib/python3.12/site-packages/sqlalchemy/pool/base.py:711: in checkout
    rec = pool._do_get()
          ^^^^^^^^^^^^^^
.venv/lib/python3.12/site-packages/sqlalchemy/pool/impl.py:177: in _do_get
    with util.safe_reraise():
.venv/lib/python3.12/site-packages/sqlalchemy/util/langhelpers.py:224: in __exit__
    raise exc_value.with_traceback(exc_tb)
.venv/lib/python3.12/site-packages/sqlalchemy/pool/impl.py:175: in _do_get
    return self._create_connection()
           ^^^^^^^^^^^^^^^^^^^^^^^^^
.venv/lib/python3.12/site-packages/sqlalchemy/pool/base.py:388: in _create_connection
    return _ConnectionRecord(self)
           ^^^^^^^^^^^^^^^^^^^^^^^
.venv/lib/python3.12/site-packages/sqlalchemy/pool/base.py:673: in __init__
    self.__connect()
.venv/lib/python3.12/site-packages/sqlalchemy/pool/base.py:899: in __connect
    with util.safe_reraise():
.venv/lib/python3.12/site-packages/sqlalchemy/util/langhelpers.py:224: in __exit__
    raise exc_value.with_traceback(exc_tb)
.venv/lib/python3.12/site-packages/sqlalchemy/pool/base.py:895: in __connect
    self.dbapi_connection = connection = pool._invoke_creator(self)
                                         ^^^^^^^^^^^^^^^^^^^^^^^^^^
.venv/lib/python3.12/site-packages/sqlalchemy/engine/create.py:661: in connect
    return dialect.connect(*cargs, **cparams)
           ^^^^^^^^^^^^^^^^^^^^^^^^^^^^^^^^^^
.venv/lib/python3.12/site-packages/sqlalchemy/engine/default.py:629: in connect
    return self.loaded_dbapi.connect(*cargs, **cparams)  # type: ignore[no-any-return]  # NOQA: E501
           ^^^^^^^^^^^^^^^^^^^^^^^^^^^^^^^^^^^^^^^^^^^^
.venv/lib/python3.12/site-packages/sqlalchemy/dialects/postgresql/asyncpg.py:955: in connect
    await_only(creator_fn(*arg, **kw)),
    ^^^^^^^^^^^^^^^^^^^^^^^^^^^^^^^^^^
.venv/lib/python3.12/site-packages/sqlalchemy/util/_concurrency_py3k.py:132: in await_only
    return current.parent.switch(awaitable)  # type: ignore[no-any-return,attr-defined] # noqa: E501
           ^^^^^^^^^^^^^^^^^^^^^^^^^^^^^^^^
.venv/lib/python3.12/site-packages/sqlalchemy/util/_concurrency_py3k.py:196: in greenlet_spawn
    value = await result
            ^^^^^^^^^^^^
.venv/lib/python3.12/site-packages/asyncpg/connection.py:2421: in connect
    return await connect_utils._connect(
.venv/lib/python3.12/site-packages/asyncpg/connect_utils.py:1049: in _connect
    conn = await _connect_addr(
.venv/lib/python3.12/site-packages/asyncpg/connect_utils.py:886: in _connect_addr
    return await __connect_addr(params, True, *args)
           ^^^^^^^^^^^^^^^^^^^^^^^^^^^^^^^^^^^^^^^^^
_ _ _ _ _ _ _ _ _ _ _ _ _ _ _ _ _ _ _ _ _ _ _ _ _ _ _ _ _ _ _ _ _ _ _ _ _ _ _ _ 

params = ConnectionParameters(user='kwok', password='***', database='naicha_test', ssl=<ssl.SSLContext object at 0x7c391ef2ebd0...postgres'>, server_settings=None, target_session_attrs=<SessionAttribute.any: 'any'>, krbsrvname=None, gsslib='gssapi')
retry = True, addr = ('172.21.48.1', 5432)
loop = <_UnixSelectorEventLoop running=False closed=False debug=False>
config = ConnectionConfiguration(command_timeout=None, statement_cache_size=100, max_cached_statement_lifetime=300, max_cacheable_statement_size=15360)
connection_class = <class 'asyncpg.connection.Connection'>
record_class = <class 'asyncpg.Record'>
params_input = ConnectionParameters(user='kwok', password='***', database='naicha_test', ssl=<ssl.SSLContext object at 0x7c391ef2ebd0...postgres'>, server_settings=None, target_session_attrs=<SessionAttribute.any: 'any'>, krbsrvname=None, gsslib='gssapi')

    async def __connect_addr(
        params,
        retry,
        addr,
        loop,
        config,
        connection_class,
        record_class,
        params_input,
    ):
        connected = _create_future(loop)
    
        proto_factory = lambda: protocol.Protocol(
            addr, connected, params, record_class, loop)
    
        if isinstance(addr, str):
            # UNIX socket
            connector = loop.create_unix_connection(proto_factory, addr)
    
        elif params.ssl and params.ssl_negotiation is SSLNegotiation.direct:
            # if ssl and ssl_negotiation is `direct`, skip STARTTLS and perform
            # direct SSL connection
            connector = loop.create_connection(
                proto_factory, *addr, ssl=params.ssl
            )
    
        elif params.ssl:
            connector = _create_ssl_connection(
                proto_factory, *addr, loop=loop, ssl_context=params.ssl,
                ssl_is_advisory=params.sslmode == SSLMode.prefer)
        else:
            connector = loop.create_connection(proto_factory, *addr)
    
        tr, pr = await connector
    
        try:
>           await connected
E           asyncpg.exceptions.ConnectionDoesNotExistError: connection was closed in the middle of operation

.venv/lib/python3.12/site-packages/asyncpg/connect_utils.py:934: ConnectionDoesNotExistError
________ ERROR at setup of test_cancel_pending_order_restores_inventory ________

self = <_SelectorSocketTransport closed fd=17>

    def _read_ready__data_received(self):
        if self._conn_lost:
            return
        try:
>           data = self._sock.recv(self.max_size)
                   ^^^^^^^^^^^^^^^^^^^^^^^^^^^^^^
E           ConnectionResetError: [Errno 104] Connection reset by peer

/usr/lib/python3.12/asyncio/selector_events.py:1013: ConnectionResetError

The above exception was the direct cause of the following exception:

self = <Coroutine test_cancel_pending_order_restores_inventory>

    def setup(self) -> None:
        runner_fixture_id = f"_{self._loop_scope}_scoped_runner"
        if runner_fixture_id not in self.fixturenames:
            self.fixturenames.append(runner_fixture_id)
>       return super().setup()
               ^^^^^^^^^^^^^^^

.venv/lib/python3.12/site-packages/pytest_asyncio/plugin.py:463: 
_ _ _ _ _ _ _ _ _ _ _ _ _ _ _ _ _ _ _ _ _ _ _ _ _ _ _ _ _ _ _ _ _ _ _ _ _ _ _ _ 
.venv/lib/python3.12/site-packages/pytest_asyncio/plugin.py:748: in pytest_fixture_setup
    hook_result = yield
                  ^^^^^
.venv/lib/python3.12/site-packages/pytest_asyncio/plugin.py:318: in _asyncgen_fixture_wrapper
    result = runner.run(setup(), context=context)
             ^^^^^^^^^^^^^^^^^^^^^^^^^^^^^^^^^^^^
/usr/lib/python3.12/asyncio/runners.py:118: in run
    return self._loop.run_until_complete(task)
           ^^^^^^^^^^^^^^^^^^^^^^^^^^^^^^^^^^^
/usr/lib/python3.12/asyncio/base_events.py:687: in run_until_complete
    return future.result()
           ^^^^^^^^^^^^^^^
.venv/lib/python3.12/site-packages/pytest_asyncio/plugin.py:314: in setup
    res = await gen_obj.__anext__()
          ^^^^^^^^^^^^^^^^^^^^^^^^^
tests/conftest.py:71: in model_test_engine
    async with engine.begin() as conn:
/usr/lib/python3.12/contextlib.py:210: in __aenter__
    return await anext(self.gen)
           ^^^^^^^^^^^^^^^^^^^^^
.venv/lib/python3.12/site-packages/sqlalchemy/ext/asyncio/engine.py:1068: in begin
    async with conn:
.venv/lib/python3.12/site-packages/sqlalchemy/ext/asyncio/base.py:121: in __aenter__
    return await self.start(is_ctxmanager=True)
           ^^^^^^^^^^^^^^^^^^^^^^^^^^^^^^^^^^^^
.venv/lib/python3.12/site-packages/sqlalchemy/ext/asyncio/engine.py:275: in start
    await greenlet_spawn(self.sync_engine.connect)
.venv/lib/python3.12/site-packages/sqlalchemy/util/_concurrency_py3k.py:201: in greenlet_spawn
    result = context.throw(*sys.exc_info())
             ^^^^^^^^^^^^^^^^^^^^^^^^^^^^^^
.venv/lib/python3.12/site-packages/sqlalchemy/engine/base.py:3277: in connect
    return self._connection_cls(self)
           ^^^^^^^^^^^^^^^^^^^^^^^^^^
.venv/lib/python3.12/site-packages/sqlalchemy/engine/base.py:143: in __init__
    self._dbapi_connection = engine.raw_connection()
                             ^^^^^^^^^^^^^^^^^^^^^^^
.venv/lib/python3.12/site-packages/sqlalchemy/engine/base.py:3301: in raw_connection
    return self.pool.connect()
           ^^^^^^^^^^^^^^^^^^^
.venv/lib/python3.12/site-packages/sqlalchemy/pool/base.py:447: in connect
    return _ConnectionFairy._checkout(self)
           ^^^^^^^^^^^^^^^^^^^^^^^^^^^^^^^^
.venv/lib/python3.12/site-packages/sqlalchemy/pool/base.py:1264: in _checkout
    fairy = _ConnectionRecord.checkout(pool)
            ^^^^^^^^^^^^^^^^^^^^^^^^^^^^^^^^
.venv/lib/python3.12/site-packages/sqlalchemy/pool/base.py:711: in checkout
    rec = pool._do_get()
          ^^^^^^^^^^^^^^
.venv/lib/python3.12/site-packages/sqlalchemy/pool/impl.py:177: in _do_get
    with util.safe_reraise():
.venv/lib/python3.12/site-packages/sqlalchemy/util/langhelpers.py:224: in __exit__
    raise exc_value.with_traceback(exc_tb)
.venv/lib/python3.12/site-packages/sqlalchemy/pool/impl.py:175: in _do_get
    return self._create_connection()
           ^^^^^^^^^^^^^^^^^^^^^^^^^
.venv/lib/python3.12/site-packages/sqlalchemy/pool/base.py:388: in _create_connection
    return _ConnectionRecord(self)
           ^^^^^^^^^^^^^^^^^^^^^^^
.venv/lib/python3.12/site-packages/sqlalchemy/pool/base.py:673: in __init__
    self.__connect()
.venv/lib/python3.12/site-packages/sqlalchemy/pool/base.py:899: in __connect
    with util.safe_reraise():
.venv/lib/python3.12/site-packages/sqlalchemy/util/langhelpers.py:224: in __exit__
    raise exc_value.with_traceback(exc_tb)
.venv/lib/python3.12/site-packages/sqlalchemy/pool/base.py:895: in __connect
    self.dbapi_connection = connection = pool._invoke_creator(self)
                                         ^^^^^^^^^^^^^^^^^^^^^^^^^^
.venv/lib/python3.12/site-packages/sqlalchemy/engine/create.py:661: in connect
    return dialect.connect(*cargs, **cparams)
           ^^^^^^^^^^^^^^^^^^^^^^^^^^^^^^^^^^
.venv/lib/python3.12/site-packages/sqlalchemy/engine/default.py:629: in connect
    return self.loaded_dbapi.connect(*cargs, **cparams)  # type: ignore[no-any-return]  # NOQA: E501
           ^^^^^^^^^^^^^^^^^^^^^^^^^^^^^^^^^^^^^^^^^^^^
.venv/lib/python3.12/site-packages/sqlalchemy/dialects/postgresql/asyncpg.py:955: in connect
    await_only(creator_fn(*arg, **kw)),
    ^^^^^^^^^^^^^^^^^^^^^^^^^^^^^^^^^^
.venv/lib/python3.12/site-packages/sqlalchemy/util/_concurrency_py3k.py:132: in await_only
    return current.parent.switch(awaitable)  # type: ignore[no-any-return,attr-defined] # noqa: E501
           ^^^^^^^^^^^^^^^^^^^^^^^^^^^^^^^^
.venv/lib/python3.12/site-packages/sqlalchemy/util/_concurrency_py3k.py:196: in greenlet_spawn
    value = await result
            ^^^^^^^^^^^^
.venv/lib/python3.12/site-packages/asyncpg/connection.py:2421: in connect
    return await connect_utils._connect(
.venv/lib/python3.12/site-packages/asyncpg/connect_utils.py:1049: in _connect
    conn = await _connect_addr(
.venv/lib/python3.12/site-packages/asyncpg/connect_utils.py:886: in _connect_addr
    return await __connect_addr(params, True, *args)
           ^^^^^^^^^^^^^^^^^^^^^^^^^^^^^^^^^^^^^^^^^
_ _ _ _ _ _ _ _ _ _ _ _ _ _ _ _ _ _ _ _ _ _ _ _ _ _ _ _ _ _ _ _ _ _ _ _ _ _ _ _ 

params = ConnectionParameters(user='kwok', password='***', database='naicha_test', ssl=<ssl.SSLContext object at 0x7c3920d976d0...postgres'>, server_settings=None, target_session_attrs=<SessionAttribute.any: 'any'>, krbsrvname=None, gsslib='gssapi')
retry = True, addr = ('172.21.48.1', 5432)
loop = <_UnixSelectorEventLoop running=False closed=False debug=False>
config = ConnectionConfiguration(command_timeout=None, statement_cache_size=100, max_cached_statement_lifetime=300, max_cacheable_statement_size=15360)
connection_class = <class 'asyncpg.connection.Connection'>
record_class = <class 'asyncpg.Record'>
params_input = ConnectionParameters(user='kwok', password='***', database='naicha_test', ssl=<ssl.SSLContext object at 0x7c3920d976d0...postgres'>, server_settings=None, target_session_attrs=<SessionAttribute.any: 'any'>, krbsrvname=None, gsslib='gssapi')

    async def __connect_addr(
        params,
        retry,
        addr,
        loop,
        config,
        connection_class,
        record_class,
        params_input,
    ):
        connected = _create_future(loop)
    
        proto_factory = lambda: protocol.Protocol(
            addr, connected, params, record_class, loop)
    
        if isinstance(addr, str):
            # UNIX socket
            connector = loop.create_unix_connection(proto_factory, addr)
    
        elif params.ssl and params.ssl_negotiation is SSLNegotiation.direct:
            # if ssl and ssl_negotiation is `direct`, skip STARTTLS and perform
            # direct SSL connection
            connector = loop.create_connection(
                proto_factory, *addr, ssl=params.ssl
            )
    
        elif params.ssl:
            connector = _create_ssl_connection(
                proto_factory, *addr, loop=loop, ssl_context=params.ssl,
                ssl_is_advisory=params.sslmode == SSLMode.prefer)
        else:
            connector = loop.create_connection(proto_factory, *addr)
    
        tr, pr = await connector
    
        try:
>           await connected
E           asyncpg.exceptions.ConnectionDoesNotExistError: connection was closed in the middle of operation

.venv/lib/python3.12/site-packages/asyncpg/connect_utils.py:934: ConnectionDoesNotExistError
______ ERROR at setup of test_cancel_stale_pending_orders_respects_cutoff ______

self = <_SelectorSocketTransport closed fd=17>

    def _read_ready__data_received(self):
        if self._conn_lost:
            return
        try:
>           data = self._sock.recv(self.max_size)
                   ^^^^^^^^^^^^^^^^^^^^^^^^^^^^^^
E           ConnectionResetError: [Errno 104] Connection reset by peer

/usr/lib/python3.12/asyncio/selector_events.py:1013: ConnectionResetError

The above exception was the direct cause of the following exception:

self = <Coroutine test_cancel_stale_pending_orders_respects_cutoff>

    def setup(self) -> None:
        runner_fixture_id = f"_{self._loop_scope}_scoped_runner"
        if runner_fixture_id not in self.fixturenames:
            self.fixturenames.append(runner_fixture_id)
>       return super().setup()
               ^^^^^^^^^^^^^^^

.venv/lib/python3.12/site-packages/pytest_asyncio/plugin.py:463: 
_ _ _ _ _ _ _ _ _ _ _ _ _ _ _ _ _ _ _ _ _ _ _ _ _ _ _ _ _ _ _ _ _ _ _ _ _ _ _ _ 
.venv/lib/python3.12/site-packages/pytest_asyncio/plugin.py:748: in pytest_fixture_setup
    hook_result = yield
                  ^^^^^
.venv/lib/python3.12/site-packages/pytest_asyncio/plugin.py:318: in _asyncgen_fixture_wrapper
    result = runner.run(setup(), context=context)
             ^^^^^^^^^^^^^^^^^^^^^^^^^^^^^^^^^^^^
/usr/lib/python3.12/asyncio/runners.py:118: in run
    return self._loop.run_until_complete(task)
           ^^^^^^^^^^^^^^^^^^^^^^^^^^^^^^^^^^^
/usr/lib/python3.12/asyncio/base_events.py:687: in run_until_complete
    return future.result()
           ^^^^^^^^^^^^^^^
.venv/lib/python3.12/site-packages/pytest_asyncio/plugin.py:314: in setup
    res = await gen_obj.__anext__()
          ^^^^^^^^^^^^^^^^^^^^^^^^^
tests/conftest.py:71: in model_test_engine
    async with engine.begin() as conn:
/usr/lib/python3.12/contextlib.py:210: in __aenter__
    return await anext(self.gen)
           ^^^^^^^^^^^^^^^^^^^^^
.venv/lib/python3.12/site-packages/sqlalchemy/ext/asyncio/engine.py:1068: in begin
    async with conn:
.venv/lib/python3.12/site-packages/sqlalchemy/ext/asyncio/base.py:121: in __aenter__
    return await self.start(is_ctxmanager=True)
           ^^^^^^^^^^^^^^^^^^^^^^^^^^^^^^^^^^^^
.venv/lib/python3.12/site-packages/sqlalchemy/ext/asyncio/engine.py:275: in start
    await greenlet_spawn(self.sync_engine.connect)
.venv/lib/python3.12/site-packages/sqlalchemy/util/_concurrency_py3k.py:201: in greenlet_spawn
    result = context.throw(*sys.exc_info())
             ^^^^^^^^^^^^^^^^^^^^^^^^^^^^^^
.venv/lib/python3.12/site-packages/sqlalchemy/engine/base.py:3277: in connect
    return self._connection_cls(self)
           ^^^^^^^^^^^^^^^^^^^^^^^^^^
.venv/lib/python3.12/site-packages/sqlalchemy/engine/base.py:143: in __init__
    self._dbapi_connection = engine.raw_connection()
                             ^^^^^^^^^^^^^^^^^^^^^^^
.venv/lib/python3.12/site-packages/sqlalchemy/engine/base.py:3301: in raw_connection
    return self.pool.connect()
           ^^^^^^^^^^^^^^^^^^^
.venv/lib/python3.12/site-packages/sqlalchemy/pool/base.py:447: in connect
    return _ConnectionFairy._checkout(self)
           ^^^^^^^^^^^^^^^^^^^^^^^^^^^^^^^^
.venv/lib/python3.12/site-packages/sqlalchemy/pool/base.py:1264: in _checkout
    fairy = _ConnectionRecord.checkout(pool)
            ^^^^^^^^^^^^^^^^^^^^^^^^^^^^^^^^
.venv/lib/python3.12/site-packages/sqlalchemy/pool/base.py:711: in checkout
    rec = pool._do_get()
          ^^^^^^^^^^^^^^
.venv/lib/python3.12/site-packages/sqlalchemy/pool/impl.py:177: in _do_get
    with util.safe_reraise():
.venv/lib/python3.12/site-packages/sqlalchemy/util/langhelpers.py:224: in __exit__
    raise exc_value.with_traceback(exc_tb)
.venv/lib/python3.12/site-packages/sqlalchemy/pool/impl.py:175: in _do_get
    return self._create_connection()
           ^^^^^^^^^^^^^^^^^^^^^^^^^
.venv/lib/python3.12/site-packages/sqlalchemy/pool/base.py:388: in _create_connection
    return _ConnectionRecord(self)
           ^^^^^^^^^^^^^^^^^^^^^^^
.venv/lib/python3.12/site-packages/sqlalchemy/pool/base.py:673: in __init__
    self.__connect()
.venv/lib/python3.12/site-packages/sqlalchemy/pool/base.py:899: in __connect
    with util.safe_reraise():
.venv/lib/python3.12/site-packages/sqlalchemy/util/langhelpers.py:224: in __exit__
    raise exc_value.with_traceback(exc_tb)
.venv/lib/python3.12/site-packages/sqlalchemy/pool/base.py:895: in __connect
    self.dbapi_connection = connection = pool._invoke_creator(self)
                                         ^^^^^^^^^^^^^^^^^^^^^^^^^^
.venv/lib/python3.12/site-packages/sqlalchemy/engine/create.py:661: in connect
    return dialect.connect(*cargs, **cparams)
           ^^^^^^^^^^^^^^^^^^^^^^^^^^^^^^^^^^
.venv/lib/python3.12/site-packages/sqlalchemy/engine/default.py:629: in connect
    return self.loaded_dbapi.connect(*cargs, **cparams)  # type: ignore[no-any-return]  # NOQA: E501
           ^^^^^^^^^^^^^^^^^^^^^^^^^^^^^^^^^^^^^^^^^^^^
.venv/lib/python3.12/site-packages/sqlalchemy/dialects/postgresql/asyncpg.py:955: in connect
    await_only(creator_fn(*arg, **kw)),
    ^^^^^^^^^^^^^^^^^^^^^^^^^^^^^^^^^^
.venv/lib/python3.12/site-packages/sqlalchemy/util/_concurrency_py3k.py:132: in await_only
    return current.parent.switch(awaitable)  # type: ignore[no-any-return,attr-defined] # noqa: E501
           ^^^^^^^^^^^^^^^^^^^^^^^^^^^^^^^^
.venv/lib/python3.12/site-packages/sqlalchemy/util/_concurrency_py3k.py:196: in greenlet_spawn
    value = await result
            ^^^^^^^^^^^^
.venv/lib/python3.12/site-packages/asyncpg/connection.py:2421: in connect
    return await connect_utils._connect(
.venv/lib/python3.12/site-packages/asyncpg/connect_utils.py:1049: in _connect
    conn = await _connect_addr(
.venv/lib/python3.12/site-packages/asyncpg/connect_utils.py:886: in _connect_addr
    return await __connect_addr(params, True, *args)
           ^^^^^^^^^^^^^^^^^^^^^^^^^^^^^^^^^^^^^^^^^
_ _ _ _ _ _ _ _ _ _ _ _ _ _ _ _ _ _ _ _ _ _ _ _ _ _ _ _ _ _ _ _ _ _ _ _ _ _ _ _ 

params = ConnectionParameters(user='kwok', password='***', database='naicha_test', ssl=<ssl.SSLContext object at 0x7c391f0bf6d0...postgres'>, server_settings=None, target_session_attrs=<SessionAttribute.any: 'any'>, krbsrvname=None, gsslib='gssapi')
retry = True, addr = ('172.21.48.1', 5432)
loop = <_UnixSelectorEventLoop running=False closed=False debug=False>
config = ConnectionConfiguration(command_timeout=None, statement_cache_size=100, max_cached_statement_lifetime=300, max_cacheable_statement_size=15360)
connection_class = <class 'asyncpg.connection.Connection'>
record_class = <class 'asyncpg.Record'>
params_input = ConnectionParameters(user='kwok', password='***', database='naicha_test', ssl=<ssl.SSLContext object at 0x7c391f0bf6d0...postgres'>, server_settings=None, target_session_attrs=<SessionAttribute.any: 'any'>, krbsrvname=None, gsslib='gssapi')

    async def __connect_addr(
        params,
        retry,
        addr,
        loop,
        config,
        connection_class,
        record_class,
        params_input,
    ):
        connected = _create_future(loop)
    
        proto_factory = lambda: protocol.Protocol(
            addr, connected, params, record_class, loop)
    
        if isinstance(addr, str):
            # UNIX socket
            connector = loop.create_unix_connection(proto_factory, addr)
    
        elif params.ssl and params.ssl_negotiation is SSLNegotiation.direct:
            # if ssl and ssl_negotiation is `direct`, skip STARTTLS and perform
            # direct SSL connection
            connector = loop.create_connection(
                proto_factory, *addr, ssl=params.ssl
            )
    
        elif params.ssl:
            connector = _create_ssl_connection(
                proto_factory, *addr, loop=loop, ssl_context=params.ssl,
                ssl_is_advisory=params.sslmode == SSLMode.prefer)
        else:
            connector = loop.create_connection(proto_factory, *addr)
    
        tr, pr = await connector
    
        try:
>           await connected
E           asyncpg.exceptions.ConnectionDoesNotExistError: connection was closed in the middle of operation

.venv/lib/python3.12/site-packages/asyncpg/connect_utils.py:934: ConnectionDoesNotExistError
____________ ERROR at setup of test_payment_service_amount_mismatch ____________

self = <_SelectorSocketTransport closed fd=17>

    def _read_ready__data_received(self):
        if self._conn_lost:
            return
        try:
>           data = self._sock.recv(self.max_size)
                   ^^^^^^^^^^^^^^^^^^^^^^^^^^^^^^
E           ConnectionResetError: [Errno 104] Connection reset by peer

/usr/lib/python3.12/asyncio/selector_events.py:1013: ConnectionResetError

The above exception was the direct cause of the following exception:

self = <Coroutine test_payment_service_amount_mismatch>

    def setup(self) -> None:
        runner_fixture_id = f"_{self._loop_scope}_scoped_runner"
        if runner_fixture_id not in self.fixturenames:
            self.fixturenames.append(runner_fixture_id)
>       return super().setup()
               ^^^^^^^^^^^^^^^

.venv/lib/python3.12/site-packages/pytest_asyncio/plugin.py:463: 
_ _ _ _ _ _ _ _ _ _ _ _ _ _ _ _ _ _ _ _ _ _ _ _ _ _ _ _ _ _ _ _ _ _ _ _ _ _ _ _ 
.venv/lib/python3.12/site-packages/pytest_asyncio/plugin.py:748: in pytest_fixture_setup
    hook_result = yield
                  ^^^^^
.venv/lib/python3.12/site-packages/pytest_asyncio/plugin.py:318: in _asyncgen_fixture_wrapper
    result = runner.run(setup(), context=context)
             ^^^^^^^^^^^^^^^^^^^^^^^^^^^^^^^^^^^^
/usr/lib/python3.12/asyncio/runners.py:118: in run
    return self._loop.run_until_complete(task)
           ^^^^^^^^^^^^^^^^^^^^^^^^^^^^^^^^^^^
/usr/lib/python3.12/asyncio/base_events.py:687: in run_until_complete
    return future.result()
           ^^^^^^^^^^^^^^^
.venv/lib/python3.12/site-packages/pytest_asyncio/plugin.py:314: in setup
    res = await gen_obj.__anext__()
          ^^^^^^^^^^^^^^^^^^^^^^^^^
tests/conftest.py:71: in model_test_engine
    async with engine.begin() as conn:
/usr/lib/python3.12/contextlib.py:210: in __aenter__
    return await anext(self.gen)
           ^^^^^^^^^^^^^^^^^^^^^
.venv/lib/python3.12/site-packages/sqlalchemy/ext/asyncio/engine.py:1068: in begin
    async with conn:
.venv/lib/python3.12/site-packages/sqlalchemy/ext/asyncio/base.py:121: in __aenter__
    return await self.start(is_ctxmanager=True)
           ^^^^^^^^^^^^^^^^^^^^^^^^^^^^^^^^^^^^
.venv/lib/python3.12/site-packages/sqlalchemy/ext/asyncio/engine.py:275: in start
    await greenlet_spawn(self.sync_engine.connect)
.venv/lib/python3.12/site-packages/sqlalchemy/util/_concurrency_py3k.py:201: in greenlet_spawn
    result = context.throw(*sys.exc_info())
             ^^^^^^^^^^^^^^^^^^^^^^^^^^^^^^
.venv/lib/python3.12/site-packages/sqlalchemy/engine/base.py:3277: in connect
    return self._connection_cls(self)
           ^^^^^^^^^^^^^^^^^^^^^^^^^^
.venv/lib/python3.12/site-packages/sqlalchemy/engine/base.py:143: in __init__
    self._dbapi_connection = engine.raw_connection()
                             ^^^^^^^^^^^^^^^^^^^^^^^
.venv/lib/python3.12/site-packages/sqlalchemy/engine/base.py:3301: in raw_connection
    return self.pool.connect()
           ^^^^^^^^^^^^^^^^^^^
.venv/lib/python3.12/site-packages/sqlalchemy/pool/base.py:447: in connect
    return _ConnectionFairy._checkout(self)
           ^^^^^^^^^^^^^^^^^^^^^^^^^^^^^^^^
.venv/lib/python3.12/site-packages/sqlalchemy/pool/base.py:1264: in _checkout
    fairy = _ConnectionRecord.checkout(pool)
            ^^^^^^^^^^^^^^^^^^^^^^^^^^^^^^^^
.venv/lib/python3.12/site-packages/sqlalchemy/pool/base.py:711: in checkout
    rec = pool._do_get()
          ^^^^^^^^^^^^^^
.venv/lib/python3.12/site-packages/sqlalchemy/pool/impl.py:177: in _do_get
    with util.safe_reraise():
.venv/lib/python3.12/site-packages/sqlalchemy/util/langhelpers.py:224: in __exit__
    raise exc_value.with_traceback(exc_tb)
.venv/lib/python3.12/site-packages/sqlalchemy/pool/impl.py:175: in _do_get
    return self._create_connection()
           ^^^^^^^^^^^^^^^^^^^^^^^^^
.venv/lib/python3.12/site-packages/sqlalchemy/pool/base.py:388: in _create_connection
    return _ConnectionRecord(self)
           ^^^^^^^^^^^^^^^^^^^^^^^
.venv/lib/python3.12/site-packages/sqlalchemy/pool/base.py:673: in __init__
    self.__connect()
.venv/lib/python3.12/site-packages/sqlalchemy/pool/base.py:899: in __connect
    with util.safe_reraise():
.venv/lib/python3.12/site-packages/sqlalchemy/util/langhelpers.py:224: in __exit__
    raise exc_value.with_traceback(exc_tb)
.venv/lib/python3.12/site-packages/sqlalchemy/pool/base.py:895: in __connect
    self.dbapi_connection = connection = pool._invoke_creator(self)
                                         ^^^^^^^^^^^^^^^^^^^^^^^^^^
.venv/lib/python3.12/site-packages/sqlalchemy/engine/create.py:661: in connect
    return dialect.connect(*cargs, **cparams)
           ^^^^^^^^^^^^^^^^^^^^^^^^^^^^^^^^^^
.venv/lib/python3.12/site-packages/sqlalchemy/engine/default.py:629: in connect
    return self.loaded_dbapi.connect(*cargs, **cparams)  # type: ignore[no-any-return]  # NOQA: E501
           ^^^^^^^^^^^^^^^^^^^^^^^^^^^^^^^^^^^^^^^^^^^^
.venv/lib/python3.12/site-packages/sqlalchemy/dialects/postgresql/asyncpg.py:955: in connect
    await_only(creator_fn(*arg, **kw)),
    ^^^^^^^^^^^^^^^^^^^^^^^^^^^^^^^^^^
.venv/lib/python3.12/site-packages/sqlalchemy/util/_concurrency_py3k.py:132: in await_only
    return current.parent.switch(awaitable)  # type: ignore[no-any-return,attr-defined] # noqa: E501
           ^^^^^^^^^^^^^^^^^^^^^^^^^^^^^^^^
.venv/lib/python3.12/site-packages/sqlalchemy/util/_concurrency_py3k.py:196: in greenlet_spawn
    value = await result
            ^^^^^^^^^^^^
.venv/lib/python3.12/site-packages/asyncpg/connection.py:2421: in connect
    return await connect_utils._connect(
.venv/lib/python3.12/site-packages/asyncpg/connect_utils.py:1049: in _connect
    conn = await _connect_addr(
.venv/lib/python3.12/site-packages/asyncpg/connect_utils.py:886: in _connect_addr
    return await __connect_addr(params, True, *args)
           ^^^^^^^^^^^^^^^^^^^^^^^^^^^^^^^^^^^^^^^^^
_ _ _ _ _ _ _ _ _ _ _ _ _ _ _ _ _ _ _ _ _ _ _ _ _ _ _ _ _ _ _ _ _ _ _ _ _ _ _ _ 

params = ConnectionParameters(user='kwok', password='***', database='naicha_test', ssl=<ssl.SSLContext object at 0x7c3921190750...postgres'>, server_settings=None, target_session_attrs=<SessionAttribute.any: 'any'>, krbsrvname=None, gsslib='gssapi')
retry = True, addr = ('172.21.48.1', 5432)
loop = <_UnixSelectorEventLoop running=False closed=False debug=False>
config = ConnectionConfiguration(command_timeout=None, statement_cache_size=100, max_cached_statement_lifetime=300, max_cacheable_statement_size=15360)
connection_class = <class 'asyncpg.connection.Connection'>
record_class = <class 'asyncpg.Record'>
params_input = ConnectionParameters(user='kwok', password='***', database='naicha_test', ssl=<ssl.SSLContext object at 0x7c3921190750...postgres'>, server_settings=None, target_session_attrs=<SessionAttribute.any: 'any'>, krbsrvname=None, gsslib='gssapi')

    async def __connect_addr(
        params,
        retry,
        addr,
        loop,
        config,
        connection_class,
        record_class,
        params_input,
    ):
        connected = _create_future(loop)
    
        proto_factory = lambda: protocol.Protocol(
            addr, connected, params, record_class, loop)
    
        if isinstance(addr, str):
            # UNIX socket
            connector = loop.create_unix_connection(proto_factory, addr)
    
        elif params.ssl and params.ssl_negotiation is SSLNegotiation.direct:
            # if ssl and ssl_negotiation is `direct`, skip STARTTLS and perform
            # direct SSL connection
            connector = loop.create_connection(
                proto_factory, *addr, ssl=params.ssl
            )
    
        elif params.ssl:
            connector = _create_ssl_connection(
                proto_factory, *addr, loop=loop, ssl_context=params.ssl,
                ssl_is_advisory=params.sslmode == SSLMode.prefer)
        else:
            connector = loop.create_connection(proto_factory, *addr)
    
        tr, pr = await connector
    
        try:
>           await connected
E           asyncpg.exceptions.ConnectionDoesNotExistError: connection was closed in the middle of operation

.venv/lib/python3.12/site-packages/asyncpg/connect_utils.py:934: ConnectionDoesNotExistError
__________ ERROR at setup of test_payment_service_nested_transaction ___________

self = <_SelectorSocketTransport closed fd=17>

    def _read_ready__data_received(self):
        if self._conn_lost:
            return
        try:
>           data = self._sock.recv(self.max_size)
                   ^^^^^^^^^^^^^^^^^^^^^^^^^^^^^^
E           ConnectionResetError: [Errno 104] Connection reset by peer

/usr/lib/python3.12/asyncio/selector_events.py:1013: ConnectionResetError

The above exception was the direct cause of the following exception:

self = <Coroutine test_payment_service_nested_transaction>

    def setup(self) -> None:
        runner_fixture_id = f"_{self._loop_scope}_scoped_runner"
        if runner_fixture_id not in self.fixturenames:
            self.fixturenames.append(runner_fixture_id)
>       return super().setup()
               ^^^^^^^^^^^^^^^

.venv/lib/python3.12/site-packages/pytest_asyncio/plugin.py:463: 
_ _ _ _ _ _ _ _ _ _ _ _ _ _ _ _ _ _ _ _ _ _ _ _ _ _ _ _ _ _ _ _ _ _ _ _ _ _ _ _ 
.venv/lib/python3.12/site-packages/pytest_asyncio/plugin.py:748: in pytest_fixture_setup
    hook_result = yield
                  ^^^^^
.venv/lib/python3.12/site-packages/pytest_asyncio/plugin.py:318: in _asyncgen_fixture_wrapper
    result = runner.run(setup(), context=context)
             ^^^^^^^^^^^^^^^^^^^^^^^^^^^^^^^^^^^^
/usr/lib/python3.12/asyncio/runners.py:118: in run
    return self._loop.run_until_complete(task)
           ^^^^^^^^^^^^^^^^^^^^^^^^^^^^^^^^^^^
/usr/lib/python3.12/asyncio/base_events.py:687: in run_until_complete
    return future.result()
           ^^^^^^^^^^^^^^^
.venv/lib/python3.12/site-packages/pytest_asyncio/plugin.py:314: in setup
    res = await gen_obj.__anext__()
          ^^^^^^^^^^^^^^^^^^^^^^^^^
tests/conftest.py:71: in model_test_engine
    async with engine.begin() as conn:
/usr/lib/python3.12/contextlib.py:210: in __aenter__
    return await anext(self.gen)
           ^^^^^^^^^^^^^^^^^^^^^
.venv/lib/python3.12/site-packages/sqlalchemy/ext/asyncio/engine.py:1068: in begin
    async with conn:
.venv/lib/python3.12/site-packages/sqlalchemy/ext/asyncio/base.py:121: in __aenter__
    return await self.start(is_ctxmanager=True)
           ^^^^^^^^^^^^^^^^^^^^^^^^^^^^^^^^^^^^
.venv/lib/python3.12/site-packages/sqlalchemy/ext/asyncio/engine.py:275: in start
    await greenlet_spawn(self.sync_engine.connect)
.venv/lib/python3.12/site-packages/sqlalchemy/util/_concurrency_py3k.py:201: in greenlet_spawn
    result = context.throw(*sys.exc_info())
             ^^^^^^^^^^^^^^^^^^^^^^^^^^^^^^
.venv/lib/python3.12/site-packages/sqlalchemy/engine/base.py:3277: in connect
    return self._connection_cls(self)
           ^^^^^^^^^^^^^^^^^^^^^^^^^^
.venv/lib/python3.12/site-packages/sqlalchemy/engine/base.py:143: in __init__
    self._dbapi_connection = engine.raw_connection()
                             ^^^^^^^^^^^^^^^^^^^^^^^
.venv/lib/python3.12/site-packages/sqlalchemy/engine/base.py:3301: in raw_connection
    return self.pool.connect()
           ^^^^^^^^^^^^^^^^^^^
.venv/lib/python3.12/site-packages/sqlalchemy/pool/base.py:447: in connect
    return _ConnectionFairy._checkout(self)
           ^^^^^^^^^^^^^^^^^^^^^^^^^^^^^^^^
.venv/lib/python3.12/site-packages/sqlalchemy/pool/base.py:1264: in _checkout
    fairy = _ConnectionRecord.checkout(pool)
            ^^^^^^^^^^^^^^^^^^^^^^^^^^^^^^^^
.venv/lib/python3.12/site-packages/sqlalchemy/pool/base.py:711: in checkout
    rec = pool._do_get()
          ^^^^^^^^^^^^^^
.venv/lib/python3.12/site-packages/sqlalchemy/pool/impl.py:177: in _do_get
    with util.safe_reraise():
.venv/lib/python3.12/site-packages/sqlalchemy/util/langhelpers.py:224: in __exit__
    raise exc_value.with_traceback(exc_tb)
.venv/lib/python3.12/site-packages/sqlalchemy/pool/impl.py:175: in _do_get
    return self._create_connection()
           ^^^^^^^^^^^^^^^^^^^^^^^^^
.venv/lib/python3.12/site-packages/sqlalchemy/pool/base.py:388: in _create_connection
    return _ConnectionRecord(self)
           ^^^^^^^^^^^^^^^^^^^^^^^
.venv/lib/python3.12/site-packages/sqlalchemy/pool/base.py:673: in __init__
    self.__connect()
.venv/lib/python3.12/site-packages/sqlalchemy/pool/base.py:899: in __connect
    with util.safe_reraise():
.venv/lib/python3.12/site-packages/sqlalchemy/util/langhelpers.py:224: in __exit__
    raise exc_value.with_traceback(exc_tb)
.venv/lib/python3.12/site-packages/sqlalchemy/pool/base.py:895: in __connect
    self.dbapi_connection = connection = pool._invoke_creator(self)
                                         ^^^^^^^^^^^^^^^^^^^^^^^^^^
.venv/lib/python3.12/site-packages/sqlalchemy/engine/create.py:661: in connect
    return dialect.connect(*cargs, **cparams)
           ^^^^^^^^^^^^^^^^^^^^^^^^^^^^^^^^^^
.venv/lib/python3.12/site-packages/sqlalchemy/engine/default.py:629: in connect
    return self.loaded_dbapi.connect(*cargs, **cparams)  # type: ignore[no-any-return]  # NOQA: E501
           ^^^^^^^^^^^^^^^^^^^^^^^^^^^^^^^^^^^^^^^^^^^^
.venv/lib/python3.12/site-packages/sqlalchemy/dialects/postgresql/asyncpg.py:955: in connect
    await_only(creator_fn(*arg, **kw)),
    ^^^^^^^^^^^^^^^^^^^^^^^^^^^^^^^^^^
.venv/lib/python3.12/site-packages/sqlalchemy/util/_concurrency_py3k.py:132: in await_only
    return current.parent.switch(awaitable)  # type: ignore[no-any-return,attr-defined] # noqa: E501
           ^^^^^^^^^^^^^^^^^^^^^^^^^^^^^^^^
.venv/lib/python3.12/site-packages/sqlalchemy/util/_concurrency_py3k.py:196: in greenlet_spawn
    value = await result
            ^^^^^^^^^^^^
.venv/lib/python3.12/site-packages/asyncpg/connection.py:2421: in connect
    return await connect_utils._connect(
.venv/lib/python3.12/site-packages/asyncpg/connect_utils.py:1049: in _connect
    conn = await _connect_addr(
.venv/lib/python3.12/site-packages/asyncpg/connect_utils.py:886: in _connect_addr
    return await __connect_addr(params, True, *args)
           ^^^^^^^^^^^^^^^^^^^^^^^^^^^^^^^^^^^^^^^^^
_ _ _ _ _ _ _ _ _ _ _ _ _ _ _ _ _ _ _ _ _ _ _ _ _ _ _ _ _ _ _ _ _ _ _ _ _ _ _ _ 

params = ConnectionParameters(user='kwok', password='***', database='naicha_test', ssl=<ssl.SSLContext object at 0x7c391ef11750...postgres'>, server_settings=None, target_session_attrs=<SessionAttribute.any: 'any'>, krbsrvname=None, gsslib='gssapi')
retry = True, addr = ('172.21.48.1', 5432)
loop = <_UnixSelectorEventLoop running=False closed=False debug=False>
config = ConnectionConfiguration(command_timeout=None, statement_cache_size=100, max_cached_statement_lifetime=300, max_cacheable_statement_size=15360)
connection_class = <class 'asyncpg.connection.Connection'>
record_class = <class 'asyncpg.Record'>
params_input = ConnectionParameters(user='kwok', password='***', database='naicha_test', ssl=<ssl.SSLContext object at 0x7c391ef11750...postgres'>, server_settings=None, target_session_attrs=<SessionAttribute.any: 'any'>, krbsrvname=None, gsslib='gssapi')

    async def __connect_addr(
        params,
        retry,
        addr,
        loop,
        config,
        connection_class,
        record_class,
        params_input,
    ):
        connected = _create_future(loop)
    
        proto_factory = lambda: protocol.Protocol(
            addr, connected, params, record_class, loop)
    
        if isinstance(addr, str):
            # UNIX socket
            connector = loop.create_unix_connection(proto_factory, addr)
    
        elif params.ssl and params.ssl_negotiation is SSLNegotiation.direct:
            # if ssl and ssl_negotiation is `direct`, skip STARTTLS and perform
            # direct SSL connection
            connector = loop.create_connection(
                proto_factory, *addr, ssl=params.ssl
            )
    
        elif params.ssl:
            connector = _create_ssl_connection(
                proto_factory, *addr, loop=loop, ssl_context=params.ssl,
                ssl_is_advisory=params.sslmode == SSLMode.prefer)
        else:
            connector = loop.create_connection(proto_factory, *addr)
    
        tr, pr = await connector
    
        try:
>           await connected
E           asyncpg.exceptions.ConnectionDoesNotExistError: connection was closed in the middle of operation

.venv/lib/python3.12/site-packages/asyncpg/connect_utils.py:934: ConnectionDoesNotExistError
_________ ERROR at setup of test_payment_service_awards_loyalty_points _________

self = <_SelectorSocketTransport closed fd=17>

    def _read_ready__data_received(self):
        if self._conn_lost:
            return
        try:
>           data = self._sock.recv(self.max_size)
                   ^^^^^^^^^^^^^^^^^^^^^^^^^^^^^^
E           ConnectionResetError: [Errno 104] Connection reset by peer

/usr/lib/python3.12/asyncio/selector_events.py:1013: ConnectionResetError

The above exception was the direct cause of the following exception:

self = <Coroutine test_payment_service_awards_loyalty_points>

    def setup(self) -> None:
        runner_fixture_id = f"_{self._loop_scope}_scoped_runner"
        if runner_fixture_id not in self.fixturenames:
            self.fixturenames.append(runner_fixture_id)
>       return super().setup()
               ^^^^^^^^^^^^^^^

.venv/lib/python3.12/site-packages/pytest_asyncio/plugin.py:463: 
_ _ _ _ _ _ _ _ _ _ _ _ _ _ _ _ _ _ _ _ _ _ _ _ _ _ _ _ _ _ _ _ _ _ _ _ _ _ _ _ 
.venv/lib/python3.12/site-packages/pytest_asyncio/plugin.py:748: in pytest_fixture_setup
    hook_result = yield
                  ^^^^^
.venv/lib/python3.12/site-packages/pytest_asyncio/plugin.py:318: in _asyncgen_fixture_wrapper
    result = runner.run(setup(), context=context)
             ^^^^^^^^^^^^^^^^^^^^^^^^^^^^^^^^^^^^
/usr/lib/python3.12/asyncio/runners.py:118: in run
    return self._loop.run_until_complete(task)
           ^^^^^^^^^^^^^^^^^^^^^^^^^^^^^^^^^^^
/usr/lib/python3.12/asyncio/base_events.py:687: in run_until_complete
    return future.result()
           ^^^^^^^^^^^^^^^
.venv/lib/python3.12/site-packages/pytest_asyncio/plugin.py:314: in setup
    res = await gen_obj.__anext__()
          ^^^^^^^^^^^^^^^^^^^^^^^^^
tests/conftest.py:71: in model_test_engine
    async with engine.begin() as conn:
/usr/lib/python3.12/contextlib.py:210: in __aenter__
    return await anext(self.gen)
           ^^^^^^^^^^^^^^^^^^^^^
.venv/lib/python3.12/site-packages/sqlalchemy/ext/asyncio/engine.py:1068: in begin
    async with conn:
.venv/lib/python3.12/site-packages/sqlalchemy/ext/asyncio/base.py:121: in __aenter__
    return await self.start(is_ctxmanager=True)
           ^^^^^^^^^^^^^^^^^^^^^^^^^^^^^^^^^^^^
.venv/lib/python3.12/site-packages/sqlalchemy/ext/asyncio/engine.py:275: in start
    await greenlet_spawn(self.sync_engine.connect)
.venv/lib/python3.12/site-packages/sqlalchemy/util/_concurrency_py3k.py:201: in greenlet_spawn
    result = context.throw(*sys.exc_info())
             ^^^^^^^^^^^^^^^^^^^^^^^^^^^^^^
.venv/lib/python3.12/site-packages/sqlalchemy/engine/base.py:3277: in connect
    return self._connection_cls(self)
           ^^^^^^^^^^^^^^^^^^^^^^^^^^
.venv/lib/python3.12/site-packages/sqlalchemy/engine/base.py:143: in __init__
    self._dbapi_connection = engine.raw_connection()
                             ^^^^^^^^^^^^^^^^^^^^^^^
.venv/lib/python3.12/site-packages/sqlalchemy/engine/base.py:3301: in raw_connection
    return self.pool.connect()
           ^^^^^^^^^^^^^^^^^^^
.venv/lib/python3.12/site-packages/sqlalchemy/pool/base.py:447: in connect
    return _ConnectionFairy._checkout(self)
           ^^^^^^^^^^^^^^^^^^^^^^^^^^^^^^^^
.venv/lib/python3.12/site-packages/sqlalchemy/pool/base.py:1264: in _checkout
    fairy = _ConnectionRecord.checkout(pool)
            ^^^^^^^^^^^^^^^^^^^^^^^^^^^^^^^^
.venv/lib/python3.12/site-packages/sqlalchemy/pool/base.py:711: in checkout
    rec = pool._do_get()
          ^^^^^^^^^^^^^^
.venv/lib/python3.12/site-packages/sqlalchemy/pool/impl.py:177: in _do_get
    with util.safe_reraise():
.venv/lib/python3.12/site-packages/sqlalchemy/util/langhelpers.py:224: in __exit__
    raise exc_value.with_traceback(exc_tb)
.venv/lib/python3.12/site-packages/sqlalchemy/pool/impl.py:175: in _do_get
    return self._create_connection()
           ^^^^^^^^^^^^^^^^^^^^^^^^^
.venv/lib/python3.12/site-packages/sqlalchemy/pool/base.py:388: in _create_connection
    return _ConnectionRecord(self)
           ^^^^^^^^^^^^^^^^^^^^^^^
.venv/lib/python3.12/site-packages/sqlalchemy/pool/base.py:673: in __init__
    self.__connect()
.venv/lib/python3.12/site-packages/sqlalchemy/pool/base.py:899: in __connect
    with util.safe_reraise():
.venv/lib/python3.12/site-packages/sqlalchemy/util/langhelpers.py:224: in __exit__
    raise exc_value.with_traceback(exc_tb)
.venv/lib/python3.12/site-packages/sqlalchemy/pool/base.py:895: in __connect
    self.dbapi_connection = connection = pool._invoke_creator(self)
                                         ^^^^^^^^^^^^^^^^^^^^^^^^^^
.venv/lib/python3.12/site-packages/sqlalchemy/engine/create.py:661: in connect
    return dialect.connect(*cargs, **cparams)
           ^^^^^^^^^^^^^^^^^^^^^^^^^^^^^^^^^^
.venv/lib/python3.12/site-packages/sqlalchemy/engine/default.py:629: in connect
    return self.loaded_dbapi.connect(*cargs, **cparams)  # type: ignore[no-any-return]  # NOQA: E501
           ^^^^^^^^^^^^^^^^^^^^^^^^^^^^^^^^^^^^^^^^^^^^
.venv/lib/python3.12/site-packages/sqlalchemy/dialects/postgresql/asyncpg.py:955: in connect
    await_only(creator_fn(*arg, **kw)),
    ^^^^^^^^^^^^^^^^^^^^^^^^^^^^^^^^^^
.venv/lib/python3.12/site-packages/sqlalchemy/util/_concurrency_py3k.py:132: in await_only
    return current.parent.switch(awaitable)  # type: ignore[no-any-return,attr-defined] # noqa: E501
           ^^^^^^^^^^^^^^^^^^^^^^^^^^^^^^^^
.venv/lib/python3.12/site-packages/sqlalchemy/util/_concurrency_py3k.py:196: in greenlet_spawn
    value = await result
            ^^^^^^^^^^^^
.venv/lib/python3.12/site-packages/asyncpg/connection.py:2421: in connect
    return await connect_utils._connect(
.venv/lib/python3.12/site-packages/asyncpg/connect_utils.py:1049: in _connect
    conn = await _connect_addr(
.venv/lib/python3.12/site-packages/asyncpg/connect_utils.py:886: in _connect_addr
    return await __connect_addr(params, True, *args)
           ^^^^^^^^^^^^^^^^^^^^^^^^^^^^^^^^^^^^^^^^^
_ _ _ _ _ _ _ _ _ _ _ _ _ _ _ _ _ _ _ _ _ _ _ _ _ _ _ _ _ _ _ _ _ _ _ _ _ _ _ _ 

params = ConnectionParameters(user='kwok', password='***', database='naicha_test', ssl=<ssl.SSLContext object at 0x7c391feef850...postgres'>, server_settings=None, target_session_attrs=<SessionAttribute.any: 'any'>, krbsrvname=None, gsslib='gssapi')
retry = True, addr = ('172.21.48.1', 5432)
loop = <_UnixSelectorEventLoop running=False closed=False debug=False>
config = ConnectionConfiguration(command_timeout=None, statement_cache_size=100, max_cached_statement_lifetime=300, max_cacheable_statement_size=15360)
connection_class = <class 'asyncpg.connection.Connection'>
record_class = <class 'asyncpg.Record'>
params_input = ConnectionParameters(user='kwok', password='***', database='naicha_test', ssl=<ssl.SSLContext object at 0x7c391feef850...postgres'>, server_settings=None, target_session_attrs=<SessionAttribute.any: 'any'>, krbsrvname=None, gsslib='gssapi')

    async def __connect_addr(
        params,
        retry,
        addr,
        loop,
        config,
        connection_class,
        record_class,
        params_input,
    ):
        connected = _create_future(loop)
    
        proto_factory = lambda: protocol.Protocol(
            addr, connected, params, record_class, loop)
    
        if isinstance(addr, str):
            # UNIX socket
            connector = loop.create_unix_connection(proto_factory, addr)
    
        elif params.ssl and params.ssl_negotiation is SSLNegotiation.direct:
            # if ssl and ssl_negotiation is `direct`, skip STARTTLS and perform
            # direct SSL connection
            connector = loop.create_connection(
                proto_factory, *addr, ssl=params.ssl
            )
    
        elif params.ssl:
            connector = _create_ssl_connection(
                proto_factory, *addr, loop=loop, ssl_context=params.ssl,
                ssl_is_advisory=params.sslmode == SSLMode.prefer)
        else:
            connector = loop.create_connection(proto_factory, *addr)
    
        tr, pr = await connector
    
        try:
>           await connected
E           asyncpg.exceptions.ConnectionDoesNotExistError: connection was closed in the middle of operation

.venv/lib/python3.12/site-packages/asyncpg/connect_utils.py:934: ConnectionDoesNotExistError
_ ERROR at setup of test_payment_service_loyalty_issues_coupon_and_is_idempotent _

self = <_SelectorSocketTransport closed fd=17>

    def _read_ready__data_received(self):
        if self._conn_lost:
            return
        try:
>           data = self._sock.recv(self.max_size)
                   ^^^^^^^^^^^^^^^^^^^^^^^^^^^^^^
E           ConnectionResetError: [Errno 104] Connection reset by peer

/usr/lib/python3.12/asyncio/selector_events.py:1013: ConnectionResetError

The above exception was the direct cause of the following exception:

self = <Coroutine test_payment_service_loyalty_issues_coupon_and_is_idempotent>

    def setup(self) -> None:
        runner_fixture_id = f"_{self._loop_scope}_scoped_runner"
        if runner_fixture_id not in self.fixturenames:
            self.fixturenames.append(runner_fixture_id)
>       return super().setup()
               ^^^^^^^^^^^^^^^

.venv/lib/python3.12/site-packages/pytest_asyncio/plugin.py:463: 
_ _ _ _ _ _ _ _ _ _ _ _ _ _ _ _ _ _ _ _ _ _ _ _ _ _ _ _ _ _ _ _ _ _ _ _ _ _ _ _ 
.venv/lib/python3.12/site-packages/pytest_asyncio/plugin.py:748: in pytest_fixture_setup
    hook_result = yield
                  ^^^^^
.venv/lib/python3.12/site-packages/pytest_asyncio/plugin.py:318: in _asyncgen_fixture_wrapper
    result = runner.run(setup(), context=context)
             ^^^^^^^^^^^^^^^^^^^^^^^^^^^^^^^^^^^^
/usr/lib/python3.12/asyncio/runners.py:118: in run
    return self._loop.run_until_complete(task)
           ^^^^^^^^^^^^^^^^^^^^^^^^^^^^^^^^^^^
/usr/lib/python3.12/asyncio/base_events.py:687: in run_until_complete
    return future.result()
           ^^^^^^^^^^^^^^^
.venv/lib/python3.12/site-packages/pytest_asyncio/plugin.py:314: in setup
    res = await gen_obj.__anext__()
          ^^^^^^^^^^^^^^^^^^^^^^^^^
tests/conftest.py:71: in model_test_engine
    async with engine.begin() as conn:
/usr/lib/python3.12/contextlib.py:210: in __aenter__
    return await anext(self.gen)
           ^^^^^^^^^^^^^^^^^^^^^
.venv/lib/python3.12/site-packages/sqlalchemy/ext/asyncio/engine.py:1068: in begin
    async with conn:
.venv/lib/python3.12/site-packages/sqlalchemy/ext/asyncio/base.py:121: in __aenter__
    return await self.start(is_ctxmanager=True)
           ^^^^^^^^^^^^^^^^^^^^^^^^^^^^^^^^^^^^
.venv/lib/python3.12/site-packages/sqlalchemy/ext/asyncio/engine.py:275: in start
    await greenlet_spawn(self.sync_engine.connect)
.venv/lib/python3.12/site-packages/sqlalchemy/util/_concurrency_py3k.py:201: in greenlet_spawn
    result = context.throw(*sys.exc_info())
             ^^^^^^^^^^^^^^^^^^^^^^^^^^^^^^
.venv/lib/python3.12/site-packages/sqlalchemy/engine/base.py:3277: in connect
    return self._connection_cls(self)
           ^^^^^^^^^^^^^^^^^^^^^^^^^^
.venv/lib/python3.12/site-packages/sqlalchemy/engine/base.py:143: in __init__
    self._dbapi_connection = engine.raw_connection()
                             ^^^^^^^^^^^^^^^^^^^^^^^
.venv/lib/python3.12/site-packages/sqlalchemy/engine/base.py:3301: in raw_connection
    return self.pool.connect()
           ^^^^^^^^^^^^^^^^^^^
.venv/lib/python3.12/site-packages/sqlalchemy/pool/base.py:447: in connect
    return _ConnectionFairy._checkout(self)
           ^^^^^^^^^^^^^^^^^^^^^^^^^^^^^^^^
.venv/lib/python3.12/site-packages/sqlalchemy/pool/base.py:1264: in _checkout
    fairy = _ConnectionRecord.checkout(pool)
            ^^^^^^^^^^^^^^^^^^^^^^^^^^^^^^^^
.venv/lib/python3.12/site-packages/sqlalchemy/pool/base.py:711: in checkout
    rec = pool._do_get()
          ^^^^^^^^^^^^^^
.venv/lib/python3.12/site-packages/sqlalchemy/pool/impl.py:177: in _do_get
    with util.safe_reraise():
.venv/lib/python3.12/site-packages/sqlalchemy/util/langhelpers.py:224: in __exit__
    raise exc_value.with_traceback(exc_tb)
.venv/lib/python3.12/site-packages/sqlalchemy/pool/impl.py:175: in _do_get
    return self._create_connection()
           ^^^^^^^^^^^^^^^^^^^^^^^^^
.venv/lib/python3.12/site-packages/sqlalchemy/pool/base.py:388: in _create_connection
    return _ConnectionRecord(self)
           ^^^^^^^^^^^^^^^^^^^^^^^
.venv/lib/python3.12/site-packages/sqlalchemy/pool/base.py:673: in __init__
    self.__connect()
.venv/lib/python3.12/site-packages/sqlalchemy/pool/base.py:899: in __connect
    with util.safe_reraise():
.venv/lib/python3.12/site-packages/sqlalchemy/util/langhelpers.py:224: in __exit__
    raise exc_value.with_traceback(exc_tb)
.venv/lib/python3.12/site-packages/sqlalchemy/pool/base.py:895: in __connect
    self.dbapi_connection = connection = pool._invoke_creator(self)
                                         ^^^^^^^^^^^^^^^^^^^^^^^^^^
.venv/lib/python3.12/site-packages/sqlalchemy/engine/create.py:661: in connect
    return dialect.connect(*cargs, **cparams)
           ^^^^^^^^^^^^^^^^^^^^^^^^^^^^^^^^^^
.venv/lib/python3.12/site-packages/sqlalchemy/engine/default.py:629: in connect
    return self.loaded_dbapi.connect(*cargs, **cparams)  # type: ignore[no-any-return]  # NOQA: E501
           ^^^^^^^^^^^^^^^^^^^^^^^^^^^^^^^^^^^^^^^^^^^^
.venv/lib/python3.12/site-packages/sqlalchemy/dialects/postgresql/asyncpg.py:955: in connect
    await_only(creator_fn(*arg, **kw)),
    ^^^^^^^^^^^^^^^^^^^^^^^^^^^^^^^^^^
.venv/lib/python3.12/site-packages/sqlalchemy/util/_concurrency_py3k.py:132: in await_only
    return current.parent.switch(awaitable)  # type: ignore[no-any-return,attr-defined] # noqa: E501
           ^^^^^^^^^^^^^^^^^^^^^^^^^^^^^^^^
.venv/lib/python3.12/site-packages/sqlalchemy/util/_concurrency_py3k.py:196: in greenlet_spawn
    value = await result
            ^^^^^^^^^^^^
.venv/lib/python3.12/site-packages/asyncpg/connection.py:2421: in connect
    return await connect_utils._connect(
.venv/lib/python3.12/site-packages/asyncpg/connect_utils.py:1049: in _connect
    conn = await _connect_addr(
.venv/lib/python3.12/site-packages/asyncpg/connect_utils.py:886: in _connect_addr
    return await __connect_addr(params, True, *args)
           ^^^^^^^^^^^^^^^^^^^^^^^^^^^^^^^^^^^^^^^^^
_ _ _ _ _ _ _ _ _ _ _ _ _ _ _ _ _ _ _ _ _ _ _ _ _ _ _ _ _ _ _ _ _ _ _ _ _ _ _ _ 

params = ConnectionParameters(user='kwok', password='***', database='naicha_test', ssl=<ssl.SSLContext object at 0x7c391fcf61d0...postgres'>, server_settings=None, target_session_attrs=<SessionAttribute.any: 'any'>, krbsrvname=None, gsslib='gssapi')
retry = True, addr = ('172.21.48.1', 5432)
loop = <_UnixSelectorEventLoop running=False closed=False debug=False>
config = ConnectionConfiguration(command_timeout=None, statement_cache_size=100, max_cached_statement_lifetime=300, max_cacheable_statement_size=15360)
connection_class = <class 'asyncpg.connection.Connection'>
record_class = <class 'asyncpg.Record'>
params_input = ConnectionParameters(user='kwok', password='***', database='naicha_test', ssl=<ssl.SSLContext object at 0x7c391fcf61d0...postgres'>, server_settings=None, target_session_attrs=<SessionAttribute.any: 'any'>, krbsrvname=None, gsslib='gssapi')

    async def __connect_addr(
        params,
        retry,
        addr,
        loop,
        config,
        connection_class,
        record_class,
        params_input,
    ):
        connected = _create_future(loop)
    
        proto_factory = lambda: protocol.Protocol(
            addr, connected, params, record_class, loop)
    
        if isinstance(addr, str):
            # UNIX socket
            connector = loop.create_unix_connection(proto_factory, addr)
    
        elif params.ssl and params.ssl_negotiation is SSLNegotiation.direct:
            # if ssl and ssl_negotiation is `direct`, skip STARTTLS and perform
            # direct SSL connection
            connector = loop.create_connection(
                proto_factory, *addr, ssl=params.ssl
            )
    
        elif params.ssl:
            connector = _create_ssl_connection(
                proto_factory, *addr, loop=loop, ssl_context=params.ssl,
                ssl_is_advisory=params.sslmode == SSLMode.prefer)
        else:
            connector = loop.create_connection(proto_factory, *addr)
    
        tr, pr = await connector
    
        try:
>           await connected
E           asyncpg.exceptions.ConnectionDoesNotExistError: connection was closed in the middle of operation

.venv/lib/python3.12/site-packages/asyncpg/connect_utils.py:934: ConnectionDoesNotExistError
_____ ERROR at setup of test_payment_notification_creates_single_print_job _____

self = <_SelectorSocketTransport closed fd=17>

    def _read_ready__data_received(self):
        if self._conn_lost:
            return
        try:
>           data = self._sock.recv(self.max_size)
                   ^^^^^^^^^^^^^^^^^^^^^^^^^^^^^^
E           ConnectionResetError: [Errno 104] Connection reset by peer

/usr/lib/python3.12/asyncio/selector_events.py:1013: ConnectionResetError

The above exception was the direct cause of the following exception:

self = <Coroutine test_payment_notification_creates_single_print_job>

    def setup(self) -> None:
        runner_fixture_id = f"_{self._loop_scope}_scoped_runner"
        if runner_fixture_id not in self.fixturenames:
            self.fixturenames.append(runner_fixture_id)
>       return super().setup()
               ^^^^^^^^^^^^^^^

.venv/lib/python3.12/site-packages/pytest_asyncio/plugin.py:463: 
_ _ _ _ _ _ _ _ _ _ _ _ _ _ _ _ _ _ _ _ _ _ _ _ _ _ _ _ _ _ _ _ _ _ _ _ _ _ _ _ 
.venv/lib/python3.12/site-packages/pytest_asyncio/plugin.py:748: in pytest_fixture_setup
    hook_result = yield
                  ^^^^^
.venv/lib/python3.12/site-packages/pytest_asyncio/plugin.py:318: in _asyncgen_fixture_wrapper
    result = runner.run(setup(), context=context)
             ^^^^^^^^^^^^^^^^^^^^^^^^^^^^^^^^^^^^
/usr/lib/python3.12/asyncio/runners.py:118: in run
    return self._loop.run_until_complete(task)
           ^^^^^^^^^^^^^^^^^^^^^^^^^^^^^^^^^^^
/usr/lib/python3.12/asyncio/base_events.py:687: in run_until_complete
    return future.result()
           ^^^^^^^^^^^^^^^
.venv/lib/python3.12/site-packages/pytest_asyncio/plugin.py:314: in setup
    res = await gen_obj.__anext__()
          ^^^^^^^^^^^^^^^^^^^^^^^^^
tests/conftest.py:71: in model_test_engine
    async with engine.begin() as conn:
/usr/lib/python3.12/contextlib.py:210: in __aenter__
    return await anext(self.gen)
           ^^^^^^^^^^^^^^^^^^^^^
.venv/lib/python3.12/site-packages/sqlalchemy/ext/asyncio/engine.py:1068: in begin
    async with conn:
.venv/lib/python3.12/site-packages/sqlalchemy/ext/asyncio/base.py:121: in __aenter__
    return await self.start(is_ctxmanager=True)
           ^^^^^^^^^^^^^^^^^^^^^^^^^^^^^^^^^^^^
.venv/lib/python3.12/site-packages/sqlalchemy/ext/asyncio/engine.py:275: in start
    await greenlet_spawn(self.sync_engine.connect)
.venv/lib/python3.12/site-packages/sqlalchemy/util/_concurrency_py3k.py:201: in greenlet_spawn
    result = context.throw(*sys.exc_info())
             ^^^^^^^^^^^^^^^^^^^^^^^^^^^^^^
.venv/lib/python3.12/site-packages/sqlalchemy/engine/base.py:3277: in connect
    return self._connection_cls(self)
           ^^^^^^^^^^^^^^^^^^^^^^^^^^
.venv/lib/python3.12/site-packages/sqlalchemy/engine/base.py:143: in __init__
    self._dbapi_connection = engine.raw_connection()
                             ^^^^^^^^^^^^^^^^^^^^^^^
.venv/lib/python3.12/site-packages/sqlalchemy/engine/base.py:3301: in raw_connection
    return self.pool.connect()
           ^^^^^^^^^^^^^^^^^^^
.venv/lib/python3.12/site-packages/sqlalchemy/pool/base.py:447: in connect
    return _ConnectionFairy._checkout(self)
           ^^^^^^^^^^^^^^^^^^^^^^^^^^^^^^^^
.venv/lib/python3.12/site-packages/sqlalchemy/pool/base.py:1264: in _checkout
    fairy = _ConnectionRecord.checkout(pool)
            ^^^^^^^^^^^^^^^^^^^^^^^^^^^^^^^^
.venv/lib/python3.12/site-packages/sqlalchemy/pool/base.py:711: in checkout
    rec = pool._do_get()
          ^^^^^^^^^^^^^^
.venv/lib/python3.12/site-packages/sqlalchemy/pool/impl.py:177: in _do_get
    with util.safe_reraise():
.venv/lib/python3.12/site-packages/sqlalchemy/util/langhelpers.py:224: in __exit__
    raise exc_value.with_traceback(exc_tb)
.venv/lib/python3.12/site-packages/sqlalchemy/pool/impl.py:175: in _do_get
    return self._create_connection()
           ^^^^^^^^^^^^^^^^^^^^^^^^^
.venv/lib/python3.12/site-packages/sqlalchemy/pool/base.py:388: in _create_connection
    return _ConnectionRecord(self)
           ^^^^^^^^^^^^^^^^^^^^^^^
.venv/lib/python3.12/site-packages/sqlalchemy/pool/base.py:673: in __init__
    self.__connect()
.venv/lib/python3.12/site-packages/sqlalchemy/pool/base.py:899: in __connect
    with util.safe_reraise():
.venv/lib/python3.12/site-packages/sqlalchemy/util/langhelpers.py:224: in __exit__
    raise exc_value.with_traceback(exc_tb)
.venv/lib/python3.12/site-packages/sqlalchemy/pool/base.py:895: in __connect
    self.dbapi_connection = connection = pool._invoke_creator(self)
                                         ^^^^^^^^^^^^^^^^^^^^^^^^^^
.venv/lib/python3.12/site-packages/sqlalchemy/engine/create.py:661: in connect
    return dialect.connect(*cargs, **cparams)
           ^^^^^^^^^^^^^^^^^^^^^^^^^^^^^^^^^^
.venv/lib/python3.12/site-packages/sqlalchemy/engine/default.py:629: in connect
    return self.loaded_dbapi.connect(*cargs, **cparams)  # type: ignore[no-any-return]  # NOQA: E501
           ^^^^^^^^^^^^^^^^^^^^^^^^^^^^^^^^^^^^^^^^^^^^
.venv/lib/python3.12/site-packages/sqlalchemy/dialects/postgresql/asyncpg.py:955: in connect
    await_only(creator_fn(*arg, **kw)),
    ^^^^^^^^^^^^^^^^^^^^^^^^^^^^^^^^^^
.venv/lib/python3.12/site-packages/sqlalchemy/util/_concurrency_py3k.py:132: in await_only
    return current.parent.switch(awaitable)  # type: ignore[no-any-return,attr-defined] # noqa: E501
           ^^^^^^^^^^^^^^^^^^^^^^^^^^^^^^^^
.venv/lib/python3.12/site-packages/sqlalchemy/util/_concurrency_py3k.py:196: in greenlet_spawn
    value = await result
            ^^^^^^^^^^^^
.venv/lib/python3.12/site-packages/asyncpg/connection.py:2421: in connect
    return await connect_utils._connect(
.venv/lib/python3.12/site-packages/asyncpg/connect_utils.py:1049: in _connect
    conn = await _connect_addr(
.venv/lib/python3.12/site-packages/asyncpg/connect_utils.py:886: in _connect_addr
    return await __connect_addr(params, True, *args)
           ^^^^^^^^^^^^^^^^^^^^^^^^^^^^^^^^^^^^^^^^^
_ _ _ _ _ _ _ _ _ _ _ _ _ _ _ _ _ _ _ _ _ _ _ _ _ _ _ _ _ _ _ _ _ _ _ _ _ _ _ _ 

params = ConnectionParameters(user='kwok', password='***', database='naicha_test', ssl=<ssl.SSLContext object at 0x7c391efe7bd0...postgres'>, server_settings=None, target_session_attrs=<SessionAttribute.any: 'any'>, krbsrvname=None, gsslib='gssapi')
retry = True, addr = ('172.21.48.1', 5432)
loop = <_UnixSelectorEventLoop running=False closed=False debug=False>
config = ConnectionConfiguration(command_timeout=None, statement_cache_size=100, max_cached_statement_lifetime=300, max_cacheable_statement_size=15360)
connection_class = <class 'asyncpg.connection.Connection'>
record_class = <class 'asyncpg.Record'>
params_input = ConnectionParameters(user='kwok', password='***', database='naicha_test', ssl=<ssl.SSLContext object at 0x7c391efe7bd0...postgres'>, server_settings=None, target_session_attrs=<SessionAttribute.any: 'any'>, krbsrvname=None, gsslib='gssapi')

    async def __connect_addr(
        params,
        retry,
        addr,
        loop,
        config,
        connection_class,
        record_class,
        params_input,
    ):
        connected = _create_future(loop)
    
        proto_factory = lambda: protocol.Protocol(
            addr, connected, params, record_class, loop)
    
        if isinstance(addr, str):
            # UNIX socket
            connector = loop.create_unix_connection(proto_factory, addr)
    
        elif params.ssl and params.ssl_negotiation is SSLNegotiation.direct:
            # if ssl and ssl_negotiation is `direct`, skip STARTTLS and perform
            # direct SSL connection
            connector = loop.create_connection(
                proto_factory, *addr, ssl=params.ssl
            )
    
        elif params.ssl:
            connector = _create_ssl_connection(
                proto_factory, *addr, loop=loop, ssl_context=params.ssl,
                ssl_is_advisory=params.sslmode == SSLMode.prefer)
        else:
            connector = loop.create_connection(proto_factory, *addr)
    
        tr, pr = await connector
    
        try:
>           await connected
E           asyncpg.exceptions.ConnectionDoesNotExistError: connection was closed in the middle of operation

.venv/lib/python3.12/site-packages/asyncpg/connect_utils.py:934: ConnectionDoesNotExistError
______ ERROR at setup of test_payment_service_logs_replayed_notification _______

self = <_SelectorSocketTransport closed fd=17>

    def _read_ready__data_received(self):
        if self._conn_lost:
            return
        try:
>           data = self._sock.recv(self.max_size)
                   ^^^^^^^^^^^^^^^^^^^^^^^^^^^^^^
E           ConnectionResetError: [Errno 104] Connection reset by peer

/usr/lib/python3.12/asyncio/selector_events.py:1013: ConnectionResetError

The above exception was the direct cause of the following exception:

self = <Coroutine test_payment_service_logs_replayed_notification>

    def setup(self) -> None:
        runner_fixture_id = f"_{self._loop_scope}_scoped_runner"
        if runner_fixture_id not in self.fixturenames:
            self.fixturenames.append(runner_fixture_id)
>       return super().setup()
               ^^^^^^^^^^^^^^^

.venv/lib/python3.12/site-packages/pytest_asyncio/plugin.py:463: 
_ _ _ _ _ _ _ _ _ _ _ _ _ _ _ _ _ _ _ _ _ _ _ _ _ _ _ _ _ _ _ _ _ _ _ _ _ _ _ _ 
.venv/lib/python3.12/site-packages/pytest_asyncio/plugin.py:748: in pytest_fixture_setup
    hook_result = yield
                  ^^^^^
.venv/lib/python3.12/site-packages/pytest_asyncio/plugin.py:318: in _asyncgen_fixture_wrapper
    result = runner.run(setup(), context=context)
             ^^^^^^^^^^^^^^^^^^^^^^^^^^^^^^^^^^^^
/usr/lib/python3.12/asyncio/runners.py:118: in run
    return self._loop.run_until_complete(task)
           ^^^^^^^^^^^^^^^^^^^^^^^^^^^^^^^^^^^
/usr/lib/python3.12/asyncio/base_events.py:687: in run_until_complete
    return future.result()
           ^^^^^^^^^^^^^^^
.venv/lib/python3.12/site-packages/pytest_asyncio/plugin.py:314: in setup
    res = await gen_obj.__anext__()
          ^^^^^^^^^^^^^^^^^^^^^^^^^
tests/conftest.py:71: in model_test_engine
    async with engine.begin() as conn:
/usr/lib/python3.12/contextlib.py:210: in __aenter__
    return await anext(self.gen)
           ^^^^^^^^^^^^^^^^^^^^^
.venv/lib/python3.12/site-packages/sqlalchemy/ext/asyncio/engine.py:1068: in begin
    async with conn:
.venv/lib/python3.12/site-packages/sqlalchemy/ext/asyncio/base.py:121: in __aenter__
    return await self.start(is_ctxmanager=True)
           ^^^^^^^^^^^^^^^^^^^^^^^^^^^^^^^^^^^^
.venv/lib/python3.12/site-packages/sqlalchemy/ext/asyncio/engine.py:275: in start
    await greenlet_spawn(self.sync_engine.connect)
.venv/lib/python3.12/site-packages/sqlalchemy/util/_concurrency_py3k.py:201: in greenlet_spawn
    result = context.throw(*sys.exc_info())
             ^^^^^^^^^^^^^^^^^^^^^^^^^^^^^^
.venv/lib/python3.12/site-packages/sqlalchemy/engine/base.py:3277: in connect
    return self._connection_cls(self)
           ^^^^^^^^^^^^^^^^^^^^^^^^^^
.venv/lib/python3.12/site-packages/sqlalchemy/engine/base.py:143: in __init__
    self._dbapi_connection = engine.raw_connection()
                             ^^^^^^^^^^^^^^^^^^^^^^^
.venv/lib/python3.12/site-packages/sqlalchemy/engine/base.py:3301: in raw_connection
    return self.pool.connect()
           ^^^^^^^^^^^^^^^^^^^
.venv/lib/python3.12/site-packages/sqlalchemy/pool/base.py:447: in connect
    return _ConnectionFairy._checkout(self)
           ^^^^^^^^^^^^^^^^^^^^^^^^^^^^^^^^
.venv/lib/python3.12/site-packages/sqlalchemy/pool/base.py:1264: in _checkout
    fairy = _ConnectionRecord.checkout(pool)
            ^^^^^^^^^^^^^^^^^^^^^^^^^^^^^^^^
.venv/lib/python3.12/site-packages/sqlalchemy/pool/base.py:711: in checkout
    rec = pool._do_get()
          ^^^^^^^^^^^^^^
.venv/lib/python3.12/site-packages/sqlalchemy/pool/impl.py:177: in _do_get
    with util.safe_reraise():
.venv/lib/python3.12/site-packages/sqlalchemy/util/langhelpers.py:224: in __exit__
    raise exc_value.with_traceback(exc_tb)
.venv/lib/python3.12/site-packages/sqlalchemy/pool/impl.py:175: in _do_get
    return self._create_connection()
           ^^^^^^^^^^^^^^^^^^^^^^^^^
.venv/lib/python3.12/site-packages/sqlalchemy/pool/base.py:388: in _create_connection
    return _ConnectionRecord(self)
           ^^^^^^^^^^^^^^^^^^^^^^^
.venv/lib/python3.12/site-packages/sqlalchemy/pool/base.py:673: in __init__
    self.__connect()
.venv/lib/python3.12/site-packages/sqlalchemy/pool/base.py:899: in __connect
    with util.safe_reraise():
.venv/lib/python3.12/site-packages/sqlalchemy/util/langhelpers.py:224: in __exit__
    raise exc_value.with_traceback(exc_tb)
.venv/lib/python3.12/site-packages/sqlalchemy/pool/base.py:895: in __connect
    self.dbapi_connection = connection = pool._invoke_creator(self)
                                         ^^^^^^^^^^^^^^^^^^^^^^^^^^
.venv/lib/python3.12/site-packages/sqlalchemy/engine/create.py:661: in connect
    return dialect.connect(*cargs, **cparams)
           ^^^^^^^^^^^^^^^^^^^^^^^^^^^^^^^^^^
.venv/lib/python3.12/site-packages/sqlalchemy/engine/default.py:629: in connect
    return self.loaded_dbapi.connect(*cargs, **cparams)  # type: ignore[no-any-return]  # NOQA: E501
           ^^^^^^^^^^^^^^^^^^^^^^^^^^^^^^^^^^^^^^^^^^^^
.venv/lib/python3.12/site-packages/sqlalchemy/dialects/postgresql/asyncpg.py:955: in connect
    await_only(creator_fn(*arg, **kw)),
    ^^^^^^^^^^^^^^^^^^^^^^^^^^^^^^^^^^
.venv/lib/python3.12/site-packages/sqlalchemy/util/_concurrency_py3k.py:132: in await_only
    return current.parent.switch(awaitable)  # type: ignore[no-any-return,attr-defined] # noqa: E501
           ^^^^^^^^^^^^^^^^^^^^^^^^^^^^^^^^
.venv/lib/python3.12/site-packages/sqlalchemy/util/_concurrency_py3k.py:196: in greenlet_spawn
    value = await result
            ^^^^^^^^^^^^
.venv/lib/python3.12/site-packages/asyncpg/connection.py:2421: in connect
    return await connect_utils._connect(
.venv/lib/python3.12/site-packages/asyncpg/connect_utils.py:1049: in _connect
    conn = await _connect_addr(
.venv/lib/python3.12/site-packages/asyncpg/connect_utils.py:886: in _connect_addr
    return await __connect_addr(params, True, *args)
           ^^^^^^^^^^^^^^^^^^^^^^^^^^^^^^^^^^^^^^^^^
_ _ _ _ _ _ _ _ _ _ _ _ _ _ _ _ _ _ _ _ _ _ _ _ _ _ _ _ _ _ _ _ _ _ _ _ _ _ _ _ 

params = ConnectionParameters(user='kwok', password='***', database='naicha_test', ssl=<ssl.SSLContext object at 0x7c3921169550...postgres'>, server_settings=None, target_session_attrs=<SessionAttribute.any: 'any'>, krbsrvname=None, gsslib='gssapi')
retry = True, addr = ('172.21.48.1', 5432)
loop = <_UnixSelectorEventLoop running=False closed=False debug=False>
config = ConnectionConfiguration(command_timeout=None, statement_cache_size=100, max_cached_statement_lifetime=300, max_cacheable_statement_size=15360)
connection_class = <class 'asyncpg.connection.Connection'>
record_class = <class 'asyncpg.Record'>
params_input = ConnectionParameters(user='kwok', password='***', database='naicha_test', ssl=<ssl.SSLContext object at 0x7c3921169550...postgres'>, server_settings=None, target_session_attrs=<SessionAttribute.any: 'any'>, krbsrvname=None, gsslib='gssapi')

    async def __connect_addr(
        params,
        retry,
        addr,
        loop,
        config,
        connection_class,
        record_class,
        params_input,
    ):
        connected = _create_future(loop)
    
        proto_factory = lambda: protocol.Protocol(
            addr, connected, params, record_class, loop)
    
        if isinstance(addr, str):
            # UNIX socket
            connector = loop.create_unix_connection(proto_factory, addr)
    
        elif params.ssl and params.ssl_negotiation is SSLNegotiation.direct:
            # if ssl and ssl_negotiation is `direct`, skip STARTTLS and perform
            # direct SSL connection
            connector = loop.create_connection(
                proto_factory, *addr, ssl=params.ssl
            )
    
        elif params.ssl:
            connector = _create_ssl_connection(
                proto_factory, *addr, loop=loop, ssl_context=params.ssl,
                ssl_is_advisory=params.sslmode == SSLMode.prefer)
        else:
            connector = loop.create_connection(proto_factory, *addr)
    
        tr, pr = await connector
    
        try:
>           await connected
E           asyncpg.exceptions.ConnectionDoesNotExistError: connection was closed in the middle of operation

.venv/lib/python3.12/site-packages/asyncpg/connect_utils.py:934: ConnectionDoesNotExistError
___________ ERROR at setup of test_payment_commit_but_enqueue_failed ___________

self = <_SelectorSocketTransport closed fd=17>

    def _read_ready__data_received(self):
        if self._conn_lost:
            return
        try:
>           data = self._sock.recv(self.max_size)
                   ^^^^^^^^^^^^^^^^^^^^^^^^^^^^^^
E           ConnectionResetError: [Errno 104] Connection reset by peer

/usr/lib/python3.12/asyncio/selector_events.py:1013: ConnectionResetError

The above exception was the direct cause of the following exception:

self = <Coroutine test_payment_commit_but_enqueue_failed>

    def setup(self) -> None:
        runner_fixture_id = f"_{self._loop_scope}_scoped_runner"
        if runner_fixture_id not in self.fixturenames:
            self.fixturenames.append(runner_fixture_id)
>       return super().setup()
               ^^^^^^^^^^^^^^^

.venv/lib/python3.12/site-packages/pytest_asyncio/plugin.py:463: 
_ _ _ _ _ _ _ _ _ _ _ _ _ _ _ _ _ _ _ _ _ _ _ _ _ _ _ _ _ _ _ _ _ _ _ _ _ _ _ _ 
.venv/lib/python3.12/site-packages/pytest_asyncio/plugin.py:748: in pytest_fixture_setup
    hook_result = yield
                  ^^^^^
.venv/lib/python3.12/site-packages/pytest_asyncio/plugin.py:318: in _asyncgen_fixture_wrapper
    result = runner.run(setup(), context=context)
             ^^^^^^^^^^^^^^^^^^^^^^^^^^^^^^^^^^^^
/usr/lib/python3.12/asyncio/runners.py:118: in run
    return self._loop.run_until_complete(task)
           ^^^^^^^^^^^^^^^^^^^^^^^^^^^^^^^^^^^
/usr/lib/python3.12/asyncio/base_events.py:687: in run_until_complete
    return future.result()
           ^^^^^^^^^^^^^^^
.venv/lib/python3.12/site-packages/pytest_asyncio/plugin.py:314: in setup
    res = await gen_obj.__anext__()
          ^^^^^^^^^^^^^^^^^^^^^^^^^
tests/conftest.py:71: in model_test_engine
    async with engine.begin() as conn:
/usr/lib/python3.12/contextlib.py:210: in __aenter__
    return await anext(self.gen)
           ^^^^^^^^^^^^^^^^^^^^^
.venv/lib/python3.12/site-packages/sqlalchemy/ext/asyncio/engine.py:1068: in begin
    async with conn:
.venv/lib/python3.12/site-packages/sqlalchemy/ext/asyncio/base.py:121: in __aenter__
    return await self.start(is_ctxmanager=True)
           ^^^^^^^^^^^^^^^^^^^^^^^^^^^^^^^^^^^^
.venv/lib/python3.12/site-packages/sqlalchemy/ext/asyncio/engine.py:275: in start
    await greenlet_spawn(self.sync_engine.connect)
.venv/lib/python3.12/site-packages/sqlalchemy/util/_concurrency_py3k.py:201: in greenlet_spawn
    result = context.throw(*sys.exc_info())
             ^^^^^^^^^^^^^^^^^^^^^^^^^^^^^^
.venv/lib/python3.12/site-packages/sqlalchemy/engine/base.py:3277: in connect
    return self._connection_cls(self)
           ^^^^^^^^^^^^^^^^^^^^^^^^^^
.venv/lib/python3.12/site-packages/sqlalchemy/engine/base.py:143: in __init__
    self._dbapi_connection = engine.raw_connection()
                             ^^^^^^^^^^^^^^^^^^^^^^^
.venv/lib/python3.12/site-packages/sqlalchemy/engine/base.py:3301: in raw_connection
    return self.pool.connect()
           ^^^^^^^^^^^^^^^^^^^
.venv/lib/python3.12/site-packages/sqlalchemy/pool/base.py:447: in connect
    return _ConnectionFairy._checkout(self)
           ^^^^^^^^^^^^^^^^^^^^^^^^^^^^^^^^
.venv/lib/python3.12/site-packages/sqlalchemy/pool/base.py:1264: in _checkout
    fairy = _ConnectionRecord.checkout(pool)
            ^^^^^^^^^^^^^^^^^^^^^^^^^^^^^^^^
.venv/lib/python3.12/site-packages/sqlalchemy/pool/base.py:711: in checkout
    rec = pool._do_get()
          ^^^^^^^^^^^^^^
.venv/lib/python3.12/site-packages/sqlalchemy/pool/impl.py:177: in _do_get
    with util.safe_reraise():
.venv/lib/python3.12/site-packages/sqlalchemy/util/langhelpers.py:224: in __exit__
    raise exc_value.with_traceback(exc_tb)
.venv/lib/python3.12/site-packages/sqlalchemy/pool/impl.py:175: in _do_get
    return self._create_connection()
           ^^^^^^^^^^^^^^^^^^^^^^^^^
.venv/lib/python3.12/site-packages/sqlalchemy/pool/base.py:388: in _create_connection
    return _ConnectionRecord(self)
           ^^^^^^^^^^^^^^^^^^^^^^^
.venv/lib/python3.12/site-packages/sqlalchemy/pool/base.py:673: in __init__
    self.__connect()
.venv/lib/python3.12/site-packages/sqlalchemy/pool/base.py:899: in __connect
    with util.safe_reraise():
.venv/lib/python3.12/site-packages/sqlalchemy/util/langhelpers.py:224: in __exit__
    raise exc_value.with_traceback(exc_tb)
.venv/lib/python3.12/site-packages/sqlalchemy/pool/base.py:895: in __connect
    self.dbapi_connection = connection = pool._invoke_creator(self)
                                         ^^^^^^^^^^^^^^^^^^^^^^^^^^
.venv/lib/python3.12/site-packages/sqlalchemy/engine/create.py:661: in connect
    return dialect.connect(*cargs, **cparams)
           ^^^^^^^^^^^^^^^^^^^^^^^^^^^^^^^^^^
.venv/lib/python3.12/site-packages/sqlalchemy/engine/default.py:629: in connect
    return self.loaded_dbapi.connect(*cargs, **cparams)  # type: ignore[no-any-return]  # NOQA: E501
           ^^^^^^^^^^^^^^^^^^^^^^^^^^^^^^^^^^^^^^^^^^^^
.venv/lib/python3.12/site-packages/sqlalchemy/dialects/postgresql/asyncpg.py:955: in connect
    await_only(creator_fn(*arg, **kw)),
    ^^^^^^^^^^^^^^^^^^^^^^^^^^^^^^^^^^
.venv/lib/python3.12/site-packages/sqlalchemy/util/_concurrency_py3k.py:132: in await_only
    return current.parent.switch(awaitable)  # type: ignore[no-any-return,attr-defined] # noqa: E501
           ^^^^^^^^^^^^^^^^^^^^^^^^^^^^^^^^
.venv/lib/python3.12/site-packages/sqlalchemy/util/_concurrency_py3k.py:196: in greenlet_spawn
    value = await result
            ^^^^^^^^^^^^
.venv/lib/python3.12/site-packages/asyncpg/connection.py:2421: in connect
    return await connect_utils._connect(
.venv/lib/python3.12/site-packages/asyncpg/connect_utils.py:1049: in _connect
    conn = await _connect_addr(
.venv/lib/python3.12/site-packages/asyncpg/connect_utils.py:886: in _connect_addr
    return await __connect_addr(params, True, *args)
           ^^^^^^^^^^^^^^^^^^^^^^^^^^^^^^^^^^^^^^^^^
_ _ _ _ _ _ _ _ _ _ _ _ _ _ _ _ _ _ _ _ _ _ _ _ _ _ _ _ _ _ _ _ _ _ _ _ _ _ _ _ 

params = ConnectionParameters(user='kwok', password='***', database='naicha_test', ssl=<ssl.SSLContext object at 0x7c3920d968d0...postgres'>, server_settings=None, target_session_attrs=<SessionAttribute.any: 'any'>, krbsrvname=None, gsslib='gssapi')
retry = True, addr = ('172.21.48.1', 5432)
loop = <_UnixSelectorEventLoop running=False closed=False debug=False>
config = ConnectionConfiguration(command_timeout=None, statement_cache_size=100, max_cached_statement_lifetime=300, max_cacheable_statement_size=15360)
connection_class = <class 'asyncpg.connection.Connection'>
record_class = <class 'asyncpg.Record'>
params_input = ConnectionParameters(user='kwok', password='***', database='naicha_test', ssl=<ssl.SSLContext object at 0x7c3920d968d0...postgres'>, server_settings=None, target_session_attrs=<SessionAttribute.any: 'any'>, krbsrvname=None, gsslib='gssapi')

    async def __connect_addr(
        params,
        retry,
        addr,
        loop,
        config,
        connection_class,
        record_class,
        params_input,
    ):
        connected = _create_future(loop)
    
        proto_factory = lambda: protocol.Protocol(
            addr, connected, params, record_class, loop)
    
        if isinstance(addr, str):
            # UNIX socket
            connector = loop.create_unix_connection(proto_factory, addr)
    
        elif params.ssl and params.ssl_negotiation is SSLNegotiation.direct:
            # if ssl and ssl_negotiation is `direct`, skip STARTTLS and perform
            # direct SSL connection
            connector = loop.create_connection(
                proto_factory, *addr, ssl=params.ssl
            )
    
        elif params.ssl:
            connector = _create_ssl_connection(
                proto_factory, *addr, loop=loop, ssl_context=params.ssl,
                ssl_is_advisory=params.sslmode == SSLMode.prefer)
        else:
            connector = loop.create_connection(proto_factory, *addr)
    
        tr, pr = await connector
    
        try:
>           await connected
E           asyncpg.exceptions.ConnectionDoesNotExistError: connection was closed in the middle of operation

.venv/lib/python3.12/site-packages/asyncpg/connect_utils.py:934: ConnectionDoesNotExistError
_______ ERROR at setup of test_reconciliation_identifies_missing_payment _______

self = <_SelectorSocketTransport closed fd=17>

    def _read_ready__data_received(self):
        if self._conn_lost:
            return
        try:
>           data = self._sock.recv(self.max_size)
                   ^^^^^^^^^^^^^^^^^^^^^^^^^^^^^^
E           ConnectionResetError: [Errno 104] Connection reset by peer

/usr/lib/python3.12/asyncio/selector_events.py:1013: ConnectionResetError

The above exception was the direct cause of the following exception:

self = <Coroutine test_reconciliation_identifies_missing_payment>

    def setup(self) -> None:
        runner_fixture_id = f"_{self._loop_scope}_scoped_runner"
        if runner_fixture_id not in self.fixturenames:
            self.fixturenames.append(runner_fixture_id)
>       return super().setup()
               ^^^^^^^^^^^^^^^

.venv/lib/python3.12/site-packages/pytest_asyncio/plugin.py:463: 
_ _ _ _ _ _ _ _ _ _ _ _ _ _ _ _ _ _ _ _ _ _ _ _ _ _ _ _ _ _ _ _ _ _ _ _ _ _ _ _ 
.venv/lib/python3.12/site-packages/pytest_asyncio/plugin.py:748: in pytest_fixture_setup
    hook_result = yield
                  ^^^^^
.venv/lib/python3.12/site-packages/pytest_asyncio/plugin.py:318: in _asyncgen_fixture_wrapper
    result = runner.run(setup(), context=context)
             ^^^^^^^^^^^^^^^^^^^^^^^^^^^^^^^^^^^^
/usr/lib/python3.12/asyncio/runners.py:118: in run
    return self._loop.run_until_complete(task)
           ^^^^^^^^^^^^^^^^^^^^^^^^^^^^^^^^^^^
/usr/lib/python3.12/asyncio/base_events.py:687: in run_until_complete
    return future.result()
           ^^^^^^^^^^^^^^^
.venv/lib/python3.12/site-packages/pytest_asyncio/plugin.py:314: in setup
    res = await gen_obj.__anext__()
          ^^^^^^^^^^^^^^^^^^^^^^^^^
tests/conftest.py:71: in model_test_engine
    async with engine.begin() as conn:
/usr/lib/python3.12/contextlib.py:210: in __aenter__
    return await anext(self.gen)
           ^^^^^^^^^^^^^^^^^^^^^
.venv/lib/python3.12/site-packages/sqlalchemy/ext/asyncio/engine.py:1068: in begin
    async with conn:
.venv/lib/python3.12/site-packages/sqlalchemy/ext/asyncio/base.py:121: in __aenter__
    return await self.start(is_ctxmanager=True)
           ^^^^^^^^^^^^^^^^^^^^^^^^^^^^^^^^^^^^
.venv/lib/python3.12/site-packages/sqlalchemy/ext/asyncio/engine.py:275: in start
    await greenlet_spawn(self.sync_engine.connect)
.venv/lib/python3.12/site-packages/sqlalchemy/util/_concurrency_py3k.py:201: in greenlet_spawn
    result = context.throw(*sys.exc_info())
             ^^^^^^^^^^^^^^^^^^^^^^^^^^^^^^
.venv/lib/python3.12/site-packages/sqlalchemy/engine/base.py:3277: in connect
    return self._connection_cls(self)
           ^^^^^^^^^^^^^^^^^^^^^^^^^^
.venv/lib/python3.12/site-packages/sqlalchemy/engine/base.py:143: in __init__
    self._dbapi_connection = engine.raw_connection()
                             ^^^^^^^^^^^^^^^^^^^^^^^
.venv/lib/python3.12/site-packages/sqlalchemy/engine/base.py:3301: in raw_connection
    return self.pool.connect()
           ^^^^^^^^^^^^^^^^^^^
.venv/lib/python3.12/site-packages/sqlalchemy/pool/base.py:447: in connect
    return _ConnectionFairy._checkout(self)
           ^^^^^^^^^^^^^^^^^^^^^^^^^^^^^^^^
.venv/lib/python3.12/site-packages/sqlalchemy/pool/base.py:1264: in _checkout
    fairy = _ConnectionRecord.checkout(pool)
            ^^^^^^^^^^^^^^^^^^^^^^^^^^^^^^^^
.venv/lib/python3.12/site-packages/sqlalchemy/pool/base.py:711: in checkout
    rec = pool._do_get()
          ^^^^^^^^^^^^^^
.venv/lib/python3.12/site-packages/sqlalchemy/pool/impl.py:177: in _do_get
    with util.safe_reraise():
.venv/lib/python3.12/site-packages/sqlalchemy/util/langhelpers.py:224: in __exit__
    raise exc_value.with_traceback(exc_tb)
.venv/lib/python3.12/site-packages/sqlalchemy/pool/impl.py:175: in _do_get
    return self._create_connection()
           ^^^^^^^^^^^^^^^^^^^^^^^^^
.venv/lib/python3.12/site-packages/sqlalchemy/pool/base.py:388: in _create_connection
    return _ConnectionRecord(self)
           ^^^^^^^^^^^^^^^^^^^^^^^
.venv/lib/python3.12/site-packages/sqlalchemy/pool/base.py:673: in __init__
    self.__connect()
.venv/lib/python3.12/site-packages/sqlalchemy/pool/base.py:899: in __connect
    with util.safe_reraise():
.venv/lib/python3.12/site-packages/sqlalchemy/util/langhelpers.py:224: in __exit__
    raise exc_value.with_traceback(exc_tb)
.venv/lib/python3.12/site-packages/sqlalchemy/pool/base.py:895: in __connect
    self.dbapi_connection = connection = pool._invoke_creator(self)
                                         ^^^^^^^^^^^^^^^^^^^^^^^^^^
.venv/lib/python3.12/site-packages/sqlalchemy/engine/create.py:661: in connect
    return dialect.connect(*cargs, **cparams)
           ^^^^^^^^^^^^^^^^^^^^^^^^^^^^^^^^^^
.venv/lib/python3.12/site-packages/sqlalchemy/engine/default.py:629: in connect
    return self.loaded_dbapi.connect(*cargs, **cparams)  # type: ignore[no-any-return]  # NOQA: E501
           ^^^^^^^^^^^^^^^^^^^^^^^^^^^^^^^^^^^^^^^^^^^^
.venv/lib/python3.12/site-packages/sqlalchemy/dialects/postgresql/asyncpg.py:955: in connect
    await_only(creator_fn(*arg, **kw)),
    ^^^^^^^^^^^^^^^^^^^^^^^^^^^^^^^^^^
.venv/lib/python3.12/site-packages/sqlalchemy/util/_concurrency_py3k.py:132: in await_only
    return current.parent.switch(awaitable)  # type: ignore[no-any-return,attr-defined] # noqa: E501
           ^^^^^^^^^^^^^^^^^^^^^^^^^^^^^^^^
.venv/lib/python3.12/site-packages/sqlalchemy/util/_concurrency_py3k.py:196: in greenlet_spawn
    value = await result
            ^^^^^^^^^^^^
.venv/lib/python3.12/site-packages/asyncpg/connection.py:2421: in connect
    return await connect_utils._connect(
.venv/lib/python3.12/site-packages/asyncpg/connect_utils.py:1049: in _connect
    conn = await _connect_addr(
.venv/lib/python3.12/site-packages/asyncpg/connect_utils.py:886: in _connect_addr
    return await __connect_addr(params, True, *args)
           ^^^^^^^^^^^^^^^^^^^^^^^^^^^^^^^^^^^^^^^^^
_ _ _ _ _ _ _ _ _ _ _ _ _ _ _ _ _ _ _ _ _ _ _ _ _ _ _ _ _ _ _ _ _ _ _ _ _ _ _ _ 

params = ConnectionParameters(user='kwok', password='***', database='naicha_test', ssl=<ssl.SSLContext object at 0x7c391ffb1fd0...postgres'>, server_settings=None, target_session_attrs=<SessionAttribute.any: 'any'>, krbsrvname=None, gsslib='gssapi')
retry = True, addr = ('172.21.48.1', 5432)
loop = <_UnixSelectorEventLoop running=False closed=False debug=False>
config = ConnectionConfiguration(command_timeout=None, statement_cache_size=100, max_cached_statement_lifetime=300, max_cacheable_statement_size=15360)
connection_class = <class 'asyncpg.connection.Connection'>
record_class = <class 'asyncpg.Record'>
params_input = ConnectionParameters(user='kwok', password='***', database='naicha_test', ssl=<ssl.SSLContext object at 0x7c391ffb1fd0...postgres'>, server_settings=None, target_session_attrs=<SessionAttribute.any: 'any'>, krbsrvname=None, gsslib='gssapi')

    async def __connect_addr(
        params,
        retry,
        addr,
        loop,
        config,
        connection_class,
        record_class,
        params_input,
    ):
        connected = _create_future(loop)
    
        proto_factory = lambda: protocol.Protocol(
            addr, connected, params, record_class, loop)
    
        if isinstance(addr, str):
            # UNIX socket
            connector = loop.create_unix_connection(proto_factory, addr)
    
        elif params.ssl and params.ssl_negotiation is SSLNegotiation.direct:
            # if ssl and ssl_negotiation is `direct`, skip STARTTLS and perform
            # direct SSL connection
            connector = loop.create_connection(
                proto_factory, *addr, ssl=params.ssl
            )
    
        elif params.ssl:
            connector = _create_ssl_connection(
                proto_factory, *addr, loop=loop, ssl_context=params.ssl,
                ssl_is_advisory=params.sslmode == SSLMode.prefer)
        else:
            connector = loop.create_connection(proto_factory, *addr)
    
        tr, pr = await connector
    
        try:
>           await connected
E           asyncpg.exceptions.ConnectionDoesNotExistError: connection was closed in the middle of operation

.venv/lib/python3.12/site-packages/asyncpg/connect_utils.py:934: ConnectionDoesNotExistError
_______ ERROR at setup of test_reconciliation_detects_unmatched_payment ________

self = <_SelectorSocketTransport closed fd=17>

    def _read_ready__data_received(self):
        if self._conn_lost:
            return
        try:
>           data = self._sock.recv(self.max_size)
                   ^^^^^^^^^^^^^^^^^^^^^^^^^^^^^^
E           ConnectionResetError: [Errno 104] Connection reset by peer

/usr/lib/python3.12/asyncio/selector_events.py:1013: ConnectionResetError

The above exception was the direct cause of the following exception:

self = <Coroutine test_reconciliation_detects_unmatched_payment>

    def setup(self) -> None:
        runner_fixture_id = f"_{self._loop_scope}_scoped_runner"
        if runner_fixture_id not in self.fixturenames:
            self.fixturenames.append(runner_fixture_id)
>       return super().setup()
               ^^^^^^^^^^^^^^^

.venv/lib/python3.12/site-packages/pytest_asyncio/plugin.py:463: 
_ _ _ _ _ _ _ _ _ _ _ _ _ _ _ _ _ _ _ _ _ _ _ _ _ _ _ _ _ _ _ _ _ _ _ _ _ _ _ _ 
.venv/lib/python3.12/site-packages/pytest_asyncio/plugin.py:748: in pytest_fixture_setup
    hook_result = yield
                  ^^^^^
.venv/lib/python3.12/site-packages/pytest_asyncio/plugin.py:318: in _asyncgen_fixture_wrapper
    result = runner.run(setup(), context=context)
             ^^^^^^^^^^^^^^^^^^^^^^^^^^^^^^^^^^^^
/usr/lib/python3.12/asyncio/runners.py:118: in run
    return self._loop.run_until_complete(task)
           ^^^^^^^^^^^^^^^^^^^^^^^^^^^^^^^^^^^
/usr/lib/python3.12/asyncio/base_events.py:687: in run_until_complete
    return future.result()
           ^^^^^^^^^^^^^^^
.venv/lib/python3.12/site-packages/pytest_asyncio/plugin.py:314: in setup
    res = await gen_obj.__anext__()
          ^^^^^^^^^^^^^^^^^^^^^^^^^
tests/conftest.py:71: in model_test_engine
    async with engine.begin() as conn:
/usr/lib/python3.12/contextlib.py:210: in __aenter__
    return await anext(self.gen)
           ^^^^^^^^^^^^^^^^^^^^^
.venv/lib/python3.12/site-packages/sqlalchemy/ext/asyncio/engine.py:1068: in begin
    async with conn:
.venv/lib/python3.12/site-packages/sqlalchemy/ext/asyncio/base.py:121: in __aenter__
    return await self.start(is_ctxmanager=True)
           ^^^^^^^^^^^^^^^^^^^^^^^^^^^^^^^^^^^^
.venv/lib/python3.12/site-packages/sqlalchemy/ext/asyncio/engine.py:275: in start
    await greenlet_spawn(self.sync_engine.connect)
.venv/lib/python3.12/site-packages/sqlalchemy/util/_concurrency_py3k.py:201: in greenlet_spawn
    result = context.throw(*sys.exc_info())
             ^^^^^^^^^^^^^^^^^^^^^^^^^^^^^^
.venv/lib/python3.12/site-packages/sqlalchemy/engine/base.py:3277: in connect
    return self._connection_cls(self)
           ^^^^^^^^^^^^^^^^^^^^^^^^^^
.venv/lib/python3.12/site-packages/sqlalchemy/engine/base.py:143: in __init__
    self._dbapi_connection = engine.raw_connection()
                             ^^^^^^^^^^^^^^^^^^^^^^^
.venv/lib/python3.12/site-packages/sqlalchemy/engine/base.py:3301: in raw_connection
    return self.pool.connect()
           ^^^^^^^^^^^^^^^^^^^
.venv/lib/python3.12/site-packages/sqlalchemy/pool/base.py:447: in connect
    return _ConnectionFairy._checkout(self)
           ^^^^^^^^^^^^^^^^^^^^^^^^^^^^^^^^
.venv/lib/python3.12/site-packages/sqlalchemy/pool/base.py:1264: in _checkout
    fairy = _ConnectionRecord.checkout(pool)
            ^^^^^^^^^^^^^^^^^^^^^^^^^^^^^^^^
.venv/lib/python3.12/site-packages/sqlalchemy/pool/base.py:711: in checkout
    rec = pool._do_get()
          ^^^^^^^^^^^^^^
.venv/lib/python3.12/site-packages/sqlalchemy/pool/impl.py:177: in _do_get
    with util.safe_reraise():
.venv/lib/python3.12/site-packages/sqlalchemy/util/langhelpers.py:224: in __exit__
    raise exc_value.with_traceback(exc_tb)
.venv/lib/python3.12/site-packages/sqlalchemy/pool/impl.py:175: in _do_get
    return self._create_connection()
           ^^^^^^^^^^^^^^^^^^^^^^^^^
.venv/lib/python3.12/site-packages/sqlalchemy/pool/base.py:388: in _create_connection
    return _ConnectionRecord(self)
           ^^^^^^^^^^^^^^^^^^^^^^^
.venv/lib/python3.12/site-packages/sqlalchemy/pool/base.py:673: in __init__
    self.__connect()
.venv/lib/python3.12/site-packages/sqlalchemy/pool/base.py:899: in __connect
    with util.safe_reraise():
.venv/lib/python3.12/site-packages/sqlalchemy/util/langhelpers.py:224: in __exit__
    raise exc_value.with_traceback(exc_tb)
.venv/lib/python3.12/site-packages/sqlalchemy/pool/base.py:895: in __connect
    self.dbapi_connection = connection = pool._invoke_creator(self)
                                         ^^^^^^^^^^^^^^^^^^^^^^^^^^
.venv/lib/python3.12/site-packages/sqlalchemy/engine/create.py:661: in connect
    return dialect.connect(*cargs, **cparams)
           ^^^^^^^^^^^^^^^^^^^^^^^^^^^^^^^^^^
.venv/lib/python3.12/site-packages/sqlalchemy/engine/default.py:629: in connect
    return self.loaded_dbapi.connect(*cargs, **cparams)  # type: ignore[no-any-return]  # NOQA: E501
           ^^^^^^^^^^^^^^^^^^^^^^^^^^^^^^^^^^^^^^^^^^^^
.venv/lib/python3.12/site-packages/sqlalchemy/dialects/postgresql/asyncpg.py:955: in connect
    await_only(creator_fn(*arg, **kw)),
    ^^^^^^^^^^^^^^^^^^^^^^^^^^^^^^^^^^
.venv/lib/python3.12/site-packages/sqlalchemy/util/_concurrency_py3k.py:132: in await_only
    return current.parent.switch(awaitable)  # type: ignore[no-any-return,attr-defined] # noqa: E501
           ^^^^^^^^^^^^^^^^^^^^^^^^^^^^^^^^
.venv/lib/python3.12/site-packages/sqlalchemy/util/_concurrency_py3k.py:196: in greenlet_spawn
    value = await result
            ^^^^^^^^^^^^
.venv/lib/python3.12/site-packages/asyncpg/connection.py:2421: in connect
    return await connect_utils._connect(
.venv/lib/python3.12/site-packages/asyncpg/connect_utils.py:1049: in _connect
    conn = await _connect_addr(
.venv/lib/python3.12/site-packages/asyncpg/connect_utils.py:886: in _connect_addr
    return await __connect_addr(params, True, *args)
           ^^^^^^^^^^^^^^^^^^^^^^^^^^^^^^^^^^^^^^^^^
_ _ _ _ _ _ _ _ _ _ _ _ _ _ _ _ _ _ _ _ _ _ _ _ _ _ _ _ _ _ _ _ _ _ _ _ _ _ _ _ 

params = ConnectionParameters(user='kwok', password='***', database='naicha_test', ssl=<ssl.SSLContext object at 0x7c39208d92d0...postgres'>, server_settings=None, target_session_attrs=<SessionAttribute.any: 'any'>, krbsrvname=None, gsslib='gssapi')
retry = True, addr = ('172.21.48.1', 5432)
loop = <_UnixSelectorEventLoop running=False closed=False debug=False>
config = ConnectionConfiguration(command_timeout=None, statement_cache_size=100, max_cached_statement_lifetime=300, max_cacheable_statement_size=15360)
connection_class = <class 'asyncpg.connection.Connection'>
record_class = <class 'asyncpg.Record'>
params_input = ConnectionParameters(user='kwok', password='***', database='naicha_test', ssl=<ssl.SSLContext object at 0x7c39208d92d0...postgres'>, server_settings=None, target_session_attrs=<SessionAttribute.any: 'any'>, krbsrvname=None, gsslib='gssapi')

    async def __connect_addr(
        params,
        retry,
        addr,
        loop,
        config,
        connection_class,
        record_class,
        params_input,
    ):
        connected = _create_future(loop)
    
        proto_factory = lambda: protocol.Protocol(
            addr, connected, params, record_class, loop)
    
        if isinstance(addr, str):
            # UNIX socket
            connector = loop.create_unix_connection(proto_factory, addr)
    
        elif params.ssl and params.ssl_negotiation is SSLNegotiation.direct:
            # if ssl and ssl_negotiation is `direct`, skip STARTTLS and perform
            # direct SSL connection
            connector = loop.create_connection(
                proto_factory, *addr, ssl=params.ssl
            )
    
        elif params.ssl:
            connector = _create_ssl_connection(
                proto_factory, *addr, loop=loop, ssl_context=params.ssl,
                ssl_is_advisory=params.sslmode == SSLMode.prefer)
        else:
            connector = loop.create_connection(proto_factory, *addr)
    
        tr, pr = await connector
    
        try:
>           await connected
E           asyncpg.exceptions.ConnectionDoesNotExistError: connection was closed in the middle of operation

.venv/lib/python3.12/site-packages/asyncpg/connect_utils.py:934: ConnectionDoesNotExistError
_________ ERROR at setup of test_reservation_slot_concurrent_capacity __________

self = <_SelectorSocketTransport closed fd=17>

    def _read_ready__data_received(self):
        if self._conn_lost:
            return
        try:
>           data = self._sock.recv(self.max_size)
                   ^^^^^^^^^^^^^^^^^^^^^^^^^^^^^^
E           ConnectionResetError: [Errno 104] Connection reset by peer

/usr/lib/python3.12/asyncio/selector_events.py:1013: ConnectionResetError

The above exception was the direct cause of the following exception:

self = <Coroutine test_reservation_slot_concurrent_capacity>

    def setup(self) -> None:
        runner_fixture_id = f"_{self._loop_scope}_scoped_runner"
        if runner_fixture_id not in self.fixturenames:
            self.fixturenames.append(runner_fixture_id)
>       return super().setup()
               ^^^^^^^^^^^^^^^

.venv/lib/python3.12/site-packages/pytest_asyncio/plugin.py:463: 
_ _ _ _ _ _ _ _ _ _ _ _ _ _ _ _ _ _ _ _ _ _ _ _ _ _ _ _ _ _ _ _ _ _ _ _ _ _ _ _ 
.venv/lib/python3.12/site-packages/pytest_asyncio/plugin.py:748: in pytest_fixture_setup
    hook_result = yield
                  ^^^^^
.venv/lib/python3.12/site-packages/pytest_asyncio/plugin.py:318: in _asyncgen_fixture_wrapper
    result = runner.run(setup(), context=context)
             ^^^^^^^^^^^^^^^^^^^^^^^^^^^^^^^^^^^^
/usr/lib/python3.12/asyncio/runners.py:118: in run
    return self._loop.run_until_complete(task)
           ^^^^^^^^^^^^^^^^^^^^^^^^^^^^^^^^^^^
/usr/lib/python3.12/asyncio/base_events.py:687: in run_until_complete
    return future.result()
           ^^^^^^^^^^^^^^^
.venv/lib/python3.12/site-packages/pytest_asyncio/plugin.py:314: in setup
    res = await gen_obj.__anext__()
          ^^^^^^^^^^^^^^^^^^^^^^^^^
tests/conftest.py:71: in model_test_engine
    async with engine.begin() as conn:
/usr/lib/python3.12/contextlib.py:210: in __aenter__
    return await anext(self.gen)
           ^^^^^^^^^^^^^^^^^^^^^
.venv/lib/python3.12/site-packages/sqlalchemy/ext/asyncio/engine.py:1068: in begin
    async with conn:
.venv/lib/python3.12/site-packages/sqlalchemy/ext/asyncio/base.py:121: in __aenter__
    return await self.start(is_ctxmanager=True)
           ^^^^^^^^^^^^^^^^^^^^^^^^^^^^^^^^^^^^
.venv/lib/python3.12/site-packages/sqlalchemy/ext/asyncio/engine.py:275: in start
    await greenlet_spawn(self.sync_engine.connect)
.venv/lib/python3.12/site-packages/sqlalchemy/util/_concurrency_py3k.py:201: in greenlet_spawn
    result = context.throw(*sys.exc_info())
             ^^^^^^^^^^^^^^^^^^^^^^^^^^^^^^
.venv/lib/python3.12/site-packages/sqlalchemy/engine/base.py:3277: in connect
    return self._connection_cls(self)
           ^^^^^^^^^^^^^^^^^^^^^^^^^^
.venv/lib/python3.12/site-packages/sqlalchemy/engine/base.py:143: in __init__
    self._dbapi_connection = engine.raw_connection()
                             ^^^^^^^^^^^^^^^^^^^^^^^
.venv/lib/python3.12/site-packages/sqlalchemy/engine/base.py:3301: in raw_connection
    return self.pool.connect()
           ^^^^^^^^^^^^^^^^^^^
.venv/lib/python3.12/site-packages/sqlalchemy/pool/base.py:447: in connect
    return _ConnectionFairy._checkout(self)
           ^^^^^^^^^^^^^^^^^^^^^^^^^^^^^^^^
.venv/lib/python3.12/site-packages/sqlalchemy/pool/base.py:1264: in _checkout
    fairy = _ConnectionRecord.checkout(pool)
            ^^^^^^^^^^^^^^^^^^^^^^^^^^^^^^^^
.venv/lib/python3.12/site-packages/sqlalchemy/pool/base.py:711: in checkout
    rec = pool._do_get()
          ^^^^^^^^^^^^^^
.venv/lib/python3.12/site-packages/sqlalchemy/pool/impl.py:177: in _do_get
    with util.safe_reraise():
.venv/lib/python3.12/site-packages/sqlalchemy/util/langhelpers.py:224: in __exit__
    raise exc_value.with_traceback(exc_tb)
.venv/lib/python3.12/site-packages/sqlalchemy/pool/impl.py:175: in _do_get
    return self._create_connection()
           ^^^^^^^^^^^^^^^^^^^^^^^^^
.venv/lib/python3.12/site-packages/sqlalchemy/pool/base.py:388: in _create_connection
    return _ConnectionRecord(self)
           ^^^^^^^^^^^^^^^^^^^^^^^
.venv/lib/python3.12/site-packages/sqlalchemy/pool/base.py:673: in __init__
    self.__connect()
.venv/lib/python3.12/site-packages/sqlalchemy/pool/base.py:899: in __connect
    with util.safe_reraise():
.venv/lib/python3.12/site-packages/sqlalchemy/util/langhelpers.py:224: in __exit__
    raise exc_value.with_traceback(exc_tb)
.venv/lib/python3.12/site-packages/sqlalchemy/pool/base.py:895: in __connect
    self.dbapi_connection = connection = pool._invoke_creator(self)
                                         ^^^^^^^^^^^^^^^^^^^^^^^^^^
.venv/lib/python3.12/site-packages/sqlalchemy/engine/create.py:661: in connect
    return dialect.connect(*cargs, **cparams)
           ^^^^^^^^^^^^^^^^^^^^^^^^^^^^^^^^^^
.venv/lib/python3.12/site-packages/sqlalchemy/engine/default.py:629: in connect
    return self.loaded_dbapi.connect(*cargs, **cparams)  # type: ignore[no-any-return]  # NOQA: E501
           ^^^^^^^^^^^^^^^^^^^^^^^^^^^^^^^^^^^^^^^^^^^^
.venv/lib/python3.12/site-packages/sqlalchemy/dialects/postgresql/asyncpg.py:955: in connect
    await_only(creator_fn(*arg, **kw)),
    ^^^^^^^^^^^^^^^^^^^^^^^^^^^^^^^^^^
.venv/lib/python3.12/site-packages/sqlalchemy/util/_concurrency_py3k.py:132: in await_only
    return current.parent.switch(awaitable)  # type: ignore[no-any-return,attr-defined] # noqa: E501
           ^^^^^^^^^^^^^^^^^^^^^^^^^^^^^^^^
.venv/lib/python3.12/site-packages/sqlalchemy/util/_concurrency_py3k.py:196: in greenlet_spawn
    value = await result
            ^^^^^^^^^^^^
.venv/lib/python3.12/site-packages/asyncpg/connection.py:2421: in connect
    return await connect_utils._connect(
.venv/lib/python3.12/site-packages/asyncpg/connect_utils.py:1049: in _connect
    conn = await _connect_addr(
.venv/lib/python3.12/site-packages/asyncpg/connect_utils.py:886: in _connect_addr
    return await __connect_addr(params, True, *args)
           ^^^^^^^^^^^^^^^^^^^^^^^^^^^^^^^^^^^^^^^^^
_ _ _ _ _ _ _ _ _ _ _ _ _ _ _ _ _ _ _ _ _ _ _ _ _ _ _ _ _ _ _ _ _ _ _ _ _ _ _ _ 

params = ConnectionParameters(user='kwok', password='***', database='naicha_test', ssl=<ssl.SSLContext object at 0x7c391f112150...postgres'>, server_settings=None, target_session_attrs=<SessionAttribute.any: 'any'>, krbsrvname=None, gsslib='gssapi')
retry = True, addr = ('172.21.48.1', 5432)
loop = <_UnixSelectorEventLoop running=False closed=False debug=False>
config = ConnectionConfiguration(command_timeout=None, statement_cache_size=100, max_cached_statement_lifetime=300, max_cacheable_statement_size=15360)
connection_class = <class 'asyncpg.connection.Connection'>
record_class = <class 'asyncpg.Record'>
params_input = ConnectionParameters(user='kwok', password='***', database='naicha_test', ssl=<ssl.SSLContext object at 0x7c391f112150...postgres'>, server_settings=None, target_session_attrs=<SessionAttribute.any: 'any'>, krbsrvname=None, gsslib='gssapi')

    async def __connect_addr(
        params,
        retry,
        addr,
        loop,
        config,
        connection_class,
        record_class,
        params_input,
    ):
        connected = _create_future(loop)
    
        proto_factory = lambda: protocol.Protocol(
            addr, connected, params, record_class, loop)
    
        if isinstance(addr, str):
            # UNIX socket
            connector = loop.create_unix_connection(proto_factory, addr)
    
        elif params.ssl and params.ssl_negotiation is SSLNegotiation.direct:
            # if ssl and ssl_negotiation is `direct`, skip STARTTLS and perform
            # direct SSL connection
            connector = loop.create_connection(
                proto_factory, *addr, ssl=params.ssl
            )
    
        elif params.ssl:
            connector = _create_ssl_connection(
                proto_factory, *addr, loop=loop, ssl_context=params.ssl,
                ssl_is_advisory=params.sslmode == SSLMode.prefer)
        else:
            connector = loop.create_connection(proto_factory, *addr)
    
        tr, pr = await connector
    
        try:
>           await connected
E           asyncpg.exceptions.ConnectionDoesNotExistError: connection was closed in the middle of operation

.venv/lib/python3.12/site-packages/asyncpg/connect_utils.py:934: ConnectionDoesNotExistError
____________ ERROR at setup of test_reservation_send_due_reminders _____________

self = <_SelectorSocketTransport closed fd=17>

    def _read_ready__data_received(self):
        if self._conn_lost:
            return
        try:
>           data = self._sock.recv(self.max_size)
                   ^^^^^^^^^^^^^^^^^^^^^^^^^^^^^^
E           ConnectionResetError: [Errno 104] Connection reset by peer

/usr/lib/python3.12/asyncio/selector_events.py:1013: ConnectionResetError

The above exception was the direct cause of the following exception:

self = <Coroutine test_reservation_send_due_reminders>

    def setup(self) -> None:
        runner_fixture_id = f"_{self._loop_scope}_scoped_runner"
        if runner_fixture_id not in self.fixturenames:
            self.fixturenames.append(runner_fixture_id)
>       return super().setup()
               ^^^^^^^^^^^^^^^

.venv/lib/python3.12/site-packages/pytest_asyncio/plugin.py:463: 
_ _ _ _ _ _ _ _ _ _ _ _ _ _ _ _ _ _ _ _ _ _ _ _ _ _ _ _ _ _ _ _ _ _ _ _ _ _ _ _ 
.venv/lib/python3.12/site-packages/pytest_asyncio/plugin.py:748: in pytest_fixture_setup
    hook_result = yield
                  ^^^^^
.venv/lib/python3.12/site-packages/pytest_asyncio/plugin.py:318: in _asyncgen_fixture_wrapper
    result = runner.run(setup(), context=context)
             ^^^^^^^^^^^^^^^^^^^^^^^^^^^^^^^^^^^^
/usr/lib/python3.12/asyncio/runners.py:118: in run
    return self._loop.run_until_complete(task)
           ^^^^^^^^^^^^^^^^^^^^^^^^^^^^^^^^^^^
/usr/lib/python3.12/asyncio/base_events.py:687: in run_until_complete
    return future.result()
           ^^^^^^^^^^^^^^^
.venv/lib/python3.12/site-packages/pytest_asyncio/plugin.py:314: in setup
    res = await gen_obj.__anext__()
          ^^^^^^^^^^^^^^^^^^^^^^^^^
tests/conftest.py:71: in model_test_engine
    async with engine.begin() as conn:
/usr/lib/python3.12/contextlib.py:210: in __aenter__
    return await anext(self.gen)
           ^^^^^^^^^^^^^^^^^^^^^
.venv/lib/python3.12/site-packages/sqlalchemy/ext/asyncio/engine.py:1068: in begin
    async with conn:
.venv/lib/python3.12/site-packages/sqlalchemy/ext/asyncio/base.py:121: in __aenter__
    return await self.start(is_ctxmanager=True)
           ^^^^^^^^^^^^^^^^^^^^^^^^^^^^^^^^^^^^
.venv/lib/python3.12/site-packages/sqlalchemy/ext/asyncio/engine.py:275: in start
    await greenlet_spawn(self.sync_engine.connect)
.venv/lib/python3.12/site-packages/sqlalchemy/util/_concurrency_py3k.py:201: in greenlet_spawn
    result = context.throw(*sys.exc_info())
             ^^^^^^^^^^^^^^^^^^^^^^^^^^^^^^
.venv/lib/python3.12/site-packages/sqlalchemy/engine/base.py:3277: in connect
    return self._connection_cls(self)
           ^^^^^^^^^^^^^^^^^^^^^^^^^^
.venv/lib/python3.12/site-packages/sqlalchemy/engine/base.py:143: in __init__
    self._dbapi_connection = engine.raw_connection()
                             ^^^^^^^^^^^^^^^^^^^^^^^
.venv/lib/python3.12/site-packages/sqlalchemy/engine/base.py:3301: in raw_connection
    return self.pool.connect()
           ^^^^^^^^^^^^^^^^^^^
.venv/lib/python3.12/site-packages/sqlalchemy/pool/base.py:447: in connect
    return _ConnectionFairy._checkout(self)
           ^^^^^^^^^^^^^^^^^^^^^^^^^^^^^^^^
.venv/lib/python3.12/site-packages/sqlalchemy/pool/base.py:1264: in _checkout
    fairy = _ConnectionRecord.checkout(pool)
            ^^^^^^^^^^^^^^^^^^^^^^^^^^^^^^^^
.venv/lib/python3.12/site-packages/sqlalchemy/pool/base.py:711: in checkout
    rec = pool._do_get()
          ^^^^^^^^^^^^^^
.venv/lib/python3.12/site-packages/sqlalchemy/pool/impl.py:177: in _do_get
    with util.safe_reraise():
.venv/lib/python3.12/site-packages/sqlalchemy/util/langhelpers.py:224: in __exit__
    raise exc_value.with_traceback(exc_tb)
.venv/lib/python3.12/site-packages/sqlalchemy/pool/impl.py:175: in _do_get
    return self._create_connection()
           ^^^^^^^^^^^^^^^^^^^^^^^^^
.venv/lib/python3.12/site-packages/sqlalchemy/pool/base.py:388: in _create_connection
    return _ConnectionRecord(self)
           ^^^^^^^^^^^^^^^^^^^^^^^
.venv/lib/python3.12/site-packages/sqlalchemy/pool/base.py:673: in __init__
    self.__connect()
.venv/lib/python3.12/site-packages/sqlalchemy/pool/base.py:899: in __connect
    with util.safe_reraise():
.venv/lib/python3.12/site-packages/sqlalchemy/util/langhelpers.py:224: in __exit__
    raise exc_value.with_traceback(exc_tb)
.venv/lib/python3.12/site-packages/sqlalchemy/pool/base.py:895: in __connect
    self.dbapi_connection = connection = pool._invoke_creator(self)
                                         ^^^^^^^^^^^^^^^^^^^^^^^^^^
.venv/lib/python3.12/site-packages/sqlalchemy/engine/create.py:661: in connect
    return dialect.connect(*cargs, **cparams)
           ^^^^^^^^^^^^^^^^^^^^^^^^^^^^^^^^^^
.venv/lib/python3.12/site-packages/sqlalchemy/engine/default.py:629: in connect
    return self.loaded_dbapi.connect(*cargs, **cparams)  # type: ignore[no-any-return]  # NOQA: E501
           ^^^^^^^^^^^^^^^^^^^^^^^^^^^^^^^^^^^^^^^^^^^^
.venv/lib/python3.12/site-packages/sqlalchemy/dialects/postgresql/asyncpg.py:955: in connect
    await_only(creator_fn(*arg, **kw)),
    ^^^^^^^^^^^^^^^^^^^^^^^^^^^^^^^^^^
.venv/lib/python3.12/site-packages/sqlalchemy/util/_concurrency_py3k.py:132: in await_only
    return current.parent.switch(awaitable)  # type: ignore[no-any-return,attr-defined] # noqa: E501
           ^^^^^^^^^^^^^^^^^^^^^^^^^^^^^^^^
.venv/lib/python3.12/site-packages/sqlalchemy/util/_concurrency_py3k.py:196: in greenlet_spawn
    value = await result
            ^^^^^^^^^^^^
.venv/lib/python3.12/site-packages/asyncpg/connection.py:2421: in connect
    return await connect_utils._connect(
.venv/lib/python3.12/site-packages/asyncpg/connect_utils.py:1049: in _connect
    conn = await _connect_addr(
.venv/lib/python3.12/site-packages/asyncpg/connect_utils.py:886: in _connect_addr
    return await __connect_addr(params, True, *args)
           ^^^^^^^^^^^^^^^^^^^^^^^^^^^^^^^^^^^^^^^^^
_ _ _ _ _ _ _ _ _ _ _ _ _ _ _ _ _ _ _ _ _ _ _ _ _ _ _ _ _ _ _ _ _ _ _ _ _ _ _ _ 

params = ConnectionParameters(user='kwok', password='***', database='naicha_test', ssl=<ssl.SSLContext object at 0x7c3920812dd0...postgres'>, server_settings=None, target_session_attrs=<SessionAttribute.any: 'any'>, krbsrvname=None, gsslib='gssapi')
retry = True, addr = ('172.21.48.1', 5432)
loop = <_UnixSelectorEventLoop running=False closed=False debug=False>
config = ConnectionConfiguration(command_timeout=None, statement_cache_size=100, max_cached_statement_lifetime=300, max_cacheable_statement_size=15360)
connection_class = <class 'asyncpg.connection.Connection'>
record_class = <class 'asyncpg.Record'>
params_input = ConnectionParameters(user='kwok', password='***', database='naicha_test', ssl=<ssl.SSLContext object at 0x7c3920812dd0...postgres'>, server_settings=None, target_session_attrs=<SessionAttribute.any: 'any'>, krbsrvname=None, gsslib='gssapi')

    async def __connect_addr(
        params,
        retry,
        addr,
        loop,
        config,
        connection_class,
        record_class,
        params_input,
    ):
        connected = _create_future(loop)
    
        proto_factory = lambda: protocol.Protocol(
            addr, connected, params, record_class, loop)
    
        if isinstance(addr, str):
            # UNIX socket
            connector = loop.create_unix_connection(proto_factory, addr)
    
        elif params.ssl and params.ssl_negotiation is SSLNegotiation.direct:
            # if ssl and ssl_negotiation is `direct`, skip STARTTLS and perform
            # direct SSL connection
            connector = loop.create_connection(
                proto_factory, *addr, ssl=params.ssl
            )
    
        elif params.ssl:
            connector = _create_ssl_connection(
                proto_factory, *addr, loop=loop, ssl_context=params.ssl,
                ssl_is_advisory=params.sslmode == SSLMode.prefer)
        else:
            connector = loop.create_connection(proto_factory, *addr)
    
        tr, pr = await connector
    
        try:
>           await connected
E           asyncpg.exceptions.ConnectionDoesNotExistError: connection was closed in the middle of operation

.venv/lib/python3.12/site-packages/asyncpg/connect_utils.py:934: ConnectionDoesNotExistError
____________ ERROR at setup of test_reservation_activate_due_orders ____________

self = <_SelectorSocketTransport closed fd=17>

    def _read_ready__data_received(self):
        if self._conn_lost:
            return
        try:
>           data = self._sock.recv(self.max_size)
                   ^^^^^^^^^^^^^^^^^^^^^^^^^^^^^^
E           ConnectionResetError: [Errno 104] Connection reset by peer

/usr/lib/python3.12/asyncio/selector_events.py:1013: ConnectionResetError

The above exception was the direct cause of the following exception:

self = <Coroutine test_reservation_activate_due_orders>

    def setup(self) -> None:
        runner_fixture_id = f"_{self._loop_scope}_scoped_runner"
        if runner_fixture_id not in self.fixturenames:
            self.fixturenames.append(runner_fixture_id)
>       return super().setup()
               ^^^^^^^^^^^^^^^

.venv/lib/python3.12/site-packages/pytest_asyncio/plugin.py:463: 
_ _ _ _ _ _ _ _ _ _ _ _ _ _ _ _ _ _ _ _ _ _ _ _ _ _ _ _ _ _ _ _ _ _ _ _ _ _ _ _ 
.venv/lib/python3.12/site-packages/pytest_asyncio/plugin.py:748: in pytest_fixture_setup
    hook_result = yield
                  ^^^^^
.venv/lib/python3.12/site-packages/pytest_asyncio/plugin.py:318: in _asyncgen_fixture_wrapper
    result = runner.run(setup(), context=context)
             ^^^^^^^^^^^^^^^^^^^^^^^^^^^^^^^^^^^^
/usr/lib/python3.12/asyncio/runners.py:118: in run
    return self._loop.run_until_complete(task)
           ^^^^^^^^^^^^^^^^^^^^^^^^^^^^^^^^^^^
/usr/lib/python3.12/asyncio/base_events.py:687: in run_until_complete
    return future.result()
           ^^^^^^^^^^^^^^^
.venv/lib/python3.12/site-packages/pytest_asyncio/plugin.py:314: in setup
    res = await gen_obj.__anext__()
          ^^^^^^^^^^^^^^^^^^^^^^^^^
tests/conftest.py:71: in model_test_engine
    async with engine.begin() as conn:
/usr/lib/python3.12/contextlib.py:210: in __aenter__
    return await anext(self.gen)
           ^^^^^^^^^^^^^^^^^^^^^
.venv/lib/python3.12/site-packages/sqlalchemy/ext/asyncio/engine.py:1068: in begin
    async with conn:
.venv/lib/python3.12/site-packages/sqlalchemy/ext/asyncio/base.py:121: in __aenter__
    return await self.start(is_ctxmanager=True)
           ^^^^^^^^^^^^^^^^^^^^^^^^^^^^^^^^^^^^
.venv/lib/python3.12/site-packages/sqlalchemy/ext/asyncio/engine.py:275: in start
    await greenlet_spawn(self.sync_engine.connect)
.venv/lib/python3.12/site-packages/sqlalchemy/util/_concurrency_py3k.py:201: in greenlet_spawn
    result = context.throw(*sys.exc_info())
             ^^^^^^^^^^^^^^^^^^^^^^^^^^^^^^
.venv/lib/python3.12/site-packages/sqlalchemy/engine/base.py:3277: in connect
    return self._connection_cls(self)
           ^^^^^^^^^^^^^^^^^^^^^^^^^^
.venv/lib/python3.12/site-packages/sqlalchemy/engine/base.py:143: in __init__
    self._dbapi_connection = engine.raw_connection()
                             ^^^^^^^^^^^^^^^^^^^^^^^
.venv/lib/python3.12/site-packages/sqlalchemy/engine/base.py:3301: in raw_connection
    return self.pool.connect()
           ^^^^^^^^^^^^^^^^^^^
.venv/lib/python3.12/site-packages/sqlalchemy/pool/base.py:447: in connect
    return _ConnectionFairy._checkout(self)
           ^^^^^^^^^^^^^^^^^^^^^^^^^^^^^^^^
.venv/lib/python3.12/site-packages/sqlalchemy/pool/base.py:1264: in _checkout
    fairy = _ConnectionRecord.checkout(pool)
            ^^^^^^^^^^^^^^^^^^^^^^^^^^^^^^^^
.venv/lib/python3.12/site-packages/sqlalchemy/pool/base.py:711: in checkout
    rec = pool._do_get()
          ^^^^^^^^^^^^^^
.venv/lib/python3.12/site-packages/sqlalchemy/pool/impl.py:177: in _do_get
    with util.safe_reraise():
.venv/lib/python3.12/site-packages/sqlalchemy/util/langhelpers.py:224: in __exit__
    raise exc_value.with_traceback(exc_tb)
.venv/lib/python3.12/site-packages/sqlalchemy/pool/impl.py:175: in _do_get
    return self._create_connection()
           ^^^^^^^^^^^^^^^^^^^^^^^^^
.venv/lib/python3.12/site-packages/sqlalchemy/pool/base.py:388: in _create_connection
    return _ConnectionRecord(self)
           ^^^^^^^^^^^^^^^^^^^^^^^
.venv/lib/python3.12/site-packages/sqlalchemy/pool/base.py:673: in __init__
    self.__connect()
.venv/lib/python3.12/site-packages/sqlalchemy/pool/base.py:899: in __connect
    with util.safe_reraise():
.venv/lib/python3.12/site-packages/sqlalchemy/util/langhelpers.py:224: in __exit__
    raise exc_value.with_traceback(exc_tb)
.venv/lib/python3.12/site-packages/sqlalchemy/pool/base.py:895: in __connect
    self.dbapi_connection = connection = pool._invoke_creator(self)
                                         ^^^^^^^^^^^^^^^^^^^^^^^^^^
.venv/lib/python3.12/site-packages/sqlalchemy/engine/create.py:661: in connect
    return dialect.connect(*cargs, **cparams)
           ^^^^^^^^^^^^^^^^^^^^^^^^^^^^^^^^^^
.venv/lib/python3.12/site-packages/sqlalchemy/engine/default.py:629: in connect
    return self.loaded_dbapi.connect(*cargs, **cparams)  # type: ignore[no-any-return]  # NOQA: E501
           ^^^^^^^^^^^^^^^^^^^^^^^^^^^^^^^^^^^^^^^^^^^^
.venv/lib/python3.12/site-packages/sqlalchemy/dialects/postgresql/asyncpg.py:955: in connect
    await_only(creator_fn(*arg, **kw)),
    ^^^^^^^^^^^^^^^^^^^^^^^^^^^^^^^^^^
.venv/lib/python3.12/site-packages/sqlalchemy/util/_concurrency_py3k.py:132: in await_only
    return current.parent.switch(awaitable)  # type: ignore[no-any-return,attr-defined] # noqa: E501
           ^^^^^^^^^^^^^^^^^^^^^^^^^^^^^^^^
.venv/lib/python3.12/site-packages/sqlalchemy/util/_concurrency_py3k.py:196: in greenlet_spawn
    value = await result
            ^^^^^^^^^^^^
.venv/lib/python3.12/site-packages/asyncpg/connection.py:2421: in connect
    return await connect_utils._connect(
.venv/lib/python3.12/site-packages/asyncpg/connect_utils.py:1049: in _connect
    conn = await _connect_addr(
.venv/lib/python3.12/site-packages/asyncpg/connect_utils.py:886: in _connect_addr
    return await __connect_addr(params, True, *args)
           ^^^^^^^^^^^^^^^^^^^^^^^^^^^^^^^^^^^^^^^^^
_ _ _ _ _ _ _ _ _ _ _ _ _ _ _ _ _ _ _ _ _ _ _ _ _ _ _ _ _ _ _ _ _ _ _ _ _ _ _ _ 

params = ConnectionParameters(user='kwok', password='***', database='naicha_test', ssl=<ssl.SSLContext object at 0x7c391ffc3750...postgres'>, server_settings=None, target_session_attrs=<SessionAttribute.any: 'any'>, krbsrvname=None, gsslib='gssapi')
retry = True, addr = ('172.21.48.1', 5432)
loop = <_UnixSelectorEventLoop running=False closed=False debug=False>
config = ConnectionConfiguration(command_timeout=None, statement_cache_size=100, max_cached_statement_lifetime=300, max_cacheable_statement_size=15360)
connection_class = <class 'asyncpg.connection.Connection'>
record_class = <class 'asyncpg.Record'>
params_input = ConnectionParameters(user='kwok', password='***', database='naicha_test', ssl=<ssl.SSLContext object at 0x7c391ffc3750...postgres'>, server_settings=None, target_session_attrs=<SessionAttribute.any: 'any'>, krbsrvname=None, gsslib='gssapi')

    async def __connect_addr(
        params,
        retry,
        addr,
        loop,
        config,
        connection_class,
        record_class,
        params_input,
    ):
        connected = _create_future(loop)
    
        proto_factory = lambda: protocol.Protocol(
            addr, connected, params, record_class, loop)
    
        if isinstance(addr, str):
            # UNIX socket
            connector = loop.create_unix_connection(proto_factory, addr)
    
        elif params.ssl and params.ssl_negotiation is SSLNegotiation.direct:
            # if ssl and ssl_negotiation is `direct`, skip STARTTLS and perform
            # direct SSL connection
            connector = loop.create_connection(
                proto_factory, *addr, ssl=params.ssl
            )
    
        elif params.ssl:
            connector = _create_ssl_connection(
                proto_factory, *addr, loop=loop, ssl_context=params.ssl,
                ssl_is_advisory=params.sslmode == SSLMode.prefer)
        else:
            connector = loop.create_connection(proto_factory, *addr)
    
        tr, pr = await connector
    
        try:
>           await connected
E           asyncpg.exceptions.ConnectionDoesNotExistError: connection was closed in the middle of operation

.venv/lib/python3.12/site-packages/asyncpg/connect_utils.py:934: ConnectionDoesNotExistError
________ ERROR at setup of test_get_profile_autocreates_default_record _________

self = <_SelectorSocketTransport closed fd=17>

    def _read_ready__data_received(self):
        if self._conn_lost:
            return
        try:
>           data = self._sock.recv(self.max_size)
                   ^^^^^^^^^^^^^^^^^^^^^^^^^^^^^^
E           ConnectionResetError: [Errno 104] Connection reset by peer

/usr/lib/python3.12/asyncio/selector_events.py:1013: ConnectionResetError

The above exception was the direct cause of the following exception:

self = <Coroutine test_get_profile_autocreates_default_record>

    def setup(self) -> None:
        runner_fixture_id = f"_{self._loop_scope}_scoped_runner"
        if runner_fixture_id not in self.fixturenames:
            self.fixturenames.append(runner_fixture_id)
>       return super().setup()
               ^^^^^^^^^^^^^^^

.venv/lib/python3.12/site-packages/pytest_asyncio/plugin.py:463: 
_ _ _ _ _ _ _ _ _ _ _ _ _ _ _ _ _ _ _ _ _ _ _ _ _ _ _ _ _ _ _ _ _ _ _ _ _ _ _ _ 
.venv/lib/python3.12/site-packages/pytest_asyncio/plugin.py:748: in pytest_fixture_setup
    hook_result = yield
                  ^^^^^
.venv/lib/python3.12/site-packages/pytest_asyncio/plugin.py:318: in _asyncgen_fixture_wrapper
    result = runner.run(setup(), context=context)
             ^^^^^^^^^^^^^^^^^^^^^^^^^^^^^^^^^^^^
/usr/lib/python3.12/asyncio/runners.py:118: in run
    return self._loop.run_until_complete(task)
           ^^^^^^^^^^^^^^^^^^^^^^^^^^^^^^^^^^^
/usr/lib/python3.12/asyncio/base_events.py:687: in run_until_complete
    return future.result()
           ^^^^^^^^^^^^^^^
.venv/lib/python3.12/site-packages/pytest_asyncio/plugin.py:314: in setup
    res = await gen_obj.__anext__()
          ^^^^^^^^^^^^^^^^^^^^^^^^^
tests/conftest.py:71: in model_test_engine
    async with engine.begin() as conn:
/usr/lib/python3.12/contextlib.py:210: in __aenter__
    return await anext(self.gen)
           ^^^^^^^^^^^^^^^^^^^^^
.venv/lib/python3.12/site-packages/sqlalchemy/ext/asyncio/engine.py:1068: in begin
    async with conn:
.venv/lib/python3.12/site-packages/sqlalchemy/ext/asyncio/base.py:121: in __aenter__
    return await self.start(is_ctxmanager=True)
           ^^^^^^^^^^^^^^^^^^^^^^^^^^^^^^^^^^^^
.venv/lib/python3.12/site-packages/sqlalchemy/ext/asyncio/engine.py:275: in start
    await greenlet_spawn(self.sync_engine.connect)
.venv/lib/python3.12/site-packages/sqlalchemy/util/_concurrency_py3k.py:201: in greenlet_spawn
    result = context.throw(*sys.exc_info())
             ^^^^^^^^^^^^^^^^^^^^^^^^^^^^^^
.venv/lib/python3.12/site-packages/sqlalchemy/engine/base.py:3277: in connect
    return self._connection_cls(self)
           ^^^^^^^^^^^^^^^^^^^^^^^^^^
.venv/lib/python3.12/site-packages/sqlalchemy/engine/base.py:143: in __init__
    self._dbapi_connection = engine.raw_connection()
                             ^^^^^^^^^^^^^^^^^^^^^^^
.venv/lib/python3.12/site-packages/sqlalchemy/engine/base.py:3301: in raw_connection
    return self.pool.connect()
           ^^^^^^^^^^^^^^^^^^^
.venv/lib/python3.12/site-packages/sqlalchemy/pool/base.py:447: in connect
    return _ConnectionFairy._checkout(self)
           ^^^^^^^^^^^^^^^^^^^^^^^^^^^^^^^^
.venv/lib/python3.12/site-packages/sqlalchemy/pool/base.py:1264: in _checkout
    fairy = _ConnectionRecord.checkout(pool)
            ^^^^^^^^^^^^^^^^^^^^^^^^^^^^^^^^
.venv/lib/python3.12/site-packages/sqlalchemy/pool/base.py:711: in checkout
    rec = pool._do_get()
          ^^^^^^^^^^^^^^
.venv/lib/python3.12/site-packages/sqlalchemy/pool/impl.py:177: in _do_get
    with util.safe_reraise():
.venv/lib/python3.12/site-packages/sqlalchemy/util/langhelpers.py:224: in __exit__
    raise exc_value.with_traceback(exc_tb)
.venv/lib/python3.12/site-packages/sqlalchemy/pool/impl.py:175: in _do_get
    return self._create_connection()
           ^^^^^^^^^^^^^^^^^^^^^^^^^
.venv/lib/python3.12/site-packages/sqlalchemy/pool/base.py:388: in _create_connection
    return _ConnectionRecord(self)
           ^^^^^^^^^^^^^^^^^^^^^^^
.venv/lib/python3.12/site-packages/sqlalchemy/pool/base.py:673: in __init__
    self.__connect()
.venv/lib/python3.12/site-packages/sqlalchemy/pool/base.py:899: in __connect
    with util.safe_reraise():
.venv/lib/python3.12/site-packages/sqlalchemy/util/langhelpers.py:224: in __exit__
    raise exc_value.with_traceback(exc_tb)
.venv/lib/python3.12/site-packages/sqlalchemy/pool/base.py:895: in __connect
    self.dbapi_connection = connection = pool._invoke_creator(self)
                                         ^^^^^^^^^^^^^^^^^^^^^^^^^^
.venv/lib/python3.12/site-packages/sqlalchemy/engine/create.py:661: in connect
    return dialect.connect(*cargs, **cparams)
           ^^^^^^^^^^^^^^^^^^^^^^^^^^^^^^^^^^
.venv/lib/python3.12/site-packages/sqlalchemy/engine/default.py:629: in connect
    return self.loaded_dbapi.connect(*cargs, **cparams)  # type: ignore[no-any-return]  # NOQA: E501
           ^^^^^^^^^^^^^^^^^^^^^^^^^^^^^^^^^^^^^^^^^^^^
.venv/lib/python3.12/site-packages/sqlalchemy/dialects/postgresql/asyncpg.py:955: in connect
    await_only(creator_fn(*arg, **kw)),
    ^^^^^^^^^^^^^^^^^^^^^^^^^^^^^^^^^^
.venv/lib/python3.12/site-packages/sqlalchemy/util/_concurrency_py3k.py:132: in await_only
    return current.parent.switch(awaitable)  # type: ignore[no-any-return,attr-defined] # noqa: E501
           ^^^^^^^^^^^^^^^^^^^^^^^^^^^^^^^^
.venv/lib/python3.12/site-packages/sqlalchemy/util/_concurrency_py3k.py:196: in greenlet_spawn
    value = await result
            ^^^^^^^^^^^^
.venv/lib/python3.12/site-packages/asyncpg/connection.py:2421: in connect
    return await connect_utils._connect(
.venv/lib/python3.12/site-packages/asyncpg/connect_utils.py:1049: in _connect
    conn = await _connect_addr(
.venv/lib/python3.12/site-packages/asyncpg/connect_utils.py:886: in _connect_addr
    return await __connect_addr(params, True, *args)
           ^^^^^^^^^^^^^^^^^^^^^^^^^^^^^^^^^^^^^^^^^
_ _ _ _ _ _ _ _ _ _ _ _ _ _ _ _ _ _ _ _ _ _ _ _ _ _ _ _ _ _ _ _ _ _ _ _ _ _ _ _ 

params = ConnectionParameters(user='kwok', password='***', database='naicha_test', ssl=<ssl.SSLContext object at 0x7c391eebce50...postgres'>, server_settings=None, target_session_attrs=<SessionAttribute.any: 'any'>, krbsrvname=None, gsslib='gssapi')
retry = True, addr = ('172.21.48.1', 5432)
loop = <_UnixSelectorEventLoop running=False closed=False debug=False>
config = ConnectionConfiguration(command_timeout=None, statement_cache_size=100, max_cached_statement_lifetime=300, max_cacheable_statement_size=15360)
connection_class = <class 'asyncpg.connection.Connection'>
record_class = <class 'asyncpg.Record'>
params_input = ConnectionParameters(user='kwok', password='***', database='naicha_test', ssl=<ssl.SSLContext object at 0x7c391eebce50...postgres'>, server_settings=None, target_session_attrs=<SessionAttribute.any: 'any'>, krbsrvname=None, gsslib='gssapi')

    async def __connect_addr(
        params,
        retry,
        addr,
        loop,
        config,
        connection_class,
        record_class,
        params_input,
    ):
        connected = _create_future(loop)
    
        proto_factory = lambda: protocol.Protocol(
            addr, connected, params, record_class, loop)
    
        if isinstance(addr, str):
            # UNIX socket
            connector = loop.create_unix_connection(proto_factory, addr)
    
        elif params.ssl and params.ssl_negotiation is SSLNegotiation.direct:
            # if ssl and ssl_negotiation is `direct`, skip STARTTLS and perform
            # direct SSL connection
            connector = loop.create_connection(
                proto_factory, *addr, ssl=params.ssl
            )
    
        elif params.ssl:
            connector = _create_ssl_connection(
                proto_factory, *addr, loop=loop, ssl_context=params.ssl,
                ssl_is_advisory=params.sslmode == SSLMode.prefer)
        else:
            connector = loop.create_connection(proto_factory, *addr)
    
        tr, pr = await connector
    
        try:
>           await connected
E           asyncpg.exceptions.ConnectionDoesNotExistError: connection was closed in the middle of operation

.venv/lib/python3.12/site-packages/asyncpg/connect_utils.py:934: ConnectionDoesNotExistError
__________ ERROR at setup of test_check_delivery_requires_coordinates __________

self = <_SelectorSocketTransport closed fd=17>

    def _read_ready__data_received(self):
        if self._conn_lost:
            return
        try:
>           data = self._sock.recv(self.max_size)
                   ^^^^^^^^^^^^^^^^^^^^^^^^^^^^^^
E           ConnectionResetError: [Errno 104] Connection reset by peer

/usr/lib/python3.12/asyncio/selector_events.py:1013: ConnectionResetError

The above exception was the direct cause of the following exception:

self = <Coroutine test_check_delivery_requires_coordinates>

    def setup(self) -> None:
        runner_fixture_id = f"_{self._loop_scope}_scoped_runner"
        if runner_fixture_id not in self.fixturenames:
            self.fixturenames.append(runner_fixture_id)
>       return super().setup()
               ^^^^^^^^^^^^^^^

.venv/lib/python3.12/site-packages/pytest_asyncio/plugin.py:463: 
_ _ _ _ _ _ _ _ _ _ _ _ _ _ _ _ _ _ _ _ _ _ _ _ _ _ _ _ _ _ _ _ _ _ _ _ _ _ _ _ 
.venv/lib/python3.12/site-packages/pytest_asyncio/plugin.py:748: in pytest_fixture_setup
    hook_result = yield
                  ^^^^^
.venv/lib/python3.12/site-packages/pytest_asyncio/plugin.py:318: in _asyncgen_fixture_wrapper
    result = runner.run(setup(), context=context)
             ^^^^^^^^^^^^^^^^^^^^^^^^^^^^^^^^^^^^
/usr/lib/python3.12/asyncio/runners.py:118: in run
    return self._loop.run_until_complete(task)
           ^^^^^^^^^^^^^^^^^^^^^^^^^^^^^^^^^^^
/usr/lib/python3.12/asyncio/base_events.py:687: in run_until_complete
    return future.result()
           ^^^^^^^^^^^^^^^
.venv/lib/python3.12/site-packages/pytest_asyncio/plugin.py:314: in setup
    res = await gen_obj.__anext__()
          ^^^^^^^^^^^^^^^^^^^^^^^^^
tests/conftest.py:71: in model_test_engine
    async with engine.begin() as conn:
/usr/lib/python3.12/contextlib.py:210: in __aenter__
    return await anext(self.gen)
           ^^^^^^^^^^^^^^^^^^^^^
.venv/lib/python3.12/site-packages/sqlalchemy/ext/asyncio/engine.py:1068: in begin
    async with conn:
.venv/lib/python3.12/site-packages/sqlalchemy/ext/asyncio/base.py:121: in __aenter__
    return await self.start(is_ctxmanager=True)
           ^^^^^^^^^^^^^^^^^^^^^^^^^^^^^^^^^^^^
.venv/lib/python3.12/site-packages/sqlalchemy/ext/asyncio/engine.py:275: in start
    await greenlet_spawn(self.sync_engine.connect)
.venv/lib/python3.12/site-packages/sqlalchemy/util/_concurrency_py3k.py:201: in greenlet_spawn
    result = context.throw(*sys.exc_info())
             ^^^^^^^^^^^^^^^^^^^^^^^^^^^^^^
.venv/lib/python3.12/site-packages/sqlalchemy/engine/base.py:3277: in connect
    return self._connection_cls(self)
           ^^^^^^^^^^^^^^^^^^^^^^^^^^
.venv/lib/python3.12/site-packages/sqlalchemy/engine/base.py:143: in __init__
    self._dbapi_connection = engine.raw_connection()
                             ^^^^^^^^^^^^^^^^^^^^^^^
.venv/lib/python3.12/site-packages/sqlalchemy/engine/base.py:3301: in raw_connection
    return self.pool.connect()
           ^^^^^^^^^^^^^^^^^^^
.venv/lib/python3.12/site-packages/sqlalchemy/pool/base.py:447: in connect
    return _ConnectionFairy._checkout(self)
           ^^^^^^^^^^^^^^^^^^^^^^^^^^^^^^^^
.venv/lib/python3.12/site-packages/sqlalchemy/pool/base.py:1264: in _checkout
    fairy = _ConnectionRecord.checkout(pool)
            ^^^^^^^^^^^^^^^^^^^^^^^^^^^^^^^^
.venv/lib/python3.12/site-packages/sqlalchemy/pool/base.py:711: in checkout
    rec = pool._do_get()
          ^^^^^^^^^^^^^^
.venv/lib/python3.12/site-packages/sqlalchemy/pool/impl.py:177: in _do_get
    with util.safe_reraise():
.venv/lib/python3.12/site-packages/sqlalchemy/util/langhelpers.py:224: in __exit__
    raise exc_value.with_traceback(exc_tb)
.venv/lib/python3.12/site-packages/sqlalchemy/pool/impl.py:175: in _do_get
    return self._create_connection()
           ^^^^^^^^^^^^^^^^^^^^^^^^^
.venv/lib/python3.12/site-packages/sqlalchemy/pool/base.py:388: in _create_connection
    return _ConnectionRecord(self)
           ^^^^^^^^^^^^^^^^^^^^^^^
.venv/lib/python3.12/site-packages/sqlalchemy/pool/base.py:673: in __init__
    self.__connect()
.venv/lib/python3.12/site-packages/sqlalchemy/pool/base.py:899: in __connect
    with util.safe_reraise():
.venv/lib/python3.12/site-packages/sqlalchemy/util/langhelpers.py:224: in __exit__
    raise exc_value.with_traceback(exc_tb)
.venv/lib/python3.12/site-packages/sqlalchemy/pool/base.py:895: in __connect
    self.dbapi_connection = connection = pool._invoke_creator(self)
                                         ^^^^^^^^^^^^^^^^^^^^^^^^^^
.venv/lib/python3.12/site-packages/sqlalchemy/engine/create.py:661: in connect
    return dialect.connect(*cargs, **cparams)
           ^^^^^^^^^^^^^^^^^^^^^^^^^^^^^^^^^^
.venv/lib/python3.12/site-packages/sqlalchemy/engine/default.py:629: in connect
    return self.loaded_dbapi.connect(*cargs, **cparams)  # type: ignore[no-any-return]  # NOQA: E501
           ^^^^^^^^^^^^^^^^^^^^^^^^^^^^^^^^^^^^^^^^^^^^
.venv/lib/python3.12/site-packages/sqlalchemy/dialects/postgresql/asyncpg.py:955: in connect
    await_only(creator_fn(*arg, **kw)),
    ^^^^^^^^^^^^^^^^^^^^^^^^^^^^^^^^^^
.venv/lib/python3.12/site-packages/sqlalchemy/util/_concurrency_py3k.py:132: in await_only
    return current.parent.switch(awaitable)  # type: ignore[no-any-return,attr-defined] # noqa: E501
           ^^^^^^^^^^^^^^^^^^^^^^^^^^^^^^^^
.venv/lib/python3.12/site-packages/sqlalchemy/util/_concurrency_py3k.py:196: in greenlet_spawn
    value = await result
            ^^^^^^^^^^^^
.venv/lib/python3.12/site-packages/asyncpg/connection.py:2421: in connect
    return await connect_utils._connect(
.venv/lib/python3.12/site-packages/asyncpg/connect_utils.py:1049: in _connect
    conn = await _connect_addr(
.venv/lib/python3.12/site-packages/asyncpg/connect_utils.py:886: in _connect_addr
    return await __connect_addr(params, True, *args)
           ^^^^^^^^^^^^^^^^^^^^^^^^^^^^^^^^^^^^^^^^^
_ _ _ _ _ _ _ _ _ _ _ _ _ _ _ _ _ _ _ _ _ _ _ _ _ _ _ _ _ _ _ _ _ _ _ _ _ _ _ _ 

params = ConnectionParameters(user='kwok', password='***', database='naicha_test', ssl=<ssl.SSLContext object at 0x7c39208130d0...postgres'>, server_settings=None, target_session_attrs=<SessionAttribute.any: 'any'>, krbsrvname=None, gsslib='gssapi')
retry = True, addr = ('172.21.48.1', 5432)
loop = <_UnixSelectorEventLoop running=False closed=False debug=False>
config = ConnectionConfiguration(command_timeout=None, statement_cache_size=100, max_cached_statement_lifetime=300, max_cacheable_statement_size=15360)
connection_class = <class 'asyncpg.connection.Connection'>
record_class = <class 'asyncpg.Record'>
params_input = ConnectionParameters(user='kwok', password='***', database='naicha_test', ssl=<ssl.SSLContext object at 0x7c39208130d0...postgres'>, server_settings=None, target_session_attrs=<SessionAttribute.any: 'any'>, krbsrvname=None, gsslib='gssapi')

    async def __connect_addr(
        params,
        retry,
        addr,
        loop,
        config,
        connection_class,
        record_class,
        params_input,
    ):
        connected = _create_future(loop)
    
        proto_factory = lambda: protocol.Protocol(
            addr, connected, params, record_class, loop)
    
        if isinstance(addr, str):
            # UNIX socket
            connector = loop.create_unix_connection(proto_factory, addr)
    
        elif params.ssl and params.ssl_negotiation is SSLNegotiation.direct:
            # if ssl and ssl_negotiation is `direct`, skip STARTTLS and perform
            # direct SSL connection
            connector = loop.create_connection(
                proto_factory, *addr, ssl=params.ssl
            )
    
        elif params.ssl:
            connector = _create_ssl_connection(
                proto_factory, *addr, loop=loop, ssl_context=params.ssl,
                ssl_is_advisory=params.sslmode == SSLMode.prefer)
        else:
            connector = loop.create_connection(proto_factory, *addr)
    
        tr, pr = await connector
    
        try:
>           await connected
E           asyncpg.exceptions.ConnectionDoesNotExistError: connection was closed in the middle of operation

.venv/lib/python3.12/site-packages/asyncpg/connect_utils.py:934: ConnectionDoesNotExistError
_______ ERROR at setup of test_check_delivery_uses_haversine_and_buffer ________

self = <_SelectorSocketTransport closed fd=17>

    def _read_ready__data_received(self):
        if self._conn_lost:
            return
        try:
>           data = self._sock.recv(self.max_size)
                   ^^^^^^^^^^^^^^^^^^^^^^^^^^^^^^
E           ConnectionResetError: [Errno 104] Connection reset by peer

/usr/lib/python3.12/asyncio/selector_events.py:1013: ConnectionResetError

The above exception was the direct cause of the following exception:

self = <Coroutine test_check_delivery_uses_haversine_and_buffer>

    def setup(self) -> None:
        runner_fixture_id = f"_{self._loop_scope}_scoped_runner"
        if runner_fixture_id not in self.fixturenames:
            self.fixturenames.append(runner_fixture_id)
>       return super().setup()
               ^^^^^^^^^^^^^^^

.venv/lib/python3.12/site-packages/pytest_asyncio/plugin.py:463: 
_ _ _ _ _ _ _ _ _ _ _ _ _ _ _ _ _ _ _ _ _ _ _ _ _ _ _ _ _ _ _ _ _ _ _ _ _ _ _ _ 
.venv/lib/python3.12/site-packages/pytest_asyncio/plugin.py:748: in pytest_fixture_setup
    hook_result = yield
                  ^^^^^
.venv/lib/python3.12/site-packages/pytest_asyncio/plugin.py:318: in _asyncgen_fixture_wrapper
    result = runner.run(setup(), context=context)
             ^^^^^^^^^^^^^^^^^^^^^^^^^^^^^^^^^^^^
/usr/lib/python3.12/asyncio/runners.py:118: in run
    return self._loop.run_until_complete(task)
           ^^^^^^^^^^^^^^^^^^^^^^^^^^^^^^^^^^^
/usr/lib/python3.12/asyncio/base_events.py:687: in run_until_complete
    return future.result()
           ^^^^^^^^^^^^^^^
.venv/lib/python3.12/site-packages/pytest_asyncio/plugin.py:314: in setup
    res = await gen_obj.__anext__()
          ^^^^^^^^^^^^^^^^^^^^^^^^^
tests/conftest.py:71: in model_test_engine
    async with engine.begin() as conn:
/usr/lib/python3.12/contextlib.py:210: in __aenter__
    return await anext(self.gen)
           ^^^^^^^^^^^^^^^^^^^^^
.venv/lib/python3.12/site-packages/sqlalchemy/ext/asyncio/engine.py:1068: in begin
    async with conn:
.venv/lib/python3.12/site-packages/sqlalchemy/ext/asyncio/base.py:121: in __aenter__
    return await self.start(is_ctxmanager=True)
           ^^^^^^^^^^^^^^^^^^^^^^^^^^^^^^^^^^^^
.venv/lib/python3.12/site-packages/sqlalchemy/ext/asyncio/engine.py:275: in start
    await greenlet_spawn(self.sync_engine.connect)
.venv/lib/python3.12/site-packages/sqlalchemy/util/_concurrency_py3k.py:201: in greenlet_spawn
    result = context.throw(*sys.exc_info())
             ^^^^^^^^^^^^^^^^^^^^^^^^^^^^^^
.venv/lib/python3.12/site-packages/sqlalchemy/engine/base.py:3277: in connect
    return self._connection_cls(self)
           ^^^^^^^^^^^^^^^^^^^^^^^^^^
.venv/lib/python3.12/site-packages/sqlalchemy/engine/base.py:143: in __init__
    self._dbapi_connection = engine.raw_connection()
                             ^^^^^^^^^^^^^^^^^^^^^^^
.venv/lib/python3.12/site-packages/sqlalchemy/engine/base.py:3301: in raw_connection
    return self.pool.connect()
           ^^^^^^^^^^^^^^^^^^^
.venv/lib/python3.12/site-packages/sqlalchemy/pool/base.py:447: in connect
    return _ConnectionFairy._checkout(self)
           ^^^^^^^^^^^^^^^^^^^^^^^^^^^^^^^^
.venv/lib/python3.12/site-packages/sqlalchemy/pool/base.py:1264: in _checkout
    fairy = _ConnectionRecord.checkout(pool)
            ^^^^^^^^^^^^^^^^^^^^^^^^^^^^^^^^
.venv/lib/python3.12/site-packages/sqlalchemy/pool/base.py:711: in checkout
    rec = pool._do_get()
          ^^^^^^^^^^^^^^
.venv/lib/python3.12/site-packages/sqlalchemy/pool/impl.py:177: in _do_get
    with util.safe_reraise():
.venv/lib/python3.12/site-packages/sqlalchemy/util/langhelpers.py:224: in __exit__
    raise exc_value.with_traceback(exc_tb)
.venv/lib/python3.12/site-packages/sqlalchemy/pool/impl.py:175: in _do_get
    return self._create_connection()
           ^^^^^^^^^^^^^^^^^^^^^^^^^
.venv/lib/python3.12/site-packages/sqlalchemy/pool/base.py:388: in _create_connection
    return _ConnectionRecord(self)
           ^^^^^^^^^^^^^^^^^^^^^^^
.venv/lib/python3.12/site-packages/sqlalchemy/pool/base.py:673: in __init__
    self.__connect()
.venv/lib/python3.12/site-packages/sqlalchemy/pool/base.py:899: in __connect
    with util.safe_reraise():
.venv/lib/python3.12/site-packages/sqlalchemy/util/langhelpers.py:224: in __exit__
    raise exc_value.with_traceback(exc_tb)
.venv/lib/python3.12/site-packages/sqlalchemy/pool/base.py:895: in __connect
    self.dbapi_connection = connection = pool._invoke_creator(self)
                                         ^^^^^^^^^^^^^^^^^^^^^^^^^^
.venv/lib/python3.12/site-packages/sqlalchemy/engine/create.py:661: in connect
    return dialect.connect(*cargs, **cparams)
           ^^^^^^^^^^^^^^^^^^^^^^^^^^^^^^^^^^
.venv/lib/python3.12/site-packages/sqlalchemy/engine/default.py:629: in connect
    return self.loaded_dbapi.connect(*cargs, **cparams)  # type: ignore[no-any-return]  # NOQA: E501
           ^^^^^^^^^^^^^^^^^^^^^^^^^^^^^^^^^^^^^^^^^^^^
.venv/lib/python3.12/site-packages/sqlalchemy/dialects/postgresql/asyncpg.py:955: in connect
    await_only(creator_fn(*arg, **kw)),
    ^^^^^^^^^^^^^^^^^^^^^^^^^^^^^^^^^^
.venv/lib/python3.12/site-packages/sqlalchemy/util/_concurrency_py3k.py:132: in await_only
    return current.parent.switch(awaitable)  # type: ignore[no-any-return,attr-defined] # noqa: E501
           ^^^^^^^^^^^^^^^^^^^^^^^^^^^^^^^^
.venv/lib/python3.12/site-packages/sqlalchemy/util/_concurrency_py3k.py:196: in greenlet_spawn
    value = await result
            ^^^^^^^^^^^^
.venv/lib/python3.12/site-packages/asyncpg/connection.py:2421: in connect
    return await connect_utils._connect(
.venv/lib/python3.12/site-packages/asyncpg/connect_utils.py:1049: in _connect
    conn = await _connect_addr(
.venv/lib/python3.12/site-packages/asyncpg/connect_utils.py:886: in _connect_addr
    return await __connect_addr(params, True, *args)
           ^^^^^^^^^^^^^^^^^^^^^^^^^^^^^^^^^^^^^^^^^
_ _ _ _ _ _ _ _ _ _ _ _ _ _ _ _ _ _ _ _ _ _ _ _ _ _ _ _ _ _ _ _ _ _ _ _ _ _ _ _ 

params = ConnectionParameters(user='kwok', password='***', database='naicha_test', ssl=<ssl.SSLContext object at 0x7c391fb74350...postgres'>, server_settings=None, target_session_attrs=<SessionAttribute.any: 'any'>, krbsrvname=None, gsslib='gssapi')
retry = True, addr = ('172.21.48.1', 5432)
loop = <_UnixSelectorEventLoop running=False closed=False debug=False>
config = ConnectionConfiguration(command_timeout=None, statement_cache_size=100, max_cached_statement_lifetime=300, max_cacheable_statement_size=15360)
connection_class = <class 'asyncpg.connection.Connection'>
record_class = <class 'asyncpg.Record'>
params_input = ConnectionParameters(user='kwok', password='***', database='naicha_test', ssl=<ssl.SSLContext object at 0x7c391fb74350...postgres'>, server_settings=None, target_session_attrs=<SessionAttribute.any: 'any'>, krbsrvname=None, gsslib='gssapi')

    async def __connect_addr(
        params,
        retry,
        addr,
        loop,
        config,
        connection_class,
        record_class,
        params_input,
    ):
        connected = _create_future(loop)
    
        proto_factory = lambda: protocol.Protocol(
            addr, connected, params, record_class, loop)
    
        if isinstance(addr, str):
            # UNIX socket
            connector = loop.create_unix_connection(proto_factory, addr)
    
        elif params.ssl and params.ssl_negotiation is SSLNegotiation.direct:
            # if ssl and ssl_negotiation is `direct`, skip STARTTLS and perform
            # direct SSL connection
            connector = loop.create_connection(
                proto_factory, *addr, ssl=params.ssl
            )
    
        elif params.ssl:
            connector = _create_ssl_connection(
                proto_factory, *addr, loop=loop, ssl_context=params.ssl,
                ssl_is_advisory=params.sslmode == SSLMode.prefer)
        else:
            connector = loop.create_connection(proto_factory, *addr)
    
        tr, pr = await connector
    
        try:
>           await connected
E           asyncpg.exceptions.ConnectionDoesNotExistError: connection was closed in the middle of operation

.venv/lib/python3.12/site-packages/asyncpg/connect_utils.py:934: ConnectionDoesNotExistError
_______________ ERROR at setup of test_record_want_success_user ________________

self = <_SelectorSocketTransport closed fd=17>

    def _read_ready__data_received(self):
        if self._conn_lost:
            return
        try:
>           data = self._sock.recv(self.max_size)
                   ^^^^^^^^^^^^^^^^^^^^^^^^^^^^^^
E           ConnectionResetError: [Errno 104] Connection reset by peer

/usr/lib/python3.12/asyncio/selector_events.py:1013: ConnectionResetError

The above exception was the direct cause of the following exception:

self = <Coroutine test_record_want_success_user>

    def setup(self) -> None:
        runner_fixture_id = f"_{self._loop_scope}_scoped_runner"
        if runner_fixture_id not in self.fixturenames:
            self.fixturenames.append(runner_fixture_id)
>       return super().setup()
               ^^^^^^^^^^^^^^^

.venv/lib/python3.12/site-packages/pytest_asyncio/plugin.py:463: 
_ _ _ _ _ _ _ _ _ _ _ _ _ _ _ _ _ _ _ _ _ _ _ _ _ _ _ _ _ _ _ _ _ _ _ _ _ _ _ _ 
.venv/lib/python3.12/site-packages/pytest_asyncio/plugin.py:748: in pytest_fixture_setup
    hook_result = yield
                  ^^^^^
.venv/lib/python3.12/site-packages/pytest_asyncio/plugin.py:318: in _asyncgen_fixture_wrapper
    result = runner.run(setup(), context=context)
             ^^^^^^^^^^^^^^^^^^^^^^^^^^^^^^^^^^^^
/usr/lib/python3.12/asyncio/runners.py:118: in run
    return self._loop.run_until_complete(task)
           ^^^^^^^^^^^^^^^^^^^^^^^^^^^^^^^^^^^
/usr/lib/python3.12/asyncio/base_events.py:687: in run_until_complete
    return future.result()
           ^^^^^^^^^^^^^^^
.venv/lib/python3.12/site-packages/pytest_asyncio/plugin.py:314: in setup
    res = await gen_obj.__anext__()
          ^^^^^^^^^^^^^^^^^^^^^^^^^
tests/conftest.py:71: in model_test_engine
    async with engine.begin() as conn:
/usr/lib/python3.12/contextlib.py:210: in __aenter__
    return await anext(self.gen)
           ^^^^^^^^^^^^^^^^^^^^^
.venv/lib/python3.12/site-packages/sqlalchemy/ext/asyncio/engine.py:1068: in begin
    async with conn:
.venv/lib/python3.12/site-packages/sqlalchemy/ext/asyncio/base.py:121: in __aenter__
    return await self.start(is_ctxmanager=True)
           ^^^^^^^^^^^^^^^^^^^^^^^^^^^^^^^^^^^^
.venv/lib/python3.12/site-packages/sqlalchemy/ext/asyncio/engine.py:275: in start
    await greenlet_spawn(self.sync_engine.connect)
.venv/lib/python3.12/site-packages/sqlalchemy/util/_concurrency_py3k.py:201: in greenlet_spawn
    result = context.throw(*sys.exc_info())
             ^^^^^^^^^^^^^^^^^^^^^^^^^^^^^^
.venv/lib/python3.12/site-packages/sqlalchemy/engine/base.py:3277: in connect
    return self._connection_cls(self)
           ^^^^^^^^^^^^^^^^^^^^^^^^^^
.venv/lib/python3.12/site-packages/sqlalchemy/engine/base.py:143: in __init__
    self._dbapi_connection = engine.raw_connection()
                             ^^^^^^^^^^^^^^^^^^^^^^^
.venv/lib/python3.12/site-packages/sqlalchemy/engine/base.py:3301: in raw_connection
    return self.pool.connect()
           ^^^^^^^^^^^^^^^^^^^
.venv/lib/python3.12/site-packages/sqlalchemy/pool/base.py:447: in connect
    return _ConnectionFairy._checkout(self)
           ^^^^^^^^^^^^^^^^^^^^^^^^^^^^^^^^
.venv/lib/python3.12/site-packages/sqlalchemy/pool/base.py:1264: in _checkout
    fairy = _ConnectionRecord.checkout(pool)
            ^^^^^^^^^^^^^^^^^^^^^^^^^^^^^^^^
.venv/lib/python3.12/site-packages/sqlalchemy/pool/base.py:711: in checkout
    rec = pool._do_get()
          ^^^^^^^^^^^^^^
.venv/lib/python3.12/site-packages/sqlalchemy/pool/impl.py:177: in _do_get
    with util.safe_reraise():
.venv/lib/python3.12/site-packages/sqlalchemy/util/langhelpers.py:224: in __exit__
    raise exc_value.with_traceback(exc_tb)
.venv/lib/python3.12/site-packages/sqlalchemy/pool/impl.py:175: in _do_get
    return self._create_connection()
           ^^^^^^^^^^^^^^^^^^^^^^^^^
.venv/lib/python3.12/site-packages/sqlalchemy/pool/base.py:388: in _create_connection
    return _ConnectionRecord(self)
           ^^^^^^^^^^^^^^^^^^^^^^^
.venv/lib/python3.12/site-packages/sqlalchemy/pool/base.py:673: in __init__
    self.__connect()
.venv/lib/python3.12/site-packages/sqlalchemy/pool/base.py:899: in __connect
    with util.safe_reraise():
.venv/lib/python3.12/site-packages/sqlalchemy/util/langhelpers.py:224: in __exit__
    raise exc_value.with_traceback(exc_tb)
.venv/lib/python3.12/site-packages/sqlalchemy/pool/base.py:895: in __connect
    self.dbapi_connection = connection = pool._invoke_creator(self)
                                         ^^^^^^^^^^^^^^^^^^^^^^^^^^
.venv/lib/python3.12/site-packages/sqlalchemy/engine/create.py:661: in connect
    return dialect.connect(*cargs, **cparams)
           ^^^^^^^^^^^^^^^^^^^^^^^^^^^^^^^^^^
.venv/lib/python3.12/site-packages/sqlalchemy/engine/default.py:629: in connect
    return self.loaded_dbapi.connect(*cargs, **cparams)  # type: ignore[no-any-return]  # NOQA: E501
           ^^^^^^^^^^^^^^^^^^^^^^^^^^^^^^^^^^^^^^^^^^^^
.venv/lib/python3.12/site-packages/sqlalchemy/dialects/postgresql/asyncpg.py:955: in connect
    await_only(creator_fn(*arg, **kw)),
    ^^^^^^^^^^^^^^^^^^^^^^^^^^^^^^^^^^
.venv/lib/python3.12/site-packages/sqlalchemy/util/_concurrency_py3k.py:132: in await_only
    return current.parent.switch(awaitable)  # type: ignore[no-any-return,attr-defined] # noqa: E501
           ^^^^^^^^^^^^^^^^^^^^^^^^^^^^^^^^
.venv/lib/python3.12/site-packages/sqlalchemy/util/_concurrency_py3k.py:196: in greenlet_spawn
    value = await result
            ^^^^^^^^^^^^
.venv/lib/python3.12/site-packages/asyncpg/connection.py:2421: in connect
    return await connect_utils._connect(
.venv/lib/python3.12/site-packages/asyncpg/connect_utils.py:1049: in _connect
    conn = await _connect_addr(
.venv/lib/python3.12/site-packages/asyncpg/connect_utils.py:886: in _connect_addr
    return await __connect_addr(params, True, *args)
           ^^^^^^^^^^^^^^^^^^^^^^^^^^^^^^^^^^^^^^^^^
_ _ _ _ _ _ _ _ _ _ _ _ _ _ _ _ _ _ _ _ _ _ _ _ _ _ _ _ _ _ _ _ _ _ _ _ _ _ _ _ 

params = ConnectionParameters(user='kwok', password='***', database='naicha_test', ssl=<ssl.SSLContext object at 0x7c3920d971d0...postgres'>, server_settings=None, target_session_attrs=<SessionAttribute.any: 'any'>, krbsrvname=None, gsslib='gssapi')
retry = True, addr = ('172.21.48.1', 5432)
loop = <_UnixSelectorEventLoop running=False closed=False debug=False>
config = ConnectionConfiguration(command_timeout=None, statement_cache_size=100, max_cached_statement_lifetime=300, max_cacheable_statement_size=15360)
connection_class = <class 'asyncpg.connection.Connection'>
record_class = <class 'asyncpg.Record'>
params_input = ConnectionParameters(user='kwok', password='***', database='naicha_test', ssl=<ssl.SSLContext object at 0x7c3920d971d0...postgres'>, server_settings=None, target_session_attrs=<SessionAttribute.any: 'any'>, krbsrvname=None, gsslib='gssapi')

    async def __connect_addr(
        params,
        retry,
        addr,
        loop,
        config,
        connection_class,
        record_class,
        params_input,
    ):
        connected = _create_future(loop)
    
        proto_factory = lambda: protocol.Protocol(
            addr, connected, params, record_class, loop)
    
        if isinstance(addr, str):
            # UNIX socket
            connector = loop.create_unix_connection(proto_factory, addr)
    
        elif params.ssl and params.ssl_negotiation is SSLNegotiation.direct:
            # if ssl and ssl_negotiation is `direct`, skip STARTTLS and perform
            # direct SSL connection
            connector = loop.create_connection(
                proto_factory, *addr, ssl=params.ssl
            )
    
        elif params.ssl:
            connector = _create_ssl_connection(
                proto_factory, *addr, loop=loop, ssl_context=params.ssl,
                ssl_is_advisory=params.sslmode == SSLMode.prefer)
        else:
            connector = loop.create_connection(proto_factory, *addr)
    
        tr, pr = await connector
    
        try:
>           await connected
E           asyncpg.exceptions.ConnectionDoesNotExistError: connection was closed in the middle of operation

.venv/lib/python3.12/site-packages/asyncpg/connect_utils.py:934: ConnectionDoesNotExistError
____________ ERROR at setup of test_record_want_rate_limit_per_user ____________

self = <_SelectorSocketTransport closed fd=17>

    def _read_ready__data_received(self):
        if self._conn_lost:
            return
        try:
>           data = self._sock.recv(self.max_size)
                   ^^^^^^^^^^^^^^^^^^^^^^^^^^^^^^
E           ConnectionResetError: [Errno 104] Connection reset by peer

/usr/lib/python3.12/asyncio/selector_events.py:1013: ConnectionResetError

The above exception was the direct cause of the following exception:

self = <Coroutine test_record_want_rate_limit_per_user>

    def setup(self) -> None:
        runner_fixture_id = f"_{self._loop_scope}_scoped_runner"
        if runner_fixture_id not in self.fixturenames:
            self.fixturenames.append(runner_fixture_id)
>       return super().setup()
               ^^^^^^^^^^^^^^^

.venv/lib/python3.12/site-packages/pytest_asyncio/plugin.py:463: 
_ _ _ _ _ _ _ _ _ _ _ _ _ _ _ _ _ _ _ _ _ _ _ _ _ _ _ _ _ _ _ _ _ _ _ _ _ _ _ _ 
.venv/lib/python3.12/site-packages/pytest_asyncio/plugin.py:748: in pytest_fixture_setup
    hook_result = yield
                  ^^^^^
.venv/lib/python3.12/site-packages/pytest_asyncio/plugin.py:318: in _asyncgen_fixture_wrapper
    result = runner.run(setup(), context=context)
             ^^^^^^^^^^^^^^^^^^^^^^^^^^^^^^^^^^^^
/usr/lib/python3.12/asyncio/runners.py:118: in run
    return self._loop.run_until_complete(task)
           ^^^^^^^^^^^^^^^^^^^^^^^^^^^^^^^^^^^
/usr/lib/python3.12/asyncio/base_events.py:687: in run_until_complete
    return future.result()
           ^^^^^^^^^^^^^^^
.venv/lib/python3.12/site-packages/pytest_asyncio/plugin.py:314: in setup
    res = await gen_obj.__anext__()
          ^^^^^^^^^^^^^^^^^^^^^^^^^
tests/conftest.py:71: in model_test_engine
    async with engine.begin() as conn:
/usr/lib/python3.12/contextlib.py:210: in __aenter__
    return await anext(self.gen)
           ^^^^^^^^^^^^^^^^^^^^^
.venv/lib/python3.12/site-packages/sqlalchemy/ext/asyncio/engine.py:1068: in begin
    async with conn:
.venv/lib/python3.12/site-packages/sqlalchemy/ext/asyncio/base.py:121: in __aenter__
    return await self.start(is_ctxmanager=True)
           ^^^^^^^^^^^^^^^^^^^^^^^^^^^^^^^^^^^^
.venv/lib/python3.12/site-packages/sqlalchemy/ext/asyncio/engine.py:275: in start
    await greenlet_spawn(self.sync_engine.connect)
.venv/lib/python3.12/site-packages/sqlalchemy/util/_concurrency_py3k.py:201: in greenlet_spawn
    result = context.throw(*sys.exc_info())
             ^^^^^^^^^^^^^^^^^^^^^^^^^^^^^^
.venv/lib/python3.12/site-packages/sqlalchemy/engine/base.py:3277: in connect
    return self._connection_cls(self)
           ^^^^^^^^^^^^^^^^^^^^^^^^^^
.venv/lib/python3.12/site-packages/sqlalchemy/engine/base.py:143: in __init__
    self._dbapi_connection = engine.raw_connection()
                             ^^^^^^^^^^^^^^^^^^^^^^^
.venv/lib/python3.12/site-packages/sqlalchemy/engine/base.py:3301: in raw_connection
    return self.pool.connect()
           ^^^^^^^^^^^^^^^^^^^
.venv/lib/python3.12/site-packages/sqlalchemy/pool/base.py:447: in connect
    return _ConnectionFairy._checkout(self)
           ^^^^^^^^^^^^^^^^^^^^^^^^^^^^^^^^
.venv/lib/python3.12/site-packages/sqlalchemy/pool/base.py:1264: in _checkout
    fairy = _ConnectionRecord.checkout(pool)
            ^^^^^^^^^^^^^^^^^^^^^^^^^^^^^^^^
.venv/lib/python3.12/site-packages/sqlalchemy/pool/base.py:711: in checkout
    rec = pool._do_get()
          ^^^^^^^^^^^^^^
.venv/lib/python3.12/site-packages/sqlalchemy/pool/impl.py:177: in _do_get
    with util.safe_reraise():
.venv/lib/python3.12/site-packages/sqlalchemy/util/langhelpers.py:224: in __exit__
    raise exc_value.with_traceback(exc_tb)
.venv/lib/python3.12/site-packages/sqlalchemy/pool/impl.py:175: in _do_get
    return self._create_connection()
           ^^^^^^^^^^^^^^^^^^^^^^^^^
.venv/lib/python3.12/site-packages/sqlalchemy/pool/base.py:388: in _create_connection
    return _ConnectionRecord(self)
           ^^^^^^^^^^^^^^^^^^^^^^^
.venv/lib/python3.12/site-packages/sqlalchemy/pool/base.py:673: in __init__
    self.__connect()
.venv/lib/python3.12/site-packages/sqlalchemy/pool/base.py:899: in __connect
    with util.safe_reraise():
.venv/lib/python3.12/site-packages/sqlalchemy/util/langhelpers.py:224: in __exit__
    raise exc_value.with_traceback(exc_tb)
.venv/lib/python3.12/site-packages/sqlalchemy/pool/base.py:895: in __connect
    self.dbapi_connection = connection = pool._invoke_creator(self)
                                         ^^^^^^^^^^^^^^^^^^^^^^^^^^
.venv/lib/python3.12/site-packages/sqlalchemy/engine/create.py:661: in connect
    return dialect.connect(*cargs, **cparams)
           ^^^^^^^^^^^^^^^^^^^^^^^^^^^^^^^^^^
.venv/lib/python3.12/site-packages/sqlalchemy/engine/default.py:629: in connect
    return self.loaded_dbapi.connect(*cargs, **cparams)  # type: ignore[no-any-return]  # NOQA: E501
           ^^^^^^^^^^^^^^^^^^^^^^^^^^^^^^^^^^^^^^^^^^^^
.venv/lib/python3.12/site-packages/sqlalchemy/dialects/postgresql/asyncpg.py:955: in connect
    await_only(creator_fn(*arg, **kw)),
    ^^^^^^^^^^^^^^^^^^^^^^^^^^^^^^^^^^
.venv/lib/python3.12/site-packages/sqlalchemy/util/_concurrency_py3k.py:132: in await_only
    return current.parent.switch(awaitable)  # type: ignore[no-any-return,attr-defined] # noqa: E501
           ^^^^^^^^^^^^^^^^^^^^^^^^^^^^^^^^
.venv/lib/python3.12/site-packages/sqlalchemy/util/_concurrency_py3k.py:196: in greenlet_spawn
    value = await result
            ^^^^^^^^^^^^
.venv/lib/python3.12/site-packages/asyncpg/connection.py:2421: in connect
    return await connect_utils._connect(
.venv/lib/python3.12/site-packages/asyncpg/connect_utils.py:1049: in _connect
    conn = await _connect_addr(
.venv/lib/python3.12/site-packages/asyncpg/connect_utils.py:886: in _connect_addr
    return await __connect_addr(params, True, *args)
           ^^^^^^^^^^^^^^^^^^^^^^^^^^^^^^^^^^^^^^^^^
_ _ _ _ _ _ _ _ _ _ _ _ _ _ _ _ _ _ _ _ _ _ _ _ _ _ _ _ _ _ _ _ _ _ _ _ _ _ _ _ 

params = ConnectionParameters(user='kwok', password='***', database='naicha_test', ssl=<ssl.SSLContext object at 0x7c39211904d0...postgres'>, server_settings=None, target_session_attrs=<SessionAttribute.any: 'any'>, krbsrvname=None, gsslib='gssapi')
retry = True, addr = ('172.21.48.1', 5432)
loop = <_UnixSelectorEventLoop running=False closed=False debug=False>
config = ConnectionConfiguration(command_timeout=None, statement_cache_size=100, max_cached_statement_lifetime=300, max_cacheable_statement_size=15360)
connection_class = <class 'asyncpg.connection.Connection'>
record_class = <class 'asyncpg.Record'>
params_input = ConnectionParameters(user='kwok', password='***', database='naicha_test', ssl=<ssl.SSLContext object at 0x7c39211904d0...postgres'>, server_settings=None, target_session_attrs=<SessionAttribute.any: 'any'>, krbsrvname=None, gsslib='gssapi')

    async def __connect_addr(
        params,
        retry,
        addr,
        loop,
        config,
        connection_class,
        record_class,
        params_input,
    ):
        connected = _create_future(loop)
    
        proto_factory = lambda: protocol.Protocol(
            addr, connected, params, record_class, loop)
    
        if isinstance(addr, str):
            # UNIX socket
            connector = loop.create_unix_connection(proto_factory, addr)
    
        elif params.ssl and params.ssl_negotiation is SSLNegotiation.direct:
            # if ssl and ssl_negotiation is `direct`, skip STARTTLS and perform
            # direct SSL connection
            connector = loop.create_connection(
                proto_factory, *addr, ssl=params.ssl
            )
    
        elif params.ssl:
            connector = _create_ssl_connection(
                proto_factory, *addr, loop=loop, ssl_context=params.ssl,
                ssl_is_advisory=params.sslmode == SSLMode.prefer)
        else:
            connector = loop.create_connection(proto_factory, *addr)
    
        tr, pr = await connector
    
        try:
>           await connected
E           asyncpg.exceptions.ConnectionDoesNotExistError: connection was closed in the middle of operation

.venv/lib/python3.12/site-packages/asyncpg/connect_utils.py:934: ConnectionDoesNotExistError
_____________ ERROR at setup of test_record_want_rate_limit_per_ip _____________

self = <_SelectorSocketTransport closed fd=17>

    def _read_ready__data_received(self):
        if self._conn_lost:
            return
        try:
>           data = self._sock.recv(self.max_size)
                   ^^^^^^^^^^^^^^^^^^^^^^^^^^^^^^
E           ConnectionResetError: [Errno 104] Connection reset by peer

/usr/lib/python3.12/asyncio/selector_events.py:1013: ConnectionResetError

The above exception was the direct cause of the following exception:

self = <Coroutine test_record_want_rate_limit_per_ip>

    def setup(self) -> None:
        runner_fixture_id = f"_{self._loop_scope}_scoped_runner"
        if runner_fixture_id not in self.fixturenames:
            self.fixturenames.append(runner_fixture_id)
>       return super().setup()
               ^^^^^^^^^^^^^^^

.venv/lib/python3.12/site-packages/pytest_asyncio/plugin.py:463: 
_ _ _ _ _ _ _ _ _ _ _ _ _ _ _ _ _ _ _ _ _ _ _ _ _ _ _ _ _ _ _ _ _ _ _ _ _ _ _ _ 
.venv/lib/python3.12/site-packages/pytest_asyncio/plugin.py:748: in pytest_fixture_setup
    hook_result = yield
                  ^^^^^
.venv/lib/python3.12/site-packages/pytest_asyncio/plugin.py:318: in _asyncgen_fixture_wrapper
    result = runner.run(setup(), context=context)
             ^^^^^^^^^^^^^^^^^^^^^^^^^^^^^^^^^^^^
/usr/lib/python3.12/asyncio/runners.py:118: in run
    return self._loop.run_until_complete(task)
           ^^^^^^^^^^^^^^^^^^^^^^^^^^^^^^^^^^^
/usr/lib/python3.12/asyncio/base_events.py:687: in run_until_complete
    return future.result()
           ^^^^^^^^^^^^^^^
.venv/lib/python3.12/site-packages/pytest_asyncio/plugin.py:314: in setup
    res = await gen_obj.__anext__()
          ^^^^^^^^^^^^^^^^^^^^^^^^^
tests/conftest.py:71: in model_test_engine
    async with engine.begin() as conn:
/usr/lib/python3.12/contextlib.py:210: in __aenter__
    return await anext(self.gen)
           ^^^^^^^^^^^^^^^^^^^^^
.venv/lib/python3.12/site-packages/sqlalchemy/ext/asyncio/engine.py:1068: in begin
    async with conn:
.venv/lib/python3.12/site-packages/sqlalchemy/ext/asyncio/base.py:121: in __aenter__
    return await self.start(is_ctxmanager=True)
           ^^^^^^^^^^^^^^^^^^^^^^^^^^^^^^^^^^^^
.venv/lib/python3.12/site-packages/sqlalchemy/ext/asyncio/engine.py:275: in start
    await greenlet_spawn(self.sync_engine.connect)
.venv/lib/python3.12/site-packages/sqlalchemy/util/_concurrency_py3k.py:201: in greenlet_spawn
    result = context.throw(*sys.exc_info())
             ^^^^^^^^^^^^^^^^^^^^^^^^^^^^^^
.venv/lib/python3.12/site-packages/sqlalchemy/engine/base.py:3277: in connect
    return self._connection_cls(self)
           ^^^^^^^^^^^^^^^^^^^^^^^^^^
.venv/lib/python3.12/site-packages/sqlalchemy/engine/base.py:143: in __init__
    self._dbapi_connection = engine.raw_connection()
                             ^^^^^^^^^^^^^^^^^^^^^^^
.venv/lib/python3.12/site-packages/sqlalchemy/engine/base.py:3301: in raw_connection
    return self.pool.connect()
           ^^^^^^^^^^^^^^^^^^^
.venv/lib/python3.12/site-packages/sqlalchemy/pool/base.py:447: in connect
    return _ConnectionFairy._checkout(self)
           ^^^^^^^^^^^^^^^^^^^^^^^^^^^^^^^^
.venv/lib/python3.12/site-packages/sqlalchemy/pool/base.py:1264: in _checkout
    fairy = _ConnectionRecord.checkout(pool)
            ^^^^^^^^^^^^^^^^^^^^^^^^^^^^^^^^
.venv/lib/python3.12/site-packages/sqlalchemy/pool/base.py:711: in checkout
    rec = pool._do_get()
          ^^^^^^^^^^^^^^
.venv/lib/python3.12/site-packages/sqlalchemy/pool/impl.py:177: in _do_get
    with util.safe_reraise():
.venv/lib/python3.12/site-packages/sqlalchemy/util/langhelpers.py:224: in __exit__
    raise exc_value.with_traceback(exc_tb)
.venv/lib/python3.12/site-packages/sqlalchemy/pool/impl.py:175: in _do_get
    return self._create_connection()
           ^^^^^^^^^^^^^^^^^^^^^^^^^
.venv/lib/python3.12/site-packages/sqlalchemy/pool/base.py:388: in _create_connection
    return _ConnectionRecord(self)
           ^^^^^^^^^^^^^^^^^^^^^^^
.venv/lib/python3.12/site-packages/sqlalchemy/pool/base.py:673: in __init__
    self.__connect()
.venv/lib/python3.12/site-packages/sqlalchemy/pool/base.py:899: in __connect
    with util.safe_reraise():
.venv/lib/python3.12/site-packages/sqlalchemy/util/langhelpers.py:224: in __exit__
    raise exc_value.with_traceback(exc_tb)
.venv/lib/python3.12/site-packages/sqlalchemy/pool/base.py:895: in __connect
    self.dbapi_connection = connection = pool._invoke_creator(self)
                                         ^^^^^^^^^^^^^^^^^^^^^^^^^^
.venv/lib/python3.12/site-packages/sqlalchemy/engine/create.py:661: in connect
    return dialect.connect(*cargs, **cparams)
           ^^^^^^^^^^^^^^^^^^^^^^^^^^^^^^^^^^
.venv/lib/python3.12/site-packages/sqlalchemy/engine/default.py:629: in connect
    return self.loaded_dbapi.connect(*cargs, **cparams)  # type: ignore[no-any-return]  # NOQA: E501
           ^^^^^^^^^^^^^^^^^^^^^^^^^^^^^^^^^^^^^^^^^^^^
.venv/lib/python3.12/site-packages/sqlalchemy/dialects/postgresql/asyncpg.py:955: in connect
    await_only(creator_fn(*arg, **kw)),
    ^^^^^^^^^^^^^^^^^^^^^^^^^^^^^^^^^^
.venv/lib/python3.12/site-packages/sqlalchemy/util/_concurrency_py3k.py:132: in await_only
    return current.parent.switch(awaitable)  # type: ignore[no-any-return,attr-defined] # noqa: E501
           ^^^^^^^^^^^^^^^^^^^^^^^^^^^^^^^^
.venv/lib/python3.12/site-packages/sqlalchemy/util/_concurrency_py3k.py:196: in greenlet_spawn
    value = await result
            ^^^^^^^^^^^^
.venv/lib/python3.12/site-packages/asyncpg/connection.py:2421: in connect
    return await connect_utils._connect(
.venv/lib/python3.12/site-packages/asyncpg/connect_utils.py:1049: in _connect
    conn = await _connect_addr(
.venv/lib/python3.12/site-packages/asyncpg/connect_utils.py:886: in _connect_addr
    return await __connect_addr(params, True, *args)
           ^^^^^^^^^^^^^^^^^^^^^^^^^^^^^^^^^^^^^^^^^
_ _ _ _ _ _ _ _ _ _ _ _ _ _ _ _ _ _ _ _ _ _ _ _ _ _ _ _ _ _ _ _ _ _ _ _ _ _ _ _ 

params = ConnectionParameters(user='kwok', password='***', database='naicha_test', ssl=<ssl.SSLContext object at 0x7c391f080cd0...postgres'>, server_settings=None, target_session_attrs=<SessionAttribute.any: 'any'>, krbsrvname=None, gsslib='gssapi')
retry = True, addr = ('172.21.48.1', 5432)
loop = <_UnixSelectorEventLoop running=False closed=False debug=False>
config = ConnectionConfiguration(command_timeout=None, statement_cache_size=100, max_cached_statement_lifetime=300, max_cacheable_statement_size=15360)
connection_class = <class 'asyncpg.connection.Connection'>
record_class = <class 'asyncpg.Record'>
params_input = ConnectionParameters(user='kwok', password='***', database='naicha_test', ssl=<ssl.SSLContext object at 0x7c391f080cd0...postgres'>, server_settings=None, target_session_attrs=<SessionAttribute.any: 'any'>, krbsrvname=None, gsslib='gssapi')

    async def __connect_addr(
        params,
        retry,
        addr,
        loop,
        config,
        connection_class,
        record_class,
        params_input,
    ):
        connected = _create_future(loop)
    
        proto_factory = lambda: protocol.Protocol(
            addr, connected, params, record_class, loop)
    
        if isinstance(addr, str):
            # UNIX socket
            connector = loop.create_unix_connection(proto_factory, addr)
    
        elif params.ssl and params.ssl_negotiation is SSLNegotiation.direct:
            # if ssl and ssl_negotiation is `direct`, skip STARTTLS and perform
            # direct SSL connection
            connector = loop.create_connection(
                proto_factory, *addr, ssl=params.ssl
            )
    
        elif params.ssl:
            connector = _create_ssl_connection(
                proto_factory, *addr, loop=loop, ssl_context=params.ssl,
                ssl_is_advisory=params.sslmode == SSLMode.prefer)
        else:
            connector = loop.create_connection(proto_factory, *addr)
    
        tr, pr = await connector
    
        try:
>           await connected
E           asyncpg.exceptions.ConnectionDoesNotExistError: connection was closed in the middle of operation

.venv/lib/python3.12/site-packages/asyncpg/connect_utils.py:934: ConnectionDoesNotExistError
_______________ ERROR at setup of test_record_want_disabled_flag _______________

self = <_SelectorSocketTransport closed fd=17>

    def _read_ready__data_received(self):
        if self._conn_lost:
            return
        try:
>           data = self._sock.recv(self.max_size)
                   ^^^^^^^^^^^^^^^^^^^^^^^^^^^^^^
E           ConnectionResetError: [Errno 104] Connection reset by peer

/usr/lib/python3.12/asyncio/selector_events.py:1013: ConnectionResetError

The above exception was the direct cause of the following exception:

self = <Coroutine test_record_want_disabled_flag>

    def setup(self) -> None:
        runner_fixture_id = f"_{self._loop_scope}_scoped_runner"
        if runner_fixture_id not in self.fixturenames:
            self.fixturenames.append(runner_fixture_id)
>       return super().setup()
               ^^^^^^^^^^^^^^^

.venv/lib/python3.12/site-packages/pytest_asyncio/plugin.py:463: 
_ _ _ _ _ _ _ _ _ _ _ _ _ _ _ _ _ _ _ _ _ _ _ _ _ _ _ _ _ _ _ _ _ _ _ _ _ _ _ _ 
.venv/lib/python3.12/site-packages/pytest_asyncio/plugin.py:748: in pytest_fixture_setup
    hook_result = yield
                  ^^^^^
.venv/lib/python3.12/site-packages/pytest_asyncio/plugin.py:318: in _asyncgen_fixture_wrapper
    result = runner.run(setup(), context=context)
             ^^^^^^^^^^^^^^^^^^^^^^^^^^^^^^^^^^^^
/usr/lib/python3.12/asyncio/runners.py:118: in run
    return self._loop.run_until_complete(task)
           ^^^^^^^^^^^^^^^^^^^^^^^^^^^^^^^^^^^
/usr/lib/python3.12/asyncio/base_events.py:687: in run_until_complete
    return future.result()
           ^^^^^^^^^^^^^^^
.venv/lib/python3.12/site-packages/pytest_asyncio/plugin.py:314: in setup
    res = await gen_obj.__anext__()
          ^^^^^^^^^^^^^^^^^^^^^^^^^
tests/conftest.py:71: in model_test_engine
    async with engine.begin() as conn:
/usr/lib/python3.12/contextlib.py:210: in __aenter__
    return await anext(self.gen)
           ^^^^^^^^^^^^^^^^^^^^^
.venv/lib/python3.12/site-packages/sqlalchemy/ext/asyncio/engine.py:1068: in begin
    async with conn:
.venv/lib/python3.12/site-packages/sqlalchemy/ext/asyncio/base.py:121: in __aenter__
    return await self.start(is_ctxmanager=True)
           ^^^^^^^^^^^^^^^^^^^^^^^^^^^^^^^^^^^^
.venv/lib/python3.12/site-packages/sqlalchemy/ext/asyncio/engine.py:275: in start
    await greenlet_spawn(self.sync_engine.connect)
.venv/lib/python3.12/site-packages/sqlalchemy/util/_concurrency_py3k.py:201: in greenlet_spawn
    result = context.throw(*sys.exc_info())
             ^^^^^^^^^^^^^^^^^^^^^^^^^^^^^^
.venv/lib/python3.12/site-packages/sqlalchemy/engine/base.py:3277: in connect
    return self._connection_cls(self)
           ^^^^^^^^^^^^^^^^^^^^^^^^^^
.venv/lib/python3.12/site-packages/sqlalchemy/engine/base.py:143: in __init__
    self._dbapi_connection = engine.raw_connection()
                             ^^^^^^^^^^^^^^^^^^^^^^^
.venv/lib/python3.12/site-packages/sqlalchemy/engine/base.py:3301: in raw_connection
    return self.pool.connect()
           ^^^^^^^^^^^^^^^^^^^
.venv/lib/python3.12/site-packages/sqlalchemy/pool/base.py:447: in connect
    return _ConnectionFairy._checkout(self)
           ^^^^^^^^^^^^^^^^^^^^^^^^^^^^^^^^
.venv/lib/python3.12/site-packages/sqlalchemy/pool/base.py:1264: in _checkout
    fairy = _ConnectionRecord.checkout(pool)
            ^^^^^^^^^^^^^^^^^^^^^^^^^^^^^^^^
.venv/lib/python3.12/site-packages/sqlalchemy/pool/base.py:711: in checkout
    rec = pool._do_get()
          ^^^^^^^^^^^^^^
.venv/lib/python3.12/site-packages/sqlalchemy/pool/impl.py:177: in _do_get
    with util.safe_reraise():
.venv/lib/python3.12/site-packages/sqlalchemy/util/langhelpers.py:224: in __exit__
    raise exc_value.with_traceback(exc_tb)
.venv/lib/python3.12/site-packages/sqlalchemy/pool/impl.py:175: in _do_get
    return self._create_connection()
           ^^^^^^^^^^^^^^^^^^^^^^^^^
.venv/lib/python3.12/site-packages/sqlalchemy/pool/base.py:388: in _create_connection
    return _ConnectionRecord(self)
           ^^^^^^^^^^^^^^^^^^^^^^^
.venv/lib/python3.12/site-packages/sqlalchemy/pool/base.py:673: in __init__
    self.__connect()
.venv/lib/python3.12/site-packages/sqlalchemy/pool/base.py:899: in __connect
    with util.safe_reraise():
.venv/lib/python3.12/site-packages/sqlalchemy/util/langhelpers.py:224: in __exit__
    raise exc_value.with_traceback(exc_tb)
.venv/lib/python3.12/site-packages/sqlalchemy/pool/base.py:895: in __connect
    self.dbapi_connection = connection = pool._invoke_creator(self)
                                         ^^^^^^^^^^^^^^^^^^^^^^^^^^
.venv/lib/python3.12/site-packages/sqlalchemy/engine/create.py:661: in connect
    return dialect.connect(*cargs, **cparams)
           ^^^^^^^^^^^^^^^^^^^^^^^^^^^^^^^^^^
.venv/lib/python3.12/site-packages/sqlalchemy/engine/default.py:629: in connect
    return self.loaded_dbapi.connect(*cargs, **cparams)  # type: ignore[no-any-return]  # NOQA: E501
           ^^^^^^^^^^^^^^^^^^^^^^^^^^^^^^^^^^^^^^^^^^^^
.venv/lib/python3.12/site-packages/sqlalchemy/dialects/postgresql/asyncpg.py:955: in connect
    await_only(creator_fn(*arg, **kw)),
    ^^^^^^^^^^^^^^^^^^^^^^^^^^^^^^^^^^
.venv/lib/python3.12/site-packages/sqlalchemy/util/_concurrency_py3k.py:132: in await_only
    return current.parent.switch(awaitable)  # type: ignore[no-any-return,attr-defined] # noqa: E501
           ^^^^^^^^^^^^^^^^^^^^^^^^^^^^^^^^
.venv/lib/python3.12/site-packages/sqlalchemy/util/_concurrency_py3k.py:196: in greenlet_spawn
    value = await result
            ^^^^^^^^^^^^
.venv/lib/python3.12/site-packages/asyncpg/connection.py:2421: in connect
    return await connect_utils._connect(
.venv/lib/python3.12/site-packages/asyncpg/connect_utils.py:1049: in _connect
    conn = await _connect_addr(
.venv/lib/python3.12/site-packages/asyncpg/connect_utils.py:886: in _connect_addr
    return await __connect_addr(params, True, *args)
           ^^^^^^^^^^^^^^^^^^^^^^^^^^^^^^^^^^^^^^^^^
_ _ _ _ _ _ _ _ _ _ _ _ _ _ _ _ _ _ _ _ _ _ _ _ _ _ _ _ _ _ _ _ _ _ _ _ _ _ _ _ 

params = ConnectionParameters(user='kwok', password='***', database='naicha_test', ssl=<ssl.SSLContext object at 0x7c392018bf50...postgres'>, server_settings=None, target_session_attrs=<SessionAttribute.any: 'any'>, krbsrvname=None, gsslib='gssapi')
retry = True, addr = ('172.21.48.1', 5432)
loop = <_UnixSelectorEventLoop running=False closed=False debug=False>
config = ConnectionConfiguration(command_timeout=None, statement_cache_size=100, max_cached_statement_lifetime=300, max_cacheable_statement_size=15360)
connection_class = <class 'asyncpg.connection.Connection'>
record_class = <class 'asyncpg.Record'>
params_input = ConnectionParameters(user='kwok', password='***', database='naicha_test', ssl=<ssl.SSLContext object at 0x7c392018bf50...postgres'>, server_settings=None, target_session_attrs=<SessionAttribute.any: 'any'>, krbsrvname=None, gsslib='gssapi')

    async def __connect_addr(
        params,
        retry,
        addr,
        loop,
        config,
        connection_class,
        record_class,
        params_input,
    ):
        connected = _create_future(loop)
    
        proto_factory = lambda: protocol.Protocol(
            addr, connected, params, record_class, loop)
    
        if isinstance(addr, str):
            # UNIX socket
            connector = loop.create_unix_connection(proto_factory, addr)
    
        elif params.ssl and params.ssl_negotiation is SSLNegotiation.direct:
            # if ssl and ssl_negotiation is `direct`, skip STARTTLS and perform
            # direct SSL connection
            connector = loop.create_connection(
                proto_factory, *addr, ssl=params.ssl
            )
    
        elif params.ssl:
            connector = _create_ssl_connection(
                proto_factory, *addr, loop=loop, ssl_context=params.ssl,
                ssl_is_advisory=params.sslmode == SSLMode.prefer)
        else:
            connector = loop.create_connection(proto_factory, *addr)
    
        tr, pr = await connector
    
        try:
>           await connected
E           asyncpg.exceptions.ConnectionDoesNotExistError: connection was closed in the middle of operation

.venv/lib/python3.12/site-packages/asyncpg/connect_utils.py:934: ConnectionDoesNotExistError
____________ ERROR at setup of test_record_want_product_not_active _____________

self = <_SelectorSocketTransport closed fd=17>

    def _read_ready__data_received(self):
        if self._conn_lost:
            return
        try:
>           data = self._sock.recv(self.max_size)
                   ^^^^^^^^^^^^^^^^^^^^^^^^^^^^^^
E           ConnectionResetError: [Errno 104] Connection reset by peer

/usr/lib/python3.12/asyncio/selector_events.py:1013: ConnectionResetError

The above exception was the direct cause of the following exception:

self = <Coroutine test_record_want_product_not_active>

    def setup(self) -> None:
        runner_fixture_id = f"_{self._loop_scope}_scoped_runner"
        if runner_fixture_id not in self.fixturenames:
            self.fixturenames.append(runner_fixture_id)
>       return super().setup()
               ^^^^^^^^^^^^^^^

.venv/lib/python3.12/site-packages/pytest_asyncio/plugin.py:463: 
_ _ _ _ _ _ _ _ _ _ _ _ _ _ _ _ _ _ _ _ _ _ _ _ _ _ _ _ _ _ _ _ _ _ _ _ _ _ _ _ 
.venv/lib/python3.12/site-packages/pytest_asyncio/plugin.py:748: in pytest_fixture_setup
    hook_result = yield
                  ^^^^^
.venv/lib/python3.12/site-packages/pytest_asyncio/plugin.py:318: in _asyncgen_fixture_wrapper
    result = runner.run(setup(), context=context)
             ^^^^^^^^^^^^^^^^^^^^^^^^^^^^^^^^^^^^
/usr/lib/python3.12/asyncio/runners.py:118: in run
    return self._loop.run_until_complete(task)
           ^^^^^^^^^^^^^^^^^^^^^^^^^^^^^^^^^^^
/usr/lib/python3.12/asyncio/base_events.py:687: in run_until_complete
    return future.result()
           ^^^^^^^^^^^^^^^
.venv/lib/python3.12/site-packages/pytest_asyncio/plugin.py:314: in setup
    res = await gen_obj.__anext__()
          ^^^^^^^^^^^^^^^^^^^^^^^^^
tests/conftest.py:71: in model_test_engine
    async with engine.begin() as conn:
/usr/lib/python3.12/contextlib.py:210: in __aenter__
    return await anext(self.gen)
           ^^^^^^^^^^^^^^^^^^^^^
.venv/lib/python3.12/site-packages/sqlalchemy/ext/asyncio/engine.py:1068: in begin
    async with conn:
.venv/lib/python3.12/site-packages/sqlalchemy/ext/asyncio/base.py:121: in __aenter__
    return await self.start(is_ctxmanager=True)
           ^^^^^^^^^^^^^^^^^^^^^^^^^^^^^^^^^^^^
.venv/lib/python3.12/site-packages/sqlalchemy/ext/asyncio/engine.py:275: in start
    await greenlet_spawn(self.sync_engine.connect)
.venv/lib/python3.12/site-packages/sqlalchemy/util/_concurrency_py3k.py:201: in greenlet_spawn
    result = context.throw(*sys.exc_info())
             ^^^^^^^^^^^^^^^^^^^^^^^^^^^^^^
.venv/lib/python3.12/site-packages/sqlalchemy/engine/base.py:3277: in connect
    return self._connection_cls(self)
           ^^^^^^^^^^^^^^^^^^^^^^^^^^
.venv/lib/python3.12/site-packages/sqlalchemy/engine/base.py:143: in __init__
    self._dbapi_connection = engine.raw_connection()
                             ^^^^^^^^^^^^^^^^^^^^^^^
.venv/lib/python3.12/site-packages/sqlalchemy/engine/base.py:3301: in raw_connection
    return self.pool.connect()
           ^^^^^^^^^^^^^^^^^^^
.venv/lib/python3.12/site-packages/sqlalchemy/pool/base.py:447: in connect
    return _ConnectionFairy._checkout(self)
           ^^^^^^^^^^^^^^^^^^^^^^^^^^^^^^^^
.venv/lib/python3.12/site-packages/sqlalchemy/pool/base.py:1264: in _checkout
    fairy = _ConnectionRecord.checkout(pool)
            ^^^^^^^^^^^^^^^^^^^^^^^^^^^^^^^^
.venv/lib/python3.12/site-packages/sqlalchemy/pool/base.py:711: in checkout
    rec = pool._do_get()
          ^^^^^^^^^^^^^^
.venv/lib/python3.12/site-packages/sqlalchemy/pool/impl.py:177: in _do_get
    with util.safe_reraise():
.venv/lib/python3.12/site-packages/sqlalchemy/util/langhelpers.py:224: in __exit__
    raise exc_value.with_traceback(exc_tb)
.venv/lib/python3.12/site-packages/sqlalchemy/pool/impl.py:175: in _do_get
    return self._create_connection()
           ^^^^^^^^^^^^^^^^^^^^^^^^^
.venv/lib/python3.12/site-packages/sqlalchemy/pool/base.py:388: in _create_connection
    return _ConnectionRecord(self)
           ^^^^^^^^^^^^^^^^^^^^^^^
.venv/lib/python3.12/site-packages/sqlalchemy/pool/base.py:673: in __init__
    self.__connect()
.venv/lib/python3.12/site-packages/sqlalchemy/pool/base.py:899: in __connect
    with util.safe_reraise():
.venv/lib/python3.12/site-packages/sqlalchemy/util/langhelpers.py:224: in __exit__
    raise exc_value.with_traceback(exc_tb)
.venv/lib/python3.12/site-packages/sqlalchemy/pool/base.py:895: in __connect
    self.dbapi_connection = connection = pool._invoke_creator(self)
                                         ^^^^^^^^^^^^^^^^^^^^^^^^^^
.venv/lib/python3.12/site-packages/sqlalchemy/engine/create.py:661: in connect
    return dialect.connect(*cargs, **cparams)
           ^^^^^^^^^^^^^^^^^^^^^^^^^^^^^^^^^^
.venv/lib/python3.12/site-packages/sqlalchemy/engine/default.py:629: in connect
    return self.loaded_dbapi.connect(*cargs, **cparams)  # type: ignore[no-any-return]  # NOQA: E501
           ^^^^^^^^^^^^^^^^^^^^^^^^^^^^^^^^^^^^^^^^^^^^
.venv/lib/python3.12/site-packages/sqlalchemy/dialects/postgresql/asyncpg.py:955: in connect
    await_only(creator_fn(*arg, **kw)),
    ^^^^^^^^^^^^^^^^^^^^^^^^^^^^^^^^^^
.venv/lib/python3.12/site-packages/sqlalchemy/util/_concurrency_py3k.py:132: in await_only
    return current.parent.switch(awaitable)  # type: ignore[no-any-return,attr-defined] # noqa: E501
           ^^^^^^^^^^^^^^^^^^^^^^^^^^^^^^^^
.venv/lib/python3.12/site-packages/sqlalchemy/util/_concurrency_py3k.py:196: in greenlet_spawn
    value = await result
            ^^^^^^^^^^^^
.venv/lib/python3.12/site-packages/asyncpg/connection.py:2421: in connect
    return await connect_utils._connect(
.venv/lib/python3.12/site-packages/asyncpg/connect_utils.py:1049: in _connect
    conn = await _connect_addr(
.venv/lib/python3.12/site-packages/asyncpg/connect_utils.py:886: in _connect_addr
    return await __connect_addr(params, True, *args)
           ^^^^^^^^^^^^^^^^^^^^^^^^^^^^^^^^^^^^^^^^^
_ _ _ _ _ _ _ _ _ _ _ _ _ _ _ _ _ _ _ _ _ _ _ _ _ _ _ _ _ _ _ _ _ _ _ _ _ _ _ _ 

params = ConnectionParameters(user='kwok', password='***', database='naicha_test', ssl=<ssl.SSLContext object at 0x7c391ffc31d0...postgres'>, server_settings=None, target_session_attrs=<SessionAttribute.any: 'any'>, krbsrvname=None, gsslib='gssapi')
retry = True, addr = ('172.21.48.1', 5432)
loop = <_UnixSelectorEventLoop running=False closed=False debug=False>
config = ConnectionConfiguration(command_timeout=None, statement_cache_size=100, max_cached_statement_lifetime=300, max_cacheable_statement_size=15360)
connection_class = <class 'asyncpg.connection.Connection'>
record_class = <class 'asyncpg.Record'>
params_input = ConnectionParameters(user='kwok', password='***', database='naicha_test', ssl=<ssl.SSLContext object at 0x7c391ffc31d0...postgres'>, server_settings=None, target_session_attrs=<SessionAttribute.any: 'any'>, krbsrvname=None, gsslib='gssapi')

    async def __connect_addr(
        params,
        retry,
        addr,
        loop,
        config,
        connection_class,
        record_class,
        params_input,
    ):
        connected = _create_future(loop)
    
        proto_factory = lambda: protocol.Protocol(
            addr, connected, params, record_class, loop)
    
        if isinstance(addr, str):
            # UNIX socket
            connector = loop.create_unix_connection(proto_factory, addr)
    
        elif params.ssl and params.ssl_negotiation is SSLNegotiation.direct:
            # if ssl and ssl_negotiation is `direct`, skip STARTTLS and perform
            # direct SSL connection
            connector = loop.create_connection(
                proto_factory, *addr, ssl=params.ssl
            )
    
        elif params.ssl:
            connector = _create_ssl_connection(
                proto_factory, *addr, loop=loop, ssl_context=params.ssl,
                ssl_is_advisory=params.sslmode == SSLMode.prefer)
        else:
            connector = loop.create_connection(proto_factory, *addr)
    
        tr, pr = await connector
    
        try:
>           await connected
E           asyncpg.exceptions.ConnectionDoesNotExistError: connection was closed in the middle of operation

.venv/lib/python3.12/site-packages/asyncpg/connect_utils.py:934: ConnectionDoesNotExistError
___________ ERROR at setup of test_get_stats_returns_top_and_series ____________

self = <_SelectorSocketTransport closed fd=17>

    def _read_ready__data_received(self):
        if self._conn_lost:
            return
        try:
>           data = self._sock.recv(self.max_size)
                   ^^^^^^^^^^^^^^^^^^^^^^^^^^^^^^
E           ConnectionResetError: [Errno 104] Connection reset by peer

/usr/lib/python3.12/asyncio/selector_events.py:1013: ConnectionResetError

The above exception was the direct cause of the following exception:

self = <Coroutine test_get_stats_returns_top_and_series>

    def setup(self) -> None:
        runner_fixture_id = f"_{self._loop_scope}_scoped_runner"
        if runner_fixture_id not in self.fixturenames:
            self.fixturenames.append(runner_fixture_id)
>       return super().setup()
               ^^^^^^^^^^^^^^^

.venv/lib/python3.12/site-packages/pytest_asyncio/plugin.py:463: 
_ _ _ _ _ _ _ _ _ _ _ _ _ _ _ _ _ _ _ _ _ _ _ _ _ _ _ _ _ _ _ _ _ _ _ _ _ _ _ _ 
.venv/lib/python3.12/site-packages/pytest_asyncio/plugin.py:748: in pytest_fixture_setup
    hook_result = yield
                  ^^^^^
.venv/lib/python3.12/site-packages/pytest_asyncio/plugin.py:318: in _asyncgen_fixture_wrapper
    result = runner.run(setup(), context=context)
             ^^^^^^^^^^^^^^^^^^^^^^^^^^^^^^^^^^^^
/usr/lib/python3.12/asyncio/runners.py:118: in run
    return self._loop.run_until_complete(task)
           ^^^^^^^^^^^^^^^^^^^^^^^^^^^^^^^^^^^
/usr/lib/python3.12/asyncio/base_events.py:687: in run_until_complete
    return future.result()
           ^^^^^^^^^^^^^^^
.venv/lib/python3.12/site-packages/pytest_asyncio/plugin.py:314: in setup
    res = await gen_obj.__anext__()
          ^^^^^^^^^^^^^^^^^^^^^^^^^
tests/conftest.py:71: in model_test_engine
    async with engine.begin() as conn:
/usr/lib/python3.12/contextlib.py:210: in __aenter__
    return await anext(self.gen)
           ^^^^^^^^^^^^^^^^^^^^^
.venv/lib/python3.12/site-packages/sqlalchemy/ext/asyncio/engine.py:1068: in begin
    async with conn:
.venv/lib/python3.12/site-packages/sqlalchemy/ext/asyncio/base.py:121: in __aenter__
    return await self.start(is_ctxmanager=True)
           ^^^^^^^^^^^^^^^^^^^^^^^^^^^^^^^^^^^^
.venv/lib/python3.12/site-packages/sqlalchemy/ext/asyncio/engine.py:275: in start
    await greenlet_spawn(self.sync_engine.connect)
.venv/lib/python3.12/site-packages/sqlalchemy/util/_concurrency_py3k.py:201: in greenlet_spawn
    result = context.throw(*sys.exc_info())
             ^^^^^^^^^^^^^^^^^^^^^^^^^^^^^^
.venv/lib/python3.12/site-packages/sqlalchemy/engine/base.py:3277: in connect
    return self._connection_cls(self)
           ^^^^^^^^^^^^^^^^^^^^^^^^^^
.venv/lib/python3.12/site-packages/sqlalchemy/engine/base.py:143: in __init__
    self._dbapi_connection = engine.raw_connection()
                             ^^^^^^^^^^^^^^^^^^^^^^^
.venv/lib/python3.12/site-packages/sqlalchemy/engine/base.py:3301: in raw_connection
    return self.pool.connect()
           ^^^^^^^^^^^^^^^^^^^
.venv/lib/python3.12/site-packages/sqlalchemy/pool/base.py:447: in connect
    return _ConnectionFairy._checkout(self)
           ^^^^^^^^^^^^^^^^^^^^^^^^^^^^^^^^
.venv/lib/python3.12/site-packages/sqlalchemy/pool/base.py:1264: in _checkout
    fairy = _ConnectionRecord.checkout(pool)
            ^^^^^^^^^^^^^^^^^^^^^^^^^^^^^^^^
.venv/lib/python3.12/site-packages/sqlalchemy/pool/base.py:711: in checkout
    rec = pool._do_get()
          ^^^^^^^^^^^^^^
.venv/lib/python3.12/site-packages/sqlalchemy/pool/impl.py:177: in _do_get
    with util.safe_reraise():
.venv/lib/python3.12/site-packages/sqlalchemy/util/langhelpers.py:224: in __exit__
    raise exc_value.with_traceback(exc_tb)
.venv/lib/python3.12/site-packages/sqlalchemy/pool/impl.py:175: in _do_get
    return self._create_connection()
           ^^^^^^^^^^^^^^^^^^^^^^^^^
.venv/lib/python3.12/site-packages/sqlalchemy/pool/base.py:388: in _create_connection
    return _ConnectionRecord(self)
           ^^^^^^^^^^^^^^^^^^^^^^^
.venv/lib/python3.12/site-packages/sqlalchemy/pool/base.py:673: in __init__
    self.__connect()
.venv/lib/python3.12/site-packages/sqlalchemy/pool/base.py:899: in __connect
    with util.safe_reraise():
.venv/lib/python3.12/site-packages/sqlalchemy/util/langhelpers.py:224: in __exit__
    raise exc_value.with_traceback(exc_tb)
.venv/lib/python3.12/site-packages/sqlalchemy/pool/base.py:895: in __connect
    self.dbapi_connection = connection = pool._invoke_creator(self)
                                         ^^^^^^^^^^^^^^^^^^^^^^^^^^
.venv/lib/python3.12/site-packages/sqlalchemy/engine/create.py:661: in connect
    return dialect.connect(*cargs, **cparams)
           ^^^^^^^^^^^^^^^^^^^^^^^^^^^^^^^^^^
.venv/lib/python3.12/site-packages/sqlalchemy/engine/default.py:629: in connect
    return self.loaded_dbapi.connect(*cargs, **cparams)  # type: ignore[no-any-return]  # NOQA: E501
           ^^^^^^^^^^^^^^^^^^^^^^^^^^^^^^^^^^^^^^^^^^^^
.venv/lib/python3.12/site-packages/sqlalchemy/dialects/postgresql/asyncpg.py:955: in connect
    await_only(creator_fn(*arg, **kw)),
    ^^^^^^^^^^^^^^^^^^^^^^^^^^^^^^^^^^
.venv/lib/python3.12/site-packages/sqlalchemy/util/_concurrency_py3k.py:132: in await_only
    return current.parent.switch(awaitable)  # type: ignore[no-any-return,attr-defined] # noqa: E501
           ^^^^^^^^^^^^^^^^^^^^^^^^^^^^^^^^
.venv/lib/python3.12/site-packages/sqlalchemy/util/_concurrency_py3k.py:196: in greenlet_spawn
    value = await result
            ^^^^^^^^^^^^
.venv/lib/python3.12/site-packages/asyncpg/connection.py:2421: in connect
    return await connect_utils._connect(
.venv/lib/python3.12/site-packages/asyncpg/connect_utils.py:1049: in _connect
    conn = await _connect_addr(
.venv/lib/python3.12/site-packages/asyncpg/connect_utils.py:886: in _connect_addr
    return await __connect_addr(params, True, *args)
           ^^^^^^^^^^^^^^^^^^^^^^^^^^^^^^^^^^^^^^^^^
_ _ _ _ _ _ _ _ _ _ _ _ _ _ _ _ _ _ _ _ _ _ _ _ _ _ _ _ _ _ _ _ _ _ _ _ _ _ _ _ 

params = ConnectionParameters(user='kwok', password='***', database='naicha_test', ssl=<ssl.SSLContext object at 0x7c391f081450...postgres'>, server_settings=None, target_session_attrs=<SessionAttribute.any: 'any'>, krbsrvname=None, gsslib='gssapi')
retry = True, addr = ('172.21.48.1', 5432)
loop = <_UnixSelectorEventLoop running=False closed=False debug=False>
config = ConnectionConfiguration(command_timeout=None, statement_cache_size=100, max_cached_statement_lifetime=300, max_cacheable_statement_size=15360)
connection_class = <class 'asyncpg.connection.Connection'>
record_class = <class 'asyncpg.Record'>
params_input = ConnectionParameters(user='kwok', password='***', database='naicha_test', ssl=<ssl.SSLContext object at 0x7c391f081450...postgres'>, server_settings=None, target_session_attrs=<SessionAttribute.any: 'any'>, krbsrvname=None, gsslib='gssapi')

    async def __connect_addr(
        params,
        retry,
        addr,
        loop,
        config,
        connection_class,
        record_class,
        params_input,
    ):
        connected = _create_future(loop)
    
        proto_factory = lambda: protocol.Protocol(
            addr, connected, params, record_class, loop)
    
        if isinstance(addr, str):
            # UNIX socket
            connector = loop.create_unix_connection(proto_factory, addr)
    
        elif params.ssl and params.ssl_negotiation is SSLNegotiation.direct:
            # if ssl and ssl_negotiation is `direct`, skip STARTTLS and perform
            # direct SSL connection
            connector = loop.create_connection(
                proto_factory, *addr, ssl=params.ssl
            )
    
        elif params.ssl:
            connector = _create_ssl_connection(
                proto_factory, *addr, loop=loop, ssl_context=params.ssl,
                ssl_is_advisory=params.sslmode == SSLMode.prefer)
        else:
            connector = loop.create_connection(proto_factory, *addr)
    
        tr, pr = await connector
    
        try:
>           await connected
E           asyncpg.exceptions.ConnectionDoesNotExistError: connection was closed in the middle of operation

.venv/lib/python3.12/site-packages/asyncpg/connect_utils.py:934: ConnectionDoesNotExistError
__________ ERROR at setup of test_readiness_endpoint_checks_database ___________

self = <_SelectorSocketTransport closed fd=17>

    def _read_ready__data_received(self):
        if self._conn_lost:
            return
        try:
>           data = self._sock.recv(self.max_size)
                   ^^^^^^^^^^^^^^^^^^^^^^^^^^^^^^
E           ConnectionResetError: [Errno 104] Connection reset by peer

/usr/lib/python3.12/asyncio/selector_events.py:1013: ConnectionResetError

The above exception was the direct cause of the following exception:

self = <Coroutine test_readiness_endpoint_checks_database>

    def setup(self) -> None:
        runner_fixture_id = f"_{self._loop_scope}_scoped_runner"
        if runner_fixture_id not in self.fixturenames:
            self.fixturenames.append(runner_fixture_id)
>       return super().setup()
               ^^^^^^^^^^^^^^^

.venv/lib/python3.12/site-packages/pytest_asyncio/plugin.py:463: 
_ _ _ _ _ _ _ _ _ _ _ _ _ _ _ _ _ _ _ _ _ _ _ _ _ _ _ _ _ _ _ _ _ _ _ _ _ _ _ _ 
.venv/lib/python3.12/site-packages/pytest_asyncio/plugin.py:748: in pytest_fixture_setup
    hook_result = yield
                  ^^^^^
.venv/lib/python3.12/site-packages/pytest_asyncio/plugin.py:318: in _asyncgen_fixture_wrapper
    result = runner.run(setup(), context=context)
             ^^^^^^^^^^^^^^^^^^^^^^^^^^^^^^^^^^^^
/usr/lib/python3.12/asyncio/runners.py:118: in run
    return self._loop.run_until_complete(task)
           ^^^^^^^^^^^^^^^^^^^^^^^^^^^^^^^^^^^
/usr/lib/python3.12/asyncio/base_events.py:687: in run_until_complete
    return future.result()
           ^^^^^^^^^^^^^^^
.venv/lib/python3.12/site-packages/pytest_asyncio/plugin.py:314: in setup
    res = await gen_obj.__anext__()
          ^^^^^^^^^^^^^^^^^^^^^^^^^
tests/conftest.py:71: in model_test_engine
    async with engine.begin() as conn:
/usr/lib/python3.12/contextlib.py:210: in __aenter__
    return await anext(self.gen)
           ^^^^^^^^^^^^^^^^^^^^^
.venv/lib/python3.12/site-packages/sqlalchemy/ext/asyncio/engine.py:1068: in begin
    async with conn:
.venv/lib/python3.12/site-packages/sqlalchemy/ext/asyncio/base.py:121: in __aenter__
    return await self.start(is_ctxmanager=True)
           ^^^^^^^^^^^^^^^^^^^^^^^^^^^^^^^^^^^^
.venv/lib/python3.12/site-packages/sqlalchemy/ext/asyncio/engine.py:275: in start
    await greenlet_spawn(self.sync_engine.connect)
.venv/lib/python3.12/site-packages/sqlalchemy/util/_concurrency_py3k.py:201: in greenlet_spawn
    result = context.throw(*sys.exc_info())
             ^^^^^^^^^^^^^^^^^^^^^^^^^^^^^^
.venv/lib/python3.12/site-packages/sqlalchemy/engine/base.py:3277: in connect
    return self._connection_cls(self)
           ^^^^^^^^^^^^^^^^^^^^^^^^^^
.venv/lib/python3.12/site-packages/sqlalchemy/engine/base.py:143: in __init__
    self._dbapi_connection = engine.raw_connection()
                             ^^^^^^^^^^^^^^^^^^^^^^^
.venv/lib/python3.12/site-packages/sqlalchemy/engine/base.py:3301: in raw_connection
    return self.pool.connect()
           ^^^^^^^^^^^^^^^^^^^
.venv/lib/python3.12/site-packages/sqlalchemy/pool/base.py:447: in connect
    return _ConnectionFairy._checkout(self)
           ^^^^^^^^^^^^^^^^^^^^^^^^^^^^^^^^
.venv/lib/python3.12/site-packages/sqlalchemy/pool/base.py:1264: in _checkout
    fairy = _ConnectionRecord.checkout(pool)
            ^^^^^^^^^^^^^^^^^^^^^^^^^^^^^^^^
.venv/lib/python3.12/site-packages/sqlalchemy/pool/base.py:711: in checkout
    rec = pool._do_get()
          ^^^^^^^^^^^^^^
.venv/lib/python3.12/site-packages/sqlalchemy/pool/impl.py:177: in _do_get
    with util.safe_reraise():
.venv/lib/python3.12/site-packages/sqlalchemy/util/langhelpers.py:224: in __exit__
    raise exc_value.with_traceback(exc_tb)
.venv/lib/python3.12/site-packages/sqlalchemy/pool/impl.py:175: in _do_get
    return self._create_connection()
           ^^^^^^^^^^^^^^^^^^^^^^^^^
.venv/lib/python3.12/site-packages/sqlalchemy/pool/base.py:388: in _create_connection
    return _ConnectionRecord(self)
           ^^^^^^^^^^^^^^^^^^^^^^^
.venv/lib/python3.12/site-packages/sqlalchemy/pool/base.py:673: in __init__
    self.__connect()
.venv/lib/python3.12/site-packages/sqlalchemy/pool/base.py:899: in __connect
    with util.safe_reraise():
.venv/lib/python3.12/site-packages/sqlalchemy/util/langhelpers.py:224: in __exit__
    raise exc_value.with_traceback(exc_tb)
.venv/lib/python3.12/site-packages/sqlalchemy/pool/base.py:895: in __connect
    self.dbapi_connection = connection = pool._invoke_creator(self)
                                         ^^^^^^^^^^^^^^^^^^^^^^^^^^
.venv/lib/python3.12/site-packages/sqlalchemy/engine/create.py:661: in connect
    return dialect.connect(*cargs, **cparams)
           ^^^^^^^^^^^^^^^^^^^^^^^^^^^^^^^^^^
.venv/lib/python3.12/site-packages/sqlalchemy/engine/default.py:629: in connect
    return self.loaded_dbapi.connect(*cargs, **cparams)  # type: ignore[no-any-return]  # NOQA: E501
           ^^^^^^^^^^^^^^^^^^^^^^^^^^^^^^^^^^^^^^^^^^^^
.venv/lib/python3.12/site-packages/sqlalchemy/dialects/postgresql/asyncpg.py:955: in connect
    await_only(creator_fn(*arg, **kw)),
    ^^^^^^^^^^^^^^^^^^^^^^^^^^^^^^^^^^
.venv/lib/python3.12/site-packages/sqlalchemy/util/_concurrency_py3k.py:132: in await_only
    return current.parent.switch(awaitable)  # type: ignore[no-any-return,attr-defined] # noqa: E501
           ^^^^^^^^^^^^^^^^^^^^^^^^^^^^^^^^
.venv/lib/python3.12/site-packages/sqlalchemy/util/_concurrency_py3k.py:196: in greenlet_spawn
    value = await result
            ^^^^^^^^^^^^
.venv/lib/python3.12/site-packages/asyncpg/connection.py:2421: in connect
    return await connect_utils._connect(
.venv/lib/python3.12/site-packages/asyncpg/connect_utils.py:1049: in _connect
    conn = await _connect_addr(
.venv/lib/python3.12/site-packages/asyncpg/connect_utils.py:886: in _connect_addr
    return await __connect_addr(params, True, *args)
           ^^^^^^^^^^^^^^^^^^^^^^^^^^^^^^^^^^^^^^^^^
_ _ _ _ _ _ _ _ _ _ _ _ _ _ _ _ _ _ _ _ _ _ _ _ _ _ _ _ _ _ _ _ _ _ _ _ _ _ _ _ 

params = ConnectionParameters(user='kwok', password='***', database='naicha_test', ssl=<ssl.SSLContext object at 0x7c391fb75850...postgres'>, server_settings=None, target_session_attrs=<SessionAttribute.any: 'any'>, krbsrvname=None, gsslib='gssapi')
retry = True, addr = ('172.21.48.1', 5432)
loop = <_UnixSelectorEventLoop running=False closed=False debug=False>
config = ConnectionConfiguration(command_timeout=None, statement_cache_size=100, max_cached_statement_lifetime=300, max_cacheable_statement_size=15360)
connection_class = <class 'asyncpg.connection.Connection'>
record_class = <class 'asyncpg.Record'>
params_input = ConnectionParameters(user='kwok', password='***', database='naicha_test', ssl=<ssl.SSLContext object at 0x7c391fb75850...postgres'>, server_settings=None, target_session_attrs=<SessionAttribute.any: 'any'>, krbsrvname=None, gsslib='gssapi')

    async def __connect_addr(
        params,
        retry,
        addr,
        loop,
        config,
        connection_class,
        record_class,
        params_input,
    ):
        connected = _create_future(loop)
    
        proto_factory = lambda: protocol.Protocol(
            addr, connected, params, record_class, loop)
    
        if isinstance(addr, str):
            # UNIX socket
            connector = loop.create_unix_connection(proto_factory, addr)
    
        elif params.ssl and params.ssl_negotiation is SSLNegotiation.direct:
            # if ssl and ssl_negotiation is `direct`, skip STARTTLS and perform
            # direct SSL connection
            connector = loop.create_connection(
                proto_factory, *addr, ssl=params.ssl
            )
    
        elif params.ssl:
            connector = _create_ssl_connection(
                proto_factory, *addr, loop=loop, ssl_context=params.ssl,
                ssl_is_advisory=params.sslmode == SSLMode.prefer)
        else:
            connector = loop.create_connection(proto_factory, *addr)
    
        tr, pr = await connector
    
        try:
>           await connected
E           asyncpg.exceptions.ConnectionDoesNotExistError: connection was closed in the middle of operation

.venv/lib/python3.12/site-packages/asyncpg/connect_utils.py:934: ConnectionDoesNotExistError
___________ ERROR at setup of test_distributed_lock_uses_db_fallback ___________

self = <_SelectorSocketTransport closed fd=17>

    def _read_ready__data_received(self):
        if self._conn_lost:
            return
        try:
>           data = self._sock.recv(self.max_size)
                   ^^^^^^^^^^^^^^^^^^^^^^^^^^^^^^
E           ConnectionResetError: [Errno 104] Connection reset by peer

/usr/lib/python3.12/asyncio/selector_events.py:1013: ConnectionResetError

The above exception was the direct cause of the following exception:

self = <Coroutine test_distributed_lock_uses_db_fallback>

    def setup(self) -> None:
        runner_fixture_id = f"_{self._loop_scope}_scoped_runner"
        if runner_fixture_id not in self.fixturenames:
            self.fixturenames.append(runner_fixture_id)
>       return super().setup()
               ^^^^^^^^^^^^^^^

.venv/lib/python3.12/site-packages/pytest_asyncio/plugin.py:463: 
_ _ _ _ _ _ _ _ _ _ _ _ _ _ _ _ _ _ _ _ _ _ _ _ _ _ _ _ _ _ _ _ _ _ _ _ _ _ _ _ 
.venv/lib/python3.12/site-packages/pytest_asyncio/plugin.py:748: in pytest_fixture_setup
    hook_result = yield
                  ^^^^^
.venv/lib/python3.12/site-packages/pytest_asyncio/plugin.py:318: in _asyncgen_fixture_wrapper
    result = runner.run(setup(), context=context)
             ^^^^^^^^^^^^^^^^^^^^^^^^^^^^^^^^^^^^
/usr/lib/python3.12/asyncio/runners.py:118: in run
    return self._loop.run_until_complete(task)
           ^^^^^^^^^^^^^^^^^^^^^^^^^^^^^^^^^^^
/usr/lib/python3.12/asyncio/base_events.py:687: in run_until_complete
    return future.result()
           ^^^^^^^^^^^^^^^
.venv/lib/python3.12/site-packages/pytest_asyncio/plugin.py:314: in setup
    res = await gen_obj.__anext__()
          ^^^^^^^^^^^^^^^^^^^^^^^^^
tests/conftest.py:71: in model_test_engine
    async with engine.begin() as conn:
/usr/lib/python3.12/contextlib.py:210: in __aenter__
    return await anext(self.gen)
           ^^^^^^^^^^^^^^^^^^^^^
.venv/lib/python3.12/site-packages/sqlalchemy/ext/asyncio/engine.py:1068: in begin
    async with conn:
.venv/lib/python3.12/site-packages/sqlalchemy/ext/asyncio/base.py:121: in __aenter__
    return await self.start(is_ctxmanager=True)
           ^^^^^^^^^^^^^^^^^^^^^^^^^^^^^^^^^^^^
.venv/lib/python3.12/site-packages/sqlalchemy/ext/asyncio/engine.py:275: in start
    await greenlet_spawn(self.sync_engine.connect)
.venv/lib/python3.12/site-packages/sqlalchemy/util/_concurrency_py3k.py:201: in greenlet_spawn
    result = context.throw(*sys.exc_info())
             ^^^^^^^^^^^^^^^^^^^^^^^^^^^^^^
.venv/lib/python3.12/site-packages/sqlalchemy/engine/base.py:3277: in connect
    return self._connection_cls(self)
           ^^^^^^^^^^^^^^^^^^^^^^^^^^
.venv/lib/python3.12/site-packages/sqlalchemy/engine/base.py:143: in __init__
    self._dbapi_connection = engine.raw_connection()
                             ^^^^^^^^^^^^^^^^^^^^^^^
.venv/lib/python3.12/site-packages/sqlalchemy/engine/base.py:3301: in raw_connection
    return self.pool.connect()
           ^^^^^^^^^^^^^^^^^^^
.venv/lib/python3.12/site-packages/sqlalchemy/pool/base.py:447: in connect
    return _ConnectionFairy._checkout(self)
           ^^^^^^^^^^^^^^^^^^^^^^^^^^^^^^^^
.venv/lib/python3.12/site-packages/sqlalchemy/pool/base.py:1264: in _checkout
    fairy = _ConnectionRecord.checkout(pool)
            ^^^^^^^^^^^^^^^^^^^^^^^^^^^^^^^^
.venv/lib/python3.12/site-packages/sqlalchemy/pool/base.py:711: in checkout
    rec = pool._do_get()
          ^^^^^^^^^^^^^^
.venv/lib/python3.12/site-packages/sqlalchemy/pool/impl.py:177: in _do_get
    with util.safe_reraise():
.venv/lib/python3.12/site-packages/sqlalchemy/util/langhelpers.py:224: in __exit__
    raise exc_value.with_traceback(exc_tb)
.venv/lib/python3.12/site-packages/sqlalchemy/pool/impl.py:175: in _do_get
    return self._create_connection()
           ^^^^^^^^^^^^^^^^^^^^^^^^^
.venv/lib/python3.12/site-packages/sqlalchemy/pool/base.py:388: in _create_connection
    return _ConnectionRecord(self)
           ^^^^^^^^^^^^^^^^^^^^^^^
.venv/lib/python3.12/site-packages/sqlalchemy/pool/base.py:673: in __init__
    self.__connect()
.venv/lib/python3.12/site-packages/sqlalchemy/pool/base.py:899: in __connect
    with util.safe_reraise():
.venv/lib/python3.12/site-packages/sqlalchemy/util/langhelpers.py:224: in __exit__
    raise exc_value.with_traceback(exc_tb)
.venv/lib/python3.12/site-packages/sqlalchemy/pool/base.py:895: in __connect
    self.dbapi_connection = connection = pool._invoke_creator(self)
                                         ^^^^^^^^^^^^^^^^^^^^^^^^^^
.venv/lib/python3.12/site-packages/sqlalchemy/engine/create.py:661: in connect
    return dialect.connect(*cargs, **cparams)
           ^^^^^^^^^^^^^^^^^^^^^^^^^^^^^^^^^^
.venv/lib/python3.12/site-packages/sqlalchemy/engine/default.py:629: in connect
    return self.loaded_dbapi.connect(*cargs, **cparams)  # type: ignore[no-any-return]  # NOQA: E501
           ^^^^^^^^^^^^^^^^^^^^^^^^^^^^^^^^^^^^^^^^^^^^
.venv/lib/python3.12/site-packages/sqlalchemy/dialects/postgresql/asyncpg.py:955: in connect
    await_only(creator_fn(*arg, **kw)),
    ^^^^^^^^^^^^^^^^^^^^^^^^^^^^^^^^^^
.venv/lib/python3.12/site-packages/sqlalchemy/util/_concurrency_py3k.py:132: in await_only
    return current.parent.switch(awaitable)  # type: ignore[no-any-return,attr-defined] # noqa: E501
           ^^^^^^^^^^^^^^^^^^^^^^^^^^^^^^^^
.venv/lib/python3.12/site-packages/sqlalchemy/util/_concurrency_py3k.py:196: in greenlet_spawn
    value = await result
            ^^^^^^^^^^^^
.venv/lib/python3.12/site-packages/asyncpg/connection.py:2421: in connect
    return await connect_utils._connect(
.venv/lib/python3.12/site-packages/asyncpg/connect_utils.py:1049: in _connect
    conn = await _connect_addr(
.venv/lib/python3.12/site-packages/asyncpg/connect_utils.py:886: in _connect_addr
    return await __connect_addr(params, True, *args)
           ^^^^^^^^^^^^^^^^^^^^^^^^^^^^^^^^^^^^^^^^^
_ _ _ _ _ _ _ _ _ _ _ _ _ _ _ _ _ _ _ _ _ _ _ _ _ _ _ _ _ _ _ _ _ _ _ _ _ _ _ _ 

params = ConnectionParameters(user='kwok', password='***', database='naicha_test', ssl=<ssl.SSLContext object at 0x7c391efe65d0...postgres'>, server_settings=None, target_session_attrs=<SessionAttribute.any: 'any'>, krbsrvname=None, gsslib='gssapi')
retry = True, addr = ('172.21.48.1', 5432)
loop = <_UnixSelectorEventLoop running=False closed=False debug=False>
config = ConnectionConfiguration(command_timeout=None, statement_cache_size=100, max_cached_statement_lifetime=300, max_cacheable_statement_size=15360)
connection_class = <class 'asyncpg.connection.Connection'>
record_class = <class 'asyncpg.Record'>
params_input = ConnectionParameters(user='kwok', password='***', database='naicha_test', ssl=<ssl.SSLContext object at 0x7c391efe65d0...postgres'>, server_settings=None, target_session_attrs=<SessionAttribute.any: 'any'>, krbsrvname=None, gsslib='gssapi')

    async def __connect_addr(
        params,
        retry,
        addr,
        loop,
        config,
        connection_class,
        record_class,
        params_input,
    ):
        connected = _create_future(loop)
    
        proto_factory = lambda: protocol.Protocol(
            addr, connected, params, record_class, loop)
    
        if isinstance(addr, str):
            # UNIX socket
            connector = loop.create_unix_connection(proto_factory, addr)
    
        elif params.ssl and params.ssl_negotiation is SSLNegotiation.direct:
            # if ssl and ssl_negotiation is `direct`, skip STARTTLS and perform
            # direct SSL connection
            connector = loop.create_connection(
                proto_factory, *addr, ssl=params.ssl
            )
    
        elif params.ssl:
            connector = _create_ssl_connection(
                proto_factory, *addr, loop=loop, ssl_context=params.ssl,
                ssl_is_advisory=params.sslmode == SSLMode.prefer)
        else:
            connector = loop.create_connection(proto_factory, *addr)
    
        tr, pr = await connector
    
        try:
>           await connected
E           asyncpg.exceptions.ConnectionDoesNotExistError: connection was closed in the middle of operation

.venv/lib/python3.12/site-packages/asyncpg/connect_utils.py:934: ConnectionDoesNotExistError
___________ ERROR at setup of test_distributed_lock_fallback_failure ___________

self = <_SelectorSocketTransport closed fd=17>

    def _read_ready__data_received(self):
        if self._conn_lost:
            return
        try:
>           data = self._sock.recv(self.max_size)
                   ^^^^^^^^^^^^^^^^^^^^^^^^^^^^^^
E           ConnectionResetError: [Errno 104] Connection reset by peer

/usr/lib/python3.12/asyncio/selector_events.py:1013: ConnectionResetError

The above exception was the direct cause of the following exception:

self = <Coroutine test_distributed_lock_fallback_failure>

    def setup(self) -> None:
        runner_fixture_id = f"_{self._loop_scope}_scoped_runner"
        if runner_fixture_id not in self.fixturenames:
            self.fixturenames.append(runner_fixture_id)
>       return super().setup()
               ^^^^^^^^^^^^^^^

.venv/lib/python3.12/site-packages/pytest_asyncio/plugin.py:463: 
_ _ _ _ _ _ _ _ _ _ _ _ _ _ _ _ _ _ _ _ _ _ _ _ _ _ _ _ _ _ _ _ _ _ _ _ _ _ _ _ 
.venv/lib/python3.12/site-packages/pytest_asyncio/plugin.py:748: in pytest_fixture_setup
    hook_result = yield
                  ^^^^^
.venv/lib/python3.12/site-packages/pytest_asyncio/plugin.py:318: in _asyncgen_fixture_wrapper
    result = runner.run(setup(), context=context)
             ^^^^^^^^^^^^^^^^^^^^^^^^^^^^^^^^^^^^
/usr/lib/python3.12/asyncio/runners.py:118: in run
    return self._loop.run_until_complete(task)
           ^^^^^^^^^^^^^^^^^^^^^^^^^^^^^^^^^^^
/usr/lib/python3.12/asyncio/base_events.py:687: in run_until_complete
    return future.result()
           ^^^^^^^^^^^^^^^
.venv/lib/python3.12/site-packages/pytest_asyncio/plugin.py:314: in setup
    res = await gen_obj.__anext__()
          ^^^^^^^^^^^^^^^^^^^^^^^^^
tests/conftest.py:71: in model_test_engine
    async with engine.begin() as conn:
/usr/lib/python3.12/contextlib.py:210: in __aenter__
    return await anext(self.gen)
           ^^^^^^^^^^^^^^^^^^^^^
.venv/lib/python3.12/site-packages/sqlalchemy/ext/asyncio/engine.py:1068: in begin
    async with conn:
.venv/lib/python3.12/site-packages/sqlalchemy/ext/asyncio/base.py:121: in __aenter__
    return await self.start(is_ctxmanager=True)
           ^^^^^^^^^^^^^^^^^^^^^^^^^^^^^^^^^^^^
.venv/lib/python3.12/site-packages/sqlalchemy/ext/asyncio/engine.py:275: in start
    await greenlet_spawn(self.sync_engine.connect)
.venv/lib/python3.12/site-packages/sqlalchemy/util/_concurrency_py3k.py:201: in greenlet_spawn
    result = context.throw(*sys.exc_info())
             ^^^^^^^^^^^^^^^^^^^^^^^^^^^^^^
.venv/lib/python3.12/site-packages/sqlalchemy/engine/base.py:3277: in connect
    return self._connection_cls(self)
           ^^^^^^^^^^^^^^^^^^^^^^^^^^
.venv/lib/python3.12/site-packages/sqlalchemy/engine/base.py:143: in __init__
    self._dbapi_connection = engine.raw_connection()
                             ^^^^^^^^^^^^^^^^^^^^^^^
.venv/lib/python3.12/site-packages/sqlalchemy/engine/base.py:3301: in raw_connection
    return self.pool.connect()
           ^^^^^^^^^^^^^^^^^^^
.venv/lib/python3.12/site-packages/sqlalchemy/pool/base.py:447: in connect
    return _ConnectionFairy._checkout(self)
           ^^^^^^^^^^^^^^^^^^^^^^^^^^^^^^^^
.venv/lib/python3.12/site-packages/sqlalchemy/pool/base.py:1264: in _checkout
    fairy = _ConnectionRecord.checkout(pool)
            ^^^^^^^^^^^^^^^^^^^^^^^^^^^^^^^^
.venv/lib/python3.12/site-packages/sqlalchemy/pool/base.py:711: in checkout
    rec = pool._do_get()
          ^^^^^^^^^^^^^^
.venv/lib/python3.12/site-packages/sqlalchemy/pool/impl.py:177: in _do_get
    with util.safe_reraise():
.venv/lib/python3.12/site-packages/sqlalchemy/util/langhelpers.py:224: in __exit__
    raise exc_value.with_traceback(exc_tb)
.venv/lib/python3.12/site-packages/sqlalchemy/pool/impl.py:175: in _do_get
    return self._create_connection()
           ^^^^^^^^^^^^^^^^^^^^^^^^^
.venv/lib/python3.12/site-packages/sqlalchemy/pool/base.py:388: in _create_connection
    return _ConnectionRecord(self)
           ^^^^^^^^^^^^^^^^^^^^^^^
.venv/lib/python3.12/site-packages/sqlalchemy/pool/base.py:673: in __init__
    self.__connect()
.venv/lib/python3.12/site-packages/sqlalchemy/pool/base.py:899: in __connect
    with util.safe_reraise():
.venv/lib/python3.12/site-packages/sqlalchemy/util/langhelpers.py:224: in __exit__
    raise exc_value.with_traceback(exc_tb)
.venv/lib/python3.12/site-packages/sqlalchemy/pool/base.py:895: in __connect
    self.dbapi_connection = connection = pool._invoke_creator(self)
                                         ^^^^^^^^^^^^^^^^^^^^^^^^^^
.venv/lib/python3.12/site-packages/sqlalchemy/engine/create.py:661: in connect
    return dialect.connect(*cargs, **cparams)
           ^^^^^^^^^^^^^^^^^^^^^^^^^^^^^^^^^^
.venv/lib/python3.12/site-packages/sqlalchemy/engine/default.py:629: in connect
    return self.loaded_dbapi.connect(*cargs, **cparams)  # type: ignore[no-any-return]  # NOQA: E501
           ^^^^^^^^^^^^^^^^^^^^^^^^^^^^^^^^^^^^^^^^^^^^
.venv/lib/python3.12/site-packages/sqlalchemy/dialects/postgresql/asyncpg.py:955: in connect
    await_only(creator_fn(*arg, **kw)),
    ^^^^^^^^^^^^^^^^^^^^^^^^^^^^^^^^^^
.venv/lib/python3.12/site-packages/sqlalchemy/util/_concurrency_py3k.py:132: in await_only
    return current.parent.switch(awaitable)  # type: ignore[no-any-return,attr-defined] # noqa: E501
           ^^^^^^^^^^^^^^^^^^^^^^^^^^^^^^^^
.venv/lib/python3.12/site-packages/sqlalchemy/util/_concurrency_py3k.py:196: in greenlet_spawn
    value = await result
            ^^^^^^^^^^^^
.venv/lib/python3.12/site-packages/asyncpg/connection.py:2421: in connect
    return await connect_utils._connect(
.venv/lib/python3.12/site-packages/asyncpg/connect_utils.py:1049: in _connect
    conn = await _connect_addr(
.venv/lib/python3.12/site-packages/asyncpg/connect_utils.py:886: in _connect_addr
    return await __connect_addr(params, True, *args)
           ^^^^^^^^^^^^^^^^^^^^^^^^^^^^^^^^^^^^^^^^^
_ _ _ _ _ _ _ _ _ _ _ _ _ _ _ _ _ _ _ _ _ _ _ _ _ _ _ _ _ _ _ _ _ _ _ _ _ _ _ _ 

params = ConnectionParameters(user='kwok', password='***', database='naicha_test', ssl=<ssl.SSLContext object at 0x7c391f0e4e50...postgres'>, server_settings=None, target_session_attrs=<SessionAttribute.any: 'any'>, krbsrvname=None, gsslib='gssapi')
retry = True, addr = ('172.21.48.1', 5432)
loop = <_UnixSelectorEventLoop running=False closed=False debug=False>
config = ConnectionConfiguration(command_timeout=None, statement_cache_size=100, max_cached_statement_lifetime=300, max_cacheable_statement_size=15360)
connection_class = <class 'asyncpg.connection.Connection'>
record_class = <class 'asyncpg.Record'>
params_input = ConnectionParameters(user='kwok', password='***', database='naicha_test', ssl=<ssl.SSLContext object at 0x7c391f0e4e50...postgres'>, server_settings=None, target_session_attrs=<SessionAttribute.any: 'any'>, krbsrvname=None, gsslib='gssapi')

    async def __connect_addr(
        params,
        retry,
        addr,
        loop,
        config,
        connection_class,
        record_class,
        params_input,
    ):
        connected = _create_future(loop)
    
        proto_factory = lambda: protocol.Protocol(
            addr, connected, params, record_class, loop)
    
        if isinstance(addr, str):
            # UNIX socket
            connector = loop.create_unix_connection(proto_factory, addr)
    
        elif params.ssl and params.ssl_negotiation is SSLNegotiation.direct:
            # if ssl and ssl_negotiation is `direct`, skip STARTTLS and perform
            # direct SSL connection
            connector = loop.create_connection(
                proto_factory, *addr, ssl=params.ssl
            )
    
        elif params.ssl:
            connector = _create_ssl_connection(
                proto_factory, *addr, loop=loop, ssl_context=params.ssl,
                ssl_is_advisory=params.sslmode == SSLMode.prefer)
        else:
            connector = loop.create_connection(proto_factory, *addr)
    
        tr, pr = await connector
    
        try:
>           await connected
E           asyncpg.exceptions.ConnectionDoesNotExistError: connection was closed in the middle of operation

.venv/lib/python3.12/site-packages/asyncpg/connect_utils.py:934: ConnectionDoesNotExistError
________ ERROR at setup of test_execute_print_job_respects_retry_limit _________

self = <_SelectorSocketTransport closed fd=17>

    def _read_ready__data_received(self):
        if self._conn_lost:
            return
        try:
>           data = self._sock.recv(self.max_size)
                   ^^^^^^^^^^^^^^^^^^^^^^^^^^^^^^
E           ConnectionResetError: [Errno 104] Connection reset by peer

/usr/lib/python3.12/asyncio/selector_events.py:1013: ConnectionResetError

The above exception was the direct cause of the following exception:

self = <Coroutine test_execute_print_job_respects_retry_limit>

    def setup(self) -> None:
        runner_fixture_id = f"_{self._loop_scope}_scoped_runner"
        if runner_fixture_id not in self.fixturenames:
            self.fixturenames.append(runner_fixture_id)
>       return super().setup()
               ^^^^^^^^^^^^^^^

.venv/lib/python3.12/site-packages/pytest_asyncio/plugin.py:463: 
_ _ _ _ _ _ _ _ _ _ _ _ _ _ _ _ _ _ _ _ _ _ _ _ _ _ _ _ _ _ _ _ _ _ _ _ _ _ _ _ 
.venv/lib/python3.12/site-packages/pytest_asyncio/plugin.py:748: in pytest_fixture_setup
    hook_result = yield
                  ^^^^^
.venv/lib/python3.12/site-packages/pytest_asyncio/plugin.py:318: in _asyncgen_fixture_wrapper
    result = runner.run(setup(), context=context)
             ^^^^^^^^^^^^^^^^^^^^^^^^^^^^^^^^^^^^
/usr/lib/python3.12/asyncio/runners.py:118: in run
    return self._loop.run_until_complete(task)
           ^^^^^^^^^^^^^^^^^^^^^^^^^^^^^^^^^^^
/usr/lib/python3.12/asyncio/base_events.py:687: in run_until_complete
    return future.result()
           ^^^^^^^^^^^^^^^
.venv/lib/python3.12/site-packages/pytest_asyncio/plugin.py:314: in setup
    res = await gen_obj.__anext__()
          ^^^^^^^^^^^^^^^^^^^^^^^^^
tests/conftest.py:71: in model_test_engine
    async with engine.begin() as conn:
/usr/lib/python3.12/contextlib.py:210: in __aenter__
    return await anext(self.gen)
           ^^^^^^^^^^^^^^^^^^^^^
.venv/lib/python3.12/site-packages/sqlalchemy/ext/asyncio/engine.py:1068: in begin
    async with conn:
.venv/lib/python3.12/site-packages/sqlalchemy/ext/asyncio/base.py:121: in __aenter__
    return await self.start(is_ctxmanager=True)
           ^^^^^^^^^^^^^^^^^^^^^^^^^^^^^^^^^^^^
.venv/lib/python3.12/site-packages/sqlalchemy/ext/asyncio/engine.py:275: in start
    await greenlet_spawn(self.sync_engine.connect)
.venv/lib/python3.12/site-packages/sqlalchemy/util/_concurrency_py3k.py:201: in greenlet_spawn
    result = context.throw(*sys.exc_info())
             ^^^^^^^^^^^^^^^^^^^^^^^^^^^^^^
.venv/lib/python3.12/site-packages/sqlalchemy/engine/base.py:3277: in connect
    return self._connection_cls(self)
           ^^^^^^^^^^^^^^^^^^^^^^^^^^
.venv/lib/python3.12/site-packages/sqlalchemy/engine/base.py:143: in __init__
    self._dbapi_connection = engine.raw_connection()
                             ^^^^^^^^^^^^^^^^^^^^^^^
.venv/lib/python3.12/site-packages/sqlalchemy/engine/base.py:3301: in raw_connection
    return self.pool.connect()
           ^^^^^^^^^^^^^^^^^^^
.venv/lib/python3.12/site-packages/sqlalchemy/pool/base.py:447: in connect
    return _ConnectionFairy._checkout(self)
           ^^^^^^^^^^^^^^^^^^^^^^^^^^^^^^^^
.venv/lib/python3.12/site-packages/sqlalchemy/pool/base.py:1264: in _checkout
    fairy = _ConnectionRecord.checkout(pool)
            ^^^^^^^^^^^^^^^^^^^^^^^^^^^^^^^^
.venv/lib/python3.12/site-packages/sqlalchemy/pool/base.py:711: in checkout
    rec = pool._do_get()
          ^^^^^^^^^^^^^^
.venv/lib/python3.12/site-packages/sqlalchemy/pool/impl.py:177: in _do_get
    with util.safe_reraise():
.venv/lib/python3.12/site-packages/sqlalchemy/util/langhelpers.py:224: in __exit__
    raise exc_value.with_traceback(exc_tb)
.venv/lib/python3.12/site-packages/sqlalchemy/pool/impl.py:175: in _do_get
    return self._create_connection()
           ^^^^^^^^^^^^^^^^^^^^^^^^^
.venv/lib/python3.12/site-packages/sqlalchemy/pool/base.py:388: in _create_connection
    return _ConnectionRecord(self)
           ^^^^^^^^^^^^^^^^^^^^^^^
.venv/lib/python3.12/site-packages/sqlalchemy/pool/base.py:673: in __init__
    self.__connect()
.venv/lib/python3.12/site-packages/sqlalchemy/pool/base.py:899: in __connect
    with util.safe_reraise():
.venv/lib/python3.12/site-packages/sqlalchemy/util/langhelpers.py:224: in __exit__
    raise exc_value.with_traceback(exc_tb)
.venv/lib/python3.12/site-packages/sqlalchemy/pool/base.py:895: in __connect
    self.dbapi_connection = connection = pool._invoke_creator(self)
                                         ^^^^^^^^^^^^^^^^^^^^^^^^^^
.venv/lib/python3.12/site-packages/sqlalchemy/engine/create.py:661: in connect
    return dialect.connect(*cargs, **cparams)
           ^^^^^^^^^^^^^^^^^^^^^^^^^^^^^^^^^^
.venv/lib/python3.12/site-packages/sqlalchemy/engine/default.py:629: in connect
    return self.loaded_dbapi.connect(*cargs, **cparams)  # type: ignore[no-any-return]  # NOQA: E501
           ^^^^^^^^^^^^^^^^^^^^^^^^^^^^^^^^^^^^^^^^^^^^
.venv/lib/python3.12/site-packages/sqlalchemy/dialects/postgresql/asyncpg.py:955: in connect
    await_only(creator_fn(*arg, **kw)),
    ^^^^^^^^^^^^^^^^^^^^^^^^^^^^^^^^^^
.venv/lib/python3.12/site-packages/sqlalchemy/util/_concurrency_py3k.py:132: in await_only
    return current.parent.switch(awaitable)  # type: ignore[no-any-return,attr-defined] # noqa: E501
           ^^^^^^^^^^^^^^^^^^^^^^^^^^^^^^^^
.venv/lib/python3.12/site-packages/sqlalchemy/util/_concurrency_py3k.py:196: in greenlet_spawn
    value = await result
            ^^^^^^^^^^^^
.venv/lib/python3.12/site-packages/asyncpg/connection.py:2421: in connect
    return await connect_utils._connect(
.venv/lib/python3.12/site-packages/asyncpg/connect_utils.py:1049: in _connect
    conn = await _connect_addr(
.venv/lib/python3.12/site-packages/asyncpg/connect_utils.py:886: in _connect_addr
    return await __connect_addr(params, True, *args)
           ^^^^^^^^^^^^^^^^^^^^^^^^^^^^^^^^^^^^^^^^^
_ _ _ _ _ _ _ _ _ _ _ _ _ _ _ _ _ _ _ _ _ _ _ _ _ _ _ _ _ _ _ _ _ _ _ _ _ _ _ _ 

params = ConnectionParameters(user='kwok', password='***', database='naicha_test', ssl=<ssl.SSLContext object at 0x7c391ef2f7d0...postgres'>, server_settings=None, target_session_attrs=<SessionAttribute.any: 'any'>, krbsrvname=None, gsslib='gssapi')
retry = True, addr = ('172.21.48.1', 5432)
loop = <_UnixSelectorEventLoop running=False closed=False debug=False>
config = ConnectionConfiguration(command_timeout=None, statement_cache_size=100, max_cached_statement_lifetime=300, max_cacheable_statement_size=15360)
connection_class = <class 'asyncpg.connection.Connection'>
record_class = <class 'asyncpg.Record'>
params_input = ConnectionParameters(user='kwok', password='***', database='naicha_test', ssl=<ssl.SSLContext object at 0x7c391ef2f7d0...postgres'>, server_settings=None, target_session_attrs=<SessionAttribute.any: 'any'>, krbsrvname=None, gsslib='gssapi')

    async def __connect_addr(
        params,
        retry,
        addr,
        loop,
        config,
        connection_class,
        record_class,
        params_input,
    ):
        connected = _create_future(loop)
    
        proto_factory = lambda: protocol.Protocol(
            addr, connected, params, record_class, loop)
    
        if isinstance(addr, str):
            # UNIX socket
            connector = loop.create_unix_connection(proto_factory, addr)
    
        elif params.ssl and params.ssl_negotiation is SSLNegotiation.direct:
            # if ssl and ssl_negotiation is `direct`, skip STARTTLS and perform
            # direct SSL connection
            connector = loop.create_connection(
                proto_factory, *addr, ssl=params.ssl
            )
    
        elif params.ssl:
            connector = _create_ssl_connection(
                proto_factory, *addr, loop=loop, ssl_context=params.ssl,
                ssl_is_advisory=params.sslmode == SSLMode.prefer)
        else:
            connector = loop.create_connection(proto_factory, *addr)
    
        tr, pr = await connector
    
        try:
>           await connected
E           asyncpg.exceptions.ConnectionDoesNotExistError: connection was closed in the middle of operation

.venv/lib/python3.12/site-packages/asyncpg/connect_utils.py:934: ConnectionDoesNotExistError
_______________ ERROR at setup of test_celery_down_compensation ________________

self = <_SelectorSocketTransport closed fd=17>

    def _read_ready__data_received(self):
        if self._conn_lost:
            return
        try:
>           data = self._sock.recv(self.max_size)
                   ^^^^^^^^^^^^^^^^^^^^^^^^^^^^^^
E           ConnectionResetError: [Errno 104] Connection reset by peer

/usr/lib/python3.12/asyncio/selector_events.py:1013: ConnectionResetError

The above exception was the direct cause of the following exception:

self = <Coroutine test_celery_down_compensation>

    def setup(self) -> None:
        runner_fixture_id = f"_{self._loop_scope}_scoped_runner"
        if runner_fixture_id not in self.fixturenames:
            self.fixturenames.append(runner_fixture_id)
>       return super().setup()
               ^^^^^^^^^^^^^^^

.venv/lib/python3.12/site-packages/pytest_asyncio/plugin.py:463: 
_ _ _ _ _ _ _ _ _ _ _ _ _ _ _ _ _ _ _ _ _ _ _ _ _ _ _ _ _ _ _ _ _ _ _ _ _ _ _ _ 
.venv/lib/python3.12/site-packages/pytest_asyncio/plugin.py:748: in pytest_fixture_setup
    hook_result = yield
                  ^^^^^
.venv/lib/python3.12/site-packages/pytest_asyncio/plugin.py:318: in _asyncgen_fixture_wrapper
    result = runner.run(setup(), context=context)
             ^^^^^^^^^^^^^^^^^^^^^^^^^^^^^^^^^^^^
/usr/lib/python3.12/asyncio/runners.py:118: in run
    return self._loop.run_until_complete(task)
           ^^^^^^^^^^^^^^^^^^^^^^^^^^^^^^^^^^^
/usr/lib/python3.12/asyncio/base_events.py:687: in run_until_complete
    return future.result()
           ^^^^^^^^^^^^^^^
.venv/lib/python3.12/site-packages/pytest_asyncio/plugin.py:314: in setup
    res = await gen_obj.__anext__()
          ^^^^^^^^^^^^^^^^^^^^^^^^^
tests/conftest.py:71: in model_test_engine
    async with engine.begin() as conn:
/usr/lib/python3.12/contextlib.py:210: in __aenter__
    return await anext(self.gen)
           ^^^^^^^^^^^^^^^^^^^^^
.venv/lib/python3.12/site-packages/sqlalchemy/ext/asyncio/engine.py:1068: in begin
    async with conn:
.venv/lib/python3.12/site-packages/sqlalchemy/ext/asyncio/base.py:121: in __aenter__
    return await self.start(is_ctxmanager=True)
           ^^^^^^^^^^^^^^^^^^^^^^^^^^^^^^^^^^^^
.venv/lib/python3.12/site-packages/sqlalchemy/ext/asyncio/engine.py:275: in start
    await greenlet_spawn(self.sync_engine.connect)
.venv/lib/python3.12/site-packages/sqlalchemy/util/_concurrency_py3k.py:201: in greenlet_spawn
    result = context.throw(*sys.exc_info())
             ^^^^^^^^^^^^^^^^^^^^^^^^^^^^^^
.venv/lib/python3.12/site-packages/sqlalchemy/engine/base.py:3277: in connect
    return self._connection_cls(self)
           ^^^^^^^^^^^^^^^^^^^^^^^^^^
.venv/lib/python3.12/site-packages/sqlalchemy/engine/base.py:143: in __init__
    self._dbapi_connection = engine.raw_connection()
                             ^^^^^^^^^^^^^^^^^^^^^^^
.venv/lib/python3.12/site-packages/sqlalchemy/engine/base.py:3301: in raw_connection
    return self.pool.connect()
           ^^^^^^^^^^^^^^^^^^^
.venv/lib/python3.12/site-packages/sqlalchemy/pool/base.py:447: in connect
    return _ConnectionFairy._checkout(self)
           ^^^^^^^^^^^^^^^^^^^^^^^^^^^^^^^^
.venv/lib/python3.12/site-packages/sqlalchemy/pool/base.py:1264: in _checkout
    fairy = _ConnectionRecord.checkout(pool)
            ^^^^^^^^^^^^^^^^^^^^^^^^^^^^^^^^
.venv/lib/python3.12/site-packages/sqlalchemy/pool/base.py:711: in checkout
    rec = pool._do_get()
          ^^^^^^^^^^^^^^
.venv/lib/python3.12/site-packages/sqlalchemy/pool/impl.py:177: in _do_get
    with util.safe_reraise():
.venv/lib/python3.12/site-packages/sqlalchemy/util/langhelpers.py:224: in __exit__
    raise exc_value.with_traceback(exc_tb)
.venv/lib/python3.12/site-packages/sqlalchemy/pool/impl.py:175: in _do_get
    return self._create_connection()
           ^^^^^^^^^^^^^^^^^^^^^^^^^
.venv/lib/python3.12/site-packages/sqlalchemy/pool/base.py:388: in _create_connection
    return _ConnectionRecord(self)
           ^^^^^^^^^^^^^^^^^^^^^^^
.venv/lib/python3.12/site-packages/sqlalchemy/pool/base.py:673: in __init__
    self.__connect()
.venv/lib/python3.12/site-packages/sqlalchemy/pool/base.py:899: in __connect
    with util.safe_reraise():
.venv/lib/python3.12/site-packages/sqlalchemy/util/langhelpers.py:224: in __exit__
    raise exc_value.with_traceback(exc_tb)
.venv/lib/python3.12/site-packages/sqlalchemy/pool/base.py:895: in __connect
    self.dbapi_connection = connection = pool._invoke_creator(self)
                                         ^^^^^^^^^^^^^^^^^^^^^^^^^^
.venv/lib/python3.12/site-packages/sqlalchemy/engine/create.py:661: in connect
    return dialect.connect(*cargs, **cparams)
           ^^^^^^^^^^^^^^^^^^^^^^^^^^^^^^^^^^
.venv/lib/python3.12/site-packages/sqlalchemy/engine/default.py:629: in connect
    return self.loaded_dbapi.connect(*cargs, **cparams)  # type: ignore[no-any-return]  # NOQA: E501
           ^^^^^^^^^^^^^^^^^^^^^^^^^^^^^^^^^^^^^^^^^^^^
.venv/lib/python3.12/site-packages/sqlalchemy/dialects/postgresql/asyncpg.py:955: in connect
    await_only(creator_fn(*arg, **kw)),
    ^^^^^^^^^^^^^^^^^^^^^^^^^^^^^^^^^^
.venv/lib/python3.12/site-packages/sqlalchemy/util/_concurrency_py3k.py:132: in await_only
    return current.parent.switch(awaitable)  # type: ignore[no-any-return,attr-defined] # noqa: E501
           ^^^^^^^^^^^^^^^^^^^^^^^^^^^^^^^^
.venv/lib/python3.12/site-packages/sqlalchemy/util/_concurrency_py3k.py:196: in greenlet_spawn
    value = await result
            ^^^^^^^^^^^^
.venv/lib/python3.12/site-packages/asyncpg/connection.py:2421: in connect
    return await connect_utils._connect(
.venv/lib/python3.12/site-packages/asyncpg/connect_utils.py:1049: in _connect
    conn = await _connect_addr(
.venv/lib/python3.12/site-packages/asyncpg/connect_utils.py:886: in _connect_addr
    return await __connect_addr(params, True, *args)
           ^^^^^^^^^^^^^^^^^^^^^^^^^^^^^^^^^^^^^^^^^
_ _ _ _ _ _ _ _ _ _ _ _ _ _ _ _ _ _ _ _ _ _ _ _ _ _ _ _ _ _ _ _ _ _ _ _ _ _ _ _ 

params = ConnectionParameters(user='kwok', password='***', database='naicha_test', ssl=<ssl.SSLContext object at 0x7c39208d9bd0...postgres'>, server_settings=None, target_session_attrs=<SessionAttribute.any: 'any'>, krbsrvname=None, gsslib='gssapi')
retry = True, addr = ('172.21.48.1', 5432)
loop = <_UnixSelectorEventLoop running=False closed=False debug=False>
config = ConnectionConfiguration(command_timeout=None, statement_cache_size=100, max_cached_statement_lifetime=300, max_cacheable_statement_size=15360)
connection_class = <class 'asyncpg.connection.Connection'>
record_class = <class 'asyncpg.Record'>
params_input = ConnectionParameters(user='kwok', password='***', database='naicha_test', ssl=<ssl.SSLContext object at 0x7c39208d9bd0...postgres'>, server_settings=None, target_session_attrs=<SessionAttribute.any: 'any'>, krbsrvname=None, gsslib='gssapi')

    async def __connect_addr(
        params,
        retry,
        addr,
        loop,
        config,
        connection_class,
        record_class,
        params_input,
    ):
        connected = _create_future(loop)
    
        proto_factory = lambda: protocol.Protocol(
            addr, connected, params, record_class, loop)
    
        if isinstance(addr, str):
            # UNIX socket
            connector = loop.create_unix_connection(proto_factory, addr)
    
        elif params.ssl and params.ssl_negotiation is SSLNegotiation.direct:
            # if ssl and ssl_negotiation is `direct`, skip STARTTLS and perform
            # direct SSL connection
            connector = loop.create_connection(
                proto_factory, *addr, ssl=params.ssl
            )
    
        elif params.ssl:
            connector = _create_ssl_connection(
                proto_factory, *addr, loop=loop, ssl_context=params.ssl,
                ssl_is_advisory=params.sslmode == SSLMode.prefer)
        else:
            connector = loop.create_connection(proto_factory, *addr)
    
        tr, pr = await connector
    
        try:
>           await connected
E           asyncpg.exceptions.ConnectionDoesNotExistError: connection was closed in the middle of operation

.venv/lib/python3.12/site-packages/asyncpg/connect_utils.py:934: ConnectionDoesNotExistError
_______________ ERROR at setup of test_duplicate_scan_idempotent _______________

self = <_SelectorSocketTransport closed fd=17>

    def _read_ready__data_received(self):
        if self._conn_lost:
            return
        try:
>           data = self._sock.recv(self.max_size)
                   ^^^^^^^^^^^^^^^^^^^^^^^^^^^^^^
E           ConnectionResetError: [Errno 104] Connection reset by peer

/usr/lib/python3.12/asyncio/selector_events.py:1013: ConnectionResetError

The above exception was the direct cause of the following exception:

self = <Coroutine test_duplicate_scan_idempotent>

    def setup(self) -> None:
        runner_fixture_id = f"_{self._loop_scope}_scoped_runner"
        if runner_fixture_id not in self.fixturenames:
            self.fixturenames.append(runner_fixture_id)
>       return super().setup()
               ^^^^^^^^^^^^^^^

.venv/lib/python3.12/site-packages/pytest_asyncio/plugin.py:463: 
_ _ _ _ _ _ _ _ _ _ _ _ _ _ _ _ _ _ _ _ _ _ _ _ _ _ _ _ _ _ _ _ _ _ _ _ _ _ _ _ 
.venv/lib/python3.12/site-packages/pytest_asyncio/plugin.py:748: in pytest_fixture_setup
    hook_result = yield
                  ^^^^^
.venv/lib/python3.12/site-packages/pytest_asyncio/plugin.py:318: in _asyncgen_fixture_wrapper
    result = runner.run(setup(), context=context)
             ^^^^^^^^^^^^^^^^^^^^^^^^^^^^^^^^^^^^
/usr/lib/python3.12/asyncio/runners.py:118: in run
    return self._loop.run_until_complete(task)
           ^^^^^^^^^^^^^^^^^^^^^^^^^^^^^^^^^^^
/usr/lib/python3.12/asyncio/base_events.py:687: in run_until_complete
    return future.result()
           ^^^^^^^^^^^^^^^
.venv/lib/python3.12/site-packages/pytest_asyncio/plugin.py:314: in setup
    res = await gen_obj.__anext__()
          ^^^^^^^^^^^^^^^^^^^^^^^^^
tests/conftest.py:71: in model_test_engine
    async with engine.begin() as conn:
/usr/lib/python3.12/contextlib.py:210: in __aenter__
    return await anext(self.gen)
           ^^^^^^^^^^^^^^^^^^^^^
.venv/lib/python3.12/site-packages/sqlalchemy/ext/asyncio/engine.py:1068: in begin
    async with conn:
.venv/lib/python3.12/site-packages/sqlalchemy/ext/asyncio/base.py:121: in __aenter__
    return await self.start(is_ctxmanager=True)
           ^^^^^^^^^^^^^^^^^^^^^^^^^^^^^^^^^^^^
.venv/lib/python3.12/site-packages/sqlalchemy/ext/asyncio/engine.py:275: in start
    await greenlet_spawn(self.sync_engine.connect)
.venv/lib/python3.12/site-packages/sqlalchemy/util/_concurrency_py3k.py:201: in greenlet_spawn
    result = context.throw(*sys.exc_info())
             ^^^^^^^^^^^^^^^^^^^^^^^^^^^^^^
.venv/lib/python3.12/site-packages/sqlalchemy/engine/base.py:3277: in connect
    return self._connection_cls(self)
           ^^^^^^^^^^^^^^^^^^^^^^^^^^
.venv/lib/python3.12/site-packages/sqlalchemy/engine/base.py:143: in __init__
    self._dbapi_connection = engine.raw_connection()
                             ^^^^^^^^^^^^^^^^^^^^^^^
.venv/lib/python3.12/site-packages/sqlalchemy/engine/base.py:3301: in raw_connection
    return self.pool.connect()
           ^^^^^^^^^^^^^^^^^^^
.venv/lib/python3.12/site-packages/sqlalchemy/pool/base.py:447: in connect
    return _ConnectionFairy._checkout(self)
           ^^^^^^^^^^^^^^^^^^^^^^^^^^^^^^^^
.venv/lib/python3.12/site-packages/sqlalchemy/pool/base.py:1264: in _checkout
    fairy = _ConnectionRecord.checkout(pool)
            ^^^^^^^^^^^^^^^^^^^^^^^^^^^^^^^^
.venv/lib/python3.12/site-packages/sqlalchemy/pool/base.py:711: in checkout
    rec = pool._do_get()
          ^^^^^^^^^^^^^^
.venv/lib/python3.12/site-packages/sqlalchemy/pool/impl.py:177: in _do_get
    with util.safe_reraise():
.venv/lib/python3.12/site-packages/sqlalchemy/util/langhelpers.py:224: in __exit__
    raise exc_value.with_traceback(exc_tb)
.venv/lib/python3.12/site-packages/sqlalchemy/pool/impl.py:175: in _do_get
    return self._create_connection()
           ^^^^^^^^^^^^^^^^^^^^^^^^^
.venv/lib/python3.12/site-packages/sqlalchemy/pool/base.py:388: in _create_connection
    return _ConnectionRecord(self)
           ^^^^^^^^^^^^^^^^^^^^^^^
.venv/lib/python3.12/site-packages/sqlalchemy/pool/base.py:673: in __init__
    self.__connect()
.venv/lib/python3.12/site-packages/sqlalchemy/pool/base.py:899: in __connect
    with util.safe_reraise():
.venv/lib/python3.12/site-packages/sqlalchemy/util/langhelpers.py:224: in __exit__
    raise exc_value.with_traceback(exc_tb)
.venv/lib/python3.12/site-packages/sqlalchemy/pool/base.py:895: in __connect
    self.dbapi_connection = connection = pool._invoke_creator(self)
                                         ^^^^^^^^^^^^^^^^^^^^^^^^^^
.venv/lib/python3.12/site-packages/sqlalchemy/engine/create.py:661: in connect
    return dialect.connect(*cargs, **cparams)
           ^^^^^^^^^^^^^^^^^^^^^^^^^^^^^^^^^^
.venv/lib/python3.12/site-packages/sqlalchemy/engine/default.py:629: in connect
    return self.loaded_dbapi.connect(*cargs, **cparams)  # type: ignore[no-any-return]  # NOQA: E501
           ^^^^^^^^^^^^^^^^^^^^^^^^^^^^^^^^^^^^^^^^^^^^
.venv/lib/python3.12/site-packages/sqlalchemy/dialects/postgresql/asyncpg.py:955: in connect
    await_only(creator_fn(*arg, **kw)),
    ^^^^^^^^^^^^^^^^^^^^^^^^^^^^^^^^^^
.venv/lib/python3.12/site-packages/sqlalchemy/util/_concurrency_py3k.py:132: in await_only
    return current.parent.switch(awaitable)  # type: ignore[no-any-return,attr-defined] # noqa: E501
           ^^^^^^^^^^^^^^^^^^^^^^^^^^^^^^^^
.venv/lib/python3.12/site-packages/sqlalchemy/util/_concurrency_py3k.py:196: in greenlet_spawn
    value = await result
            ^^^^^^^^^^^^
.venv/lib/python3.12/site-packages/asyncpg/connection.py:2421: in connect
    return await connect_utils._connect(
.venv/lib/python3.12/site-packages/asyncpg/connect_utils.py:1049: in _connect
    conn = await _connect_addr(
.venv/lib/python3.12/site-packages/asyncpg/connect_utils.py:886: in _connect_addr
    return await __connect_addr(params, True, *args)
           ^^^^^^^^^^^^^^^^^^^^^^^^^^^^^^^^^^^^^^^^^
_ _ _ _ _ _ _ _ _ _ _ _ _ _ _ _ _ _ _ _ _ _ _ _ _ _ _ _ _ _ _ _ _ _ _ _ _ _ _ _ 

params = ConnectionParameters(user='kwok', password='***', database='naicha_test', ssl=<ssl.SSLContext object at 0x7c391f1135d0...postgres'>, server_settings=None, target_session_attrs=<SessionAttribute.any: 'any'>, krbsrvname=None, gsslib='gssapi')
retry = True, addr = ('172.21.48.1', 5432)
loop = <_UnixSelectorEventLoop running=False closed=False debug=False>
config = ConnectionConfiguration(command_timeout=None, statement_cache_size=100, max_cached_statement_lifetime=300, max_cacheable_statement_size=15360)
connection_class = <class 'asyncpg.connection.Connection'>
record_class = <class 'asyncpg.Record'>
params_input = ConnectionParameters(user='kwok', password='***', database='naicha_test', ssl=<ssl.SSLContext object at 0x7c391f1135d0...postgres'>, server_settings=None, target_session_attrs=<SessionAttribute.any: 'any'>, krbsrvname=None, gsslib='gssapi')

    async def __connect_addr(
        params,
        retry,
        addr,
        loop,
        config,
        connection_class,
        record_class,
        params_input,
    ):
        connected = _create_future(loop)
    
        proto_factory = lambda: protocol.Protocol(
            addr, connected, params, record_class, loop)
    
        if isinstance(addr, str):
            # UNIX socket
            connector = loop.create_unix_connection(proto_factory, addr)
    
        elif params.ssl and params.ssl_negotiation is SSLNegotiation.direct:
            # if ssl and ssl_negotiation is `direct`, skip STARTTLS and perform
            # direct SSL connection
            connector = loop.create_connection(
                proto_factory, *addr, ssl=params.ssl
            )
    
        elif params.ssl:
            connector = _create_ssl_connection(
                proto_factory, *addr, loop=loop, ssl_context=params.ssl,
                ssl_is_advisory=params.sslmode == SSLMode.prefer)
        else:
            connector = loop.create_connection(proto_factory, *addr)
    
        tr, pr = await connector
    
        try:
>           await connected
E           asyncpg.exceptions.ConnectionDoesNotExistError: connection was closed in the middle of operation

.venv/lib/python3.12/site-packages/asyncpg/connect_utils.py:934: ConnectionDoesNotExistError
=================================== FAILURES ===================================
____________________ test_dashboard_day_range_with_compare _____________________

self = <sqlalchemy.dialects.postgresql.asyncpg.AsyncAdapt_asyncpg_cursor object at 0x7c39219d5de0>
operation = 'INSERT INTO order_items (item_id, order_id, product_id, product_name, quantity, unit_price) VALUES ($1::BIGINT, $2::BIGINT, $3::BIGINT, $4::VARCHAR, $5::INTEGER, $6::NUMERIC(10, 2))'
seq_of_parameters = [(930, 920, 1, '红茶拿铁', 2, Decimal('15.00')), (931, 921, 2, '乌龙奶盖', 1, Decimal('20.00'))]

    async def _executemany(self, operation, seq_of_parameters):
        adapt_connection = self._adapt_connection
    
        self.description = None
        async with adapt_connection._execute_mutex:
            await adapt_connection._check_type_cache_invalidation(
                self._invalidate_schema_cache_asof
            )
    
            if not adapt_connection._started:
                await adapt_connection._start_transaction()
    
            try:
>               return await self._connection.executemany(
                    operation, seq_of_parameters
                )

.venv/lib/python3.12/site-packages/sqlalchemy/dialects/postgresql/asyncpg.py:578: 
_ _ _ _ _ _ _ _ _ _ _ _ _ _ _ _ _ _ _ _ _ _ _ _ _ _ _ _ _ _ _ _ _ _ _ _ _ _ _ _ 
.venv/lib/python3.12/site-packages/asyncpg/connection.py:390: in executemany
    return await self._executemany(command, args, timeout)
           ^^^^^^^^^^^^^^^^^^^^^^^^^^^^^^^^^^^^^^^^^^^^^^^
.venv/lib/python3.12/site-packages/asyncpg/connection.py:1988: in _executemany
    result, _ = await self._do_execute(
.venv/lib/python3.12/site-packages/asyncpg/connection.py:2024: in _do_execute
    result = await executor(stmt, None)
             ^^^^^^^^^^^^^^^^^^^^^^^^^^
_ _ _ _ _ _ _ _ _ _ _ _ _ _ _ _ _ _ _ _ _ _ _ _ _ _ _ _ _ _ _ _ _ _ _ _ _ _ _ _ 

>   ???
E   asyncpg.exceptions.ForeignKeyViolationError: 插入或更新表 "order_items" 违反外键约束 "fk_order_items_product_id_products"
E   DETAIL:  键值对(product_id)=(1)没有在表"products"中出现.

asyncpg/protocol/protocol.pyx:268: ForeignKeyViolationError

The above exception was the direct cause of the following exception:

self = <sqlalchemy.engine.base.Connection object at 0x7c392187e570>
dialect = <sqlalchemy.dialects.postgresql.asyncpg.PGDialect_asyncpg object at 0x7c39219a8410>
context = <sqlalchemy.dialects.postgresql.asyncpg.PGExecutionContext_asyncpg object at 0x7c3921858f50>
statement = <sqlalchemy.dialects.postgresql.asyncpg.PGCompiler_asyncpg object at 0x7c3921859160>
parameters = [(930, 920, 1, '红茶拿铁', 2, Decimal('15.00')), (931, 921, 2, '乌龙奶盖', 1, Decimal('20.00'))]

    def _exec_single_context(
        self,
        dialect: Dialect,
        context: ExecutionContext,
        statement: Union[str, Compiled],
        parameters: Optional[_AnyMultiExecuteParams],
    ) -> CursorResult[Any]:
        """continue the _execute_context() method for a single DBAPI
        cursor.execute() or cursor.executemany() call.
    
        """
        if dialect.bind_typing is BindTyping.SETINPUTSIZES:
            generic_setinputsizes = context._prepare_set_input_sizes()
    
            if generic_setinputsizes:
                try:
                    dialect.do_set_input_sizes(
                        context.cursor, generic_setinputsizes, context
                    )
                except BaseException as e:
                    self._handle_dbapi_exception(
                        e, str(statement), parameters, None, context
                    )
    
        cursor, str_statement, parameters = (
            context.cursor,
            context.statement,
            context.parameters,
        )
    
        effective_parameters: Optional[_AnyExecuteParams]
    
        if not context.executemany:
            effective_parameters = parameters[0]
        else:
            effective_parameters = parameters
    
        if self._has_events or self.engine._has_events:
            for fn in self.dispatch.before_cursor_execute:
                str_statement, effective_parameters = fn(
                    self,
                    cursor,
                    str_statement,
                    effective_parameters,
                    context,
                    context.executemany,
                )
    
        if self._echo:
            self._log_info(str_statement)
    
            stats = context._get_cache_stats()
    
            if not self.engine.hide_parameters:
                self._log_info(
                    "[%s] %r",
                    stats,
                    sql_util._repr_params(
                        effective_parameters,
                        batches=10,
                        ismulti=context.executemany,
                    ),
                )
            else:
                self._log_info(
                    "[%s] [SQL parameters hidden due to hide_parameters=True]",
                    stats,
                )
    
        evt_handled: bool = False
        try:
            if context.execute_style is ExecuteStyle.EXECUTEMANY:
                effective_parameters = cast(
                    "_CoreMultiExecuteParams", effective_parameters
                )
                if self.dialect._has_events:
                    for fn in self.dialect.dispatch.do_executemany:
                        if fn(
                            cursor,
                            str_statement,
                            effective_parameters,
                            context,
                        ):
                            evt_handled = True
                            break
                if not evt_handled:
>                   self.dialect.do_executemany(
                        cursor,
                        str_statement,
                        effective_parameters,
                        context,

.venv/lib/python3.12/site-packages/sqlalchemy/engine/base.py:1936: 
_ _ _ _ _ _ _ _ _ _ _ _ _ _ _ _ _ _ _ _ _ _ _ _ _ _ _ _ _ _ _ _ _ _ _ _ _ _ _ _ 
.venv/lib/python3.12/site-packages/sqlalchemy/engine/default.py:948: in do_executemany
    cursor.executemany(statement, parameters)
.venv/lib/python3.12/site-packages/sqlalchemy/dialects/postgresql/asyncpg.py:590: in executemany
    return self._adapt_connection.await_(
.venv/lib/python3.12/site-packages/sqlalchemy/util/_concurrency_py3k.py:132: in await_only
    return current.parent.switch(awaitable)  # type: ignore[no-any-return,attr-defined] # noqa: E501
           ^^^^^^^^^^^^^^^^^^^^^^^^^^^^^^^^
.venv/lib/python3.12/site-packages/sqlalchemy/util/_concurrency_py3k.py:196: in greenlet_spawn
    value = await result
            ^^^^^^^^^^^^
.venv/lib/python3.12/site-packages/sqlalchemy/dialects/postgresql/asyncpg.py:582: in _executemany
    self._handle_exception(error)
.venv/lib/python3.12/site-packages/sqlalchemy/dialects/postgresql/asyncpg.py:513: in _handle_exception
    self._adapt_connection._handle_exception(error)
_ _ _ _ _ _ _ _ _ _ _ _ _ _ _ _ _ _ _ _ _ _ _ _ _ _ _ _ _ _ _ _ _ _ _ _ _ _ _ _ 

self = <AdaptedConnection <asyncpg.connection.Connection object at 0x7c39219a26c0>>
error = ForeignKeyViolationError('插入或更新表 "order_items" 违反外键约束 "fk_order_items_product_id_products"')

    def _handle_exception(self, error):
        if self._connection.is_closed():
            self._transaction = None
            self._started = False
    
        if not isinstance(error, AsyncAdapt_asyncpg_dbapi.Error):
            exception_mapping = self.dbapi._asyncpg_error_translate
    
            for super_ in type(error).__mro__:
                if super_ in exception_mapping:
                    translated_error = exception_mapping[super_](
                        "%s: %s" % (type(error), error)
                    )
                    translated_error.pgcode = translated_error.sqlstate = (
                        getattr(error, "sqlstate", None)
                    )
>                   raise translated_error from error
E                   sqlalchemy.dialects.postgresql.asyncpg.AsyncAdapt_asyncpg_dbapi.IntegrityError: <class 'asyncpg.exceptions.ForeignKeyViolationError'>: 插入或更新表 "order_items" 违反外键约束 "fk_order_items_product_id_products"
E                   DETAIL:  键值对(product_id)=(1)没有在表"products"中出现.

.venv/lib/python3.12/site-packages/sqlalchemy/dialects/postgresql/asyncpg.py:797: IntegrityError

The above exception was the direct cause of the following exception:

db_session = <sqlalchemy.ext.asyncio.session.AsyncSession object at 0x7c392185bf50>
monkeypatch = <_pytest.monkeypatch.MonkeyPatch object at 0x7c392189e3f0>

    @pytest.mark.asyncio
    async def test_dashboard_day_range_with_compare(db_session, monkeypatch) -> None:
        now = _fixed_now()
>       await _seed_orders(db_session, now=now)

tests/api/test_admin_dashboard.py:100: 
_ _ _ _ _ _ _ _ _ _ _ _ _ _ _ _ _ _ _ _ _ _ _ _ _ _ _ _ _ _ _ _ _ _ _ _ _ _ _ _ 
tests/api/test_admin_dashboard.py:94: in _seed_orders
    await session.flush()
.venv/lib/python3.12/site-packages/sqlalchemy/ext/asyncio/session.py:787: in flush
    await greenlet_spawn(self.sync_session.flush, objects=objects)
.venv/lib/python3.12/site-packages/sqlalchemy/util/_concurrency_py3k.py:203: in greenlet_spawn
    result = context.switch(value)
             ^^^^^^^^^^^^^^^^^^^^^
.venv/lib/python3.12/site-packages/sqlalchemy/orm/session.py:4331: in flush
    self._flush(objects)
.venv/lib/python3.12/site-packages/sqlalchemy/orm/session.py:4466: in _flush
    with util.safe_reraise():
.venv/lib/python3.12/site-packages/sqlalchemy/util/langhelpers.py:224: in __exit__
    raise exc_value.with_traceback(exc_tb)
.venv/lib/python3.12/site-packages/sqlalchemy/orm/session.py:4427: in _flush
    flush_context.execute()
.venv/lib/python3.12/site-packages/sqlalchemy/orm/unitofwork.py:466: in execute
    rec.execute(self)
.venv/lib/python3.12/site-packages/sqlalchemy/orm/unitofwork.py:642: in execute
    util.preloaded.orm_persistence.save_obj(
.venv/lib/python3.12/site-packages/sqlalchemy/orm/persistence.py:93: in save_obj
    _emit_insert_statements(
.venv/lib/python3.12/site-packages/sqlalchemy/orm/persistence.py:1048: in _emit_insert_statements
    result = connection.execute(
.venv/lib/python3.12/site-packages/sqlalchemy/engine/base.py:1419: in execute
    return meth(
.venv/lib/python3.12/site-packages/sqlalchemy/sql/elements.py:526: in _execute_on_connection
    return connection._execute_clauseelement(
.venv/lib/python3.12/site-packages/sqlalchemy/engine/base.py:1641: in _execute_clauseelement
    ret = self._execute_context(
.venv/lib/python3.12/site-packages/sqlalchemy/engine/base.py:1846: in _execute_context
    return self._exec_single_context(
.venv/lib/python3.12/site-packages/sqlalchemy/engine/base.py:1986: in _exec_single_context
    self._handle_dbapi_exception(
.venv/lib/python3.12/site-packages/sqlalchemy/engine/base.py:2355: in _handle_dbapi_exception
    raise sqlalchemy_exception.with_traceback(exc_info[2]) from e
.venv/lib/python3.12/site-packages/sqlalchemy/engine/base.py:1936: in _exec_single_context
    self.dialect.do_executemany(
.venv/lib/python3.12/site-packages/sqlalchemy/engine/default.py:948: in do_executemany
    cursor.executemany(statement, parameters)
.venv/lib/python3.12/site-packages/sqlalchemy/dialects/postgresql/asyncpg.py:590: in executemany
    return self._adapt_connection.await_(
.venv/lib/python3.12/site-packages/sqlalchemy/util/_concurrency_py3k.py:132: in await_only
    return current.parent.switch(awaitable)  # type: ignore[no-any-return,attr-defined] # noqa: E501
           ^^^^^^^^^^^^^^^^^^^^^^^^^^^^^^^^
.venv/lib/python3.12/site-packages/sqlalchemy/util/_concurrency_py3k.py:196: in greenlet_spawn
    value = await result
            ^^^^^^^^^^^^
.venv/lib/python3.12/site-packages/sqlalchemy/dialects/postgresql/asyncpg.py:582: in _executemany
    self._handle_exception(error)
.venv/lib/python3.12/site-packages/sqlalchemy/dialects/postgresql/asyncpg.py:513: in _handle_exception
    self._adapt_connection._handle_exception(error)
_ _ _ _ _ _ _ _ _ _ _ _ _ _ _ _ _ _ _ _ _ _ _ _ _ _ _ _ _ _ _ _ _ _ _ _ _ _ _ _ 

self = <AdaptedConnection <asyncpg.connection.Connection object at 0x7c39219a26c0>>
error = ForeignKeyViolationError('插入或更新表 "order_items" 违反外键约束 "fk_order_items_product_id_products"')

    def _handle_exception(self, error):
        if self._connection.is_closed():
            self._transaction = None
            self._started = False
    
        if not isinstance(error, AsyncAdapt_asyncpg_dbapi.Error):
            exception_mapping = self.dbapi._asyncpg_error_translate
    
            for super_ in type(error).__mro__:
                if super_ in exception_mapping:
                    translated_error = exception_mapping[super_](
                        "%s: %s" % (type(error), error)
                    )
                    translated_error.pgcode = translated_error.sqlstate = (
                        getattr(error, "sqlstate", None)
                    )
>                   raise translated_error from error
E                   sqlalchemy.exc.IntegrityError: (sqlalchemy.dialects.postgresql.asyncpg.IntegrityError) <class 'asyncpg.exceptions.ForeignKeyViolationError'>: 插入或更新表 "order_items" 违反外键约束 "fk_order_items_product_id_products"
E                   DETAIL:  键值对(product_id)=(1)没有在表"products"中出现.
E                   [SQL: INSERT INTO order_items (item_id, order_id, product_id, product_name, quantity, unit_price) VALUES ($1::BIGINT, $2::BIGINT, $3::BIGINT, $4::VARCHAR, $5::INTEGER, $6::NUMERIC(10, 2))]
E                   [parameters: [(930, 920, 1, '红茶拿铁', 2, Decimal('15.00')), (931, 921, 2, '乌龙奶盖', 1, Decimal('20.00'))]]
E                   (Background on this error at: https://sqlalche.me/e/20/gkpj)

.venv/lib/python3.12/site-packages/sqlalchemy/dialects/postgresql/asyncpg.py:797: IntegrityError
____________ test_admin_updates_product_inventory_and_menu_reflects ____________

self = <sqlalchemy.dialects.postgresql.asyncpg.AsyncAdapt_asyncpg_cursor object at 0x7c3920083d60>
operation = 'INSERT INTO product_categories (product_id, category_id) VALUES ($1::BIGINT, $2::BIGINT)'
parameters = (3001, 3001)

    async def _prepare_and_execute(self, operation, parameters):
        adapt_connection = self._adapt_connection
    
        async with adapt_connection._execute_mutex:
            if not adapt_connection._started:
                await adapt_connection._start_transaction()
    
            if parameters is None:
                parameters = ()
    
            try:
                prepared_stmt, attributes = await adapt_connection._prepare(
                    operation, self._invalidate_schema_cache_asof
                )
    
                if attributes:
                    self.description = [
                        (
                            attr.name,
                            attr.type.oid,
                            None,
                            None,
                            None,
                            None,
                            None,
                        )
                        for attr in attributes
                    ]
                else:
                    self.description = None
    
                if self.server_side:
                    self._cursor = await prepared_stmt.cursor(*parameters)
                    self.rowcount = -1
                else:
>                   self._rows = deque(await prepared_stmt.fetch(*parameters))
                                       ^^^^^^^^^^^^^^^^^^^^^^^^^^^^^^^^^^^^^^

.venv/lib/python3.12/site-packages/sqlalchemy/dialects/postgresql/asyncpg.py:550: 
_ _ _ _ _ _ _ _ _ _ _ _ _ _ _ _ _ _ _ _ _ _ _ _ _ _ _ _ _ _ _ _ _ _ _ _ _ _ _ _ 
.venv/lib/python3.12/site-packages/asyncpg/prepared_stmt.py:176: in fetch
    data = await self.__bind_execute(args, 0, timeout)
           ^^^^^^^^^^^^^^^^^^^^^^^^^^^^^^^^^^^^^^^^^^^
.venv/lib/python3.12/site-packages/asyncpg/prepared_stmt.py:267: in __bind_execute
    data, status, _ = await self.__do_execute(
.venv/lib/python3.12/site-packages/asyncpg/prepared_stmt.py:256: in __do_execute
    return await executor(protocol)
           ^^^^^^^^^^^^^^^^^^^^^^^^
_ _ _ _ _ _ _ _ _ _ _ _ _ _ _ _ _ _ _ _ _ _ _ _ _ _ _ _ _ _ _ _ _ _ _ _ _ _ _ _ 

>   ???
E   asyncpg.exceptions.ForeignKeyViolationError: 插入或更新表 "product_categories" 违反外键约束 "fk_product_categories_product_id_products"
E   DETAIL:  键值对(product_id)=(3001)没有在表"products"中出现.

asyncpg/protocol/protocol.pyx:206: ForeignKeyViolationError

The above exception was the direct cause of the following exception:

self = <sqlalchemy.engine.base.Connection object at 0x7c3920cd9130>
dialect = <sqlalchemy.dialects.postgresql.asyncpg.PGDialect_asyncpg object at 0x7c39215d3e60>
context = <sqlalchemy.dialects.postgresql.asyncpg.PGExecutionContext_asyncpg object at 0x7c3920cd9550>
statement = <sqlalchemy.dialects.postgresql.asyncpg.PGCompiler_asyncpg object at 0x7c3920cd9340>
parameters = [(3001, 3001)]

    def _exec_single_context(
        self,
        dialect: Dialect,
        context: ExecutionContext,
        statement: Union[str, Compiled],
        parameters: Optional[_AnyMultiExecuteParams],
    ) -> CursorResult[Any]:
        """continue the _execute_context() method for a single DBAPI
        cursor.execute() or cursor.executemany() call.
    
        """
        if dialect.bind_typing is BindTyping.SETINPUTSIZES:
            generic_setinputsizes = context._prepare_set_input_sizes()
    
            if generic_setinputsizes:
                try:
                    dialect.do_set_input_sizes(
                        context.cursor, generic_setinputsizes, context
                    )
                except BaseException as e:
                    self._handle_dbapi_exception(
                        e, str(statement), parameters, None, context
                    )
    
        cursor, str_statement, parameters = (
            context.cursor,
            context.statement,
            context.parameters,
        )
    
        effective_parameters: Optional[_AnyExecuteParams]
    
        if not context.executemany:
            effective_parameters = parameters[0]
        else:
            effective_parameters = parameters
    
        if self._has_events or self.engine._has_events:
            for fn in self.dispatch.before_cursor_execute:
                str_statement, effective_parameters = fn(
                    self,
                    cursor,
                    str_statement,
                    effective_parameters,
                    context,
                    context.executemany,
                )
    
        if self._echo:
            self._log_info(str_statement)
    
            stats = context._get_cache_stats()
    
            if not self.engine.hide_parameters:
                self._log_info(
                    "[%s] %r",
                    stats,
                    sql_util._repr_params(
                        effective_parameters,
                        batches=10,
                        ismulti=context.executemany,
                    ),
                )
            else:
                self._log_info(
                    "[%s] [SQL parameters hidden due to hide_parameters=True]",
                    stats,
                )
    
        evt_handled: bool = False
        try:
            if context.execute_style is ExecuteStyle.EXECUTEMANY:
                effective_parameters = cast(
                    "_CoreMultiExecuteParams", effective_parameters
                )
                if self.dialect._has_events:
                    for fn in self.dialect.dispatch.do_executemany:
                        if fn(
                            cursor,
                            str_statement,
                            effective_parameters,
                            context,
                        ):
                            evt_handled = True
                            break
                if not evt_handled:
                    self.dialect.do_executemany(
                        cursor,
                        str_statement,
                        effective_parameters,
                        context,
                    )
            elif not effective_parameters and context.no_parameters:
                if self.dialect._has_events:
                    for fn in self.dialect.dispatch.do_execute_no_params:
                        if fn(cursor, str_statement, context):
                            evt_handled = True
                            break
                if not evt_handled:
                    self.dialect.do_execute_no_params(
                        cursor, str_statement, context
                    )
            else:
                effective_parameters = cast(
                    "_CoreSingleExecuteParams", effective_parameters
                )
                if self.dialect._has_events:
                    for fn in self.dialect.dispatch.do_execute:
                        if fn(
                            cursor,
                            str_statement,
                            effective_parameters,
                            context,
                        ):
                            evt_handled = True
                            break
                if not evt_handled:
>                   self.dialect.do_execute(
                        cursor, str_statement, effective_parameters, context
                    )

.venv/lib/python3.12/site-packages/sqlalchemy/engine/base.py:1967: 
_ _ _ _ _ _ _ _ _ _ _ _ _ _ _ _ _ _ _ _ _ _ _ _ _ _ _ _ _ _ _ _ _ _ _ _ _ _ _ _ 
.venv/lib/python3.12/site-packages/sqlalchemy/engine/default.py:951: in do_execute
    cursor.execute(statement, parameters)
.venv/lib/python3.12/site-packages/sqlalchemy/dialects/postgresql/asyncpg.py:585: in execute
    self._adapt_connection.await_(
.venv/lib/python3.12/site-packages/sqlalchemy/util/_concurrency_py3k.py:132: in await_only
    return current.parent.switch(awaitable)  # type: ignore[no-any-return,attr-defined] # noqa: E501
           ^^^^^^^^^^^^^^^^^^^^^^^^^^^^^^^^
.venv/lib/python3.12/site-packages/sqlalchemy/util/_concurrency_py3k.py:196: in greenlet_spawn
    value = await result
            ^^^^^^^^^^^^
.venv/lib/python3.12/site-packages/sqlalchemy/dialects/postgresql/asyncpg.py:563: in _prepare_and_execute
    self._handle_exception(error)
.venv/lib/python3.12/site-packages/sqlalchemy/dialects/postgresql/asyncpg.py:513: in _handle_exception
    self._adapt_connection._handle_exception(error)
_ _ _ _ _ _ _ _ _ _ _ _ _ _ _ _ _ _ _ _ _ _ _ _ _ _ _ _ _ _ _ _ _ _ _ _ _ _ _ _ 

self = <AdaptedConnection <asyncpg.connection.Connection object at 0x7c392186d5e0>>
error = ForeignKeyViolationError('插入或更新表 "product_categories" 违反外键约束 "fk_product_categories_product_id_products"')

    def _handle_exception(self, error):
        if self._connection.is_closed():
            self._transaction = None
            self._started = False
    
        if not isinstance(error, AsyncAdapt_asyncpg_dbapi.Error):
            exception_mapping = self.dbapi._asyncpg_error_translate
    
            for super_ in type(error).__mro__:
                if super_ in exception_mapping:
                    translated_error = exception_mapping[super_](
                        "%s: %s" % (type(error), error)
                    )
                    translated_error.pgcode = translated_error.sqlstate = (
                        getattr(error, "sqlstate", None)
                    )
>                   raise translated_error from error
E                   sqlalchemy.dialects.postgresql.asyncpg.AsyncAdapt_asyncpg_dbapi.IntegrityError: <class 'asyncpg.exceptions.ForeignKeyViolationError'>: 插入或更新表 "product_categories" 违反外键约束 "fk_product_categories_product_id_products"
E                   DETAIL:  键值对(product_id)=(3001)没有在表"products"中出现.

.venv/lib/python3.12/site-packages/sqlalchemy/dialects/postgresql/asyncpg.py:797: IntegrityError

The above exception was the direct cause of the following exception:

db_session = <sqlalchemy.ext.asyncio.session.AsyncSession object at 0x7c39215d2ba0>

    @pytest.mark.asyncio
    async def test_admin_updates_product_inventory_and_menu_reflects(db_session) -> None:
        invalidate_menu_cache()
>       product, _ = await _seed_menu(db_session)
                     ^^^^^^^^^^^^^^^^^^^^^^^^^^^^

tests/api/test_admin_inventory.py:61: 
_ _ _ _ _ _ _ _ _ _ _ _ _ _ _ _ _ _ _ _ _ _ _ _ _ _ _ _ _ _ _ _ _ _ _ _ _ _ _ _ 
tests/api/test_admin_inventory.py:54: in _seed_menu
    await db_session.flush()
.venv/lib/python3.12/site-packages/sqlalchemy/ext/asyncio/session.py:787: in flush
    await greenlet_spawn(self.sync_session.flush, objects=objects)
.venv/lib/python3.12/site-packages/sqlalchemy/util/_concurrency_py3k.py:203: in greenlet_spawn
    result = context.switch(value)
             ^^^^^^^^^^^^^^^^^^^^^
.venv/lib/python3.12/site-packages/sqlalchemy/orm/session.py:4331: in flush
    self._flush(objects)
.venv/lib/python3.12/site-packages/sqlalchemy/orm/session.py:4466: in _flush
    with util.safe_reraise():
.venv/lib/python3.12/site-packages/sqlalchemy/util/langhelpers.py:224: in __exit__
    raise exc_value.with_traceback(exc_tb)
.venv/lib/python3.12/site-packages/sqlalchemy/orm/session.py:4427: in _flush
    flush_context.execute()
.venv/lib/python3.12/site-packages/sqlalchemy/orm/unitofwork.py:466: in execute
    rec.execute(self)
.venv/lib/python3.12/site-packages/sqlalchemy/orm/unitofwork.py:642: in execute
    util.preloaded.orm_persistence.save_obj(
.venv/lib/python3.12/site-packages/sqlalchemy/orm/persistence.py:93: in save_obj
    _emit_insert_statements(
.venv/lib/python3.12/site-packages/sqlalchemy/orm/persistence.py:1048: in _emit_insert_statements
    result = connection.execute(
.venv/lib/python3.12/site-packages/sqlalchemy/engine/base.py:1419: in execute
    return meth(
.venv/lib/python3.12/site-packages/sqlalchemy/sql/elements.py:526: in _execute_on_connection
    return connection._execute_clauseelement(
.venv/lib/python3.12/site-packages/sqlalchemy/engine/base.py:1641: in _execute_clauseelement
    ret = self._execute_context(
.venv/lib/python3.12/site-packages/sqlalchemy/engine/base.py:1846: in _execute_context
    return self._exec_single_context(
.venv/lib/python3.12/site-packages/sqlalchemy/engine/base.py:1986: in _exec_single_context
    self._handle_dbapi_exception(
.venv/lib/python3.12/site-packages/sqlalchemy/engine/base.py:2355: in _handle_dbapi_exception
    raise sqlalchemy_exception.with_traceback(exc_info[2]) from e
.venv/lib/python3.12/site-packages/sqlalchemy/engine/base.py:1967: in _exec_single_context
    self.dialect.do_execute(
.venv/lib/python3.12/site-packages/sqlalchemy/engine/default.py:951: in do_execute
    cursor.execute(statement, parameters)
.venv/lib/python3.12/site-packages/sqlalchemy/dialects/postgresql/asyncpg.py:585: in execute
    self._adapt_connection.await_(
.venv/lib/python3.12/site-packages/sqlalchemy/util/_concurrency_py3k.py:132: in await_only
    return current.parent.switch(awaitable)  # type: ignore[no-any-return,attr-defined] # noqa: E501
           ^^^^^^^^^^^^^^^^^^^^^^^^^^^^^^^^
.venv/lib/python3.12/site-packages/sqlalchemy/util/_concurrency_py3k.py:196: in greenlet_spawn
    value = await result
            ^^^^^^^^^^^^
.venv/lib/python3.12/site-packages/sqlalchemy/dialects/postgresql/asyncpg.py:563: in _prepare_and_execute
    self._handle_exception(error)
.venv/lib/python3.12/site-packages/sqlalchemy/dialects/postgresql/asyncpg.py:513: in _handle_exception
    self._adapt_connection._handle_exception(error)
_ _ _ _ _ _ _ _ _ _ _ _ _ _ _ _ _ _ _ _ _ _ _ _ _ _ _ _ _ _ _ _ _ _ _ _ _ _ _ _ 

self = <AdaptedConnection <asyncpg.connection.Connection object at 0x7c392186d5e0>>
error = ForeignKeyViolationError('插入或更新表 "product_categories" 违反外键约束 "fk_product_categories_product_id_products"')

    def _handle_exception(self, error):
        if self._connection.is_closed():
            self._transaction = None
            self._started = False
    
        if not isinstance(error, AsyncAdapt_asyncpg_dbapi.Error):
            exception_mapping = self.dbapi._asyncpg_error_translate
    
            for super_ in type(error).__mro__:
                if super_ in exception_mapping:
                    translated_error = exception_mapping[super_](
                        "%s: %s" % (type(error), error)
                    )
                    translated_error.pgcode = translated_error.sqlstate = (
                        getattr(error, "sqlstate", None)
                    )
>                   raise translated_error from error
E                   sqlalchemy.exc.IntegrityError: (sqlalchemy.dialects.postgresql.asyncpg.IntegrityError) <class 'asyncpg.exceptions.ForeignKeyViolationError'>: 插入或更新表 "product_categories" 违反外键约束 "fk_product_categories_product_id_products"
E                   DETAIL:  键值对(product_id)=(3001)没有在表"products"中出现.
E                   [SQL: INSERT INTO product_categories (product_id, category_id) VALUES ($1::BIGINT, $2::BIGINT)]
E                   [parameters: (3001, 3001)]
E                   (Background on this error at: https://sqlalche.me/e/20/gkpj)

.venv/lib/python3.12/site-packages/sqlalchemy/dialects/postgresql/asyncpg.py:797: IntegrityError
___________________ test_admin_updates_spec_option_inventory ___________________

self = <sqlalchemy.dialects.postgresql.asyncpg.AsyncAdapt_asyncpg_cursor object at 0x7c3920cc3760>
operation = 'INSERT INTO product_categories (product_id, category_id) VALUES ($1::BIGINT, $2::BIGINT)'
parameters = (3001, 3001)

    async def _prepare_and_execute(self, operation, parameters):
        adapt_connection = self._adapt_connection
    
        async with adapt_connection._execute_mutex:
            if not adapt_connection._started:
                await adapt_connection._start_transaction()
    
            if parameters is None:
                parameters = ()
    
            try:
                prepared_stmt, attributes = await adapt_connection._prepare(
                    operation, self._invalidate_schema_cache_asof
                )
    
                if attributes:
                    self.description = [
                        (
                            attr.name,
                            attr.type.oid,
                            None,
                            None,
                            None,
                            None,
                            None,
                        )
                        for attr in attributes
                    ]
                else:
                    self.description = None
    
                if self.server_side:
                    self._cursor = await prepared_stmt.cursor(*parameters)
                    self.rowcount = -1
                else:
>                   self._rows = deque(await prepared_stmt.fetch(*parameters))
                                       ^^^^^^^^^^^^^^^^^^^^^^^^^^^^^^^^^^^^^^

.venv/lib/python3.12/site-packages/sqlalchemy/dialects/postgresql/asyncpg.py:550: 
_ _ _ _ _ _ _ _ _ _ _ _ _ _ _ _ _ _ _ _ _ _ _ _ _ _ _ _ _ _ _ _ _ _ _ _ _ _ _ _ 
.venv/lib/python3.12/site-packages/asyncpg/prepared_stmt.py:176: in fetch
    data = await self.__bind_execute(args, 0, timeout)
           ^^^^^^^^^^^^^^^^^^^^^^^^^^^^^^^^^^^^^^^^^^^
.venv/lib/python3.12/site-packages/asyncpg/prepared_stmt.py:267: in __bind_execute
    data, status, _ = await self.__do_execute(
.venv/lib/python3.12/site-packages/asyncpg/prepared_stmt.py:256: in __do_execute
    return await executor(protocol)
           ^^^^^^^^^^^^^^^^^^^^^^^^
_ _ _ _ _ _ _ _ _ _ _ _ _ _ _ _ _ _ _ _ _ _ _ _ _ _ _ _ _ _ _ _ _ _ _ _ _ _ _ _ 

>   ???
E   asyncpg.exceptions.ForeignKeyViolationError: 插入或更新表 "product_categories" 违反外键约束 "fk_product_categories_product_id_products"
E   DETAIL:  键值对(product_id)=(3001)没有在表"products"中出现.

asyncpg/protocol/protocol.pyx:206: ForeignKeyViolationError

The above exception was the direct cause of the following exception:

self = <sqlalchemy.engine.base.Connection object at 0x7c3920cb1fa0>
dialect = <sqlalchemy.dialects.postgresql.asyncpg.PGDialect_asyncpg object at 0x7c39218bba40>
context = <sqlalchemy.dialects.postgresql.asyncpg.PGExecutionContext_asyncpg object at 0x7c3920cb21e0>
statement = <sqlalchemy.dialects.postgresql.asyncpg.PGCompiler_asyncpg object at 0x7c3920cb2180>
parameters = [(3001, 3001)]

    def _exec_single_context(
        self,
        dialect: Dialect,
        context: ExecutionContext,
        statement: Union[str, Compiled],
        parameters: Optional[_AnyMultiExecuteParams],
    ) -> CursorResult[Any]:
        """continue the _execute_context() method for a single DBAPI
        cursor.execute() or cursor.executemany() call.
    
        """
        if dialect.bind_typing is BindTyping.SETINPUTSIZES:
            generic_setinputsizes = context._prepare_set_input_sizes()
    
            if generic_setinputsizes:
                try:
                    dialect.do_set_input_sizes(
                        context.cursor, generic_setinputsizes, context
                    )
                except BaseException as e:
                    self._handle_dbapi_exception(
                        e, str(statement), parameters, None, context
                    )
    
        cursor, str_statement, parameters = (
            context.cursor,
            context.statement,
            context.parameters,
        )
    
        effective_parameters: Optional[_AnyExecuteParams]
    
        if not context.executemany:
            effective_parameters = parameters[0]
        else:
            effective_parameters = parameters
    
        if self._has_events or self.engine._has_events:
            for fn in self.dispatch.before_cursor_execute:
                str_statement, effective_parameters = fn(
                    self,
                    cursor,
                    str_statement,
                    effective_parameters,
                    context,
                    context.executemany,
                )
    
        if self._echo:
            self._log_info(str_statement)
    
            stats = context._get_cache_stats()
    
            if not self.engine.hide_parameters:
                self._log_info(
                    "[%s] %r",
                    stats,
                    sql_util._repr_params(
                        effective_parameters,
                        batches=10,
                        ismulti=context.executemany,
                    ),
                )
            else:
                self._log_info(
                    "[%s] [SQL parameters hidden due to hide_parameters=True]",
                    stats,
                )
    
        evt_handled: bool = False
        try:
            if context.execute_style is ExecuteStyle.EXECUTEMANY:
                effective_parameters = cast(
                    "_CoreMultiExecuteParams", effective_parameters
                )
                if self.dialect._has_events:
                    for fn in self.dialect.dispatch.do_executemany:
                        if fn(
                            cursor,
                            str_statement,
                            effective_parameters,
                            context,
                        ):
                            evt_handled = True
                            break
                if not evt_handled:
                    self.dialect.do_executemany(
                        cursor,
                        str_statement,
                        effective_parameters,
                        context,
                    )
            elif not effective_parameters and context.no_parameters:
                if self.dialect._has_events:
                    for fn in self.dialect.dispatch.do_execute_no_params:
                        if fn(cursor, str_statement, context):
                            evt_handled = True
                            break
                if not evt_handled:
                    self.dialect.do_execute_no_params(
                        cursor, str_statement, context
                    )
            else:
                effective_parameters = cast(
                    "_CoreSingleExecuteParams", effective_parameters
                )
                if self.dialect._has_events:
                    for fn in self.dialect.dispatch.do_execute:
                        if fn(
                            cursor,
                            str_statement,
                            effective_parameters,
                            context,
                        ):
                            evt_handled = True
                            break
                if not evt_handled:
>                   self.dialect.do_execute(
                        cursor, str_statement, effective_parameters, context
                    )

.venv/lib/python3.12/site-packages/sqlalchemy/engine/base.py:1967: 
_ _ _ _ _ _ _ _ _ _ _ _ _ _ _ _ _ _ _ _ _ _ _ _ _ _ _ _ _ _ _ _ _ _ _ _ _ _ _ _ 
.venv/lib/python3.12/site-packages/sqlalchemy/engine/default.py:951: in do_execute
    cursor.execute(statement, parameters)
.venv/lib/python3.12/site-packages/sqlalchemy/dialects/postgresql/asyncpg.py:585: in execute
    self._adapt_connection.await_(
.venv/lib/python3.12/site-packages/sqlalchemy/util/_concurrency_py3k.py:132: in await_only
    return current.parent.switch(awaitable)  # type: ignore[no-any-return,attr-defined] # noqa: E501
           ^^^^^^^^^^^^^^^^^^^^^^^^^^^^^^^^
.venv/lib/python3.12/site-packages/sqlalchemy/util/_concurrency_py3k.py:196: in greenlet_spawn
    value = await result
            ^^^^^^^^^^^^
.venv/lib/python3.12/site-packages/sqlalchemy/dialects/postgresql/asyncpg.py:563: in _prepare_and_execute
    self._handle_exception(error)
.venv/lib/python3.12/site-packages/sqlalchemy/dialects/postgresql/asyncpg.py:513: in _handle_exception
    self._adapt_connection._handle_exception(error)
_ _ _ _ _ _ _ _ _ _ _ _ _ _ _ _ _ _ _ _ _ _ _ _ _ _ _ _ _ _ _ _ _ _ _ _ _ _ _ _ 

self = <AdaptedConnection <asyncpg.connection.Connection object at 0x7c392186d9a0>>
error = ForeignKeyViolationError('插入或更新表 "product_categories" 违反外键约束 "fk_product_categories_product_id_products"')

    def _handle_exception(self, error):
        if self._connection.is_closed():
            self._transaction = None
            self._started = False
    
        if not isinstance(error, AsyncAdapt_asyncpg_dbapi.Error):
            exception_mapping = self.dbapi._asyncpg_error_translate
    
            for super_ in type(error).__mro__:
                if super_ in exception_mapping:
                    translated_error = exception_mapping[super_](
                        "%s: %s" % (type(error), error)
                    )
                    translated_error.pgcode = translated_error.sqlstate = (
                        getattr(error, "sqlstate", None)
                    )
>                   raise translated_error from error
E                   sqlalchemy.dialects.postgresql.asyncpg.AsyncAdapt_asyncpg_dbapi.IntegrityError: <class 'asyncpg.exceptions.ForeignKeyViolationError'>: 插入或更新表 "product_categories" 违反外键约束 "fk_product_categories_product_id_products"
E                   DETAIL:  键值对(product_id)=(3001)没有在表"products"中出现.

.venv/lib/python3.12/site-packages/sqlalchemy/dialects/postgresql/asyncpg.py:797: IntegrityError

The above exception was the direct cause of the following exception:

db_session = <sqlalchemy.ext.asyncio.session.AsyncSession object at 0x7c3920cdbda0>

    @pytest.mark.asyncio
    async def test_admin_updates_spec_option_inventory(db_session) -> None:
        invalidate_menu_cache()
>       product, spec_option = await _seed_menu(db_session)
                               ^^^^^^^^^^^^^^^^^^^^^^^^^^^^

tests/api/test_admin_inventory.py:119: 
_ _ _ _ _ _ _ _ _ _ _ _ _ _ _ _ _ _ _ _ _ _ _ _ _ _ _ _ _ _ _ _ _ _ _ _ _ _ _ _ 
tests/api/test_admin_inventory.py:54: in _seed_menu
    await db_session.flush()
.venv/lib/python3.12/site-packages/sqlalchemy/ext/asyncio/session.py:787: in flush
    await greenlet_spawn(self.sync_session.flush, objects=objects)
.venv/lib/python3.12/site-packages/sqlalchemy/util/_concurrency_py3k.py:203: in greenlet_spawn
    result = context.switch(value)
             ^^^^^^^^^^^^^^^^^^^^^
.venv/lib/python3.12/site-packages/sqlalchemy/orm/session.py:4331: in flush
    self._flush(objects)
.venv/lib/python3.12/site-packages/sqlalchemy/orm/session.py:4466: in _flush
    with util.safe_reraise():
.venv/lib/python3.12/site-packages/sqlalchemy/util/langhelpers.py:224: in __exit__
    raise exc_value.with_traceback(exc_tb)
.venv/lib/python3.12/site-packages/sqlalchemy/orm/session.py:4427: in _flush
    flush_context.execute()
.venv/lib/python3.12/site-packages/sqlalchemy/orm/unitofwork.py:466: in execute
    rec.execute(self)
.venv/lib/python3.12/site-packages/sqlalchemy/orm/unitofwork.py:642: in execute
    util.preloaded.orm_persistence.save_obj(
.venv/lib/python3.12/site-packages/sqlalchemy/orm/persistence.py:93: in save_obj
    _emit_insert_statements(
.venv/lib/python3.12/site-packages/sqlalchemy/orm/persistence.py:1048: in _emit_insert_statements
    result = connection.execute(
.venv/lib/python3.12/site-packages/sqlalchemy/engine/base.py:1419: in execute
    return meth(
.venv/lib/python3.12/site-packages/sqlalchemy/sql/elements.py:526: in _execute_on_connection
    return connection._execute_clauseelement(
.venv/lib/python3.12/site-packages/sqlalchemy/engine/base.py:1641: in _execute_clauseelement
    ret = self._execute_context(
.venv/lib/python3.12/site-packages/sqlalchemy/engine/base.py:1846: in _execute_context
    return self._exec_single_context(
.venv/lib/python3.12/site-packages/sqlalchemy/engine/base.py:1986: in _exec_single_context
    self._handle_dbapi_exception(
.venv/lib/python3.12/site-packages/sqlalchemy/engine/base.py:2355: in _handle_dbapi_exception
    raise sqlalchemy_exception.with_traceback(exc_info[2]) from e
.venv/lib/python3.12/site-packages/sqlalchemy/engine/base.py:1967: in _exec_single_context
    self.dialect.do_execute(
.venv/lib/python3.12/site-packages/sqlalchemy/engine/default.py:951: in do_execute
    cursor.execute(statement, parameters)
.venv/lib/python3.12/site-packages/sqlalchemy/dialects/postgresql/asyncpg.py:585: in execute
    self._adapt_connection.await_(
.venv/lib/python3.12/site-packages/sqlalchemy/util/_concurrency_py3k.py:132: in await_only
    return current.parent.switch(awaitable)  # type: ignore[no-any-return,attr-defined] # noqa: E501
           ^^^^^^^^^^^^^^^^^^^^^^^^^^^^^^^^
.venv/lib/python3.12/site-packages/sqlalchemy/util/_concurrency_py3k.py:196: in greenlet_spawn
    value = await result
            ^^^^^^^^^^^^
.venv/lib/python3.12/site-packages/sqlalchemy/dialects/postgresql/asyncpg.py:563: in _prepare_and_execute
    self._handle_exception(error)
.venv/lib/python3.12/site-packages/sqlalchemy/dialects/postgresql/asyncpg.py:513: in _handle_exception
    self._adapt_connection._handle_exception(error)
_ _ _ _ _ _ _ _ _ _ _ _ _ _ _ _ _ _ _ _ _ _ _ _ _ _ _ _ _ _ _ _ _ _ _ _ _ _ _ _ 

self = <AdaptedConnection <asyncpg.connection.Connection object at 0x7c392186d9a0>>
error = ForeignKeyViolationError('插入或更新表 "product_categories" 违反外键约束 "fk_product_categories_product_id_products"')

    def _handle_exception(self, error):
        if self._connection.is_closed():
            self._transaction = None
            self._started = False
    
        if not isinstance(error, AsyncAdapt_asyncpg_dbapi.Error):
            exception_mapping = self.dbapi._asyncpg_error_translate
    
            for super_ in type(error).__mro__:
                if super_ in exception_mapping:
                    translated_error = exception_mapping[super_](
                        "%s: %s" % (type(error), error)
                    )
                    translated_error.pgcode = translated_error.sqlstate = (
                        getattr(error, "sqlstate", None)
                    )
>                   raise translated_error from error
E                   sqlalchemy.exc.IntegrityError: (sqlalchemy.dialects.postgresql.asyncpg.IntegrityError) <class 'asyncpg.exceptions.ForeignKeyViolationError'>: 插入或更新表 "product_categories" 违反外键约束 "fk_product_categories_product_id_products"
E                   DETAIL:  键值对(product_id)=(3001)没有在表"products"中出现.
E                   [SQL: INSERT INTO product_categories (product_id, category_id) VALUES ($1::BIGINT, $2::BIGINT)]
E                   [parameters: (3001, 3001)]
E                   (Background on this error at: https://sqlalche.me/e/20/gkpj)

.venv/lib/python3.12/site-packages/sqlalchemy/dialects/postgresql/asyncpg.py:797: IntegrityError
____________________ test_inventory_update_denied_for_clerk ____________________

self = <sqlalchemy.dialects.postgresql.asyncpg.AsyncAdapt_asyncpg_cursor object at 0x7c3920c23100>
operation = 'INSERT INTO product_categories (product_id, category_id) VALUES ($1::BIGINT, $2::BIGINT)'
parameters = (3001, 3001)

    async def _prepare_and_execute(self, operation, parameters):
        adapt_connection = self._adapt_connection
    
        async with adapt_connection._execute_mutex:
            if not adapt_connection._started:
                await adapt_connection._start_transaction()
    
            if parameters is None:
                parameters = ()
    
            try:
                prepared_stmt, attributes = await adapt_connection._prepare(
                    operation, self._invalidate_schema_cache_asof
                )
    
                if attributes:
                    self.description = [
                        (
                            attr.name,
                            attr.type.oid,
                            None,
                            None,
                            None,
                            None,
                            None,
                        )
                        for attr in attributes
                    ]
                else:
                    self.description = None
    
                if self.server_side:
                    self._cursor = await prepared_stmt.cursor(*parameters)
                    self.rowcount = -1
                else:
>                   self._rows = deque(await prepared_stmt.fetch(*parameters))
                                       ^^^^^^^^^^^^^^^^^^^^^^^^^^^^^^^^^^^^^^

.venv/lib/python3.12/site-packages/sqlalchemy/dialects/postgresql/asyncpg.py:550: 
_ _ _ _ _ _ _ _ _ _ _ _ _ _ _ _ _ _ _ _ _ _ _ _ _ _ _ _ _ _ _ _ _ _ _ _ _ _ _ _ 
.venv/lib/python3.12/site-packages/asyncpg/prepared_stmt.py:176: in fetch
    data = await self.__bind_execute(args, 0, timeout)
           ^^^^^^^^^^^^^^^^^^^^^^^^^^^^^^^^^^^^^^^^^^^
.venv/lib/python3.12/site-packages/asyncpg/prepared_stmt.py:267: in __bind_execute
    data, status, _ = await self.__do_execute(
.venv/lib/python3.12/site-packages/asyncpg/prepared_stmt.py:256: in __do_execute
    return await executor(protocol)
           ^^^^^^^^^^^^^^^^^^^^^^^^
_ _ _ _ _ _ _ _ _ _ _ _ _ _ _ _ _ _ _ _ _ _ _ _ _ _ _ _ _ _ _ _ _ _ _ _ _ _ _ _ 

>   ???
E   asyncpg.exceptions.ForeignKeyViolationError: 插入或更新表 "product_categories" 违反外键约束 "fk_product_categories_product_id_products"
E   DETAIL:  键值对(product_id)=(3001)没有在表"products"中出现.

asyncpg/protocol/protocol.pyx:206: ForeignKeyViolationError

The above exception was the direct cause of the following exception:

self = <sqlalchemy.engine.base.Connection object at 0x7c3921682180>
dialect = <sqlalchemy.dialects.postgresql.asyncpg.PGDialect_asyncpg object at 0x7c3920c123c0>
context = <sqlalchemy.dialects.postgresql.asyncpg.PGExecutionContext_asyncpg object at 0x7c39216823c0>
statement = <sqlalchemy.dialects.postgresql.asyncpg.PGCompiler_asyncpg object at 0x7c3921682360>
parameters = [(3001, 3001)]

    def _exec_single_context(
        self,
        dialect: Dialect,
        context: ExecutionContext,
        statement: Union[str, Compiled],
        parameters: Optional[_AnyMultiExecuteParams],
    ) -> CursorResult[Any]:
        """continue the _execute_context() method for a single DBAPI
        cursor.execute() or cursor.executemany() call.
    
        """
        if dialect.bind_typing is BindTyping.SETINPUTSIZES:
            generic_setinputsizes = context._prepare_set_input_sizes()
    
            if generic_setinputsizes:
                try:
                    dialect.do_set_input_sizes(
                        context.cursor, generic_setinputsizes, context
                    )
                except BaseException as e:
                    self._handle_dbapi_exception(
                        e, str(statement), parameters, None, context
                    )
    
        cursor, str_statement, parameters = (
            context.cursor,
            context.statement,
            context.parameters,
        )
    
        effective_parameters: Optional[_AnyExecuteParams]
    
        if not context.executemany:
            effective_parameters = parameters[0]
        else:
            effective_parameters = parameters
    
        if self._has_events or self.engine._has_events:
            for fn in self.dispatch.before_cursor_execute:
                str_statement, effective_parameters = fn(
                    self,
                    cursor,
                    str_statement,
                    effective_parameters,
                    context,
                    context.executemany,
                )
    
        if self._echo:
            self._log_info(str_statement)
    
            stats = context._get_cache_stats()
    
            if not self.engine.hide_parameters:
                self._log_info(
                    "[%s] %r",
                    stats,
                    sql_util._repr_params(
                        effective_parameters,
                        batches=10,
                        ismulti=context.executemany,
                    ),
                )
            else:
                self._log_info(
                    "[%s] [SQL parameters hidden due to hide_parameters=True]",
                    stats,
                )
    
        evt_handled: bool = False
        try:
            if context.execute_style is ExecuteStyle.EXECUTEMANY:
                effective_parameters = cast(
                    "_CoreMultiExecuteParams", effective_parameters
                )
                if self.dialect._has_events:
                    for fn in self.dialect.dispatch.do_executemany:
                        if fn(
                            cursor,
                            str_statement,
                            effective_parameters,
                            context,
                        ):
                            evt_handled = True
                            break
                if not evt_handled:
                    self.dialect.do_executemany(
                        cursor,
                        str_statement,
                        effective_parameters,
                        context,
                    )
            elif not effective_parameters and context.no_parameters:
                if self.dialect._has_events:
                    for fn in self.dialect.dispatch.do_execute_no_params:
                        if fn(cursor, str_statement, context):
                            evt_handled = True
                            break
                if not evt_handled:
                    self.dialect.do_execute_no_params(
                        cursor, str_statement, context
                    )
            else:
                effective_parameters = cast(
                    "_CoreSingleExecuteParams", effective_parameters
                )
                if self.dialect._has_events:
                    for fn in self.dialect.dispatch.do_execute:
                        if fn(
                            cursor,
                            str_statement,
                            effective_parameters,
                            context,
                        ):
                            evt_handled = True
                            break
                if not evt_handled:
>                   self.dialect.do_execute(
                        cursor, str_statement, effective_parameters, context
                    )

.venv/lib/python3.12/site-packages/sqlalchemy/engine/base.py:1967: 
_ _ _ _ _ _ _ _ _ _ _ _ _ _ _ _ _ _ _ _ _ _ _ _ _ _ _ _ _ _ _ _ _ _ _ _ _ _ _ _ 
.venv/lib/python3.12/site-packages/sqlalchemy/engine/default.py:951: in do_execute
    cursor.execute(statement, parameters)
.venv/lib/python3.12/site-packages/sqlalchemy/dialects/postgresql/asyncpg.py:585: in execute
    self._adapt_connection.await_(
.venv/lib/python3.12/site-packages/sqlalchemy/util/_concurrency_py3k.py:132: in await_only
    return current.parent.switch(awaitable)  # type: ignore[no-any-return,attr-defined] # noqa: E501
           ^^^^^^^^^^^^^^^^^^^^^^^^^^^^^^^^
.venv/lib/python3.12/site-packages/sqlalchemy/util/_concurrency_py3k.py:196: in greenlet_spawn
    value = await result
            ^^^^^^^^^^^^
.venv/lib/python3.12/site-packages/sqlalchemy/dialects/postgresql/asyncpg.py:563: in _prepare_and_execute
    self._handle_exception(error)
.venv/lib/python3.12/site-packages/sqlalchemy/dialects/postgresql/asyncpg.py:513: in _handle_exception
    self._adapt_connection._handle_exception(error)
_ _ _ _ _ _ _ _ _ _ _ _ _ _ _ _ _ _ _ _ _ _ _ _ _ _ _ _ _ _ _ _ _ _ _ _ _ _ _ _ 

self = <AdaptedConnection <asyncpg.connection.Connection object at 0x7c3920c908c0>>
error = ForeignKeyViolationError('插入或更新表 "product_categories" 违反外键约束 "fk_product_categories_product_id_products"')

    def _handle_exception(self, error):
        if self._connection.is_closed():
            self._transaction = None
            self._started = False
    
        if not isinstance(error, AsyncAdapt_asyncpg_dbapi.Error):
            exception_mapping = self.dbapi._asyncpg_error_translate
    
            for super_ in type(error).__mro__:
                if super_ in exception_mapping:
                    translated_error = exception_mapping[super_](
                        "%s: %s" % (type(error), error)
                    )
                    translated_error.pgcode = translated_error.sqlstate = (
                        getattr(error, "sqlstate", None)
                    )
>                   raise translated_error from error
E                   sqlalchemy.dialects.postgresql.asyncpg.AsyncAdapt_asyncpg_dbapi.IntegrityError: <class 'asyncpg.exceptions.ForeignKeyViolationError'>: 插入或更新表 "product_categories" 违反外键约束 "fk_product_categories_product_id_products"
E                   DETAIL:  键值对(product_id)=(3001)没有在表"products"中出现.

.venv/lib/python3.12/site-packages/sqlalchemy/dialects/postgresql/asyncpg.py:797: IntegrityError

The above exception was the direct cause of the following exception:

db_session = <sqlalchemy.ext.asyncio.session.AsyncSession object at 0x7c3920c12600>

    @pytest.mark.asyncio
    async def test_inventory_update_denied_for_clerk(db_session) -> None:
        invalidate_menu_cache()
>       product, _ = await _seed_menu(db_session)
                     ^^^^^^^^^^^^^^^^^^^^^^^^^^^^

tests/api/test_admin_inventory.py:154: 
_ _ _ _ _ _ _ _ _ _ _ _ _ _ _ _ _ _ _ _ _ _ _ _ _ _ _ _ _ _ _ _ _ _ _ _ _ _ _ _ 
tests/api/test_admin_inventory.py:54: in _seed_menu
    await db_session.flush()
.venv/lib/python3.12/site-packages/sqlalchemy/ext/asyncio/session.py:787: in flush
    await greenlet_spawn(self.sync_session.flush, objects=objects)
.venv/lib/python3.12/site-packages/sqlalchemy/util/_concurrency_py3k.py:203: in greenlet_spawn
    result = context.switch(value)
             ^^^^^^^^^^^^^^^^^^^^^
.venv/lib/python3.12/site-packages/sqlalchemy/orm/session.py:4331: in flush
    self._flush(objects)
.venv/lib/python3.12/site-packages/sqlalchemy/orm/session.py:4466: in _flush
    with util.safe_reraise():
.venv/lib/python3.12/site-packages/sqlalchemy/util/langhelpers.py:224: in __exit__
    raise exc_value.with_traceback(exc_tb)
.venv/lib/python3.12/site-packages/sqlalchemy/orm/session.py:4427: in _flush
    flush_context.execute()
.venv/lib/python3.12/site-packages/sqlalchemy/orm/unitofwork.py:466: in execute
    rec.execute(self)
.venv/lib/python3.12/site-packages/sqlalchemy/orm/unitofwork.py:642: in execute
    util.preloaded.orm_persistence.save_obj(
.venv/lib/python3.12/site-packages/sqlalchemy/orm/persistence.py:93: in save_obj
    _emit_insert_statements(
.venv/lib/python3.12/site-packages/sqlalchemy/orm/persistence.py:1048: in _emit_insert_statements
    result = connection.execute(
.venv/lib/python3.12/site-packages/sqlalchemy/engine/base.py:1419: in execute
    return meth(
.venv/lib/python3.12/site-packages/sqlalchemy/sql/elements.py:526: in _execute_on_connection
    return connection._execute_clauseelement(
.venv/lib/python3.12/site-packages/sqlalchemy/engine/base.py:1641: in _execute_clauseelement
    ret = self._execute_context(
.venv/lib/python3.12/site-packages/sqlalchemy/engine/base.py:1846: in _execute_context
    return self._exec_single_context(
.venv/lib/python3.12/site-packages/sqlalchemy/engine/base.py:1986: in _exec_single_context
    self._handle_dbapi_exception(
.venv/lib/python3.12/site-packages/sqlalchemy/engine/base.py:2355: in _handle_dbapi_exception
    raise sqlalchemy_exception.with_traceback(exc_info[2]) from e
.venv/lib/python3.12/site-packages/sqlalchemy/engine/base.py:1967: in _exec_single_context
    self.dialect.do_execute(
.venv/lib/python3.12/site-packages/sqlalchemy/engine/default.py:951: in do_execute
    cursor.execute(statement, parameters)
.venv/lib/python3.12/site-packages/sqlalchemy/dialects/postgresql/asyncpg.py:585: in execute
    self._adapt_connection.await_(
.venv/lib/python3.12/site-packages/sqlalchemy/util/_concurrency_py3k.py:132: in await_only
    return current.parent.switch(awaitable)  # type: ignore[no-any-return,attr-defined] # noqa: E501
           ^^^^^^^^^^^^^^^^^^^^^^^^^^^^^^^^
.venv/lib/python3.12/site-packages/sqlalchemy/util/_concurrency_py3k.py:196: in greenlet_spawn
    value = await result
            ^^^^^^^^^^^^
.venv/lib/python3.12/site-packages/sqlalchemy/dialects/postgresql/asyncpg.py:563: in _prepare_and_execute
    self._handle_exception(error)
.venv/lib/python3.12/site-packages/sqlalchemy/dialects/postgresql/asyncpg.py:513: in _handle_exception
    self._adapt_connection._handle_exception(error)
_ _ _ _ _ _ _ _ _ _ _ _ _ _ _ _ _ _ _ _ _ _ _ _ _ _ _ _ _ _ _ _ _ _ _ _ _ _ _ _ 

self = <AdaptedConnection <asyncpg.connection.Connection object at 0x7c3920c908c0>>
error = ForeignKeyViolationError('插入或更新表 "product_categories" 违反外键约束 "fk_product_categories_product_id_products"')

    def _handle_exception(self, error):
        if self._connection.is_closed():
            self._transaction = None
            self._started = False
    
        if not isinstance(error, AsyncAdapt_asyncpg_dbapi.Error):
            exception_mapping = self.dbapi._asyncpg_error_translate
    
            for super_ in type(error).__mro__:
                if super_ in exception_mapping:
                    translated_error = exception_mapping[super_](
                        "%s: %s" % (type(error), error)
                    )
                    translated_error.pgcode = translated_error.sqlstate = (
                        getattr(error, "sqlstate", None)
                    )
>                   raise translated_error from error
E                   sqlalchemy.exc.IntegrityError: (sqlalchemy.dialects.postgresql.asyncpg.IntegrityError) <class 'asyncpg.exceptions.ForeignKeyViolationError'>: 插入或更新表 "product_categories" 违反外键约束 "fk_product_categories_product_id_products"
E                   DETAIL:  键值对(product_id)=(3001)没有在表"products"中出现.
E                   [SQL: INSERT INTO product_categories (product_id, category_id) VALUES ($1::BIGINT, $2::BIGINT)]
E                   [parameters: (3001, 3001)]
E                   (Background on this error at: https://sqlalche.me/e/20/gkpj)

.venv/lib/python3.12/site-packages/sqlalchemy/dialects/postgresql/asyncpg.py:797: IntegrityError
_________________________ test_pos_order_cash_success __________________________

self = <sqlalchemy.dialects.postgresql.asyncpg.AsyncAdapt_asyncpg_cursor object at 0x7c3920e45180>
operation = 'INSERT INTO product_spec_mappings (mapping_id, product_id, group_id) VALUES ($1::BIGINT, $2::BIGINT, $3::BIGINT)'
parameters = (9001, 9001, 9001)

    async def _prepare_and_execute(self, operation, parameters):
        adapt_connection = self._adapt_connection
    
        async with adapt_connection._execute_mutex:
            if not adapt_connection._started:
                await adapt_connection._start_transaction()
    
            if parameters is None:
                parameters = ()
    
            try:
                prepared_stmt, attributes = await adapt_connection._prepare(
                    operation, self._invalidate_schema_cache_asof
                )
    
                if attributes:
                    self.description = [
                        (
                            attr.name,
                            attr.type.oid,
                            None,
                            None,
                            None,
                            None,
                            None,
                        )
                        for attr in attributes
                    ]
                else:
                    self.description = None
    
                if self.server_side:
                    self._cursor = await prepared_stmt.cursor(*parameters)
                    self.rowcount = -1
                else:
>                   self._rows = deque(await prepared_stmt.fetch(*parameters))
                                       ^^^^^^^^^^^^^^^^^^^^^^^^^^^^^^^^^^^^^^

.venv/lib/python3.12/site-packages/sqlalchemy/dialects/postgresql/asyncpg.py:550: 
_ _ _ _ _ _ _ _ _ _ _ _ _ _ _ _ _ _ _ _ _ _ _ _ _ _ _ _ _ _ _ _ _ _ _ _ _ _ _ _ 
.venv/lib/python3.12/site-packages/asyncpg/prepared_stmt.py:176: in fetch
    data = await self.__bind_execute(args, 0, timeout)
           ^^^^^^^^^^^^^^^^^^^^^^^^^^^^^^^^^^^^^^^^^^^
.venv/lib/python3.12/site-packages/asyncpg/prepared_stmt.py:267: in __bind_execute
    data, status, _ = await self.__do_execute(
.venv/lib/python3.12/site-packages/asyncpg/prepared_stmt.py:256: in __do_execute
    return await executor(protocol)
           ^^^^^^^^^^^^^^^^^^^^^^^^
_ _ _ _ _ _ _ _ _ _ _ _ _ _ _ _ _ _ _ _ _ _ _ _ _ _ _ _ _ _ _ _ _ _ _ _ _ _ _ _ 

>   ???
E   asyncpg.exceptions.ForeignKeyViolationError: 插入或更新表 "product_spec_mappings" 违反外键约束 "fk_product_spec_mappings_product_id_products"
E   DETAIL:  键值对(product_id)=(9001)没有在表"products"中出现.

asyncpg/protocol/protocol.pyx:206: ForeignKeyViolationError

The above exception was the direct cause of the following exception:

self = <sqlalchemy.engine.base.Connection object at 0x7c3920ef1a30>
dialect = <sqlalchemy.dialects.postgresql.asyncpg.PGDialect_asyncpg object at 0x7c3920929430>
context = <sqlalchemy.dialects.postgresql.asyncpg.PGExecutionContext_asyncpg object at 0x7c3920ef1d00>
statement = <sqlalchemy.dialects.postgresql.asyncpg.PGCompiler_asyncpg object at 0x7c3920ef1af0>
parameters = [(9001, 9001, 9001)]

    def _exec_single_context(
        self,
        dialect: Dialect,
        context: ExecutionContext,
        statement: Union[str, Compiled],
        parameters: Optional[_AnyMultiExecuteParams],
    ) -> CursorResult[Any]:
        """continue the _execute_context() method for a single DBAPI
        cursor.execute() or cursor.executemany() call.
    
        """
        if dialect.bind_typing is BindTyping.SETINPUTSIZES:
            generic_setinputsizes = context._prepare_set_input_sizes()
    
            if generic_setinputsizes:
                try:
                    dialect.do_set_input_sizes(
                        context.cursor, generic_setinputsizes, context
                    )
                except BaseException as e:
                    self._handle_dbapi_exception(
                        e, str(statement), parameters, None, context
                    )
    
        cursor, str_statement, parameters = (
            context.cursor,
            context.statement,
            context.parameters,
        )
    
        effective_parameters: Optional[_AnyExecuteParams]
    
        if not context.executemany:
            effective_parameters = parameters[0]
        else:
            effective_parameters = parameters
    
        if self._has_events or self.engine._has_events:
            for fn in self.dispatch.before_cursor_execute:
                str_statement, effective_parameters = fn(
                    self,
                    cursor,
                    str_statement,
                    effective_parameters,
                    context,
                    context.executemany,
                )
    
        if self._echo:
            self._log_info(str_statement)
    
            stats = context._get_cache_stats()
    
            if not self.engine.hide_parameters:
                self._log_info(
                    "[%s] %r",
                    stats,
                    sql_util._repr_params(
                        effective_parameters,
                        batches=10,
                        ismulti=context.executemany,
                    ),
                )
            else:
                self._log_info(
                    "[%s] [SQL parameters hidden due to hide_parameters=True]",
                    stats,
                )
    
        evt_handled: bool = False
        try:
            if context.execute_style is ExecuteStyle.EXECUTEMANY:
                effective_parameters = cast(
                    "_CoreMultiExecuteParams", effective_parameters
                )
                if self.dialect._has_events:
                    for fn in self.dialect.dispatch.do_executemany:
                        if fn(
                            cursor,
                            str_statement,
                            effective_parameters,
                            context,
                        ):
                            evt_handled = True
                            break
                if not evt_handled:
                    self.dialect.do_executemany(
                        cursor,
                        str_statement,
                        effective_parameters,
                        context,
                    )
            elif not effective_parameters and context.no_parameters:
                if self.dialect._has_events:
                    for fn in self.dialect.dispatch.do_execute_no_params:
                        if fn(cursor, str_statement, context):
                            evt_handled = True
                            break
                if not evt_handled:
                    self.dialect.do_execute_no_params(
                        cursor, str_statement, context
                    )
            else:
                effective_parameters = cast(
                    "_CoreSingleExecuteParams", effective_parameters
                )
                if self.dialect._has_events:
                    for fn in self.dialect.dispatch.do_execute:
                        if fn(
                            cursor,
                            str_statement,
                            effective_parameters,
                            context,
                        ):
                            evt_handled = True
                            break
                if not evt_handled:
>                   self.dialect.do_execute(
                        cursor, str_statement, effective_parameters, context
                    )

.venv/lib/python3.12/site-packages/sqlalchemy/engine/base.py:1967: 
_ _ _ _ _ _ _ _ _ _ _ _ _ _ _ _ _ _ _ _ _ _ _ _ _ _ _ _ _ _ _ _ _ _ _ _ _ _ _ _ 
.venv/lib/python3.12/site-packages/sqlalchemy/engine/default.py:951: in do_execute
    cursor.execute(statement, parameters)
.venv/lib/python3.12/site-packages/sqlalchemy/dialects/postgresql/asyncpg.py:585: in execute
    self._adapt_connection.await_(
.venv/lib/python3.12/site-packages/sqlalchemy/util/_concurrency_py3k.py:132: in await_only
    return current.parent.switch(awaitable)  # type: ignore[no-any-return,attr-defined] # noqa: E501
           ^^^^^^^^^^^^^^^^^^^^^^^^^^^^^^^^
.venv/lib/python3.12/site-packages/sqlalchemy/util/_concurrency_py3k.py:196: in greenlet_spawn
    value = await result
            ^^^^^^^^^^^^
.venv/lib/python3.12/site-packages/sqlalchemy/dialects/postgresql/asyncpg.py:563: in _prepare_and_execute
    self._handle_exception(error)
.venv/lib/python3.12/site-packages/sqlalchemy/dialects/postgresql/asyncpg.py:513: in _handle_exception
    self._adapt_connection._handle_exception(error)
_ _ _ _ _ _ _ _ _ _ _ _ _ _ _ _ _ _ _ _ _ _ _ _ _ _ _ _ _ _ _ _ _ _ _ _ _ _ _ _ 

self = <AdaptedConnection <asyncpg.connection.Connection object at 0x7c3920c91400>>
error = ForeignKeyViolationError('插入或更新表 "product_spec_mappings" 违反外键约束 "fk_product_spec_mappings_product_id_products"')

    def _handle_exception(self, error):
        if self._connection.is_closed():
            self._transaction = None
            self._started = False
    
        if not isinstance(error, AsyncAdapt_asyncpg_dbapi.Error):
            exception_mapping = self.dbapi._asyncpg_error_translate
    
            for super_ in type(error).__mro__:
                if super_ in exception_mapping:
                    translated_error = exception_mapping[super_](
                        "%s: %s" % (type(error), error)
                    )
                    translated_error.pgcode = translated_error.sqlstate = (
                        getattr(error, "sqlstate", None)
                    )
>                   raise translated_error from error
E                   sqlalchemy.dialects.postgresql.asyncpg.AsyncAdapt_asyncpg_dbapi.IntegrityError: <class 'asyncpg.exceptions.ForeignKeyViolationError'>: 插入或更新表 "product_spec_mappings" 违反外键约束 "fk_product_spec_mappings_product_id_products"
E                   DETAIL:  键值对(product_id)=(9001)没有在表"products"中出现.

.venv/lib/python3.12/site-packages/sqlalchemy/dialects/postgresql/asyncpg.py:797: IntegrityError

The above exception was the direct cause of the following exception:

db_session = <sqlalchemy.ext.asyncio.session.AsyncSession object at 0x7c392092b230>

    @pytest.mark.asyncio
    async def test_pos_order_cash_success(db_session) -> None:
>       await _seed_menu(db_session)

tests/api/test_admin_pos_orders.py:52: 
_ _ _ _ _ _ _ _ _ _ _ _ _ _ _ _ _ _ _ _ _ _ _ _ _ _ _ _ _ _ _ _ _ _ _ _ _ _ _ _ 
tests/api/test_admin_pos_orders.py:43: in _seed_menu
    await db_session.flush()
.venv/lib/python3.12/site-packages/sqlalchemy/ext/asyncio/session.py:787: in flush
    await greenlet_spawn(self.sync_session.flush, objects=objects)
.venv/lib/python3.12/site-packages/sqlalchemy/util/_concurrency_py3k.py:203: in greenlet_spawn
    result = context.switch(value)
             ^^^^^^^^^^^^^^^^^^^^^
.venv/lib/python3.12/site-packages/sqlalchemy/orm/session.py:4331: in flush
    self._flush(objects)
.venv/lib/python3.12/site-packages/sqlalchemy/orm/session.py:4466: in _flush
    with util.safe_reraise():
.venv/lib/python3.12/site-packages/sqlalchemy/util/langhelpers.py:224: in __exit__
    raise exc_value.with_traceback(exc_tb)
.venv/lib/python3.12/site-packages/sqlalchemy/orm/session.py:4427: in _flush
    flush_context.execute()
.venv/lib/python3.12/site-packages/sqlalchemy/orm/unitofwork.py:466: in execute
    rec.execute(self)
.venv/lib/python3.12/site-packages/sqlalchemy/orm/unitofwork.py:642: in execute
    util.preloaded.orm_persistence.save_obj(
.venv/lib/python3.12/site-packages/sqlalchemy/orm/persistence.py:93: in save_obj
    _emit_insert_statements(
.venv/lib/python3.12/site-packages/sqlalchemy/orm/persistence.py:1048: in _emit_insert_statements
    result = connection.execute(
.venv/lib/python3.12/site-packages/sqlalchemy/engine/base.py:1419: in execute
    return meth(
.venv/lib/python3.12/site-packages/sqlalchemy/sql/elements.py:526: in _execute_on_connection
    return connection._execute_clauseelement(
.venv/lib/python3.12/site-packages/sqlalchemy/engine/base.py:1641: in _execute_clauseelement
    ret = self._execute_context(
.venv/lib/python3.12/site-packages/sqlalchemy/engine/base.py:1846: in _execute_context
    return self._exec_single_context(
.venv/lib/python3.12/site-packages/sqlalchemy/engine/base.py:1986: in _exec_single_context
    self._handle_dbapi_exception(
.venv/lib/python3.12/site-packages/sqlalchemy/engine/base.py:2355: in _handle_dbapi_exception
    raise sqlalchemy_exception.with_traceback(exc_info[2]) from e
.venv/lib/python3.12/site-packages/sqlalchemy/engine/base.py:1967: in _exec_single_context
    self.dialect.do_execute(
.venv/lib/python3.12/site-packages/sqlalchemy/engine/default.py:951: in do_execute
    cursor.execute(statement, parameters)
.venv/lib/python3.12/site-packages/sqlalchemy/dialects/postgresql/asyncpg.py:585: in execute
    self._adapt_connection.await_(
.venv/lib/python3.12/site-packages/sqlalchemy/util/_concurrency_py3k.py:132: in await_only
    return current.parent.switch(awaitable)  # type: ignore[no-any-return,attr-defined] # noqa: E501
           ^^^^^^^^^^^^^^^^^^^^^^^^^^^^^^^^
.venv/lib/python3.12/site-packages/sqlalchemy/util/_concurrency_py3k.py:196: in greenlet_spawn
    value = await result
            ^^^^^^^^^^^^
.venv/lib/python3.12/site-packages/sqlalchemy/dialects/postgresql/asyncpg.py:563: in _prepare_and_execute
    self._handle_exception(error)
.venv/lib/python3.12/site-packages/sqlalchemy/dialects/postgresql/asyncpg.py:513: in _handle_exception
    self._adapt_connection._handle_exception(error)
_ _ _ _ _ _ _ _ _ _ _ _ _ _ _ _ _ _ _ _ _ _ _ _ _ _ _ _ _ _ _ _ _ _ _ _ _ _ _ _ 

self = <AdaptedConnection <asyncpg.connection.Connection object at 0x7c3920c91400>>
error = ForeignKeyViolationError('插入或更新表 "product_spec_mappings" 违反外键约束 "fk_product_spec_mappings_product_id_products"')

    def _handle_exception(self, error):
        if self._connection.is_closed():
            self._transaction = None
            self._started = False
    
        if not isinstance(error, AsyncAdapt_asyncpg_dbapi.Error):
            exception_mapping = self.dbapi._asyncpg_error_translate
    
            for super_ in type(error).__mro__:
                if super_ in exception_mapping:
                    translated_error = exception_mapping[super_](
                        "%s: %s" % (type(error), error)
                    )
                    translated_error.pgcode = translated_error.sqlstate = (
                        getattr(error, "sqlstate", None)
                    )
>                   raise translated_error from error
E                   sqlalchemy.exc.IntegrityError: (sqlalchemy.dialects.postgresql.asyncpg.IntegrityError) <class 'asyncpg.exceptions.ForeignKeyViolationError'>: 插入或更新表 "product_spec_mappings" 违反外键约束 "fk_product_spec_mappings_product_id_products"
E                   DETAIL:  键值对(product_id)=(9001)没有在表"products"中出现.
E                   [SQL: INSERT INTO product_spec_mappings (mapping_id, product_id, group_id) VALUES ($1::BIGINT, $2::BIGINT, $3::BIGINT)]
E                   [parameters: (9001, 9001, 9001)]
E                   (Background on this error at: https://sqlalche.me/e/20/gkpj)

.venv/lib/python3.12/site-packages/sqlalchemy/dialects/postgresql/asyncpg.py:797: IntegrityError
_______________________ test_pos_order_idempotent_reuse ________________________

self = <sqlalchemy.dialects.postgresql.asyncpg.AsyncAdapt_asyncpg_cursor object at 0x7c3920e46200>
operation = 'INSERT INTO product_spec_mappings (mapping_id, product_id, group_id) VALUES ($1::BIGINT, $2::BIGINT, $3::BIGINT)'
parameters = (9001, 9001, 9001)

    async def _prepare_and_execute(self, operation, parameters):
        adapt_connection = self._adapt_connection
    
        async with adapt_connection._execute_mutex:
            if not adapt_connection._started:
                await adapt_connection._start_transaction()
    
            if parameters is None:
                parameters = ()
    
            try:
                prepared_stmt, attributes = await adapt_connection._prepare(
                    operation, self._invalidate_schema_cache_asof
                )
    
                if attributes:
                    self.description = [
                        (
                            attr.name,
                            attr.type.oid,
                            None,
                            None,
                            None,
                            None,
                            None,
                        )
                        for attr in attributes
                    ]
                else:
                    self.description = None
    
                if self.server_side:
                    self._cursor = await prepared_stmt.cursor(*parameters)
                    self.rowcount = -1
                else:
>                   self._rows = deque(await prepared_stmt.fetch(*parameters))
                                       ^^^^^^^^^^^^^^^^^^^^^^^^^^^^^^^^^^^^^^

.venv/lib/python3.12/site-packages/sqlalchemy/dialects/postgresql/asyncpg.py:550: 
_ _ _ _ _ _ _ _ _ _ _ _ _ _ _ _ _ _ _ _ _ _ _ _ _ _ _ _ _ _ _ _ _ _ _ _ _ _ _ _ 
.venv/lib/python3.12/site-packages/asyncpg/prepared_stmt.py:176: in fetch
    data = await self.__bind_execute(args, 0, timeout)
           ^^^^^^^^^^^^^^^^^^^^^^^^^^^^^^^^^^^^^^^^^^^
.venv/lib/python3.12/site-packages/asyncpg/prepared_stmt.py:267: in __bind_execute
    data, status, _ = await self.__do_execute(
.venv/lib/python3.12/site-packages/asyncpg/prepared_stmt.py:256: in __do_execute
    return await executor(protocol)
           ^^^^^^^^^^^^^^^^^^^^^^^^
_ _ _ _ _ _ _ _ _ _ _ _ _ _ _ _ _ _ _ _ _ _ _ _ _ _ _ _ _ _ _ _ _ _ _ _ _ _ _ _ 

>   ???
E   asyncpg.exceptions.ForeignKeyViolationError: 插入或更新表 "product_spec_mappings" 违反外键约束 "fk_product_spec_mappings_product_id_products"
E   DETAIL:  键值对(product_id)=(9001)没有在表"products"中出现.

asyncpg/protocol/protocol.pyx:206: ForeignKeyViolationError

The above exception was the direct cause of the following exception:

self = <sqlalchemy.engine.base.Connection object at 0x7c3920c08380>
dialect = <sqlalchemy.dialects.postgresql.asyncpg.PGDialect_asyncpg object at 0x7c3920ecb8c0>
context = <sqlalchemy.dialects.postgresql.asyncpg.PGExecutionContext_asyncpg object at 0x7c3920c08200>
statement = <sqlalchemy.dialects.postgresql.asyncpg.PGCompiler_asyncpg object at 0x7c3920c089b0>
parameters = [(9001, 9001, 9001)]

    def _exec_single_context(
        self,
        dialect: Dialect,
        context: ExecutionContext,
        statement: Union[str, Compiled],
        parameters: Optional[_AnyMultiExecuteParams],
    ) -> CursorResult[Any]:
        """continue the _execute_context() method for a single DBAPI
        cursor.execute() or cursor.executemany() call.
    
        """
        if dialect.bind_typing is BindTyping.SETINPUTSIZES:
            generic_setinputsizes = context._prepare_set_input_sizes()
    
            if generic_setinputsizes:
                try:
                    dialect.do_set_input_sizes(
                        context.cursor, generic_setinputsizes, context
                    )
                except BaseException as e:
                    self._handle_dbapi_exception(
                        e, str(statement), parameters, None, context
                    )
    
        cursor, str_statement, parameters = (
            context.cursor,
            context.statement,
            context.parameters,
        )
    
        effective_parameters: Optional[_AnyExecuteParams]
    
        if not context.executemany:
            effective_parameters = parameters[0]
        else:
            effective_parameters = parameters
    
        if self._has_events or self.engine._has_events:
            for fn in self.dispatch.before_cursor_execute:
                str_statement, effective_parameters = fn(
                    self,
                    cursor,
                    str_statement,
                    effective_parameters,
                    context,
                    context.executemany,
                )
    
        if self._echo:
            self._log_info(str_statement)
    
            stats = context._get_cache_stats()
    
            if not self.engine.hide_parameters:
                self._log_info(
                    "[%s] %r",
                    stats,
                    sql_util._repr_params(
                        effective_parameters,
                        batches=10,
                        ismulti=context.executemany,
                    ),
                )
            else:
                self._log_info(
                    "[%s] [SQL parameters hidden due to hide_parameters=True]",
                    stats,
                )
    
        evt_handled: bool = False
        try:
            if context.execute_style is ExecuteStyle.EXECUTEMANY:
                effective_parameters = cast(
                    "_CoreMultiExecuteParams", effective_parameters
                )
                if self.dialect._has_events:
                    for fn in self.dialect.dispatch.do_executemany:
                        if fn(
                            cursor,
                            str_statement,
                            effective_parameters,
                            context,
                        ):
                            evt_handled = True
                            break
                if not evt_handled:
                    self.dialect.do_executemany(
                        cursor,
                        str_statement,
                        effective_parameters,
                        context,
                    )
            elif not effective_parameters and context.no_parameters:
                if self.dialect._has_events:
                    for fn in self.dialect.dispatch.do_execute_no_params:
                        if fn(cursor, str_statement, context):
                            evt_handled = True
                            break
                if not evt_handled:
                    self.dialect.do_execute_no_params(
                        cursor, str_statement, context
                    )
            else:
                effective_parameters = cast(
                    "_CoreSingleExecuteParams", effective_parameters
                )
                if self.dialect._has_events:
                    for fn in self.dialect.dispatch.do_execute:
                        if fn(
                            cursor,
                            str_statement,
                            effective_parameters,
                            context,
                        ):
                            evt_handled = True
                            break
                if not evt_handled:
>                   self.dialect.do_execute(
                        cursor, str_statement, effective_parameters, context
                    )

.venv/lib/python3.12/site-packages/sqlalchemy/engine/base.py:1967: 
_ _ _ _ _ _ _ _ _ _ _ _ _ _ _ _ _ _ _ _ _ _ _ _ _ _ _ _ _ _ _ _ _ _ _ _ _ _ _ _ 
.venv/lib/python3.12/site-packages/sqlalchemy/engine/default.py:951: in do_execute
    cursor.execute(statement, parameters)
.venv/lib/python3.12/site-packages/sqlalchemy/dialects/postgresql/asyncpg.py:585: in execute
    self._adapt_connection.await_(
.venv/lib/python3.12/site-packages/sqlalchemy/util/_concurrency_py3k.py:132: in await_only
    return current.parent.switch(awaitable)  # type: ignore[no-any-return,attr-defined] # noqa: E501
           ^^^^^^^^^^^^^^^^^^^^^^^^^^^^^^^^
.venv/lib/python3.12/site-packages/sqlalchemy/util/_concurrency_py3k.py:196: in greenlet_spawn
    value = await result
            ^^^^^^^^^^^^
.venv/lib/python3.12/site-packages/sqlalchemy/dialects/postgresql/asyncpg.py:563: in _prepare_and_execute
    self._handle_exception(error)
.venv/lib/python3.12/site-packages/sqlalchemy/dialects/postgresql/asyncpg.py:513: in _handle_exception
    self._adapt_connection._handle_exception(error)
_ _ _ _ _ _ _ _ _ _ _ _ _ _ _ _ _ _ _ _ _ _ _ _ _ _ _ _ _ _ _ _ _ _ _ _ _ _ _ _ 

self = <AdaptedConnection <asyncpg.connection.Connection object at 0x7c392186e300>>
error = ForeignKeyViolationError('插入或更新表 "product_spec_mappings" 违反外键约束 "fk_product_spec_mappings_product_id_products"')

    def _handle_exception(self, error):
        if self._connection.is_closed():
            self._transaction = None
            self._started = False
    
        if not isinstance(error, AsyncAdapt_asyncpg_dbapi.Error):
            exception_mapping = self.dbapi._asyncpg_error_translate
    
            for super_ in type(error).__mro__:
                if super_ in exception_mapping:
                    translated_error = exception_mapping[super_](
                        "%s: %s" % (type(error), error)
                    )
                    translated_error.pgcode = translated_error.sqlstate = (
                        getattr(error, "sqlstate", None)
                    )
>                   raise translated_error from error
E                   sqlalchemy.dialects.postgresql.asyncpg.AsyncAdapt_asyncpg_dbapi.IntegrityError: <class 'asyncpg.exceptions.ForeignKeyViolationError'>: 插入或更新表 "product_spec_mappings" 违反外键约束 "fk_product_spec_mappings_product_id_products"
E                   DETAIL:  键值对(product_id)=(9001)没有在表"products"中出现.

.venv/lib/python3.12/site-packages/sqlalchemy/dialects/postgresql/asyncpg.py:797: IntegrityError

The above exception was the direct cause of the following exception:

db_session = <sqlalchemy.ext.asyncio.session.AsyncSession object at 0x7c3920ecb260>

    @pytest.mark.asyncio
    async def test_pos_order_idempotent_reuse(db_session) -> None:
>       await _seed_menu(db_session)

tests/api/test_admin_pos_orders.py:112: 
_ _ _ _ _ _ _ _ _ _ _ _ _ _ _ _ _ _ _ _ _ _ _ _ _ _ _ _ _ _ _ _ _ _ _ _ _ _ _ _ 
tests/api/test_admin_pos_orders.py:43: in _seed_menu
    await db_session.flush()
.venv/lib/python3.12/site-packages/sqlalchemy/ext/asyncio/session.py:787: in flush
    await greenlet_spawn(self.sync_session.flush, objects=objects)
.venv/lib/python3.12/site-packages/sqlalchemy/util/_concurrency_py3k.py:203: in greenlet_spawn
    result = context.switch(value)
             ^^^^^^^^^^^^^^^^^^^^^
.venv/lib/python3.12/site-packages/sqlalchemy/orm/session.py:4331: in flush
    self._flush(objects)
.venv/lib/python3.12/site-packages/sqlalchemy/orm/session.py:4466: in _flush
    with util.safe_reraise():
.venv/lib/python3.12/site-packages/sqlalchemy/util/langhelpers.py:224: in __exit__
    raise exc_value.with_traceback(exc_tb)
.venv/lib/python3.12/site-packages/sqlalchemy/orm/session.py:4427: in _flush
    flush_context.execute()
.venv/lib/python3.12/site-packages/sqlalchemy/orm/unitofwork.py:466: in execute
    rec.execute(self)
.venv/lib/python3.12/site-packages/sqlalchemy/orm/unitofwork.py:642: in execute
    util.preloaded.orm_persistence.save_obj(
.venv/lib/python3.12/site-packages/sqlalchemy/orm/persistence.py:93: in save_obj
    _emit_insert_statements(
.venv/lib/python3.12/site-packages/sqlalchemy/orm/persistence.py:1048: in _emit_insert_statements
    result = connection.execute(
.venv/lib/python3.12/site-packages/sqlalchemy/engine/base.py:1419: in execute
    return meth(
.venv/lib/python3.12/site-packages/sqlalchemy/sql/elements.py:526: in _execute_on_connection
    return connection._execute_clauseelement(
.venv/lib/python3.12/site-packages/sqlalchemy/engine/base.py:1641: in _execute_clauseelement
    ret = self._execute_context(
.venv/lib/python3.12/site-packages/sqlalchemy/engine/base.py:1846: in _execute_context
    return self._exec_single_context(
.venv/lib/python3.12/site-packages/sqlalchemy/engine/base.py:1986: in _exec_single_context
    self._handle_dbapi_exception(
.venv/lib/python3.12/site-packages/sqlalchemy/engine/base.py:2355: in _handle_dbapi_exception
    raise sqlalchemy_exception.with_traceback(exc_info[2]) from e
.venv/lib/python3.12/site-packages/sqlalchemy/engine/base.py:1967: in _exec_single_context
    self.dialect.do_execute(
.venv/lib/python3.12/site-packages/sqlalchemy/engine/default.py:951: in do_execute
    cursor.execute(statement, parameters)
.venv/lib/python3.12/site-packages/sqlalchemy/dialects/postgresql/asyncpg.py:585: in execute
    self._adapt_connection.await_(
.venv/lib/python3.12/site-packages/sqlalchemy/util/_concurrency_py3k.py:132: in await_only
    return current.parent.switch(awaitable)  # type: ignore[no-any-return,attr-defined] # noqa: E501
           ^^^^^^^^^^^^^^^^^^^^^^^^^^^^^^^^
.venv/lib/python3.12/site-packages/sqlalchemy/util/_concurrency_py3k.py:196: in greenlet_spawn
    value = await result
            ^^^^^^^^^^^^
.venv/lib/python3.12/site-packages/sqlalchemy/dialects/postgresql/asyncpg.py:563: in _prepare_and_execute
    self._handle_exception(error)
.venv/lib/python3.12/site-packages/sqlalchemy/dialects/postgresql/asyncpg.py:513: in _handle_exception
    self._adapt_connection._handle_exception(error)
_ _ _ _ _ _ _ _ _ _ _ _ _ _ _ _ _ _ _ _ _ _ _ _ _ _ _ _ _ _ _ _ _ _ _ _ _ _ _ _ 

self = <AdaptedConnection <asyncpg.connection.Connection object at 0x7c392186e300>>
error = ForeignKeyViolationError('插入或更新表 "product_spec_mappings" 违反外键约束 "fk_product_spec_mappings_product_id_products"')

    def _handle_exception(self, error):
        if self._connection.is_closed():
            self._transaction = None
            self._started = False
    
        if not isinstance(error, AsyncAdapt_asyncpg_dbapi.Error):
            exception_mapping = self.dbapi._asyncpg_error_translate
    
            for super_ in type(error).__mro__:
                if super_ in exception_mapping:
                    translated_error = exception_mapping[super_](
                        "%s: %s" % (type(error), error)
                    )
                    translated_error.pgcode = translated_error.sqlstate = (
                        getattr(error, "sqlstate", None)
                    )
>                   raise translated_error from error
E                   sqlalchemy.exc.IntegrityError: (sqlalchemy.dialects.postgresql.asyncpg.IntegrityError) <class 'asyncpg.exceptions.ForeignKeyViolationError'>: 插入或更新表 "product_spec_mappings" 违反外键约束 "fk_product_spec_mappings_product_id_products"
E                   DETAIL:  键值对(product_id)=(9001)没有在表"products"中出现.
E                   [SQL: INSERT INTO product_spec_mappings (mapping_id, product_id, group_id) VALUES ($1::BIGINT, $2::BIGINT, $3::BIGINT)]
E                   [parameters: (9001, 9001, 9001)]
E                   (Background on this error at: https://sqlalche.me/e/20/gkpj)

.venv/lib/python3.12/site-packages/sqlalchemy/dialects/postgresql/asyncpg.py:797: IntegrityError
___________________ test_pos_order_clerk_restricted_channel ____________________

self = <sqlalchemy.dialects.postgresql.asyncpg.AsyncAdapt_asyncpg_cursor object at 0x7c39209b5b40>
operation = 'INSERT INTO product_spec_mappings (mapping_id, product_id, group_id) VALUES ($1::BIGINT, $2::BIGINT, $3::BIGINT)'
parameters = (9001, 9001, 9001)

    async def _prepare_and_execute(self, operation, parameters):
        adapt_connection = self._adapt_connection
    
        async with adapt_connection._execute_mutex:
            if not adapt_connection._started:
                await adapt_connection._start_transaction()
    
            if parameters is None:
                parameters = ()
    
            try:
                prepared_stmt, attributes = await adapt_connection._prepare(
                    operation, self._invalidate_schema_cache_asof
                )
    
                if attributes:
                    self.description = [
                        (
                            attr.name,
                            attr.type.oid,
                            None,
                            None,
                            None,
                            None,
                            None,
                        )
                        for attr in attributes
                    ]
                else:
                    self.description = None
    
                if self.server_side:
                    self._cursor = await prepared_stmt.cursor(*parameters)
                    self.rowcount = -1
                else:
>                   self._rows = deque(await prepared_stmt.fetch(*parameters))
                                       ^^^^^^^^^^^^^^^^^^^^^^^^^^^^^^^^^^^^^^

.venv/lib/python3.12/site-packages/sqlalchemy/dialects/postgresql/asyncpg.py:550: 
_ _ _ _ _ _ _ _ _ _ _ _ _ _ _ _ _ _ _ _ _ _ _ _ _ _ _ _ _ _ _ _ _ _ _ _ _ _ _ _ 
.venv/lib/python3.12/site-packages/asyncpg/prepared_stmt.py:176: in fetch
    data = await self.__bind_execute(args, 0, timeout)
           ^^^^^^^^^^^^^^^^^^^^^^^^^^^^^^^^^^^^^^^^^^^
.venv/lib/python3.12/site-packages/asyncpg/prepared_stmt.py:267: in __bind_execute
    data, status, _ = await self.__do_execute(
.venv/lib/python3.12/site-packages/asyncpg/prepared_stmt.py:256: in __do_execute
    return await executor(protocol)
           ^^^^^^^^^^^^^^^^^^^^^^^^
_ _ _ _ _ _ _ _ _ _ _ _ _ _ _ _ _ _ _ _ _ _ _ _ _ _ _ _ _ _ _ _ _ _ _ _ _ _ _ _ 

>   ???
E   asyncpg.exceptions.ForeignKeyViolationError: 插入或更新表 "product_spec_mappings" 违反外键约束 "fk_product_spec_mappings_product_id_products"
E   DETAIL:  键值对(product_id)=(9001)没有在表"products"中出现.

asyncpg/protocol/protocol.pyx:206: ForeignKeyViolationError

The above exception was the direct cause of the following exception:

self = <sqlalchemy.engine.base.Connection object at 0x7c3920c12510>
dialect = <sqlalchemy.dialects.postgresql.asyncpg.PGDialect_asyncpg object at 0x7c39216812e0>
context = <sqlalchemy.dialects.postgresql.asyncpg.PGExecutionContext_asyncpg object at 0x7c3920c12690>
statement = <sqlalchemy.dialects.postgresql.asyncpg.PGCompiler_asyncpg object at 0x7c3920c12630>
parameters = [(9001, 9001, 9001)]

    def _exec_single_context(
        self,
        dialect: Dialect,
        context: ExecutionContext,
        statement: Union[str, Compiled],
        parameters: Optional[_AnyMultiExecuteParams],
    ) -> CursorResult[Any]:
        """continue the _execute_context() method for a single DBAPI
        cursor.execute() or cursor.executemany() call.
    
        """
        if dialect.bind_typing is BindTyping.SETINPUTSIZES:
            generic_setinputsizes = context._prepare_set_input_sizes()
    
            if generic_setinputsizes:
                try:
                    dialect.do_set_input_sizes(
                        context.cursor, generic_setinputsizes, context
                    )
                except BaseException as e:
                    self._handle_dbapi_exception(
                        e, str(statement), parameters, None, context
                    )
    
        cursor, str_statement, parameters = (
            context.cursor,
            context.statement,
            context.parameters,
        )
    
        effective_parameters: Optional[_AnyExecuteParams]
    
        if not context.executemany:
            effective_parameters = parameters[0]
        else:
            effective_parameters = parameters
    
        if self._has_events or self.engine._has_events:
            for fn in self.dispatch.before_cursor_execute:
                str_statement, effective_parameters = fn(
                    self,
                    cursor,
                    str_statement,
                    effective_parameters,
                    context,
                    context.executemany,
                )
    
        if self._echo:
            self._log_info(str_statement)
    
            stats = context._get_cache_stats()
    
            if not self.engine.hide_parameters:
                self._log_info(
                    "[%s] %r",
                    stats,
                    sql_util._repr_params(
                        effective_parameters,
                        batches=10,
                        ismulti=context.executemany,
                    ),
                )
            else:
                self._log_info(
                    "[%s] [SQL parameters hidden due to hide_parameters=True]",
                    stats,
                )
    
        evt_handled: bool = False
        try:
            if context.execute_style is ExecuteStyle.EXECUTEMANY:
                effective_parameters = cast(
                    "_CoreMultiExecuteParams", effective_parameters
                )
                if self.dialect._has_events:
                    for fn in self.dialect.dispatch.do_executemany:
                        if fn(
                            cursor,
                            str_statement,
                            effective_parameters,
                            context,
                        ):
                            evt_handled = True
                            break
                if not evt_handled:
                    self.dialect.do_executemany(
                        cursor,
                        str_statement,
                        effective_parameters,
                        context,
                    )
            elif not effective_parameters and context.no_parameters:
                if self.dialect._has_events:
                    for fn in self.dialect.dispatch.do_execute_no_params:
                        if fn(cursor, str_statement, context):
                            evt_handled = True
                            break
                if not evt_handled:
                    self.dialect.do_execute_no_params(
                        cursor, str_statement, context
                    )
            else:
                effective_parameters = cast(
                    "_CoreSingleExecuteParams", effective_parameters
                )
                if self.dialect._has_events:
                    for fn in self.dialect.dispatch.do_execute:
                        if fn(
                            cursor,
                            str_statement,
                            effective_parameters,
                            context,
                        ):
                            evt_handled = True
                            break
                if not evt_handled:
>                   self.dialect.do_execute(
                        cursor, str_statement, effective_parameters, context
                    )

.venv/lib/python3.12/site-packages/sqlalchemy/engine/base.py:1967: 
_ _ _ _ _ _ _ _ _ _ _ _ _ _ _ _ _ _ _ _ _ _ _ _ _ _ _ _ _ _ _ _ _ _ _ _ _ _ _ _ 
.venv/lib/python3.12/site-packages/sqlalchemy/engine/default.py:951: in do_execute
    cursor.execute(statement, parameters)
.venv/lib/python3.12/site-packages/sqlalchemy/dialects/postgresql/asyncpg.py:585: in execute
    self._adapt_connection.await_(
.venv/lib/python3.12/site-packages/sqlalchemy/util/_concurrency_py3k.py:132: in await_only
    return current.parent.switch(awaitable)  # type: ignore[no-any-return,attr-defined] # noqa: E501
           ^^^^^^^^^^^^^^^^^^^^^^^^^^^^^^^^
.venv/lib/python3.12/site-packages/sqlalchemy/util/_concurrency_py3k.py:196: in greenlet_spawn
    value = await result
            ^^^^^^^^^^^^
.venv/lib/python3.12/site-packages/sqlalchemy/dialects/postgresql/asyncpg.py:563: in _prepare_and_execute
    self._handle_exception(error)
.venv/lib/python3.12/site-packages/sqlalchemy/dialects/postgresql/asyncpg.py:513: in _handle_exception
    self._adapt_connection._handle_exception(error)
_ _ _ _ _ _ _ _ _ _ _ _ _ _ _ _ _ _ _ _ _ _ _ _ _ _ _ _ _ _ _ _ _ _ _ _ _ _ _ _ 

self = <AdaptedConnection <asyncpg.connection.Connection object at 0x7c39219a34d0>>
error = ForeignKeyViolationError('插入或更新表 "product_spec_mappings" 违反外键约束 "fk_product_spec_mappings_product_id_products"')

    def _handle_exception(self, error):
        if self._connection.is_closed():
            self._transaction = None
            self._started = False
    
        if not isinstance(error, AsyncAdapt_asyncpg_dbapi.Error):
            exception_mapping = self.dbapi._asyncpg_error_translate
    
            for super_ in type(error).__mro__:
                if super_ in exception_mapping:
                    translated_error = exception_mapping[super_](
                        "%s: %s" % (type(error), error)
                    )
                    translated_error.pgcode = translated_error.sqlstate = (
                        getattr(error, "sqlstate", None)
                    )
>                   raise translated_error from error
E                   sqlalchemy.dialects.postgresql.asyncpg.AsyncAdapt_asyncpg_dbapi.IntegrityError: <class 'asyncpg.exceptions.ForeignKeyViolationError'>: 插入或更新表 "product_spec_mappings" 违反外键约束 "fk_product_spec_mappings_product_id_products"
E                   DETAIL:  键值对(product_id)=(9001)没有在表"products"中出现.

.venv/lib/python3.12/site-packages/sqlalchemy/dialects/postgresql/asyncpg.py:797: IntegrityError

The above exception was the direct cause of the following exception:

db_session = <sqlalchemy.ext.asyncio.session.AsyncSession object at 0x7c3921680aa0>

    @pytest.mark.asyncio
    async def test_pos_order_clerk_restricted_channel(db_session) -> None:
>       await _seed_menu(db_session)

tests/api/test_admin_pos_orders.py:167: 
_ _ _ _ _ _ _ _ _ _ _ _ _ _ _ _ _ _ _ _ _ _ _ _ _ _ _ _ _ _ _ _ _ _ _ _ _ _ _ _ 
tests/api/test_admin_pos_orders.py:43: in _seed_menu
    await db_session.flush()
.venv/lib/python3.12/site-packages/sqlalchemy/ext/asyncio/session.py:787: in flush
    await greenlet_spawn(self.sync_session.flush, objects=objects)
.venv/lib/python3.12/site-packages/sqlalchemy/util/_concurrency_py3k.py:203: in greenlet_spawn
    result = context.switch(value)
             ^^^^^^^^^^^^^^^^^^^^^
.venv/lib/python3.12/site-packages/sqlalchemy/orm/session.py:4331: in flush
    self._flush(objects)
.venv/lib/python3.12/site-packages/sqlalchemy/orm/session.py:4466: in _flush
    with util.safe_reraise():
.venv/lib/python3.12/site-packages/sqlalchemy/util/langhelpers.py:224: in __exit__
    raise exc_value.with_traceback(exc_tb)
.venv/lib/python3.12/site-packages/sqlalchemy/orm/session.py:4427: in _flush
    flush_context.execute()
.venv/lib/python3.12/site-packages/sqlalchemy/orm/unitofwork.py:466: in execute
    rec.execute(self)
.venv/lib/python3.12/site-packages/sqlalchemy/orm/unitofwork.py:642: in execute
    util.preloaded.orm_persistence.save_obj(
.venv/lib/python3.12/site-packages/sqlalchemy/orm/persistence.py:93: in save_obj
    _emit_insert_statements(
.venv/lib/python3.12/site-packages/sqlalchemy/orm/persistence.py:1048: in _emit_insert_statements
    result = connection.execute(
.venv/lib/python3.12/site-packages/sqlalchemy/engine/base.py:1419: in execute
    return meth(
.venv/lib/python3.12/site-packages/sqlalchemy/sql/elements.py:526: in _execute_on_connection
    return connection._execute_clauseelement(
.venv/lib/python3.12/site-packages/sqlalchemy/engine/base.py:1641: in _execute_clauseelement
    ret = self._execute_context(
.venv/lib/python3.12/site-packages/sqlalchemy/engine/base.py:1846: in _execute_context
    return self._exec_single_context(
.venv/lib/python3.12/site-packages/sqlalchemy/engine/base.py:1986: in _exec_single_context
    self._handle_dbapi_exception(
.venv/lib/python3.12/site-packages/sqlalchemy/engine/base.py:2355: in _handle_dbapi_exception
    raise sqlalchemy_exception.with_traceback(exc_info[2]) from e
.venv/lib/python3.12/site-packages/sqlalchemy/engine/base.py:1967: in _exec_single_context
    self.dialect.do_execute(
.venv/lib/python3.12/site-packages/sqlalchemy/engine/default.py:951: in do_execute
    cursor.execute(statement, parameters)
.venv/lib/python3.12/site-packages/sqlalchemy/dialects/postgresql/asyncpg.py:585: in execute
    self._adapt_connection.await_(
.venv/lib/python3.12/site-packages/sqlalchemy/util/_concurrency_py3k.py:132: in await_only
    return current.parent.switch(awaitable)  # type: ignore[no-any-return,attr-defined] # noqa: E501
           ^^^^^^^^^^^^^^^^^^^^^^^^^^^^^^^^
.venv/lib/python3.12/site-packages/sqlalchemy/util/_concurrency_py3k.py:196: in greenlet_spawn
    value = await result
            ^^^^^^^^^^^^
.venv/lib/python3.12/site-packages/sqlalchemy/dialects/postgresql/asyncpg.py:563: in _prepare_and_execute
    self._handle_exception(error)
.venv/lib/python3.12/site-packages/sqlalchemy/dialects/postgresql/asyncpg.py:513: in _handle_exception
    self._adapt_connection._handle_exception(error)
_ _ _ _ _ _ _ _ _ _ _ _ _ _ _ _ _ _ _ _ _ _ _ _ _ _ _ _ _ _ _ _ _ _ _ _ _ _ _ _ 

self = <AdaptedConnection <asyncpg.connection.Connection object at 0x7c39219a34d0>>
error = ForeignKeyViolationError('插入或更新表 "product_spec_mappings" 违反外键约束 "fk_product_spec_mappings_product_id_products"')

    def _handle_exception(self, error):
        if self._connection.is_closed():
            self._transaction = None
            self._started = False
    
        if not isinstance(error, AsyncAdapt_asyncpg_dbapi.Error):
            exception_mapping = self.dbapi._asyncpg_error_translate
    
            for super_ in type(error).__mro__:
                if super_ in exception_mapping:
                    translated_error = exception_mapping[super_](
                        "%s: %s" % (type(error), error)
                    )
                    translated_error.pgcode = translated_error.sqlstate = (
                        getattr(error, "sqlstate", None)
                    )
>                   raise translated_error from error
E                   sqlalchemy.exc.IntegrityError: (sqlalchemy.dialects.postgresql.asyncpg.IntegrityError) <class 'asyncpg.exceptions.ForeignKeyViolationError'>: 插入或更新表 "product_spec_mappings" 违反外键约束 "fk_product_spec_mappings_product_id_products"
E                   DETAIL:  键值对(product_id)=(9001)没有在表"products"中出现.
E                   [SQL: INSERT INTO product_spec_mappings (mapping_id, product_id, group_id) VALUES ($1::BIGINT, $2::BIGINT, $3::BIGINT)]
E                   [parameters: (9001, 9001, 9001)]
E                   (Background on this error at: https://sqlalche.me/e/20/gkpj)

.venv/lib/python3.12/site-packages/sqlalchemy/dialects/postgresql/asyncpg.py:797: IntegrityError
_________________ test_menu_endpoint_returns_expected_payload __________________

self = <sqlalchemy.dialects.postgresql.asyncpg.AsyncAdapt_asyncpg_cursor object at 0x7c3920983be0>
operation = 'INSERT INTO product_categories (product_id, category_id) VALUES ($1::BIGINT, $2::BIGINT)'
parameters = (1, 1)

    async def _prepare_and_execute(self, operation, parameters):
        adapt_connection = self._adapt_connection
    
        async with adapt_connection._execute_mutex:
            if not adapt_connection._started:
                await adapt_connection._start_transaction()
    
            if parameters is None:
                parameters = ()
    
            try:
                prepared_stmt, attributes = await adapt_connection._prepare(
                    operation, self._invalidate_schema_cache_asof
                )
    
                if attributes:
                    self.description = [
                        (
                            attr.name,
                            attr.type.oid,
                            None,
                            None,
                            None,
                            None,
                            None,
                        )
                        for attr in attributes
                    ]
                else:
                    self.description = None
    
                if self.server_side:
                    self._cursor = await prepared_stmt.cursor(*parameters)
                    self.rowcount = -1
                else:
>                   self._rows = deque(await prepared_stmt.fetch(*parameters))
                                       ^^^^^^^^^^^^^^^^^^^^^^^^^^^^^^^^^^^^^^

.venv/lib/python3.12/site-packages/sqlalchemy/dialects/postgresql/asyncpg.py:550: 
_ _ _ _ _ _ _ _ _ _ _ _ _ _ _ _ _ _ _ _ _ _ _ _ _ _ _ _ _ _ _ _ _ _ _ _ _ _ _ _ 
.venv/lib/python3.12/site-packages/asyncpg/prepared_stmt.py:176: in fetch
    data = await self.__bind_execute(args, 0, timeout)
           ^^^^^^^^^^^^^^^^^^^^^^^^^^^^^^^^^^^^^^^^^^^
.venv/lib/python3.12/site-packages/asyncpg/prepared_stmt.py:267: in __bind_execute
    data, status, _ = await self.__do_execute(
.venv/lib/python3.12/site-packages/asyncpg/prepared_stmt.py:256: in __do_execute
    return await executor(protocol)
           ^^^^^^^^^^^^^^^^^^^^^^^^
_ _ _ _ _ _ _ _ _ _ _ _ _ _ _ _ _ _ _ _ _ _ _ _ _ _ _ _ _ _ _ _ _ _ _ _ _ _ _ _ 

>   ???
E   asyncpg.exceptions.ForeignKeyViolationError: 插入或更新表 "product_categories" 违反外键约束 "fk_product_categories_product_id_products"
E   DETAIL:  键值对(product_id)=(1)没有在表"products"中出现.

asyncpg/protocol/protocol.pyx:206: ForeignKeyViolationError

The above exception was the direct cause of the following exception:

self = <sqlalchemy.engine.base.Connection object at 0x7c3920b354f0>
dialect = <sqlalchemy.dialects.postgresql.asyncpg.PGDialect_asyncpg object at 0x7c3920b9b950>
context = <sqlalchemy.dialects.postgresql.asyncpg.PGExecutionContext_asyncpg object at 0x7c3920b35730>
statement = <sqlalchemy.dialects.postgresql.asyncpg.PGCompiler_asyncpg object at 0x7c3920b356d0>
parameters = [(1, 1)]

    def _exec_single_context(
        self,
        dialect: Dialect,
        context: ExecutionContext,
        statement: Union[str, Compiled],
        parameters: Optional[_AnyMultiExecuteParams],
    ) -> CursorResult[Any]:
        """continue the _execute_context() method for a single DBAPI
        cursor.execute() or cursor.executemany() call.
    
        """
        if dialect.bind_typing is BindTyping.SETINPUTSIZES:
            generic_setinputsizes = context._prepare_set_input_sizes()
    
            if generic_setinputsizes:
                try:
                    dialect.do_set_input_sizes(
                        context.cursor, generic_setinputsizes, context
                    )
                except BaseException as e:
                    self._handle_dbapi_exception(
                        e, str(statement), parameters, None, context
                    )
    
        cursor, str_statement, parameters = (
            context.cursor,
            context.statement,
            context.parameters,
        )
    
        effective_parameters: Optional[_AnyExecuteParams]
    
        if not context.executemany:
            effective_parameters = parameters[0]
        else:
            effective_parameters = parameters
    
        if self._has_events or self.engine._has_events:
            for fn in self.dispatch.before_cursor_execute:
                str_statement, effective_parameters = fn(
                    self,
                    cursor,
                    str_statement,
                    effective_parameters,
                    context,
                    context.executemany,
                )
    
        if self._echo:
            self._log_info(str_statement)
    
            stats = context._get_cache_stats()
    
            if not self.engine.hide_parameters:
                self._log_info(
                    "[%s] %r",
                    stats,
                    sql_util._repr_params(
                        effective_parameters,
                        batches=10,
                        ismulti=context.executemany,
                    ),
                )
            else:
                self._log_info(
                    "[%s] [SQL parameters hidden due to hide_parameters=True]",
                    stats,
                )
    
        evt_handled: bool = False
        try:
            if context.execute_style is ExecuteStyle.EXECUTEMANY:
                effective_parameters = cast(
                    "_CoreMultiExecuteParams", effective_parameters
                )
                if self.dialect._has_events:
                    for fn in self.dialect.dispatch.do_executemany:
                        if fn(
                            cursor,
                            str_statement,
                            effective_parameters,
                            context,
                        ):
                            evt_handled = True
                            break
                if not evt_handled:
                    self.dialect.do_executemany(
                        cursor,
                        str_statement,
                        effective_parameters,
                        context,
                    )
            elif not effective_parameters and context.no_parameters:
                if self.dialect._has_events:
                    for fn in self.dialect.dispatch.do_execute_no_params:
                        if fn(cursor, str_statement, context):
                            evt_handled = True
                            break
                if not evt_handled:
                    self.dialect.do_execute_no_params(
                        cursor, str_statement, context
                    )
            else:
                effective_parameters = cast(
                    "_CoreSingleExecuteParams", effective_parameters
                )
                if self.dialect._has_events:
                    for fn in self.dialect.dispatch.do_execute:
                        if fn(
                            cursor,
                            str_statement,
                            effective_parameters,
                            context,
                        ):
                            evt_handled = True
                            break
                if not evt_handled:
>                   self.dialect.do_execute(
                        cursor, str_statement, effective_parameters, context
                    )

.venv/lib/python3.12/site-packages/sqlalchemy/engine/base.py:1967: 
_ _ _ _ _ _ _ _ _ _ _ _ _ _ _ _ _ _ _ _ _ _ _ _ _ _ _ _ _ _ _ _ _ _ _ _ _ _ _ _ 
.venv/lib/python3.12/site-packages/sqlalchemy/engine/default.py:951: in do_execute
    cursor.execute(statement, parameters)
.venv/lib/python3.12/site-packages/sqlalchemy/dialects/postgresql/asyncpg.py:585: in execute
    self._adapt_connection.await_(
.venv/lib/python3.12/site-packages/sqlalchemy/util/_concurrency_py3k.py:132: in await_only
    return current.parent.switch(awaitable)  # type: ignore[no-any-return,attr-defined] # noqa: E501
           ^^^^^^^^^^^^^^^^^^^^^^^^^^^^^^^^
.venv/lib/python3.12/site-packages/sqlalchemy/util/_concurrency_py3k.py:196: in greenlet_spawn
    value = await result
            ^^^^^^^^^^^^
.venv/lib/python3.12/site-packages/sqlalchemy/dialects/postgresql/asyncpg.py:563: in _prepare_and_execute
    self._handle_exception(error)
.venv/lib/python3.12/site-packages/sqlalchemy/dialects/postgresql/asyncpg.py:513: in _handle_exception
    self._adapt_connection._handle_exception(error)
_ _ _ _ _ _ _ _ _ _ _ _ _ _ _ _ _ _ _ _ _ _ _ _ _ _ _ _ _ _ _ _ _ _ _ _ _ _ _ _ 

self = <AdaptedConnection <asyncpg.connection.Connection object at 0x7c3920c92e40>>
error = ForeignKeyViolationError('插入或更新表 "product_categories" 违反外键约束 "fk_product_categories_product_id_products"')

    def _handle_exception(self, error):
        if self._connection.is_closed():
            self._transaction = None
            self._started = False
    
        if not isinstance(error, AsyncAdapt_asyncpg_dbapi.Error):
            exception_mapping = self.dbapi._asyncpg_error_translate
    
            for super_ in type(error).__mro__:
                if super_ in exception_mapping:
                    translated_error = exception_mapping[super_](
                        "%s: %s" % (type(error), error)
                    )
                    translated_error.pgcode = translated_error.sqlstate = (
                        getattr(error, "sqlstate", None)
                    )
>                   raise translated_error from error
E                   sqlalchemy.dialects.postgresql.asyncpg.AsyncAdapt_asyncpg_dbapi.IntegrityError: <class 'asyncpg.exceptions.ForeignKeyViolationError'>: 插入或更新表 "product_categories" 违反外键约束 "fk_product_categories_product_id_products"
E                   DETAIL:  键值对(product_id)=(1)没有在表"products"中出现.

.venv/lib/python3.12/site-packages/sqlalchemy/dialects/postgresql/asyncpg.py:797: IntegrityError

The above exception was the direct cause of the following exception:

db_session = <sqlalchemy.ext.asyncio.session.AsyncSession object at 0x7c3920b98c20>

    @pytest.mark.asyncio
    async def test_menu_endpoint_returns_expected_payload(db_session) -> None:
        invalidate_menu_cache()
>       await _prepare_basic_menu(db_session)

tests/api/test_menu_routes.py:54: 
_ _ _ _ _ _ _ _ _ _ _ _ _ _ _ _ _ _ _ _ _ _ _ _ _ _ _ _ _ _ _ _ _ _ _ _ _ _ _ _ 
tests/api/test_menu_routes.py:47: in _prepare_basic_menu
    await db_session.flush()
.venv/lib/python3.12/site-packages/sqlalchemy/ext/asyncio/session.py:787: in flush
    await greenlet_spawn(self.sync_session.flush, objects=objects)
.venv/lib/python3.12/site-packages/sqlalchemy/util/_concurrency_py3k.py:203: in greenlet_spawn
    result = context.switch(value)
             ^^^^^^^^^^^^^^^^^^^^^
.venv/lib/python3.12/site-packages/sqlalchemy/orm/session.py:4331: in flush
    self._flush(objects)
.venv/lib/python3.12/site-packages/sqlalchemy/orm/session.py:4466: in _flush
    with util.safe_reraise():
.venv/lib/python3.12/site-packages/sqlalchemy/util/langhelpers.py:224: in __exit__
    raise exc_value.with_traceback(exc_tb)
.venv/lib/python3.12/site-packages/sqlalchemy/orm/session.py:4427: in _flush
    flush_context.execute()
.venv/lib/python3.12/site-packages/sqlalchemy/orm/unitofwork.py:466: in execute
    rec.execute(self)
.venv/lib/python3.12/site-packages/sqlalchemy/orm/unitofwork.py:642: in execute
    util.preloaded.orm_persistence.save_obj(
.venv/lib/python3.12/site-packages/sqlalchemy/orm/persistence.py:93: in save_obj
    _emit_insert_statements(
.venv/lib/python3.12/site-packages/sqlalchemy/orm/persistence.py:1048: in _emit_insert_statements
    result = connection.execute(
.venv/lib/python3.12/site-packages/sqlalchemy/engine/base.py:1419: in execute
    return meth(
.venv/lib/python3.12/site-packages/sqlalchemy/sql/elements.py:526: in _execute_on_connection
    return connection._execute_clauseelement(
.venv/lib/python3.12/site-packages/sqlalchemy/engine/base.py:1641: in _execute_clauseelement
    ret = self._execute_context(
.venv/lib/python3.12/site-packages/sqlalchemy/engine/base.py:1846: in _execute_context
    return self._exec_single_context(
.venv/lib/python3.12/site-packages/sqlalchemy/engine/base.py:1986: in _exec_single_context
    self._handle_dbapi_exception(
.venv/lib/python3.12/site-packages/sqlalchemy/engine/base.py:2355: in _handle_dbapi_exception
    raise sqlalchemy_exception.with_traceback(exc_info[2]) from e
.venv/lib/python3.12/site-packages/sqlalchemy/engine/base.py:1967: in _exec_single_context
    self.dialect.do_execute(
.venv/lib/python3.12/site-packages/sqlalchemy/engine/default.py:951: in do_execute
    cursor.execute(statement, parameters)
.venv/lib/python3.12/site-packages/sqlalchemy/dialects/postgresql/asyncpg.py:585: in execute
    self._adapt_connection.await_(
.venv/lib/python3.12/site-packages/sqlalchemy/util/_concurrency_py3k.py:132: in await_only
    return current.parent.switch(awaitable)  # type: ignore[no-any-return,attr-defined] # noqa: E501
           ^^^^^^^^^^^^^^^^^^^^^^^^^^^^^^^^
.venv/lib/python3.12/site-packages/sqlalchemy/util/_concurrency_py3k.py:196: in greenlet_spawn
    value = await result
            ^^^^^^^^^^^^
.venv/lib/python3.12/site-packages/sqlalchemy/dialects/postgresql/asyncpg.py:563: in _prepare_and_execute
    self._handle_exception(error)
.venv/lib/python3.12/site-packages/sqlalchemy/dialects/postgresql/asyncpg.py:513: in _handle_exception
    self._adapt_connection._handle_exception(error)
_ _ _ _ _ _ _ _ _ _ _ _ _ _ _ _ _ _ _ _ _ _ _ _ _ _ _ _ _ _ _ _ _ _ _ _ _ _ _ _ 

self = <AdaptedConnection <asyncpg.connection.Connection object at 0x7c3920c92e40>>
error = ForeignKeyViolationError('插入或更新表 "product_categories" 违反外键约束 "fk_product_categories_product_id_products"')

    def _handle_exception(self, error):
        if self._connection.is_closed():
            self._transaction = None
            self._started = False
    
        if not isinstance(error, AsyncAdapt_asyncpg_dbapi.Error):
            exception_mapping = self.dbapi._asyncpg_error_translate
    
            for super_ in type(error).__mro__:
                if super_ in exception_mapping:
                    translated_error = exception_mapping[super_](
                        "%s: %s" % (type(error), error)
                    )
                    translated_error.pgcode = translated_error.sqlstate = (
                        getattr(error, "sqlstate", None)
                    )
>                   raise translated_error from error
E                   sqlalchemy.exc.IntegrityError: (sqlalchemy.dialects.postgresql.asyncpg.IntegrityError) <class 'asyncpg.exceptions.ForeignKeyViolationError'>: 插入或更新表 "product_categories" 违反外键约束 "fk_product_categories_product_id_products"
E                   DETAIL:  键值对(product_id)=(1)没有在表"products"中出现.
E                   [SQL: INSERT INTO product_categories (product_id, category_id) VALUES ($1::BIGINT, $2::BIGINT)]
E                   [parameters: (1, 1)]
E                   (Background on this error at: https://sqlalche.me/e/20/gkpj)

.venv/lib/python3.12/site-packages/sqlalchemy/dialects/postgresql/asyncpg.py:797: IntegrityError
__________________ test_menu_cache_prevents_immediate_changes __________________

self = <sqlalchemy.dialects.postgresql.asyncpg.AsyncAdapt_asyncpg_cursor object at 0x7c3920c21960>
operation = 'INSERT INTO product_categories (product_id, category_id) VALUES ($1::BIGINT, $2::BIGINT)'
parameters = (1, 1)

    async def _prepare_and_execute(self, operation, parameters):
        adapt_connection = self._adapt_connection
    
        async with adapt_connection._execute_mutex:
            if not adapt_connection._started:
                await adapt_connection._start_transaction()
    
            if parameters is None:
                parameters = ()
    
            try:
                prepared_stmt, attributes = await adapt_connection._prepare(
                    operation, self._invalidate_schema_cache_asof
                )
    
                if attributes:
                    self.description = [
                        (
                            attr.name,
                            attr.type.oid,
                            None,
                            None,
                            None,
                            None,
                            None,
                        )
                        for attr in attributes
                    ]
                else:
                    self.description = None
    
                if self.server_side:
                    self._cursor = await prepared_stmt.cursor(*parameters)
                    self.rowcount = -1
                else:
>                   self._rows = deque(await prepared_stmt.fetch(*parameters))
                                       ^^^^^^^^^^^^^^^^^^^^^^^^^^^^^^^^^^^^^^

.venv/lib/python3.12/site-packages/sqlalchemy/dialects/postgresql/asyncpg.py:550: 
_ _ _ _ _ _ _ _ _ _ _ _ _ _ _ _ _ _ _ _ _ _ _ _ _ _ _ _ _ _ _ _ _ _ _ _ _ _ _ _ 
.venv/lib/python3.12/site-packages/asyncpg/prepared_stmt.py:176: in fetch
    data = await self.__bind_execute(args, 0, timeout)
           ^^^^^^^^^^^^^^^^^^^^^^^^^^^^^^^^^^^^^^^^^^^
.venv/lib/python3.12/site-packages/asyncpg/prepared_stmt.py:267: in __bind_execute
    data, status, _ = await self.__do_execute(
.venv/lib/python3.12/site-packages/asyncpg/prepared_stmt.py:256: in __do_execute
    return await executor(protocol)
           ^^^^^^^^^^^^^^^^^^^^^^^^
_ _ _ _ _ _ _ _ _ _ _ _ _ _ _ _ _ _ _ _ _ _ _ _ _ _ _ _ _ _ _ _ _ _ _ _ _ _ _ _ 

>   ???
E   asyncpg.exceptions.ForeignKeyViolationError: 插入或更新表 "product_categories" 违反外键约束 "fk_product_categories_product_id_products"
E   DETAIL:  键值对(product_id)=(1)没有在表"products"中出现.

asyncpg/protocol/protocol.pyx:206: ForeignKeyViolationError

The above exception was the direct cause of the following exception:

self = <sqlalchemy.engine.base.Connection object at 0x7c392146a180>
dialect = <sqlalchemy.dialects.postgresql.asyncpg.PGDialect_asyncpg object at 0x7c3920b36600>
context = <sqlalchemy.dialects.postgresql.asyncpg.PGExecutionContext_asyncpg object at 0x7c392146a3c0>
statement = <sqlalchemy.dialects.postgresql.asyncpg.PGCompiler_asyncpg object at 0x7c392146a360>
parameters = [(1, 1)]

    def _exec_single_context(
        self,
        dialect: Dialect,
        context: ExecutionContext,
        statement: Union[str, Compiled],
        parameters: Optional[_AnyMultiExecuteParams],
    ) -> CursorResult[Any]:
        """continue the _execute_context() method for a single DBAPI
        cursor.execute() or cursor.executemany() call.
    
        """
        if dialect.bind_typing is BindTyping.SETINPUTSIZES:
            generic_setinputsizes = context._prepare_set_input_sizes()
    
            if generic_setinputsizes:
                try:
                    dialect.do_set_input_sizes(
                        context.cursor, generic_setinputsizes, context
                    )
                except BaseException as e:
                    self._handle_dbapi_exception(
                        e, str(statement), parameters, None, context
                    )
    
        cursor, str_statement, parameters = (
            context.cursor,
            context.statement,
            context.parameters,
        )
    
        effective_parameters: Optional[_AnyExecuteParams]
    
        if not context.executemany:
            effective_parameters = parameters[0]
        else:
            effective_parameters = parameters
    
        if self._has_events or self.engine._has_events:
            for fn in self.dispatch.before_cursor_execute:
                str_statement, effective_parameters = fn(
                    self,
                    cursor,
                    str_statement,
                    effective_parameters,
                    context,
                    context.executemany,
                )
    
        if self._echo:
            self._log_info(str_statement)
    
            stats = context._get_cache_stats()
    
            if not self.engine.hide_parameters:
                self._log_info(
                    "[%s] %r",
                    stats,
                    sql_util._repr_params(
                        effective_parameters,
                        batches=10,
                        ismulti=context.executemany,
                    ),
                )
            else:
                self._log_info(
                    "[%s] [SQL parameters hidden due to hide_parameters=True]",
                    stats,
                )
    
        evt_handled: bool = False
        try:
            if context.execute_style is ExecuteStyle.EXECUTEMANY:
                effective_parameters = cast(
                    "_CoreMultiExecuteParams", effective_parameters
                )
                if self.dialect._has_events:
                    for fn in self.dialect.dispatch.do_executemany:
                        if fn(
                            cursor,
                            str_statement,
                            effective_parameters,
                            context,
                        ):
                            evt_handled = True
                            break
                if not evt_handled:
                    self.dialect.do_executemany(
                        cursor,
                        str_statement,
                        effective_parameters,
                        context,
                    )
            elif not effective_parameters and context.no_parameters:
                if self.dialect._has_events:
                    for fn in self.dialect.dispatch.do_execute_no_params:
                        if fn(cursor, str_statement, context):
                            evt_handled = True
                            break
                if not evt_handled:
                    self.dialect.do_execute_no_params(
                        cursor, str_statement, context
                    )
            else:
                effective_parameters = cast(
                    "_CoreSingleExecuteParams", effective_parameters
                )
                if self.dialect._has_events:
                    for fn in self.dialect.dispatch.do_execute:
                        if fn(
                            cursor,
                            str_statement,
                            effective_parameters,
                            context,
                        ):
                            evt_handled = True
                            break
                if not evt_handled:
>                   self.dialect.do_execute(
                        cursor, str_statement, effective_parameters, context
                    )

.venv/lib/python3.12/site-packages/sqlalchemy/engine/base.py:1967: 
_ _ _ _ _ _ _ _ _ _ _ _ _ _ _ _ _ _ _ _ _ _ _ _ _ _ _ _ _ _ _ _ _ _ _ _ _ _ _ _ 
.venv/lib/python3.12/site-packages/sqlalchemy/engine/default.py:951: in do_execute
    cursor.execute(statement, parameters)
.venv/lib/python3.12/site-packages/sqlalchemy/dialects/postgresql/asyncpg.py:585: in execute
    self._adapt_connection.await_(
.venv/lib/python3.12/site-packages/sqlalchemy/util/_concurrency_py3k.py:132: in await_only
    return current.parent.switch(awaitable)  # type: ignore[no-any-return,attr-defined] # noqa: E501
           ^^^^^^^^^^^^^^^^^^^^^^^^^^^^^^^^
.venv/lib/python3.12/site-packages/sqlalchemy/util/_concurrency_py3k.py:196: in greenlet_spawn
    value = await result
            ^^^^^^^^^^^^
.venv/lib/python3.12/site-packages/sqlalchemy/dialects/postgresql/asyncpg.py:563: in _prepare_and_execute
    self._handle_exception(error)
.venv/lib/python3.12/site-packages/sqlalchemy/dialects/postgresql/asyncpg.py:513: in _handle_exception
    self._adapt_connection._handle_exception(error)
_ _ _ _ _ _ _ _ _ _ _ _ _ _ _ _ _ _ _ _ _ _ _ _ _ _ _ _ _ _ _ _ _ _ _ _ _ _ _ _ 

self = <AdaptedConnection <asyncpg.connection.Connection object at 0x7c392160ce60>>
error = ForeignKeyViolationError('插入或更新表 "product_categories" 违反外键约束 "fk_product_categories_product_id_products"')

    def _handle_exception(self, error):
        if self._connection.is_closed():
            self._transaction = None
            self._started = False
    
        if not isinstance(error, AsyncAdapt_asyncpg_dbapi.Error):
            exception_mapping = self.dbapi._asyncpg_error_translate
    
            for super_ in type(error).__mro__:
                if super_ in exception_mapping:
                    translated_error = exception_mapping[super_](
                        "%s: %s" % (type(error), error)
                    )
                    translated_error.pgcode = translated_error.sqlstate = (
                        getattr(error, "sqlstate", None)
                    )
>                   raise translated_error from error
E                   sqlalchemy.dialects.postgresql.asyncpg.AsyncAdapt_asyncpg_dbapi.IntegrityError: <class 'asyncpg.exceptions.ForeignKeyViolationError'>: 插入或更新表 "product_categories" 违反外键约束 "fk_product_categories_product_id_products"
E                   DETAIL:  键值对(product_id)=(1)没有在表"products"中出现.

.venv/lib/python3.12/site-packages/sqlalchemy/dialects/postgresql/asyncpg.py:797: IntegrityError

The above exception was the direct cause of the following exception:

db_session = <sqlalchemy.ext.asyncio.session.AsyncSession object at 0x7c3920b37860>

    @pytest.mark.asyncio
    async def test_menu_cache_prevents_immediate_changes(db_session) -> None:
        invalidate_menu_cache()
>       product = await _prepare_basic_menu(db_session)
                  ^^^^^^^^^^^^^^^^^^^^^^^^^^^^^^^^^^^^^

tests/api/test_menu_routes.py:78: 
_ _ _ _ _ _ _ _ _ _ _ _ _ _ _ _ _ _ _ _ _ _ _ _ _ _ _ _ _ _ _ _ _ _ _ _ _ _ _ _ 
tests/api/test_menu_routes.py:47: in _prepare_basic_menu
    await db_session.flush()
.venv/lib/python3.12/site-packages/sqlalchemy/ext/asyncio/session.py:787: in flush
    await greenlet_spawn(self.sync_session.flush, objects=objects)
.venv/lib/python3.12/site-packages/sqlalchemy/util/_concurrency_py3k.py:203: in greenlet_spawn
    result = context.switch(value)
             ^^^^^^^^^^^^^^^^^^^^^
.venv/lib/python3.12/site-packages/sqlalchemy/orm/session.py:4331: in flush
    self._flush(objects)
.venv/lib/python3.12/site-packages/sqlalchemy/orm/session.py:4466: in _flush
    with util.safe_reraise():
.venv/lib/python3.12/site-packages/sqlalchemy/util/langhelpers.py:224: in __exit__
    raise exc_value.with_traceback(exc_tb)
.venv/lib/python3.12/site-packages/sqlalchemy/orm/session.py:4427: in _flush
    flush_context.execute()
.venv/lib/python3.12/site-packages/sqlalchemy/orm/unitofwork.py:466: in execute
    rec.execute(self)
.venv/lib/python3.12/site-packages/sqlalchemy/orm/unitofwork.py:642: in execute
    util.preloaded.orm_persistence.save_obj(
.venv/lib/python3.12/site-packages/sqlalchemy/orm/persistence.py:93: in save_obj
    _emit_insert_statements(
.venv/lib/python3.12/site-packages/sqlalchemy/orm/persistence.py:1048: in _emit_insert_statements
    result = connection.execute(
.venv/lib/python3.12/site-packages/sqlalchemy/engine/base.py:1419: in execute
    return meth(
.venv/lib/python3.12/site-packages/sqlalchemy/sql/elements.py:526: in _execute_on_connection
    return connection._execute_clauseelement(
.venv/lib/python3.12/site-packages/sqlalchemy/engine/base.py:1641: in _execute_clauseelement
    ret = self._execute_context(
.venv/lib/python3.12/site-packages/sqlalchemy/engine/base.py:1846: in _execute_context
    return self._exec_single_context(
.venv/lib/python3.12/site-packages/sqlalchemy/engine/base.py:1986: in _exec_single_context
    self._handle_dbapi_exception(
.venv/lib/python3.12/site-packages/sqlalchemy/engine/base.py:2355: in _handle_dbapi_exception
    raise sqlalchemy_exception.with_traceback(exc_info[2]) from e
.venv/lib/python3.12/site-packages/sqlalchemy/engine/base.py:1967: in _exec_single_context
    self.dialect.do_execute(
.venv/lib/python3.12/site-packages/sqlalchemy/engine/default.py:951: in do_execute
    cursor.execute(statement, parameters)
.venv/lib/python3.12/site-packages/sqlalchemy/dialects/postgresql/asyncpg.py:585: in execute
    self._adapt_connection.await_(
.venv/lib/python3.12/site-packages/sqlalchemy/util/_concurrency_py3k.py:132: in await_only
    return current.parent.switch(awaitable)  # type: ignore[no-any-return,attr-defined] # noqa: E501
           ^^^^^^^^^^^^^^^^^^^^^^^^^^^^^^^^
.venv/lib/python3.12/site-packages/sqlalchemy/util/_concurrency_py3k.py:196: in greenlet_spawn
    value = await result
            ^^^^^^^^^^^^
.venv/lib/python3.12/site-packages/sqlalchemy/dialects/postgresql/asyncpg.py:563: in _prepare_and_execute
    self._handle_exception(error)
.venv/lib/python3.12/site-packages/sqlalchemy/dialects/postgresql/asyncpg.py:513: in _handle_exception
    self._adapt_connection._handle_exception(error)
_ _ _ _ _ _ _ _ _ _ _ _ _ _ _ _ _ _ _ _ _ _ _ _ _ _ _ _ _ _ _ _ _ _ _ _ _ _ _ _ 

self = <AdaptedConnection <asyncpg.connection.Connection object at 0x7c392160ce60>>
error = ForeignKeyViolationError('插入或更新表 "product_categories" 违反外键约束 "fk_product_categories_product_id_products"')

    def _handle_exception(self, error):
        if self._connection.is_closed():
            self._transaction = None
            self._started = False
    
        if not isinstance(error, AsyncAdapt_asyncpg_dbapi.Error):
            exception_mapping = self.dbapi._asyncpg_error_translate
    
            for super_ in type(error).__mro__:
                if super_ in exception_mapping:
                    translated_error = exception_mapping[super_](
                        "%s: %s" % (type(error), error)
                    )
                    translated_error.pgcode = translated_error.sqlstate = (
                        getattr(error, "sqlstate", None)
                    )
>                   raise translated_error from error
E                   sqlalchemy.exc.IntegrityError: (sqlalchemy.dialects.postgresql.asyncpg.IntegrityError) <class 'asyncpg.exceptions.ForeignKeyViolationError'>: 插入或更新表 "product_categories" 违反外键约束 "fk_product_categories_product_id_products"
E                   DETAIL:  键值对(product_id)=(1)没有在表"products"中出现.
E                   [SQL: INSERT INTO product_categories (product_id, category_id) VALUES ($1::BIGINT, $2::BIGINT)]
E                   [parameters: (1, 1)]
E                   (Background on this error at: https://sqlalche.me/e/20/gkpj)

.venv/lib/python3.12/site-packages/sqlalchemy/dialects/postgresql/asyncpg.py:797: IntegrityError
________________ test_menu_cache_invalidate_on_inventory_change ________________

self = <sqlalchemy.dialects.postgresql.asyncpg.AsyncAdapt_asyncpg_cursor object at 0x7c3921603f40>
operation = 'INSERT INTO product_categories (product_id, category_id) VALUES ($1::BIGINT, $2::BIGINT)'
parameters = (1, 1)

    async def _prepare_and_execute(self, operation, parameters):
        adapt_connection = self._adapt_connection
    
        async with adapt_connection._execute_mutex:
            if not adapt_connection._started:
                await adapt_connection._start_transaction()
    
            if parameters is None:
                parameters = ()
    
            try:
                prepared_stmt, attributes = await adapt_connection._prepare(
                    operation, self._invalidate_schema_cache_asof
                )
    
                if attributes:
                    self.description = [
                        (
                            attr.name,
                            attr.type.oid,
                            None,
                            None,
                            None,
                            None,
                            None,
                        )
                        for attr in attributes
                    ]
                else:
                    self.description = None
    
                if self.server_side:
                    self._cursor = await prepared_stmt.cursor(*parameters)
                    self.rowcount = -1
                else:
>                   self._rows = deque(await prepared_stmt.fetch(*parameters))
                                       ^^^^^^^^^^^^^^^^^^^^^^^^^^^^^^^^^^^^^^

.venv/lib/python3.12/site-packages/sqlalchemy/dialects/postgresql/asyncpg.py:550: 
_ _ _ _ _ _ _ _ _ _ _ _ _ _ _ _ _ _ _ _ _ _ _ _ _ _ _ _ _ _ _ _ _ _ _ _ _ _ _ _ 
.venv/lib/python3.12/site-packages/asyncpg/prepared_stmt.py:176: in fetch
    data = await self.__bind_execute(args, 0, timeout)
           ^^^^^^^^^^^^^^^^^^^^^^^^^^^^^^^^^^^^^^^^^^^
.venv/lib/python3.12/site-packages/asyncpg/prepared_stmt.py:267: in __bind_execute
    data, status, _ = await self.__do_execute(
.venv/lib/python3.12/site-packages/asyncpg/prepared_stmt.py:256: in __do_execute
    return await executor(protocol)
           ^^^^^^^^^^^^^^^^^^^^^^^^
_ _ _ _ _ _ _ _ _ _ _ _ _ _ _ _ _ _ _ _ _ _ _ _ _ _ _ _ _ _ _ _ _ _ _ _ _ _ _ _ 

>   ???
E   asyncpg.exceptions.ForeignKeyViolationError: 插入或更新表 "product_categories" 违反外键约束 "fk_product_categories_product_id_products"
E   DETAIL:  键值对(product_id)=(1)没有在表"products"中出现.

asyncpg/protocol/protocol.pyx:206: ForeignKeyViolationError

The above exception was the direct cause of the following exception:

self = <sqlalchemy.engine.base.Connection object at 0x7c3920bb5af0>
dialect = <sqlalchemy.dialects.postgresql.asyncpg.PGDialect_asyncpg object at 0x7c3920b34da0>
context = <sqlalchemy.dialects.postgresql.asyncpg.PGExecutionContext_asyncpg object at 0x7c3920bb4a40>
statement = <sqlalchemy.dialects.postgresql.asyncpg.PGCompiler_asyncpg object at 0x7c3920bb48f0>
parameters = [(1, 1)]

    def _exec_single_context(
        self,
        dialect: Dialect,
        context: ExecutionContext,
        statement: Union[str, Compiled],
        parameters: Optional[_AnyMultiExecuteParams],
    ) -> CursorResult[Any]:
        """continue the _execute_context() method for a single DBAPI
        cursor.execute() or cursor.executemany() call.
    
        """
        if dialect.bind_typing is BindTyping.SETINPUTSIZES:
            generic_setinputsizes = context._prepare_set_input_sizes()
    
            if generic_setinputsizes:
                try:
                    dialect.do_set_input_sizes(
                        context.cursor, generic_setinputsizes, context
                    )
                except BaseException as e:
                    self._handle_dbapi_exception(
                        e, str(statement), parameters, None, context
                    )
    
        cursor, str_statement, parameters = (
            context.cursor,
            context.statement,
            context.parameters,
        )
    
        effective_parameters: Optional[_AnyExecuteParams]
    
        if not context.executemany:
            effective_parameters = parameters[0]
        else:
            effective_parameters = parameters
    
        if self._has_events or self.engine._has_events:
            for fn in self.dispatch.before_cursor_execute:
                str_statement, effective_parameters = fn(
                    self,
                    cursor,
                    str_statement,
                    effective_parameters,
                    context,
                    context.executemany,
                )
    
        if self._echo:
            self._log_info(str_statement)
    
            stats = context._get_cache_stats()
    
            if not self.engine.hide_parameters:
                self._log_info(
                    "[%s] %r",
                    stats,
                    sql_util._repr_params(
                        effective_parameters,
                        batches=10,
                        ismulti=context.executemany,
                    ),
                )
            else:
                self._log_info(
                    "[%s] [SQL parameters hidden due to hide_parameters=True]",
                    stats,
                )
    
        evt_handled: bool = False
        try:
            if context.execute_style is ExecuteStyle.EXECUTEMANY:
                effective_parameters = cast(
                    "_CoreMultiExecuteParams", effective_parameters
                )
                if self.dialect._has_events:
                    for fn in self.dialect.dispatch.do_executemany:
                        if fn(
                            cursor,
                            str_statement,
                            effective_parameters,
                            context,
                        ):
                            evt_handled = True
                            break
                if not evt_handled:
                    self.dialect.do_executemany(
                        cursor,
                        str_statement,
                        effective_parameters,
                        context,
                    )
            elif not effective_parameters and context.no_parameters:
                if self.dialect._has_events:
                    for fn in self.dialect.dispatch.do_execute_no_params:
                        if fn(cursor, str_statement, context):
                            evt_handled = True
                            break
                if not evt_handled:
                    self.dialect.do_execute_no_params(
                        cursor, str_statement, context
                    )
            else:
                effective_parameters = cast(
                    "_CoreSingleExecuteParams", effective_parameters
                )
                if self.dialect._has_events:
                    for fn in self.dialect.dispatch.do_execute:
                        if fn(
                            cursor,
                            str_statement,
                            effective_parameters,
                            context,
                        ):
                            evt_handled = True
                            break
                if not evt_handled:
>                   self.dialect.do_execute(
                        cursor, str_statement, effective_parameters, context
                    )

.venv/lib/python3.12/site-packages/sqlalchemy/engine/base.py:1967: 
_ _ _ _ _ _ _ _ _ _ _ _ _ _ _ _ _ _ _ _ _ _ _ _ _ _ _ _ _ _ _ _ _ _ _ _ _ _ _ _ 
.venv/lib/python3.12/site-packages/sqlalchemy/engine/default.py:951: in do_execute
    cursor.execute(statement, parameters)
.venv/lib/python3.12/site-packages/sqlalchemy/dialects/postgresql/asyncpg.py:585: in execute
    self._adapt_connection.await_(
.venv/lib/python3.12/site-packages/sqlalchemy/util/_concurrency_py3k.py:132: in await_only
    return current.parent.switch(awaitable)  # type: ignore[no-any-return,attr-defined] # noqa: E501
           ^^^^^^^^^^^^^^^^^^^^^^^^^^^^^^^^
.venv/lib/python3.12/site-packages/sqlalchemy/util/_concurrency_py3k.py:196: in greenlet_spawn
    value = await result
            ^^^^^^^^^^^^
.venv/lib/python3.12/site-packages/sqlalchemy/dialects/postgresql/asyncpg.py:563: in _prepare_and_execute
    self._handle_exception(error)
.venv/lib/python3.12/site-packages/sqlalchemy/dialects/postgresql/asyncpg.py:513: in _handle_exception
    self._adapt_connection._handle_exception(error)
_ _ _ _ _ _ _ _ _ _ _ _ _ _ _ _ _ _ _ _ _ _ _ _ _ _ _ _ _ _ _ _ _ _ _ _ _ _ _ _ 

self = <AdaptedConnection <asyncpg.connection.Connection object at 0x7c39219a0f50>>
error = ForeignKeyViolationError('插入或更新表 "product_categories" 违反外键约束 "fk_product_categories_product_id_products"')

    def _handle_exception(self, error):
        if self._connection.is_closed():
            self._transaction = None
            self._started = False
    
        if not isinstance(error, AsyncAdapt_asyncpg_dbapi.Error):
            exception_mapping = self.dbapi._asyncpg_error_translate
    
            for super_ in type(error).__mro__:
                if super_ in exception_mapping:
                    translated_error = exception_mapping[super_](
                        "%s: %s" % (type(error), error)
                    )
                    translated_error.pgcode = translated_error.sqlstate = (
                        getattr(error, "sqlstate", None)
                    )
>                   raise translated_error from error
E                   sqlalchemy.dialects.postgresql.asyncpg.AsyncAdapt_asyncpg_dbapi.IntegrityError: <class 'asyncpg.exceptions.ForeignKeyViolationError'>: 插入或更新表 "product_categories" 违反外键约束 "fk_product_categories_product_id_products"
E                   DETAIL:  键值对(product_id)=(1)没有在表"products"中出现.

.venv/lib/python3.12/site-packages/sqlalchemy/dialects/postgresql/asyncpg.py:797: IntegrityError

The above exception was the direct cause of the following exception:

db_session = <sqlalchemy.ext.asyncio.session.AsyncSession object at 0x7c3920b9b2c0>

    @pytest.mark.asyncio
    async def test_menu_cache_invalidate_on_inventory_change(db_session) -> None:
        invalidate_menu_cache()
>       product = await _prepare_basic_menu(db_session)
                  ^^^^^^^^^^^^^^^^^^^^^^^^^^^^^^^^^^^^^

tests/api/test_menu_routes.py:105: 
_ _ _ _ _ _ _ _ _ _ _ _ _ _ _ _ _ _ _ _ _ _ _ _ _ _ _ _ _ _ _ _ _ _ _ _ _ _ _ _ 
tests/api/test_menu_routes.py:47: in _prepare_basic_menu
    await db_session.flush()
.venv/lib/python3.12/site-packages/sqlalchemy/ext/asyncio/session.py:787: in flush
    await greenlet_spawn(self.sync_session.flush, objects=objects)
.venv/lib/python3.12/site-packages/sqlalchemy/util/_concurrency_py3k.py:203: in greenlet_spawn
    result = context.switch(value)
             ^^^^^^^^^^^^^^^^^^^^^
.venv/lib/python3.12/site-packages/sqlalchemy/orm/session.py:4331: in flush
    self._flush(objects)
.venv/lib/python3.12/site-packages/sqlalchemy/orm/session.py:4466: in _flush
    with util.safe_reraise():
.venv/lib/python3.12/site-packages/sqlalchemy/util/langhelpers.py:224: in __exit__
    raise exc_value.with_traceback(exc_tb)
.venv/lib/python3.12/site-packages/sqlalchemy/orm/session.py:4427: in _flush
    flush_context.execute()
.venv/lib/python3.12/site-packages/sqlalchemy/orm/unitofwork.py:466: in execute
    rec.execute(self)
.venv/lib/python3.12/site-packages/sqlalchemy/orm/unitofwork.py:642: in execute
    util.preloaded.orm_persistence.save_obj(
.venv/lib/python3.12/site-packages/sqlalchemy/orm/persistence.py:93: in save_obj
    _emit_insert_statements(
.venv/lib/python3.12/site-packages/sqlalchemy/orm/persistence.py:1048: in _emit_insert_statements
    result = connection.execute(
.venv/lib/python3.12/site-packages/sqlalchemy/engine/base.py:1419: in execute
    return meth(
.venv/lib/python3.12/site-packages/sqlalchemy/sql/elements.py:526: in _execute_on_connection
    return connection._execute_clauseelement(
.venv/lib/python3.12/site-packages/sqlalchemy/engine/base.py:1641: in _execute_clauseelement
    ret = self._execute_context(
.venv/lib/python3.12/site-packages/sqlalchemy/engine/base.py:1846: in _execute_context
    return self._exec_single_context(
.venv/lib/python3.12/site-packages/sqlalchemy/engine/base.py:1986: in _exec_single_context
    self._handle_dbapi_exception(
.venv/lib/python3.12/site-packages/sqlalchemy/engine/base.py:2355: in _handle_dbapi_exception
    raise sqlalchemy_exception.with_traceback(exc_info[2]) from e
.venv/lib/python3.12/site-packages/sqlalchemy/engine/base.py:1967: in _exec_single_context
    self.dialect.do_execute(
.venv/lib/python3.12/site-packages/sqlalchemy/engine/default.py:951: in do_execute
    cursor.execute(statement, parameters)
.venv/lib/python3.12/site-packages/sqlalchemy/dialects/postgresql/asyncpg.py:585: in execute
    self._adapt_connection.await_(
.venv/lib/python3.12/site-packages/sqlalchemy/util/_concurrency_py3k.py:132: in await_only
    return current.parent.switch(awaitable)  # type: ignore[no-any-return,attr-defined] # noqa: E501
           ^^^^^^^^^^^^^^^^^^^^^^^^^^^^^^^^
.venv/lib/python3.12/site-packages/sqlalchemy/util/_concurrency_py3k.py:196: in greenlet_spawn
    value = await result
            ^^^^^^^^^^^^
.venv/lib/python3.12/site-packages/sqlalchemy/dialects/postgresql/asyncpg.py:563: in _prepare_and_execute
    self._handle_exception(error)
.venv/lib/python3.12/site-packages/sqlalchemy/dialects/postgresql/asyncpg.py:513: in _handle_exception
    self._adapt_connection._handle_exception(error)
_ _ _ _ _ _ _ _ _ _ _ _ _ _ _ _ _ _ _ _ _ _ _ _ _ _ _ _ _ _ _ _ _ _ _ _ _ _ _ _ 

self = <AdaptedConnection <asyncpg.connection.Connection object at 0x7c39219a0f50>>
error = ForeignKeyViolationError('插入或更新表 "product_categories" 违反外键约束 "fk_product_categories_product_id_products"')

    def _handle_exception(self, error):
        if self._connection.is_closed():
            self._transaction = None
            self._started = False
    
        if not isinstance(error, AsyncAdapt_asyncpg_dbapi.Error):
            exception_mapping = self.dbapi._asyncpg_error_translate
    
            for super_ in type(error).__mro__:
                if super_ in exception_mapping:
                    translated_error = exception_mapping[super_](
                        "%s: %s" % (type(error), error)
                    )
                    translated_error.pgcode = translated_error.sqlstate = (
                        getattr(error, "sqlstate", None)
                    )
>                   raise translated_error from error
E                   sqlalchemy.exc.IntegrityError: (sqlalchemy.dialects.postgresql.asyncpg.IntegrityError) <class 'asyncpg.exceptions.ForeignKeyViolationError'>: 插入或更新表 "product_categories" 违反外键约束 "fk_product_categories_product_id_products"
E                   DETAIL:  键值对(product_id)=(1)没有在表"products"中出现.
E                   [SQL: INSERT INTO product_categories (product_id, category_id) VALUES ($1::BIGINT, $2::BIGINT)]
E                   [parameters: (1, 1)]
E                   (Background on this error at: https://sqlalche.me/e/20/gkpj)

.venv/lib/python3.12/site-packages/sqlalchemy/dialects/postgresql/asyncpg.py:797: IntegrityError
____________________ test_create_order_api_with_user_token _____________________

self = <sqlalchemy.dialects.postgresql.asyncpg.AsyncAdapt_asyncpg_cursor object at 0x7c392098d300>
operation = 'INSERT INTO product_spec_mappings (mapping_id, product_id, group_id) VALUES ($1::BIGINT, $2::BIGINT, $3::BIGINT)'
parameters = (101, 101, 101)

    async def _prepare_and_execute(self, operation, parameters):
        adapt_connection = self._adapt_connection
    
        async with adapt_connection._execute_mutex:
            if not adapt_connection._started:
                await adapt_connection._start_transaction()
    
            if parameters is None:
                parameters = ()
    
            try:
                prepared_stmt, attributes = await adapt_connection._prepare(
                    operation, self._invalidate_schema_cache_asof
                )
    
                if attributes:
                    self.description = [
                        (
                            attr.name,
                            attr.type.oid,
                            None,
                            None,
                            None,
                            None,
                            None,
                        )
                        for attr in attributes
                    ]
                else:
                    self.description = None
    
                if self.server_side:
                    self._cursor = await prepared_stmt.cursor(*parameters)
                    self.rowcount = -1
                else:
>                   self._rows = deque(await prepared_stmt.fetch(*parameters))
                                       ^^^^^^^^^^^^^^^^^^^^^^^^^^^^^^^^^^^^^^

.venv/lib/python3.12/site-packages/sqlalchemy/dialects/postgresql/asyncpg.py:550: 
_ _ _ _ _ _ _ _ _ _ _ _ _ _ _ _ _ _ _ _ _ _ _ _ _ _ _ _ _ _ _ _ _ _ _ _ _ _ _ _ 
.venv/lib/python3.12/site-packages/asyncpg/prepared_stmt.py:176: in fetch
    data = await self.__bind_execute(args, 0, timeout)
           ^^^^^^^^^^^^^^^^^^^^^^^^^^^^^^^^^^^^^^^^^^^
.venv/lib/python3.12/site-packages/asyncpg/prepared_stmt.py:267: in __bind_execute
    data, status, _ = await self.__do_execute(
.venv/lib/python3.12/site-packages/asyncpg/prepared_stmt.py:256: in __do_execute
    return await executor(protocol)
           ^^^^^^^^^^^^^^^^^^^^^^^^
_ _ _ _ _ _ _ _ _ _ _ _ _ _ _ _ _ _ _ _ _ _ _ _ _ _ _ _ _ _ _ _ _ _ _ _ _ _ _ _ 

>   ???
E   asyncpg.exceptions.ForeignKeyViolationError: 插入或更新表 "product_spec_mappings" 违反外键约束 "fk_product_spec_mappings_product_id_products"
E   DETAIL:  键值对(product_id)=(101)没有在表"products"中出现.

asyncpg/protocol/protocol.pyx:206: ForeignKeyViolationError

The above exception was the direct cause of the following exception:

self = <sqlalchemy.engine.base.Connection object at 0x7c3920c11d90>
dialect = <sqlalchemy.dialects.postgresql.asyncpg.PGDialect_asyncpg object at 0x7c3920e35a60>
context = <sqlalchemy.dialects.postgresql.asyncpg.PGExecutionContext_asyncpg object at 0x7c3920c10500>
statement = <sqlalchemy.dialects.postgresql.asyncpg.PGCompiler_asyncpg object at 0x7c3920c11be0>
parameters = [(101, 101, 101)]

    def _exec_single_context(
        self,
        dialect: Dialect,
        context: ExecutionContext,
        statement: Union[str, Compiled],
        parameters: Optional[_AnyMultiExecuteParams],
    ) -> CursorResult[Any]:
        """continue the _execute_context() method for a single DBAPI
        cursor.execute() or cursor.executemany() call.
    
        """
        if dialect.bind_typing is BindTyping.SETINPUTSIZES:
            generic_setinputsizes = context._prepare_set_input_sizes()
    
            if generic_setinputsizes:
                try:
                    dialect.do_set_input_sizes(
                        context.cursor, generic_setinputsizes, context
                    )
                except BaseException as e:
                    self._handle_dbapi_exception(
                        e, str(statement), parameters, None, context
                    )
    
        cursor, str_statement, parameters = (
            context.cursor,
            context.statement,
            context.parameters,
        )
    
        effective_parameters: Optional[_AnyExecuteParams]
    
        if not context.executemany:
            effective_parameters = parameters[0]
        else:
            effective_parameters = parameters
    
        if self._has_events or self.engine._has_events:
            for fn in self.dispatch.before_cursor_execute:
                str_statement, effective_parameters = fn(
                    self,
                    cursor,
                    str_statement,
                    effective_parameters,
                    context,
                    context.executemany,
                )
    
        if self._echo:
            self._log_info(str_statement)
    
            stats = context._get_cache_stats()
    
            if not self.engine.hide_parameters:
                self._log_info(
                    "[%s] %r",
                    stats,
                    sql_util._repr_params(
                        effective_parameters,
                        batches=10,
                        ismulti=context.executemany,
                    ),
                )
            else:
                self._log_info(
                    "[%s] [SQL parameters hidden due to hide_parameters=True]",
                    stats,
                )
    
        evt_handled: bool = False
        try:
            if context.execute_style is ExecuteStyle.EXECUTEMANY:
                effective_parameters = cast(
                    "_CoreMultiExecuteParams", effective_parameters
                )
                if self.dialect._has_events:
                    for fn in self.dialect.dispatch.do_executemany:
                        if fn(
                            cursor,
                            str_statement,
                            effective_parameters,
                            context,
                        ):
                            evt_handled = True
                            break
                if not evt_handled:
                    self.dialect.do_executemany(
                        cursor,
                        str_statement,
                        effective_parameters,
                        context,
                    )
            elif not effective_parameters and context.no_parameters:
                if self.dialect._has_events:
                    for fn in self.dialect.dispatch.do_execute_no_params:
                        if fn(cursor, str_statement, context):
                            evt_handled = True
                            break
                if not evt_handled:
                    self.dialect.do_execute_no_params(
                        cursor, str_statement, context
                    )
            else:
                effective_parameters = cast(
                    "_CoreSingleExecuteParams", effective_parameters
                )
                if self.dialect._has_events:
                    for fn in self.dialect.dispatch.do_execute:
                        if fn(
                            cursor,
                            str_statement,
                            effective_parameters,
                            context,
                        ):
                            evt_handled = True
                            break
                if not evt_handled:
>                   self.dialect.do_execute(
                        cursor, str_statement, effective_parameters, context
                    )

.venv/lib/python3.12/site-packages/sqlalchemy/engine/base.py:1967: 
_ _ _ _ _ _ _ _ _ _ _ _ _ _ _ _ _ _ _ _ _ _ _ _ _ _ _ _ _ _ _ _ _ _ _ _ _ _ _ _ 
.venv/lib/python3.12/site-packages/sqlalchemy/engine/default.py:951: in do_execute
    cursor.execute(statement, parameters)
.venv/lib/python3.12/site-packages/sqlalchemy/dialects/postgresql/asyncpg.py:585: in execute
    self._adapt_connection.await_(
.venv/lib/python3.12/site-packages/sqlalchemy/util/_concurrency_py3k.py:132: in await_only
    return current.parent.switch(awaitable)  # type: ignore[no-any-return,attr-defined] # noqa: E501
           ^^^^^^^^^^^^^^^^^^^^^^^^^^^^^^^^
.venv/lib/python3.12/site-packages/sqlalchemy/util/_concurrency_py3k.py:196: in greenlet_spawn
    value = await result
            ^^^^^^^^^^^^
.venv/lib/python3.12/site-packages/sqlalchemy/dialects/postgresql/asyncpg.py:563: in _prepare_and_execute
    self._handle_exception(error)
.venv/lib/python3.12/site-packages/sqlalchemy/dialects/postgresql/asyncpg.py:513: in _handle_exception
    self._adapt_connection._handle_exception(error)
_ _ _ _ _ _ _ _ _ _ _ _ _ _ _ _ _ _ _ _ _ _ _ _ _ _ _ _ _ _ _ _ _ _ _ _ _ _ _ _ 

self = <AdaptedConnection <asyncpg.connection.Connection object at 0x7c3920c93980>>
error = ForeignKeyViolationError('插入或更新表 "product_spec_mappings" 违反外键约束 "fk_product_spec_mappings_product_id_products"')

    def _handle_exception(self, error):
        if self._connection.is_closed():
            self._transaction = None
            self._started = False
    
        if not isinstance(error, AsyncAdapt_asyncpg_dbapi.Error):
            exception_mapping = self.dbapi._asyncpg_error_translate
    
            for super_ in type(error).__mro__:
                if super_ in exception_mapping:
                    translated_error = exception_mapping[super_](
                        "%s: %s" % (type(error), error)
                    )
                    translated_error.pgcode = translated_error.sqlstate = (
                        getattr(error, "sqlstate", None)
                    )
>                   raise translated_error from error
E                   sqlalchemy.dialects.postgresql.asyncpg.AsyncAdapt_asyncpg_dbapi.IntegrityError: <class 'asyncpg.exceptions.ForeignKeyViolationError'>: 插入或更新表 "product_spec_mappings" 违反外键约束 "fk_product_spec_mappings_product_id_products"
E                   DETAIL:  键值对(product_id)=(101)没有在表"products"中出现.

.venv/lib/python3.12/site-packages/sqlalchemy/dialects/postgresql/asyncpg.py:797: IntegrityError

The above exception was the direct cause of the following exception:

db_session = <sqlalchemy.ext.asyncio.session.AsyncSession object at 0x7c3920e34a40>

    @pytest.mark.asyncio
    async def test_create_order_api_with_user_token(db_session) -> None:
>       await _seed_product(db_session)

tests/api/test_orders_routes.py:53: 
_ _ _ _ _ _ _ _ _ _ _ _ _ _ _ _ _ _ _ _ _ _ _ _ _ _ _ _ _ _ _ _ _ _ _ _ _ _ _ _ 
tests/api/test_orders_routes.py:48: in _seed_product
    await db_session.flush()
.venv/lib/python3.12/site-packages/sqlalchemy/ext/asyncio/session.py:787: in flush
    await greenlet_spawn(self.sync_session.flush, objects=objects)
.venv/lib/python3.12/site-packages/sqlalchemy/util/_concurrency_py3k.py:203: in greenlet_spawn
    result = context.switch(value)
             ^^^^^^^^^^^^^^^^^^^^^
.venv/lib/python3.12/site-packages/sqlalchemy/orm/session.py:4331: in flush
    self._flush(objects)
.venv/lib/python3.12/site-packages/sqlalchemy/orm/session.py:4466: in _flush
    with util.safe_reraise():
.venv/lib/python3.12/site-packages/sqlalchemy/util/langhelpers.py:224: in __exit__
    raise exc_value.with_traceback(exc_tb)
.venv/lib/python3.12/site-packages/sqlalchemy/orm/session.py:4427: in _flush
    flush_context.execute()
.venv/lib/python3.12/site-packages/sqlalchemy/orm/unitofwork.py:466: in execute
    rec.execute(self)
.venv/lib/python3.12/site-packages/sqlalchemy/orm/unitofwork.py:642: in execute
    util.preloaded.orm_persistence.save_obj(
.venv/lib/python3.12/site-packages/sqlalchemy/orm/persistence.py:93: in save_obj
    _emit_insert_statements(
.venv/lib/python3.12/site-packages/sqlalchemy/orm/persistence.py:1048: in _emit_insert_statements
    result = connection.execute(
.venv/lib/python3.12/site-packages/sqlalchemy/engine/base.py:1419: in execute
    return meth(
.venv/lib/python3.12/site-packages/sqlalchemy/sql/elements.py:526: in _execute_on_connection
    return connection._execute_clauseelement(
.venv/lib/python3.12/site-packages/sqlalchemy/engine/base.py:1641: in _execute_clauseelement
    ret = self._execute_context(
.venv/lib/python3.12/site-packages/sqlalchemy/engine/base.py:1846: in _execute_context
    return self._exec_single_context(
.venv/lib/python3.12/site-packages/sqlalchemy/engine/base.py:1986: in _exec_single_context
    self._handle_dbapi_exception(
.venv/lib/python3.12/site-packages/sqlalchemy/engine/base.py:2355: in _handle_dbapi_exception
    raise sqlalchemy_exception.with_traceback(exc_info[2]) from e
.venv/lib/python3.12/site-packages/sqlalchemy/engine/base.py:1967: in _exec_single_context
    self.dialect.do_execute(
.venv/lib/python3.12/site-packages/sqlalchemy/engine/default.py:951: in do_execute
    cursor.execute(statement, parameters)
.venv/lib/python3.12/site-packages/sqlalchemy/dialects/postgresql/asyncpg.py:585: in execute
    self._adapt_connection.await_(
.venv/lib/python3.12/site-packages/sqlalchemy/util/_concurrency_py3k.py:132: in await_only
    return current.parent.switch(awaitable)  # type: ignore[no-any-return,attr-defined] # noqa: E501
           ^^^^^^^^^^^^^^^^^^^^^^^^^^^^^^^^
.venv/lib/python3.12/site-packages/sqlalchemy/util/_concurrency_py3k.py:196: in greenlet_spawn
    value = await result
            ^^^^^^^^^^^^
.venv/lib/python3.12/site-packages/sqlalchemy/dialects/postgresql/asyncpg.py:563: in _prepare_and_execute
    self._handle_exception(error)
.venv/lib/python3.12/site-packages/sqlalchemy/dialects/postgresql/asyncpg.py:513: in _handle_exception
    self._adapt_connection._handle_exception(error)
_ _ _ _ _ _ _ _ _ _ _ _ _ _ _ _ _ _ _ _ _ _ _ _ _ _ _ _ _ _ _ _ _ _ _ _ _ _ _ _ 

self = <AdaptedConnection <asyncpg.connection.Connection object at 0x7c3920c93980>>
error = ForeignKeyViolationError('插入或更新表 "product_spec_mappings" 违反外键约束 "fk_product_spec_mappings_product_id_products"')

    def _handle_exception(self, error):
        if self._connection.is_closed():
            self._transaction = None
            self._started = False
    
        if not isinstance(error, AsyncAdapt_asyncpg_dbapi.Error):
            exception_mapping = self.dbapi._asyncpg_error_translate
    
            for super_ in type(error).__mro__:
                if super_ in exception_mapping:
                    translated_error = exception_mapping[super_](
                        "%s: %s" % (type(error), error)
                    )
                    translated_error.pgcode = translated_error.sqlstate = (
                        getattr(error, "sqlstate", None)
                    )
>                   raise translated_error from error
E                   sqlalchemy.exc.IntegrityError: (sqlalchemy.dialects.postgresql.asyncpg.IntegrityError) <class 'asyncpg.exceptions.ForeignKeyViolationError'>: 插入或更新表 "product_spec_mappings" 违反外键约束 "fk_product_spec_mappings_product_id_products"
E                   DETAIL:  键值对(product_id)=(101)没有在表"products"中出现.
E                   [SQL: INSERT INTO product_spec_mappings (mapping_id, product_id, group_id) VALUES ($1::BIGINT, $2::BIGINT, $3::BIGINT)]
E                   [parameters: (101, 101, 101)]
E                   (Background on this error at: https://sqlalche.me/e/20/gkpj)

.venv/lib/python3.12/site-packages/sqlalchemy/dialects/postgresql/asyncpg.py:797: IntegrityError
_____________ test_create_order_api_idempotency_under_concurrency ______________

self = <sqlalchemy.dialects.postgresql.asyncpg.AsyncAdapt_asyncpg_cursor object at 0x7c39214f00a0>
operation = 'INSERT INTO product_spec_mappings (mapping_id, product_id, group_id) VALUES ($1::BIGINT, $2::BIGINT, $3::BIGINT)'
parameters = (504, 502, 503)

    async def _prepare_and_execute(self, operation, parameters):
        adapt_connection = self._adapt_connection
    
        async with adapt_connection._execute_mutex:
            if not adapt_connection._started:
                await adapt_connection._start_transaction()
    
            if parameters is None:
                parameters = ()
    
            try:
                prepared_stmt, attributes = await adapt_connection._prepare(
                    operation, self._invalidate_schema_cache_asof
                )
    
                if attributes:
                    self.description = [
                        (
                            attr.name,
                            attr.type.oid,
                            None,
                            None,
                            None,
                            None,
                            None,
                        )
                        for attr in attributes
                    ]
                else:
                    self.description = None
    
                if self.server_side:
                    self._cursor = await prepared_stmt.cursor(*parameters)
                    self.rowcount = -1
                else:
>                   self._rows = deque(await prepared_stmt.fetch(*parameters))
                                       ^^^^^^^^^^^^^^^^^^^^^^^^^^^^^^^^^^^^^^

.venv/lib/python3.12/site-packages/sqlalchemy/dialects/postgresql/asyncpg.py:550: 
_ _ _ _ _ _ _ _ _ _ _ _ _ _ _ _ _ _ _ _ _ _ _ _ _ _ _ _ _ _ _ _ _ _ _ _ _ _ _ _ 
.venv/lib/python3.12/site-packages/asyncpg/prepared_stmt.py:176: in fetch
    data = await self.__bind_execute(args, 0, timeout)
           ^^^^^^^^^^^^^^^^^^^^^^^^^^^^^^^^^^^^^^^^^^^
.venv/lib/python3.12/site-packages/asyncpg/prepared_stmt.py:267: in __bind_execute
    data, status, _ = await self.__do_execute(
.venv/lib/python3.12/site-packages/asyncpg/prepared_stmt.py:256: in __do_execute
    return await executor(protocol)
           ^^^^^^^^^^^^^^^^^^^^^^^^
_ _ _ _ _ _ _ _ _ _ _ _ _ _ _ _ _ _ _ _ _ _ _ _ _ _ _ _ _ _ _ _ _ _ _ _ _ _ _ _ 

>   ???
E   asyncpg.exceptions.ForeignKeyViolationError: 插入或更新表 "product_spec_mappings" 违反外键约束 "fk_product_spec_mappings_product_id_products"
E   DETAIL:  键值对(product_id)=(502)没有在表"products"中出现.

asyncpg/protocol/protocol.pyx:206: ForeignKeyViolationError

The above exception was the direct cause of the following exception:

self = <sqlalchemy.engine.base.Connection object at 0x7c3921676ed0>
dialect = <sqlalchemy.dialects.postgresql.asyncpg.PGDialect_asyncpg object at 0x7c3920cd8d40>
context = <sqlalchemy.dialects.postgresql.asyncpg.PGExecutionContext_asyncpg object at 0x7c39216773b0>
statement = <sqlalchemy.dialects.postgresql.asyncpg.PGCompiler_asyncpg object at 0x7c3921675370>
parameters = [(504, 502, 503)]

    def _exec_single_context(
        self,
        dialect: Dialect,
        context: ExecutionContext,
        statement: Union[str, Compiled],
        parameters: Optional[_AnyMultiExecuteParams],
    ) -> CursorResult[Any]:
        """continue the _execute_context() method for a single DBAPI
        cursor.execute() or cursor.executemany() call.
    
        """
        if dialect.bind_typing is BindTyping.SETINPUTSIZES:
            generic_setinputsizes = context._prepare_set_input_sizes()
    
            if generic_setinputsizes:
                try:
                    dialect.do_set_input_sizes(
                        context.cursor, generic_setinputsizes, context
                    )
                except BaseException as e:
                    self._handle_dbapi_exception(
                        e, str(statement), parameters, None, context
                    )
    
        cursor, str_statement, parameters = (
            context.cursor,
            context.statement,
            context.parameters,
        )
    
        effective_parameters: Optional[_AnyExecuteParams]
    
        if not context.executemany:
            effective_parameters = parameters[0]
        else:
            effective_parameters = parameters
    
        if self._has_events or self.engine._has_events:
            for fn in self.dispatch.before_cursor_execute:
                str_statement, effective_parameters = fn(
                    self,
                    cursor,
                    str_statement,
                    effective_parameters,
                    context,
                    context.executemany,
                )
    
        if self._echo:
            self._log_info(str_statement)
    
            stats = context._get_cache_stats()
    
            if not self.engine.hide_parameters:
                self._log_info(
                    "[%s] %r",
                    stats,
                    sql_util._repr_params(
                        effective_parameters,
                        batches=10,
                        ismulti=context.executemany,
                    ),
                )
            else:
                self._log_info(
                    "[%s] [SQL parameters hidden due to hide_parameters=True]",
                    stats,
                )
    
        evt_handled: bool = False
        try:
            if context.execute_style is ExecuteStyle.EXECUTEMANY:
                effective_parameters = cast(
                    "_CoreMultiExecuteParams", effective_parameters
                )
                if self.dialect._has_events:
                    for fn in self.dialect.dispatch.do_executemany:
                        if fn(
                            cursor,
                            str_statement,
                            effective_parameters,
                            context,
                        ):
                            evt_handled = True
                            break
                if not evt_handled:
                    self.dialect.do_executemany(
                        cursor,
                        str_statement,
                        effective_parameters,
                        context,
                    )
            elif not effective_parameters and context.no_parameters:
                if self.dialect._has_events:
                    for fn in self.dialect.dispatch.do_execute_no_params:
                        if fn(cursor, str_statement, context):
                            evt_handled = True
                            break
                if not evt_handled:
                    self.dialect.do_execute_no_params(
                        cursor, str_statement, context
                    )
            else:
                effective_parameters = cast(
                    "_CoreSingleExecuteParams", effective_parameters
                )
                if self.dialect._has_events:
                    for fn in self.dialect.dispatch.do_execute:
                        if fn(
                            cursor,
                            str_statement,
                            effective_parameters,
                            context,
                        ):
                            evt_handled = True
                            break
                if not evt_handled:
>                   self.dialect.do_execute(
                        cursor, str_statement, effective_parameters, context
                    )

.venv/lib/python3.12/site-packages/sqlalchemy/engine/base.py:1967: 
_ _ _ _ _ _ _ _ _ _ _ _ _ _ _ _ _ _ _ _ _ _ _ _ _ _ _ _ _ _ _ _ _ _ _ _ _ _ _ _ 
.venv/lib/python3.12/site-packages/sqlalchemy/engine/default.py:951: in do_execute
    cursor.execute(statement, parameters)
.venv/lib/python3.12/site-packages/sqlalchemy/dialects/postgresql/asyncpg.py:585: in execute
    self._adapt_connection.await_(
.venv/lib/python3.12/site-packages/sqlalchemy/util/_concurrency_py3k.py:132: in await_only
    return current.parent.switch(awaitable)  # type: ignore[no-any-return,attr-defined] # noqa: E501
           ^^^^^^^^^^^^^^^^^^^^^^^^^^^^^^^^
.venv/lib/python3.12/site-packages/sqlalchemy/util/_concurrency_py3k.py:196: in greenlet_spawn
    value = await result
            ^^^^^^^^^^^^
.venv/lib/python3.12/site-packages/sqlalchemy/dialects/postgresql/asyncpg.py:563: in _prepare_and_execute
    self._handle_exception(error)
.venv/lib/python3.12/site-packages/sqlalchemy/dialects/postgresql/asyncpg.py:513: in _handle_exception
    self._adapt_connection._handle_exception(error)
_ _ _ _ _ _ _ _ _ _ _ _ _ _ _ _ _ _ _ _ _ _ _ _ _ _ _ _ _ _ _ _ _ _ _ _ _ _ _ _ 

self = <AdaptedConnection <asyncpg.connection.Connection object at 0x7c392186e6c0>>
error = ForeignKeyViolationError('插入或更新表 "product_spec_mappings" 违反外键约束 "fk_product_spec_mappings_product_id_products"')

    def _handle_exception(self, error):
        if self._connection.is_closed():
            self._transaction = None
            self._started = False
    
        if not isinstance(error, AsyncAdapt_asyncpg_dbapi.Error):
            exception_mapping = self.dbapi._asyncpg_error_translate
    
            for super_ in type(error).__mro__:
                if super_ in exception_mapping:
                    translated_error = exception_mapping[super_](
                        "%s: %s" % (type(error), error)
                    )
                    translated_error.pgcode = translated_error.sqlstate = (
                        getattr(error, "sqlstate", None)
                    )
>                   raise translated_error from error
E                   sqlalchemy.dialects.postgresql.asyncpg.AsyncAdapt_asyncpg_dbapi.IntegrityError: <class 'asyncpg.exceptions.ForeignKeyViolationError'>: 插入或更新表 "product_spec_mappings" 违反外键约束 "fk_product_spec_mappings_product_id_products"
E                   DETAIL:  键值对(product_id)=(502)没有在表"products"中出现.

.venv/lib/python3.12/site-packages/sqlalchemy/dialects/postgresql/asyncpg.py:797: IntegrityError

The above exception was the direct cause of the following exception:

model_test_engine = <sqlalchemy.ext.asyncio.engine.AsyncEngine object at 0x7c391fc52e90>

    @pytest.mark.asyncio
    async def test_create_order_api_idempotency_under_concurrency(model_test_engine) -> None:
        session_factory = async_sessionmaker(model_test_engine, expire_on_commit=False)
    
        PRODUCT_ID = 502
        SPEC_OPTION_ID = 504
    
        async def _seed_concurrency_menu(session):
            category = Category(category_id=501, name="并发特调", sort_order=1)
            product = Product(
                product_id=PRODUCT_ID,
                category_id=category.category_id,
                name="并发奶茶",
                description="压力测试专用",
                base_price=Decimal("15.00"),
                status="active",
                inventory_status="in_stock",
                stock_quantity=200,
            )
            group = SpecGroup(group_id=503, name="加料-并发", sort_order=1)
            option = SpecOption(
                option_id=SPEC_OPTION_ID,
                group_id=group.group_id,
                name="燕麦",
                price_modifier=Decimal("1.00"),
                inventory_status="in_stock",
                sort_order=1,
            )
            mapping = ProductSpecMapping(
                mapping_id=504,
                product_id=product.product_id,
                group_id=group.group_id,
            )
            user = User(user_id=500, open_id="user-concurrent")
            session.add_all([category, product, group, option, mapping, user])
            await session.flush()
            await session.commit()
    
        token = create_access_token(subject="500", scope=TokenScope.USER)
    
        async def override_session():
            async with session_factory() as session:
                try:
                    yield session
                finally:
                    await session.rollback()
    
        app.dependency_overrides[get_async_session] = override_session
    
        transport = ASGITransport(app=app)
    
        async with session_factory() as session:
>           await _seed_concurrency_menu(session)

tests/api/test_orders_routes.py:177: 
_ _ _ _ _ _ _ _ _ _ _ _ _ _ _ _ _ _ _ _ _ _ _ _ _ _ _ _ _ _ _ _ _ _ _ _ _ _ _ _ 
tests/api/test_orders_routes.py:160: in _seed_concurrency_menu
    await session.flush()
.venv/lib/python3.12/site-packages/sqlalchemy/ext/asyncio/session.py:787: in flush
    await greenlet_spawn(self.sync_session.flush, objects=objects)
.venv/lib/python3.12/site-packages/sqlalchemy/util/_concurrency_py3k.py:203: in greenlet_spawn
    result = context.switch(value)
             ^^^^^^^^^^^^^^^^^^^^^
.venv/lib/python3.12/site-packages/sqlalchemy/orm/session.py:4331: in flush
    self._flush(objects)
.venv/lib/python3.12/site-packages/sqlalchemy/orm/session.py:4466: in _flush
    with util.safe_reraise():
.venv/lib/python3.12/site-packages/sqlalchemy/util/langhelpers.py:224: in __exit__
    raise exc_value.with_traceback(exc_tb)
.venv/lib/python3.12/site-packages/sqlalchemy/orm/session.py:4427: in _flush
    flush_context.execute()
.venv/lib/python3.12/site-packages/sqlalchemy/orm/unitofwork.py:466: in execute
    rec.execute(self)
.venv/lib/python3.12/site-packages/sqlalchemy/orm/unitofwork.py:642: in execute
    util.preloaded.orm_persistence.save_obj(
.venv/lib/python3.12/site-packages/sqlalchemy/orm/persistence.py:93: in save_obj
    _emit_insert_statements(
.venv/lib/python3.12/site-packages/sqlalchemy/orm/persistence.py:1048: in _emit_insert_statements
    result = connection.execute(
.venv/lib/python3.12/site-packages/sqlalchemy/engine/base.py:1419: in execute
    return meth(
.venv/lib/python3.12/site-packages/sqlalchemy/sql/elements.py:526: in _execute_on_connection
    return connection._execute_clauseelement(
.venv/lib/python3.12/site-packages/sqlalchemy/engine/base.py:1641: in _execute_clauseelement
    ret = self._execute_context(
.venv/lib/python3.12/site-packages/sqlalchemy/engine/base.py:1846: in _execute_context
    return self._exec_single_context(
.venv/lib/python3.12/site-packages/sqlalchemy/engine/base.py:1986: in _exec_single_context
    self._handle_dbapi_exception(
.venv/lib/python3.12/site-packages/sqlalchemy/engine/base.py:2355: in _handle_dbapi_exception
    raise sqlalchemy_exception.with_traceback(exc_info[2]) from e
.venv/lib/python3.12/site-packages/sqlalchemy/engine/base.py:1967: in _exec_single_context
    self.dialect.do_execute(
.venv/lib/python3.12/site-packages/sqlalchemy/engine/default.py:951: in do_execute
    cursor.execute(statement, parameters)
.venv/lib/python3.12/site-packages/sqlalchemy/dialects/postgresql/asyncpg.py:585: in execute
    self._adapt_connection.await_(
.venv/lib/python3.12/site-packages/sqlalchemy/util/_concurrency_py3k.py:132: in await_only
    return current.parent.switch(awaitable)  # type: ignore[no-any-return,attr-defined] # noqa: E501
           ^^^^^^^^^^^^^^^^^^^^^^^^^^^^^^^^
.venv/lib/python3.12/site-packages/sqlalchemy/util/_concurrency_py3k.py:196: in greenlet_spawn
    value = await result
            ^^^^^^^^^^^^
.venv/lib/python3.12/site-packages/sqlalchemy/dialects/postgresql/asyncpg.py:563: in _prepare_and_execute
    self._handle_exception(error)
.venv/lib/python3.12/site-packages/sqlalchemy/dialects/postgresql/asyncpg.py:513: in _handle_exception
    self._adapt_connection._handle_exception(error)
_ _ _ _ _ _ _ _ _ _ _ _ _ _ _ _ _ _ _ _ _ _ _ _ _ _ _ _ _ _ _ _ _ _ _ _ _ _ _ _ 

self = <AdaptedConnection <asyncpg.connection.Connection object at 0x7c392186e6c0>>
error = ForeignKeyViolationError('插入或更新表 "product_spec_mappings" 违反外键约束 "fk_product_spec_mappings_product_id_products"')

    def _handle_exception(self, error):
        if self._connection.is_closed():
            self._transaction = None
            self._started = False
    
        if not isinstance(error, AsyncAdapt_asyncpg_dbapi.Error):
            exception_mapping = self.dbapi._asyncpg_error_translate
    
            for super_ in type(error).__mro__:
                if super_ in exception_mapping:
                    translated_error = exception_mapping[super_](
                        "%s: %s" % (type(error), error)
                    )
                    translated_error.pgcode = translated_error.sqlstate = (
                        getattr(error, "sqlstate", None)
                    )
>                   raise translated_error from error
E                   sqlalchemy.exc.IntegrityError: (sqlalchemy.dialects.postgresql.asyncpg.IntegrityError) <class 'asyncpg.exceptions.ForeignKeyViolationError'>: 插入或更新表 "product_spec_mappings" 违反外键约束 "fk_product_spec_mappings_product_id_products"
E                   DETAIL:  键值对(product_id)=(502)没有在表"products"中出现.
E                   [SQL: INSERT INTO product_spec_mappings (mapping_id, product_id, group_id) VALUES ($1::BIGINT, $2::BIGINT, $3::BIGINT)]
E                   [parameters: (504, 502, 503)]
E                   (Background on this error at: https://sqlalche.me/e/20/gkpj)

.venv/lib/python3.12/site-packages/sqlalchemy/dialects/postgresql/asyncpg.py:797: IntegrityError
_________________ test_create_order_api_requires_guest_session _________________

self = <sqlalchemy.dialects.postgresql.asyncpg.AsyncAdapt_asyncpg_cursor object at 0x7c39214f1120>
operation = 'INSERT INTO product_spec_mappings (mapping_id, product_id, group_id) VALUES ($1::BIGINT, $2::BIGINT, $3::BIGINT)'
parameters = (101, 101, 101)

    async def _prepare_and_execute(self, operation, parameters):
        adapt_connection = self._adapt_connection
    
        async with adapt_connection._execute_mutex:
            if not adapt_connection._started:
                await adapt_connection._start_transaction()
    
            if parameters is None:
                parameters = ()
    
            try:
                prepared_stmt, attributes = await adapt_connection._prepare(
                    operation, self._invalidate_schema_cache_asof
                )
    
                if attributes:
                    self.description = [
                        (
                            attr.name,
                            attr.type.oid,
                            None,
                            None,
                            None,
                            None,
                            None,
                        )
                        for attr in attributes
                    ]
                else:
                    self.description = None
    
                if self.server_side:
                    self._cursor = await prepared_stmt.cursor(*parameters)
                    self.rowcount = -1
                else:
>                   self._rows = deque(await prepared_stmt.fetch(*parameters))
                                       ^^^^^^^^^^^^^^^^^^^^^^^^^^^^^^^^^^^^^^

.venv/lib/python3.12/site-packages/sqlalchemy/dialects/postgresql/asyncpg.py:550: 
_ _ _ _ _ _ _ _ _ _ _ _ _ _ _ _ _ _ _ _ _ _ _ _ _ _ _ _ _ _ _ _ _ _ _ _ _ _ _ _ 
.venv/lib/python3.12/site-packages/asyncpg/prepared_stmt.py:176: in fetch
    data = await self.__bind_execute(args, 0, timeout)
           ^^^^^^^^^^^^^^^^^^^^^^^^^^^^^^^^^^^^^^^^^^^
.venv/lib/python3.12/site-packages/asyncpg/prepared_stmt.py:267: in __bind_execute
    data, status, _ = await self.__do_execute(
.venv/lib/python3.12/site-packages/asyncpg/prepared_stmt.py:256: in __do_execute
    return await executor(protocol)
           ^^^^^^^^^^^^^^^^^^^^^^^^
_ _ _ _ _ _ _ _ _ _ _ _ _ _ _ _ _ _ _ _ _ _ _ _ _ _ _ _ _ _ _ _ _ _ _ _ _ _ _ _ 

>   ???
E   asyncpg.exceptions.ForeignKeyViolationError: 插入或更新表 "product_spec_mappings" 违反外键约束 "fk_product_spec_mappings_product_id_products"
E   DETAIL:  键值对(product_id)=(101)没有在表"products"中出现.

asyncpg/protocol/protocol.pyx:206: ForeignKeyViolationError

The above exception was the direct cause of the following exception:

self = <sqlalchemy.engine.base.Connection object at 0x7c392092b410>
dialect = <sqlalchemy.dialects.postgresql.asyncpg.PGDialect_asyncpg object at 0x7c3920ef0f50>
context = <sqlalchemy.dialects.postgresql.asyncpg.PGExecutionContext_asyncpg object at 0x7c392092a8a0>
statement = <sqlalchemy.dialects.postgresql.asyncpg.PGCompiler_asyncpg object at 0x7c392092ba40>
parameters = [(101, 101, 101)]

    def _exec_single_context(
        self,
        dialect: Dialect,
        context: ExecutionContext,
        statement: Union[str, Compiled],
        parameters: Optional[_AnyMultiExecuteParams],
    ) -> CursorResult[Any]:
        """continue the _execute_context() method for a single DBAPI
        cursor.execute() or cursor.executemany() call.
    
        """
        if dialect.bind_typing is BindTyping.SETINPUTSIZES:
            generic_setinputsizes = context._prepare_set_input_sizes()
    
            if generic_setinputsizes:
                try:
                    dialect.do_set_input_sizes(
                        context.cursor, generic_setinputsizes, context
                    )
                except BaseException as e:
                    self._handle_dbapi_exception(
                        e, str(statement), parameters, None, context
                    )
    
        cursor, str_statement, parameters = (
            context.cursor,
            context.statement,
            context.parameters,
        )
    
        effective_parameters: Optional[_AnyExecuteParams]
    
        if not context.executemany:
            effective_parameters = parameters[0]
        else:
            effective_parameters = parameters
    
        if self._has_events or self.engine._has_events:
            for fn in self.dispatch.before_cursor_execute:
                str_statement, effective_parameters = fn(
                    self,
                    cursor,
                    str_statement,
                    effective_parameters,
                    context,
                    context.executemany,
                )
    
        if self._echo:
            self._log_info(str_statement)
    
            stats = context._get_cache_stats()
    
            if not self.engine.hide_parameters:
                self._log_info(
                    "[%s] %r",
                    stats,
                    sql_util._repr_params(
                        effective_parameters,
                        batches=10,
                        ismulti=context.executemany,
                    ),
                )
            else:
                self._log_info(
                    "[%s] [SQL parameters hidden due to hide_parameters=True]",
                    stats,
                )
    
        evt_handled: bool = False
        try:
            if context.execute_style is ExecuteStyle.EXECUTEMANY:
                effective_parameters = cast(
                    "_CoreMultiExecuteParams", effective_parameters
                )
                if self.dialect._has_events:
                    for fn in self.dialect.dispatch.do_executemany:
                        if fn(
                            cursor,
                            str_statement,
                            effective_parameters,
                            context,
                        ):
                            evt_handled = True
                            break
                if not evt_handled:
                    self.dialect.do_executemany(
                        cursor,
                        str_statement,
                        effective_parameters,
                        context,
                    )
            elif not effective_parameters and context.no_parameters:
                if self.dialect._has_events:
                    for fn in self.dialect.dispatch.do_execute_no_params:
                        if fn(cursor, str_statement, context):
                            evt_handled = True
                            break
                if not evt_handled:
                    self.dialect.do_execute_no_params(
                        cursor, str_statement, context
                    )
            else:
                effective_parameters = cast(
                    "_CoreSingleExecuteParams", effective_parameters
                )
                if self.dialect._has_events:
                    for fn in self.dialect.dispatch.do_execute:
                        if fn(
                            cursor,
                            str_statement,
                            effective_parameters,
                            context,
                        ):
                            evt_handled = True
                            break
                if not evt_handled:
>                   self.dialect.do_execute(
                        cursor, str_statement, effective_parameters, context
                    )

.venv/lib/python3.12/site-packages/sqlalchemy/engine/base.py:1967: 
_ _ _ _ _ _ _ _ _ _ _ _ _ _ _ _ _ _ _ _ _ _ _ _ _ _ _ _ _ _ _ _ _ _ _ _ _ _ _ _ 
.venv/lib/python3.12/site-packages/sqlalchemy/engine/default.py:951: in do_execute
    cursor.execute(statement, parameters)
.venv/lib/python3.12/site-packages/sqlalchemy/dialects/postgresql/asyncpg.py:585: in execute
    self._adapt_connection.await_(
.venv/lib/python3.12/site-packages/sqlalchemy/util/_concurrency_py3k.py:132: in await_only
    return current.parent.switch(awaitable)  # type: ignore[no-any-return,attr-defined] # noqa: E501
           ^^^^^^^^^^^^^^^^^^^^^^^^^^^^^^^^
.venv/lib/python3.12/site-packages/sqlalchemy/util/_concurrency_py3k.py:196: in greenlet_spawn
    value = await result
            ^^^^^^^^^^^^
.venv/lib/python3.12/site-packages/sqlalchemy/dialects/postgresql/asyncpg.py:563: in _prepare_and_execute
    self._handle_exception(error)
.venv/lib/python3.12/site-packages/sqlalchemy/dialects/postgresql/asyncpg.py:513: in _handle_exception
    self._adapt_connection._handle_exception(error)
_ _ _ _ _ _ _ _ _ _ _ _ _ _ _ _ _ _ _ _ _ _ _ _ _ _ _ _ _ _ _ _ _ _ _ _ _ _ _ _ 

self = <AdaptedConnection <asyncpg.connection.Connection object at 0x7c392186f020>>
error = ForeignKeyViolationError('插入或更新表 "product_spec_mappings" 违反外键约束 "fk_product_spec_mappings_product_id_products"')

    def _handle_exception(self, error):
        if self._connection.is_closed():
            self._transaction = None
            self._started = False
    
        if not isinstance(error, AsyncAdapt_asyncpg_dbapi.Error):
            exception_mapping = self.dbapi._asyncpg_error_translate
    
            for super_ in type(error).__mro__:
                if super_ in exception_mapping:
                    translated_error = exception_mapping[super_](
                        "%s: %s" % (type(error), error)
                    )
                    translated_error.pgcode = translated_error.sqlstate = (
                        getattr(error, "sqlstate", None)
                    )
>                   raise translated_error from error
E                   sqlalchemy.dialects.postgresql.asyncpg.AsyncAdapt_asyncpg_dbapi.IntegrityError: <class 'asyncpg.exceptions.ForeignKeyViolationError'>: 插入或更新表 "product_spec_mappings" 违反外键约束 "fk_product_spec_mappings_product_id_products"
E                   DETAIL:  键值对(product_id)=(101)没有在表"products"中出现.

.venv/lib/python3.12/site-packages/sqlalchemy/dialects/postgresql/asyncpg.py:797: IntegrityError

The above exception was the direct cause of the following exception:

db_session = <sqlalchemy.ext.asyncio.session.AsyncSession object at 0x7c3920ef1700>

    @pytest.mark.asyncio
    async def test_create_order_api_requires_guest_session(db_session) -> None:
>       await _seed_product(db_session)

tests/api/test_orders_routes.py:211: 
_ _ _ _ _ _ _ _ _ _ _ _ _ _ _ _ _ _ _ _ _ _ _ _ _ _ _ _ _ _ _ _ _ _ _ _ _ _ _ _ 
tests/api/test_orders_routes.py:48: in _seed_product
    await db_session.flush()
.venv/lib/python3.12/site-packages/sqlalchemy/ext/asyncio/session.py:787: in flush
    await greenlet_spawn(self.sync_session.flush, objects=objects)
.venv/lib/python3.12/site-packages/sqlalchemy/util/_concurrency_py3k.py:203: in greenlet_spawn
    result = context.switch(value)
             ^^^^^^^^^^^^^^^^^^^^^
.venv/lib/python3.12/site-packages/sqlalchemy/orm/session.py:4331: in flush
    self._flush(objects)
.venv/lib/python3.12/site-packages/sqlalchemy/orm/session.py:4466: in _flush
    with util.safe_reraise():
.venv/lib/python3.12/site-packages/sqlalchemy/util/langhelpers.py:224: in __exit__
    raise exc_value.with_traceback(exc_tb)
.venv/lib/python3.12/site-packages/sqlalchemy/orm/session.py:4427: in _flush
    flush_context.execute()
.venv/lib/python3.12/site-packages/sqlalchemy/orm/unitofwork.py:466: in execute
    rec.execute(self)
.venv/lib/python3.12/site-packages/sqlalchemy/orm/unitofwork.py:642: in execute
    util.preloaded.orm_persistence.save_obj(
.venv/lib/python3.12/site-packages/sqlalchemy/orm/persistence.py:93: in save_obj
    _emit_insert_statements(
.venv/lib/python3.12/site-packages/sqlalchemy/orm/persistence.py:1048: in _emit_insert_statements
    result = connection.execute(
.venv/lib/python3.12/site-packages/sqlalchemy/engine/base.py:1419: in execute
    return meth(
.venv/lib/python3.12/site-packages/sqlalchemy/sql/elements.py:526: in _execute_on_connection
    return connection._execute_clauseelement(
.venv/lib/python3.12/site-packages/sqlalchemy/engine/base.py:1641: in _execute_clauseelement
    ret = self._execute_context(
.venv/lib/python3.12/site-packages/sqlalchemy/engine/base.py:1846: in _execute_context
    return self._exec_single_context(
.venv/lib/python3.12/site-packages/sqlalchemy/engine/base.py:1986: in _exec_single_context
    self._handle_dbapi_exception(
.venv/lib/python3.12/site-packages/sqlalchemy/engine/base.py:2355: in _handle_dbapi_exception
    raise sqlalchemy_exception.with_traceback(exc_info[2]) from e
.venv/lib/python3.12/site-packages/sqlalchemy/engine/base.py:1967: in _exec_single_context
    self.dialect.do_execute(
.venv/lib/python3.12/site-packages/sqlalchemy/engine/default.py:951: in do_execute
    cursor.execute(statement, parameters)
.venv/lib/python3.12/site-packages/sqlalchemy/dialects/postgresql/asyncpg.py:585: in execute
    self._adapt_connection.await_(
.venv/lib/python3.12/site-packages/sqlalchemy/util/_concurrency_py3k.py:132: in await_only
    return current.parent.switch(awaitable)  # type: ignore[no-any-return,attr-defined] # noqa: E501
           ^^^^^^^^^^^^^^^^^^^^^^^^^^^^^^^^
.venv/lib/python3.12/site-packages/sqlalchemy/util/_concurrency_py3k.py:196: in greenlet_spawn
    value = await result
            ^^^^^^^^^^^^
.venv/lib/python3.12/site-packages/sqlalchemy/dialects/postgresql/asyncpg.py:563: in _prepare_and_execute
    self._handle_exception(error)
.venv/lib/python3.12/site-packages/sqlalchemy/dialects/postgresql/asyncpg.py:513: in _handle_exception
    self._adapt_connection._handle_exception(error)
_ _ _ _ _ _ _ _ _ _ _ _ _ _ _ _ _ _ _ _ _ _ _ _ _ _ _ _ _ _ _ _ _ _ _ _ _ _ _ _ 

self = <AdaptedConnection <asyncpg.connection.Connection object at 0x7c392186f020>>
error = ForeignKeyViolationError('插入或更新表 "product_spec_mappings" 违反外键约束 "fk_product_spec_mappings_product_id_products"')

    def _handle_exception(self, error):
        if self._connection.is_closed():
            self._transaction = None
            self._started = False
    
        if not isinstance(error, AsyncAdapt_asyncpg_dbapi.Error):
            exception_mapping = self.dbapi._asyncpg_error_translate
    
            for super_ in type(error).__mro__:
                if super_ in exception_mapping:
                    translated_error = exception_mapping[super_](
                        "%s: %s" % (type(error), error)
                    )
                    translated_error.pgcode = translated_error.sqlstate = (
                        getattr(error, "sqlstate", None)
                    )
>                   raise translated_error from error
E                   sqlalchemy.exc.IntegrityError: (sqlalchemy.dialects.postgresql.asyncpg.IntegrityError) <class 'asyncpg.exceptions.ForeignKeyViolationError'>: 插入或更新表 "product_spec_mappings" 违反外键约束 "fk_product_spec_mappings_product_id_products"
E                   DETAIL:  键值对(product_id)=(101)没有在表"products"中出现.
E                   [SQL: INSERT INTO product_spec_mappings (mapping_id, product_id, group_id) VALUES ($1::BIGINT, $2::BIGINT, $3::BIGINT)]
E                   [parameters: (101, 101, 101)]
E                   (Background on this error at: https://sqlalche.me/e/20/gkpj)

.venv/lib/python3.12/site-packages/sqlalchemy/dialects/postgresql/asyncpg.py:797: IntegrityError
__________________ test_create_order_api_reservation_success ___________________

self = <sqlalchemy.dialects.postgresql.asyncpg.AsyncAdapt_asyncpg_cursor object at 0x7c3921424700>
operation = 'INSERT INTO product_spec_mappings (mapping_id, product_id, group_id) VALUES ($1::BIGINT, $2::BIGINT, $3::BIGINT)'
parameters = (101, 101, 101)

    async def _prepare_and_execute(self, operation, parameters):
        adapt_connection = self._adapt_connection
    
        async with adapt_connection._execute_mutex:
            if not adapt_connection._started:
                await adapt_connection._start_transaction()
    
            if parameters is None:
                parameters = ()
    
            try:
                prepared_stmt, attributes = await adapt_connection._prepare(
                    operation, self._invalidate_schema_cache_asof
                )
    
                if attributes:
                    self.description = [
                        (
                            attr.name,
                            attr.type.oid,
                            None,
                            None,
                            None,
                            None,
                            None,
                        )
                        for attr in attributes
                    ]
                else:
                    self.description = None
    
                if self.server_side:
                    self._cursor = await prepared_stmt.cursor(*parameters)
                    self.rowcount = -1
                else:
>                   self._rows = deque(await prepared_stmt.fetch(*parameters))
                                       ^^^^^^^^^^^^^^^^^^^^^^^^^^^^^^^^^^^^^^

.venv/lib/python3.12/site-packages/sqlalchemy/dialects/postgresql/asyncpg.py:550: 
_ _ _ _ _ _ _ _ _ _ _ _ _ _ _ _ _ _ _ _ _ _ _ _ _ _ _ _ _ _ _ _ _ _ _ _ _ _ _ _ 
.venv/lib/python3.12/site-packages/asyncpg/prepared_stmt.py:176: in fetch
    data = await self.__bind_execute(args, 0, timeout)
           ^^^^^^^^^^^^^^^^^^^^^^^^^^^^^^^^^^^^^^^^^^^
.venv/lib/python3.12/site-packages/asyncpg/prepared_stmt.py:267: in __bind_execute
    data, status, _ = await self.__do_execute(
.venv/lib/python3.12/site-packages/asyncpg/prepared_stmt.py:256: in __do_execute
    return await executor(protocol)
           ^^^^^^^^^^^^^^^^^^^^^^^^
_ _ _ _ _ _ _ _ _ _ _ _ _ _ _ _ _ _ _ _ _ _ _ _ _ _ _ _ _ _ _ _ _ _ _ _ _ _ _ _ 

>   ???
E   asyncpg.exceptions.ForeignKeyViolationError: 插入或更新表 "product_spec_mappings" 违反外键约束 "fk_product_spec_mappings_product_id_products"
E   DETAIL:  键值对(product_id)=(101)没有在表"products"中出现.

asyncpg/protocol/protocol.pyx:206: ForeignKeyViolationError

The above exception was the direct cause of the following exception:

self = <sqlalchemy.engine.base.Connection object at 0x7c39214af890>
dialect = <sqlalchemy.dialects.postgresql.asyncpg.PGDialect_asyncpg object at 0x7c39214c32f0>
context = <sqlalchemy.dialects.postgresql.asyncpg.PGExecutionContext_asyncpg object at 0x7c39214af980>
statement = <sqlalchemy.dialects.postgresql.asyncpg.PGCompiler_asyncpg object at 0x7c39214af920>
parameters = [(101, 101, 101)]

    def _exec_single_context(
        self,
        dialect: Dialect,
        context: ExecutionContext,
        statement: Union[str, Compiled],
        parameters: Optional[_AnyMultiExecuteParams],
    ) -> CursorResult[Any]:
        """continue the _execute_context() method for a single DBAPI
        cursor.execute() or cursor.executemany() call.
    
        """
        if dialect.bind_typing is BindTyping.SETINPUTSIZES:
            generic_setinputsizes = context._prepare_set_input_sizes()
    
            if generic_setinputsizes:
                try:
                    dialect.do_set_input_sizes(
                        context.cursor, generic_setinputsizes, context
                    )
                except BaseException as e:
                    self._handle_dbapi_exception(
                        e, str(statement), parameters, None, context
                    )
    
        cursor, str_statement, parameters = (
            context.cursor,
            context.statement,
            context.parameters,
        )
    
        effective_parameters: Optional[_AnyExecuteParams]
    
        if not context.executemany:
            effective_parameters = parameters[0]
        else:
            effective_parameters = parameters
    
        if self._has_events or self.engine._has_events:
            for fn in self.dispatch.before_cursor_execute:
                str_statement, effective_parameters = fn(
                    self,
                    cursor,
                    str_statement,
                    effective_parameters,
                    context,
                    context.executemany,
                )
    
        if self._echo:
            self._log_info(str_statement)
    
            stats = context._get_cache_stats()
    
            if not self.engine.hide_parameters:
                self._log_info(
                    "[%s] %r",
                    stats,
                    sql_util._repr_params(
                        effective_parameters,
                        batches=10,
                        ismulti=context.executemany,
                    ),
                )
            else:
                self._log_info(
                    "[%s] [SQL parameters hidden due to hide_parameters=True]",
                    stats,
                )
    
        evt_handled: bool = False
        try:
            if context.execute_style is ExecuteStyle.EXECUTEMANY:
                effective_parameters = cast(
                    "_CoreMultiExecuteParams", effective_parameters
                )
                if self.dialect._has_events:
                    for fn in self.dialect.dispatch.do_executemany:
                        if fn(
                            cursor,
                            str_statement,
                            effective_parameters,
                            context,
                        ):
                            evt_handled = True
                            break
                if not evt_handled:
                    self.dialect.do_executemany(
                        cursor,
                        str_statement,
                        effective_parameters,
                        context,
                    )
            elif not effective_parameters and context.no_parameters:
                if self.dialect._has_events:
                    for fn in self.dialect.dispatch.do_execute_no_params:
                        if fn(cursor, str_statement, context):
                            evt_handled = True
                            break
                if not evt_handled:
                    self.dialect.do_execute_no_params(
                        cursor, str_statement, context
                    )
            else:
                effective_parameters = cast(
                    "_CoreSingleExecuteParams", effective_parameters
                )
                if self.dialect._has_events:
                    for fn in self.dialect.dispatch.do_execute:
                        if fn(
                            cursor,
                            str_statement,
                            effective_parameters,
                            context,
                        ):
                            evt_handled = True
                            break
                if not evt_handled:
>                   self.dialect.do_execute(
                        cursor, str_statement, effective_parameters, context
                    )

.venv/lib/python3.12/site-packages/sqlalchemy/engine/base.py:1967: 
_ _ _ _ _ _ _ _ _ _ _ _ _ _ _ _ _ _ _ _ _ _ _ _ _ _ _ _ _ _ _ _ _ _ _ _ _ _ _ _ 
.venv/lib/python3.12/site-packages/sqlalchemy/engine/default.py:951: in do_execute
    cursor.execute(statement, parameters)
.venv/lib/python3.12/site-packages/sqlalchemy/dialects/postgresql/asyncpg.py:585: in execute
    self._adapt_connection.await_(
.venv/lib/python3.12/site-packages/sqlalchemy/util/_concurrency_py3k.py:132: in await_only
    return current.parent.switch(awaitable)  # type: ignore[no-any-return,attr-defined] # noqa: E501
           ^^^^^^^^^^^^^^^^^^^^^^^^^^^^^^^^
.venv/lib/python3.12/site-packages/sqlalchemy/util/_concurrency_py3k.py:196: in greenlet_spawn
    value = await result
            ^^^^^^^^^^^^
.venv/lib/python3.12/site-packages/sqlalchemy/dialects/postgresql/asyncpg.py:563: in _prepare_and_execute
    self._handle_exception(error)
.venv/lib/python3.12/site-packages/sqlalchemy/dialects/postgresql/asyncpg.py:513: in _handle_exception
    self._adapt_connection._handle_exception(error)
_ _ _ _ _ _ _ _ _ _ _ _ _ _ _ _ _ _ _ _ _ _ _ _ _ _ _ _ _ _ _ _ _ _ _ _ _ _ _ _ 

self = <AdaptedConnection <asyncpg.connection.Connection object at 0x7c392160eb70>>
error = ForeignKeyViolationError('插入或更新表 "product_spec_mappings" 违反外键约束 "fk_product_spec_mappings_product_id_products"')

    def _handle_exception(self, error):
        if self._connection.is_closed():
            self._transaction = None
            self._started = False
    
        if not isinstance(error, AsyncAdapt_asyncpg_dbapi.Error):
            exception_mapping = self.dbapi._asyncpg_error_translate
    
            for super_ in type(error).__mro__:
                if super_ in exception_mapping:
                    translated_error = exception_mapping[super_](
                        "%s: %s" % (type(error), error)
                    )
                    translated_error.pgcode = translated_error.sqlstate = (
                        getattr(error, "sqlstate", None)
                    )
>                   raise translated_error from error
E                   sqlalchemy.dialects.postgresql.asyncpg.AsyncAdapt_asyncpg_dbapi.IntegrityError: <class 'asyncpg.exceptions.ForeignKeyViolationError'>: 插入或更新表 "product_spec_mappings" 违反外键约束 "fk_product_spec_mappings_product_id_products"
E                   DETAIL:  键值对(product_id)=(101)没有在表"products"中出现.

.venv/lib/python3.12/site-packages/sqlalchemy/dialects/postgresql/asyncpg.py:797: IntegrityError

The above exception was the direct cause of the following exception:

db_session = <sqlalchemy.ext.asyncio.session.AsyncSession object at 0x7c392143fc20>

    @pytest.mark.asyncio
    async def test_create_order_api_reservation_success(db_session) -> None:
>       await _seed_product(db_session)

tests/api/test_orders_routes.py:252: 
_ _ _ _ _ _ _ _ _ _ _ _ _ _ _ _ _ _ _ _ _ _ _ _ _ _ _ _ _ _ _ _ _ _ _ _ _ _ _ _ 
tests/api/test_orders_routes.py:48: in _seed_product
    await db_session.flush()
.venv/lib/python3.12/site-packages/sqlalchemy/ext/asyncio/session.py:787: in flush
    await greenlet_spawn(self.sync_session.flush, objects=objects)
.venv/lib/python3.12/site-packages/sqlalchemy/util/_concurrency_py3k.py:203: in greenlet_spawn
    result = context.switch(value)
             ^^^^^^^^^^^^^^^^^^^^^
.venv/lib/python3.12/site-packages/sqlalchemy/orm/session.py:4331: in flush
    self._flush(objects)
.venv/lib/python3.12/site-packages/sqlalchemy/orm/session.py:4466: in _flush
    with util.safe_reraise():
.venv/lib/python3.12/site-packages/sqlalchemy/util/langhelpers.py:224: in __exit__
    raise exc_value.with_traceback(exc_tb)
.venv/lib/python3.12/site-packages/sqlalchemy/orm/session.py:4427: in _flush
    flush_context.execute()
.venv/lib/python3.12/site-packages/sqlalchemy/orm/unitofwork.py:466: in execute
    rec.execute(self)
.venv/lib/python3.12/site-packages/sqlalchemy/orm/unitofwork.py:642: in execute
    util.preloaded.orm_persistence.save_obj(
.venv/lib/python3.12/site-packages/sqlalchemy/orm/persistence.py:93: in save_obj
    _emit_insert_statements(
.venv/lib/python3.12/site-packages/sqlalchemy/orm/persistence.py:1048: in _emit_insert_statements
    result = connection.execute(
.venv/lib/python3.12/site-packages/sqlalchemy/engine/base.py:1419: in execute
    return meth(
.venv/lib/python3.12/site-packages/sqlalchemy/sql/elements.py:526: in _execute_on_connection
    return connection._execute_clauseelement(
.venv/lib/python3.12/site-packages/sqlalchemy/engine/base.py:1641: in _execute_clauseelement
    ret = self._execute_context(
.venv/lib/python3.12/site-packages/sqlalchemy/engine/base.py:1846: in _execute_context
    return self._exec_single_context(
.venv/lib/python3.12/site-packages/sqlalchemy/engine/base.py:1986: in _exec_single_context
    self._handle_dbapi_exception(
.venv/lib/python3.12/site-packages/sqlalchemy/engine/base.py:2355: in _handle_dbapi_exception
    raise sqlalchemy_exception.with_traceback(exc_info[2]) from e
.venv/lib/python3.12/site-packages/sqlalchemy/engine/base.py:1967: in _exec_single_context
    self.dialect.do_execute(
.venv/lib/python3.12/site-packages/sqlalchemy/engine/default.py:951: in do_execute
    cursor.execute(statement, parameters)
.venv/lib/python3.12/site-packages/sqlalchemy/dialects/postgresql/asyncpg.py:585: in execute
    self._adapt_connection.await_(
.venv/lib/python3.12/site-packages/sqlalchemy/util/_concurrency_py3k.py:132: in await_only
    return current.parent.switch(awaitable)  # type: ignore[no-any-return,attr-defined] # noqa: E501
           ^^^^^^^^^^^^^^^^^^^^^^^^^^^^^^^^
.venv/lib/python3.12/site-packages/sqlalchemy/util/_concurrency_py3k.py:196: in greenlet_spawn
    value = await result
            ^^^^^^^^^^^^
.venv/lib/python3.12/site-packages/sqlalchemy/dialects/postgresql/asyncpg.py:563: in _prepare_and_execute
    self._handle_exception(error)
.venv/lib/python3.12/site-packages/sqlalchemy/dialects/postgresql/asyncpg.py:513: in _handle_exception
    self._adapt_connection._handle_exception(error)
_ _ _ _ _ _ _ _ _ _ _ _ _ _ _ _ _ _ _ _ _ _ _ _ _ _ _ _ _ _ _ _ _ _ _ _ _ _ _ _ 

self = <AdaptedConnection <asyncpg.connection.Connection object at 0x7c392160eb70>>
error = ForeignKeyViolationError('插入或更新表 "product_spec_mappings" 违反外键约束 "fk_product_spec_mappings_product_id_products"')

    def _handle_exception(self, error):
        if self._connection.is_closed():
            self._transaction = None
            self._started = False
    
        if not isinstance(error, AsyncAdapt_asyncpg_dbapi.Error):
            exception_mapping = self.dbapi._asyncpg_error_translate
    
            for super_ in type(error).__mro__:
                if super_ in exception_mapping:
                    translated_error = exception_mapping[super_](
                        "%s: %s" % (type(error), error)
                    )
                    translated_error.pgcode = translated_error.sqlstate = (
                        getattr(error, "sqlstate", None)
                    )
>                   raise translated_error from error
E                   sqlalchemy.exc.IntegrityError: (sqlalchemy.dialects.postgresql.asyncpg.IntegrityError) <class 'asyncpg.exceptions.ForeignKeyViolationError'>: 插入或更新表 "product_spec_mappings" 违反外键约束 "fk_product_spec_mappings_product_id_products"
E                   DETAIL:  键值对(product_id)=(101)没有在表"products"中出现.
E                   [SQL: INSERT INTO product_spec_mappings (mapping_id, product_id, group_id) VALUES ($1::BIGINT, $2::BIGINT, $3::BIGINT)]
E                   [parameters: (101, 101, 101)]
E                   (Background on this error at: https://sqlalche.me/e/20/gkpj)

.venv/lib/python3.12/site-packages/sqlalchemy/dialects/postgresql/asyncpg.py:797: IntegrityError
=============================== warnings summary ===============================
tests/api/test_admin_dashboard.py::test_dashboard_invalid_range_returns_422
  /home/kwok/coder/naicha-backend/.venv/lib/python3.12/site-packages/slowapi/extension.py:734: DeprecationWarning: 'HTTP_422_UNPROCESSABLE_ENTITY' is deprecated. Use 'HTTP_422_UNPROCESSABLE_CONTENT' instead.
    response = await func(*args, **kwargs)  # type: ignore

tests/api/test_shop_routes.py::test_delivery_check_invalid_coordinates
tests/api/test_shop_routes.py::test_delivery_check_invalid_coordinates
  /home/kwok/coder/naicha-backend/.venv/lib/python3.12/site-packages/starlette/_exception_handler.py:59: DeprecationWarning: 'HTTP_422_UNPROCESSABLE_ENTITY' is deprecated. Use 'HTTP_422_UNPROCESSABLE_CONTENT' instead.
    response = await handler(conn, exc)

-- Docs: https://docs.pytest.org/en/stable/how-to/capture-warnings.html
=========================== short test summary info ============================
FAILED tests/api/test_admin_dashboard.py::test_dashboard_day_range_with_compare
FAILED tests/api/test_admin_inventory.py::test_admin_updates_product_inventory_and_menu_reflects
FAILED tests/api/test_admin_inventory.py::test_admin_updates_spec_option_inventory
FAILED tests/api/test_admin_inventory.py::test_inventory_update_denied_for_clerk
FAILED tests/api/test_admin_pos_orders.py::test_pos_order_cash_success - sqla...
FAILED tests/api/test_admin_pos_orders.py::test_pos_order_idempotent_reuse - ...
FAILED tests/api/test_admin_pos_orders.py::test_pos_order_clerk_restricted_channel
FAILED tests/api/test_menu_routes.py::test_menu_endpoint_returns_expected_payload
FAILED tests/api/test_menu_routes.py::test_menu_cache_prevents_immediate_changes
FAILED tests/api/test_menu_routes.py::test_menu_cache_invalidate_on_inventory_change
FAILED tests/api/test_orders_routes.py::test_create_order_api_with_user_token
FAILED tests/api/test_orders_routes.py::test_create_order_api_idempotency_under_concurrency
FAILED tests/api/test_orders_routes.py::test_create_order_api_requires_guest_session
FAILED tests/api/test_orders_routes.py::test_create_order_api_reservation_success
ERROR tests/integration/test_reservation_e2e.py::test_reservation_flow_end_to_end
ERROR tests/models/test_accounts_models.py::test_user_defaults_and_addresses_relationship
ERROR tests/models/test_accounts_models.py::test_user_open_id_unique_constraint
ERROR tests/models/test_accounts_models.py::test_coupon_defaults_and_status_constraint
ERROR tests/models/test_catalog_models.py::test_product_defaults_and_category_relationship
ERROR tests/models/test_catalog_models.py::test_spec_option_constraints - asy...
ERROR tests/models/test_catalog_models.py::test_product_spec_mapping_unique_constraint
ERROR tests/models/test_orders_models.py::test_order_defaults_and_related_entities
ERROR tests/models/test_orders_models.py::test_order_status_and_total_price_constraints
ERROR tests/models/test_orders_models.py::test_payment_record_defaults_and_constraints
ERROR tests/models/test_orders_models.py::test_print_job_defaults - asyncpg.e...
ERROR tests/models/test_shop_models.py::test_shop_profile_singleton_defaults
ERROR tests/models/test_shop_models.py::test_shop_setting_upsert_behavior - a...
ERROR tests/services/test_auth_service.py::test_authenticate_admin_success - ...
ERROR tests/services/test_auth_service.py::test_authenticate_admin_failure - ...
ERROR tests/services/test_auth_service.py::test_get_admin_and_user_helpers - ...
ERROR tests/services/test_auth_service.py::test_ensure_user_creates_and_updates
ERROR tests/services/test_guest_service.py::test_issue_session_reuses_existing_when_valid
ERROR tests/services/test_guest_service.py::test_issue_session_creates_new_when_expired
ERROR tests/services/test_maintenance_service.py::test_enqueue_job_deduplicates
ERROR tests/services/test_maintenance_service.py::test_execute_auto_cancel_job
ERROR tests/services/test_menu_service.py::test_menu_service_builds_payload_with_multi_category
ERROR tests/services/test_menu_service.py::test_menu_service_respects_single_category_mode
ERROR tests/services/test_menu_service.py::test_menu_service_cache_expires - ...
ERROR tests/services/test_menu_service.py::test_menu_cache_invalidates_when_remote_version_changes
ERROR tests/services/test_order_concurrency.py::test_concurrent_order_creation_respects_stock
ERROR tests/services/test_order_service.py::test_create_order_with_idempotency
ERROR tests/services/test_order_service.py::test_create_order_idempotency_race_condition
ERROR tests/services/test_order_service.py::test_create_order_deducts_product_stock
ERROR tests/services/test_order_service.py::test_create_order_requires_guest_session
ERROR tests/services/test_order_service.py::test_initiate_payment_requires_owner
ERROR tests/services/test_order_service.py::test_create_reservation_requires_flag
ERROR tests/services/test_order_service.py::test_create_reservation_order_success
ERROR tests/services/test_order_service.py::test_reservation_slot_capacity_enforced
ERROR tests/services/test_order_service.py::test_cancel_reservation_releases_slot
ERROR tests/services/test_order_service.py::test_create_order_holds_inventory_lock_until_commit
ERROR tests/services/test_order_service.py::test_cancel_pending_order_restores_inventory
ERROR tests/services/test_order_service.py::test_cancel_stale_pending_orders_respects_cutoff
ERROR tests/services/test_payment_service.py::test_payment_service_amount_mismatch
ERROR tests/services/test_payment_service.py::test_payment_service_nested_transaction
ERROR tests/services/test_payment_service.py::test_payment_service_awards_loyalty_points
ERROR tests/services/test_payment_service.py::test_payment_service_loyalty_issues_coupon_and_is_idempotent
ERROR tests/services/test_payment_service.py::test_payment_notification_creates_single_print_job
ERROR tests/services/test_payment_service.py::test_payment_service_logs_replayed_notification
ERROR tests/services/test_payment_service.py::test_payment_commit_but_enqueue_failed
ERROR tests/services/test_reconciliation_service.py::test_reconciliation_identifies_missing_payment
ERROR tests/services/test_reconciliation_service.py::test_reconciliation_detects_unmatched_payment
ERROR tests/services/test_reservation_concurrency.py::test_reservation_slot_concurrent_capacity
ERROR tests/services/test_reservation_service.py::test_reservation_send_due_reminders
ERROR tests/services/test_reservation_service.py::test_reservation_activate_due_orders
ERROR tests/services/test_shop_service.py::test_get_profile_autocreates_default_record
ERROR tests/services/test_shop_service.py::test_check_delivery_requires_coordinates
ERROR tests/services/test_shop_service.py::test_check_delivery_uses_haversine_and_buffer
ERROR tests/services/test_want_service.py::test_record_want_success_user - as...
ERROR tests/services/test_want_service.py::test_record_want_rate_limit_per_user
ERROR tests/services/test_want_service.py::test_record_want_rate_limit_per_ip
ERROR tests/services/test_want_service.py::test_record_want_disabled_flag - a...
ERROR tests/services/test_want_service.py::test_record_want_product_not_active
ERROR tests/services/test_want_service.py::test_get_stats_returns_top_and_series
ERROR tests/test_system_routes.py::test_readiness_endpoint_checks_database - ...
ERROR tests/utils/test_distributed_lock.py::test_distributed_lock_uses_db_fallback
ERROR tests/utils/test_distributed_lock.py::test_distributed_lock_fallback_failure
ERROR tests/workers/test_print_job_execute.py::test_execute_print_job_respects_retry_limit
ERROR tests/workers/test_print_job_recovery.py::test_celery_down_compensation
ERROR tests/workers/test_print_job_recovery.py::test_duplicate_scan_idempotent
14 failed, 64 passed, 3 skipped, 3 warnings, 65 errors in 37.84s
